Archive member included to satisfy reference by file (symbol)

d:/st/stm32cubeide_1.4.0/stm32cubeide/plugins/com.st.stm32cube.ide.mcu.externaltools.gnu-tools-for-stm32.7-2018-q2-update.win32_1.4.0.202007081208/tools/bin/../lib/gcc/arm-none-eabi/7.3.1/../../../../arm-none-eabi/lib/thumb/v7-m\libc_nano.a(lib_a-errno.o)
                              Src/syscalls.o (__errno)
d:/st/stm32cubeide_1.4.0/stm32cubeide/plugins/com.st.stm32cube.ide.mcu.externaltools.gnu-tools-for-stm32.7-2018-q2-update.win32_1.4.0.202007081208/tools/bin/../lib/gcc/arm-none-eabi/7.3.1/../../../../arm-none-eabi/lib/thumb/v7-m\libc_nano.a(lib_a-exit.o)
                              d:/st/stm32cubeide_1.4.0/stm32cubeide/plugins/com.st.stm32cube.ide.mcu.externaltools.gnu-tools-for-stm32.7-2018-q2-update.win32_1.4.0.202007081208/tools/bin/../lib/gcc/arm-none-eabi/7.3.1/../../../../arm-none-eabi/lib/thumb/v7-m/crt0.o (exit)
d:/st/stm32cubeide_1.4.0/stm32cubeide/plugins/com.st.stm32cube.ide.mcu.externaltools.gnu-tools-for-stm32.7-2018-q2-update.win32_1.4.0.202007081208/tools/bin/../lib/gcc/arm-none-eabi/7.3.1/../../../../arm-none-eabi/lib/thumb/v7-m\libc_nano.a(lib_a-impure.o)
                              d:/st/stm32cubeide_1.4.0/stm32cubeide/plugins/com.st.stm32cube.ide.mcu.externaltools.gnu-tools-for-stm32.7-2018-q2-update.win32_1.4.0.202007081208/tools/bin/../lib/gcc/arm-none-eabi/7.3.1/../../../../arm-none-eabi/lib/thumb/v7-m\libc_nano.a(lib_a-exit.o) (_global_impure_ptr)
d:/st/stm32cubeide_1.4.0/stm32cubeide/plugins/com.st.stm32cube.ide.mcu.externaltools.gnu-tools-for-stm32.7-2018-q2-update.win32_1.4.0.202007081208/tools/bin/../lib/gcc/arm-none-eabi/7.3.1/../../../../arm-none-eabi/lib/thumb/v7-m\libc_nano.a(lib_a-init.o)
                              d:/st/stm32cubeide_1.4.0/stm32cubeide/plugins/com.st.stm32cube.ide.mcu.externaltools.gnu-tools-for-stm32.7-2018-q2-update.win32_1.4.0.202007081208/tools/bin/../lib/gcc/arm-none-eabi/7.3.1/../../../../arm-none-eabi/lib/thumb/v7-m/crt0.o (__libc_init_array)
d:/st/stm32cubeide_1.4.0/stm32cubeide/plugins/com.st.stm32cube.ide.mcu.externaltools.gnu-tools-for-stm32.7-2018-q2-update.win32_1.4.0.202007081208/tools/bin/../lib/gcc/arm-none-eabi/7.3.1/../../../../arm-none-eabi/lib/thumb/v7-m\libc_nano.a(lib_a-memset.o)
                              d:/st/stm32cubeide_1.4.0/stm32cubeide/plugins/com.st.stm32cube.ide.mcu.externaltools.gnu-tools-for-stm32.7-2018-q2-update.win32_1.4.0.202007081208/tools/bin/../lib/gcc/arm-none-eabi/7.3.1/../../../../arm-none-eabi/lib/thumb/v7-m/crt0.o (memset)

Allocating common symbols
Common symbol       size              file

PinCfg              0x4               STM32F103C6_Drivers/HAL/LCD.o
GP_IRQ_CallBack     0x3c              STM32F103C6_Drivers/MCAL/STM32F103C6_EXTI_Drivers.o

Discarded input sections

 .text          0x0000000000000000        0x0 d:/st/stm32cubeide_1.4.0/stm32cubeide/plugins/com.st.stm32cube.ide.mcu.externaltools.gnu-tools-for-stm32.7-2018-q2-update.win32_1.4.0.202007081208/tools/bin/../lib/gcc/arm-none-eabi/7.3.1/thumb/v7-m/crti.o
 .data          0x0000000000000000        0x0 d:/st/stm32cubeide_1.4.0/stm32cubeide/plugins/com.st.stm32cube.ide.mcu.externaltools.gnu-tools-for-stm32.7-2018-q2-update.win32_1.4.0.202007081208/tools/bin/../lib/gcc/arm-none-eabi/7.3.1/thumb/v7-m/crti.o
 .bss           0x0000000000000000        0x0 d:/st/stm32cubeide_1.4.0/stm32cubeide/plugins/com.st.stm32cube.ide.mcu.externaltools.gnu-tools-for-stm32.7-2018-q2-update.win32_1.4.0.202007081208/tools/bin/../lib/gcc/arm-none-eabi/7.3.1/thumb/v7-m/crti.o
 .data          0x0000000000000000        0x4 d:/st/stm32cubeide_1.4.0/stm32cubeide/plugins/com.st.stm32cube.ide.mcu.externaltools.gnu-tools-for-stm32.7-2018-q2-update.win32_1.4.0.202007081208/tools/bin/../lib/gcc/arm-none-eabi/7.3.1/thumb/v7-m/crtbegin.o
 .text          0x0000000000000000       0x74 d:/st/stm32cubeide_1.4.0/stm32cubeide/plugins/com.st.stm32cube.ide.mcu.externaltools.gnu-tools-for-stm32.7-2018-q2-update.win32_1.4.0.202007081208/tools/bin/../lib/gcc/arm-none-eabi/7.3.1/../../../../arm-none-eabi/lib/thumb/v7-m/crt0.o
 .data          0x0000000000000000        0x0 d:/st/stm32cubeide_1.4.0/stm32cubeide/plugins/com.st.stm32cube.ide.mcu.externaltools.gnu-tools-for-stm32.7-2018-q2-update.win32_1.4.0.202007081208/tools/bin/../lib/gcc/arm-none-eabi/7.3.1/../../../../arm-none-eabi/lib/thumb/v7-m/crt0.o
 .bss           0x0000000000000000        0x0 d:/st/stm32cubeide_1.4.0/stm32cubeide/plugins/com.st.stm32cube.ide.mcu.externaltools.gnu-tools-for-stm32.7-2018-q2-update.win32_1.4.0.202007081208/tools/bin/../lib/gcc/arm-none-eabi/7.3.1/../../../../arm-none-eabi/lib/thumb/v7-m/crt0.o
 .ARM.extab     0x0000000000000000        0x0 d:/st/stm32cubeide_1.4.0/stm32cubeide/plugins/com.st.stm32cube.ide.mcu.externaltools.gnu-tools-for-stm32.7-2018-q2-update.win32_1.4.0.202007081208/tools/bin/../lib/gcc/arm-none-eabi/7.3.1/../../../../arm-none-eabi/lib/thumb/v7-m/crt0.o
[...]
Memory Configuration

Name             Origin             Length             Attributes
RAM              0x0000000020000000 0x0000000000002800 xrw
ROM              0x0000000008000000 0x0000000000008000 xr
*default*        0x0000000000000000 0xffffffffffffffff

Linker script and memory map

LOAD d:/st/stm32cubeide_1.4.0/stm32cubeide/plugins/com.st.stm32cube.ide.mcu.externaltools.gnu-tools-for-stm32.7-2018-q2-update.win32_1.4.0.202007081208/tools/bin/../lib/gcc/arm-none-eabi/7.3.1/thumb/v7-m/crti.o
LOAD d:/st/stm32cubeide_1.4.0/stm32cubeide/plugins/com.st.stm32cube.ide.mcu.externaltools.gnu-tools-for-stm32.7-2018-q2-update.win32_1.4.0.202007081208/tools/bin/../lib/gcc/arm-none-eabi/7.3.1/thumb/v7-m/crtbegin.o
LOAD d:/st/stm32cubeide_1.4.0/stm32cubeide/plugins/com.st.stm32cube.ide.mcu.externaltools.gnu-tools-for-stm32.7-2018-q2-update.win32_1.4.0.202007081208/tools/bin/../lib/gcc/arm-none-eabi/7.3.1/../../../../arm-none-eabi/lib/thumb/v7-m/crt0.o
LOAD STM32F103C6_Drivers/HAL/I2C_Slave_EEPROM.o
LOAD STM32F103C6_Drivers/HAL/KEYPAD.o
LOAD STM32F103C6_Drivers/HAL/LCD.o
LOAD STM32F103C6_Drivers/HAL/S7_Segment.o
LOAD STM32F103C6_Drivers/MCAL/STM32F103C6_EXTI_Drivers.o
LOAD STM32F103C6_Drivers/MCAL/STM32F103C6_GPIO_Drivers.o
LOAD STM32F103C6_Drivers/MCAL/STM32F103C6_I2C_Drivers.o
LOAD STM32F103C6_Drivers/MCAL/STM32F103C6_RCC_Drivers.o
LOAD STM32F103C6_Drivers/MCAL/STM32F103C6_SPI_Drivers.o
LOAD STM32F103C6_Drivers/MCAL/STM32F103C6_USART_Drivers.o
LOAD Src/main.o
LOAD Src/syscalls.o
LOAD Src/sysmem.o
LOAD Startup/startup_stm32f103c6tx.o
START GROUP
LOAD d:/st/stm32cubeide_1.4.0/stm32cubeide/plugins/com.st.stm32cube.ide.mcu.externaltools.gnu-tools-for-stm32.7-2018-q2-update.win32_1.4.0.202007081208/tools/bin/../lib/gcc/arm-none-eabi/7.3.1/../../../../arm-none-eabi/lib/thumb/v7-m\libc_nano.a
LOAD d:/st/stm32cubeide_1.4.0/stm32cubeide/plugins/com.st.stm32cube.ide.mcu.externaltools.gnu-tools-for-stm32.7-2018-q2-update.win32_1.4.0.202007081208/tools/bin/../lib/gcc/arm-none-eabi/7.3.1/../../../../arm-none-eabi/lib/thumb/v7-m\libm.a
END GROUP
START GROUP
LOAD d:/st/stm32cubeide_1.4.0/stm32cubeide/plugins/com.st.stm32cube.ide.mcu.externaltools.gnu-tools-for-stm32.7-2018-q2-update.win32_1.4.0.202007081208/tools/bin/../lib/gcc/arm-none-eabi/7.3.1/thumb/v7-m\libgcc.a
LOAD d:/st/stm32cubeide_1.4.0/stm32cubeide/plugins/com.st.stm32cube.ide.mcu.externaltools.gnu-tools-for-stm32.7-2018-q2-update.win32_1.4.0.202007081208/tools/bin/../lib/gcc/arm-none-eabi/7.3.1/../../../../arm-none-eabi/lib/thumb/v7-m\libg_nano.a
LOAD d:/st/stm32cubeide_1.4.0/stm32cubeide/plugins/com.st.stm32cube.ide.mcu.externaltools.gnu-tools-for-stm32.7-2018-q2-update.win32_1.4.0.202007081208/tools/bin/../lib/gcc/arm-none-eabi/7.3.1/../../../../arm-none-eabi/lib/thumb/v7-m\libc_nano.a
END GROUP
START GROUP
LOAD d:/st/stm32cubeide_1.4.0/stm32cubeide/plugins/com.st.stm32cube.ide.mcu.externaltools.gnu-tools-for-stm32.7-2018-q2-update.win32_1.4.0.202007081208/tools/bin/../lib/gcc/arm-none-eabi/7.3.1/thumb/v7-m\libgcc.a
LOAD d:/st/stm32cubeide_1.4.0/stm32cubeide/plugins/com.st.stm32cube.ide.mcu.externaltools.gnu-tools-for-stm32.7-2018-q2-update.win32_1.4.0.202007081208/tools/bin/../lib/gcc/arm-none-eabi/7.3.1/../../../../arm-none-eabi/lib/thumb/v7-m\libc_nano.a
LOAD d:/st/stm32cubeide_1.4.0/stm32cubeide/plugins/com.st.stm32cube.ide.mcu.externaltools.gnu-tools-for-stm32.7-2018-q2-update.win32_1.4.0.202007081208/tools/bin/../lib/gcc/arm-none-eabi/7.3.1/../../../../arm-none-eabi/lib/thumb/v7-m\libnosys.a
END GROUP
START GROUP
LOAD d:/st/stm32cubeide_1.4.0/stm32cubeide/plugins/com.st.stm32cube.ide.mcu.externaltools.gnu-tools-for-stm32.7-2018-q2-update.win32_1.4.0.202007081208/tools/bin/../lib/gcc/arm-none-eabi/7.3.1/thumb/v7-m\libgcc.a
LOAD d:/st/stm32cubeide_1.4.0/stm32cubeide/plugins/com.st.stm32cube.ide.mcu.externaltools.gnu-tools-for-stm32.7-2018-q2-update.win32_1.4.0.202007081208/tools/bin/../lib/gcc/arm-none-eabi/7.3.1/../../../../arm-none-eabi/lib/thumb/v7-m\libc_nano.a
LOAD d:/st/stm32cubeide_1.4.0/stm32cubeide/plugins/com.st.stm32cube.ide.mcu.externaltools.gnu-tools-for-stm32.7-2018-q2-update.win32_1.4.0.202007081208/tools/bin/../lib/gcc/arm-none-eabi/7.3.1/../../../../arm-none-eabi/lib/thumb/v7-m\libnosys.a
END GROUP
LOAD d:/st/stm32cubeide_1.4.0/stm32cubeide/plugins/com.st.stm32cube.ide.mcu.externaltools.gnu-tools-for-stm32.7-2018-q2-update.win32_1.4.0.202007081208/tools/bin/../lib/gcc/arm-none-eabi/7.3.1/thumb/v7-m/crtend.o
LOAD d:/st/stm32cubeide_1.4.0/stm32cubeide/plugins/com.st.stm32cube.ide.mcu.externaltools.gnu-tools-for-stm32.7-2018-q2-update.win32_1.4.0.202007081208/tools/bin/../lib/gcc/arm-none-eabi/7.3.1/thumb/v7-m/crtn.o
                0x0000000020002800                _estack = (ORIGIN (RAM) + LENGTH (RAM))
                0x0000000000000200                _Min_Heap_Size = 0x200
                0x0000000000000400                _Min_Stack_Size = 0x400

.isr_vector     0x0000000008000000      0x130
                0x0000000008000000                . = ALIGN (0x4)
 *(.isr_vector)
 .isr_vector    0x0000000008000000      0x130 Startup/startup_stm32f103c6tx.o
                0x0000000008000000                g_pfnVectors
                0x0000000008000130                . = ALIGN (0x4)

.text           0x0000000008000130      0xfa8
                0x0000000008000130                . = ALIGN (0x4)
 *(.text)
 .text          0x0000000008000130       0x40 d:/st/stm32cubeide_1.4.0/stm32cubeide/plugins/com.st.stm32cube.ide.mcu.externaltools.gnu-tools-for-stm32.7-2018-q2-update.win32_1.4.0.202007081208/tools/bin/../lib/gcc/arm-none-eabi/7.3.1/thumb/v7-m/crtbegin.o
 *(.text*)
 .text.EEPROM_Init
                0x0000000008000170       0x40 STM32F103C6_Drivers/HAL/I2C_Slave_EEPROM.o
                0x0000000008000170                EEPROM_Init
 .text.EEPROM_Write_NBytes
                0x00000000080001b0       0xa4 STM32F103C6_Drivers/HAL/I2C_Slave_EEPROM.o
                0x00000000080001b0                EEPROM_Write_NBytes
 .text.EEPROM_Read_NBytes
                0x0000000008000254       0x58 STM32F103C6_Drivers/HAL/I2C_Slave_EEPROM.o
                0x0000000008000254                EEPROM_Read_NBytes
 .text.EXTI0_IRQHandler
                0x00000000080002ac       0x1c STM32F103C6_Drivers/MCAL/STM32F103C6_EXTI_Drivers.o
                0x00000000080002ac                EXTI0_IRQHandler
 .text.EXTI1_IRQHandler
                0x00000000080002c8       0x1c STM32F103C6_Drivers/MCAL/STM32F103C6_EXTI_Drivers.o
                0x00000000080002c8                EXTI1_IRQHandler
 .text.EXTI2_IRQHandler
                0x00000000080002e4       0x1c STM32F103C6_Drivers/MCAL/STM32F103C6_EXTI_Drivers.o
                0x00000000080002e4                EXTI2_IRQHandler
 .text.EXTI3_IRQHandler
                0x0000000008000300       0x1c STM32F103C6_Drivers/MCAL/STM32F103C6_EXTI_Drivers.o
                0x0000000008000300                EXTI3_IRQHandler
 .text.EXTI4_IRQHandler
                0x000000000800031c       0x1c STM32F103C6_Drivers/MCAL/STM32F103C6_EXTI_Drivers.o
                0x000000000800031c                EXTI4_IRQHandler
 .text.EXTI9_5_IRQHandler
                0x0000000008000338       0xa8 STM32F103C6_Drivers/MCAL/STM32F103C6_EXTI_Drivers.o
                0x0000000008000338                EXTI9_5_IRQHandler
 .text.Get_CRLH_Position
                0x00000000080003e0       0xc6 STM32F103C6_Drivers/MCAL/STM32F103C6_GPIO_Drivers.o
                0x00000000080003e0                Get_CRLH_Position
 .text.MCAL_GPIO_Init
                0x00000000080004a6       0xfe STM32F103C6_Drivers/MCAL/STM32F103C6_GPIO_Drivers.o
                0x00000000080004a6                MCAL_GPIO_Init
 .text.MCAL_I2C_Init
                0x00000000080005a4      0x22c STM32F103C6_Drivers/MCAL/STM32F103C6_I2C_Drivers.o
                0x00000000080005a4                MCAL_I2C_Init
 .text.MCAL_I2C_GPIO_Set_Pins
                0x00000000080007d0       0x90 STM32F103C6_Drivers/MCAL/STM32F103C6_I2C_Drivers.o
                0x00000000080007d0                MCAL_I2C_GPIO_Set_Pins
 .text.MCAL_I2C_Master_TX
                0x0000000008000860       0xa8 STM32F103C6_Drivers/MCAL/STM32F103C6_I2C_Drivers.o
                0x0000000008000860                MCAL_I2C_Master_TX
 .text.MCAL_I2C_Master_RX
                0x0000000008000908       0xe4 STM32F103C6_Drivers/MCAL/STM32F103C6_I2C_Drivers.o
                0x0000000008000908                MCAL_I2C_Master_RX
 .text.I2C_GenerateSTART
                0x00000000080009ec       0x4e STM32F103C6_Drivers/MCAL/STM32F103C6_I2C_Drivers.o
                0x00000000080009ec                I2C_GenerateSTART
 *fill*         0x0000000008000a3a        0x2 
 .text.I2C_GetFlagStatus
                0x0000000008000a3c       0xfc STM32F103C6_Drivers/MCAL/STM32F103C6_I2C_Drivers.o
                0x0000000008000a3c                I2C_GetFlagStatus
 .text.I2C_SendAddres
                0x0000000008000b38       0x6c STM32F103C6_Drivers/MCAL/STM32F103C6_I2C_Drivers.o
                0x0000000008000b38                I2C_SendAddres
 .text.I2C_GenerateSTOP
                0x0000000008000ba4       0x36 STM32F103C6_Drivers/MCAL/STM32F103C6_I2C_Drivers.o
                0x0000000008000ba4                I2C_GenerateSTOP
 .text.I2C_AcknowledgeConfig
                0x0000000008000bda       0x36 STM32F103C6_Drivers/MCAL/STM32F103C6_I2C_Drivers.o
                0x0000000008000bda                I2C_AcknowledgeConfig
 .text.Slave_States
                0x0000000008000c10       0xe0 STM32F103C6_Drivers/MCAL/STM32F103C6_I2C_Drivers.o
                0x0000000008000c10                Slave_States
 .text.I2C1_ER_IRQHandler
                0x0000000008000cf0        0xc STM32F103C6_Drivers/MCAL/STM32F103C6_I2C_Drivers.o
                0x0000000008000cf0                I2C1_ER_IRQHandler
 .text.I2C1_EV_IRQHandler
                0x0000000008000cfc       0xec STM32F103C6_Drivers/MCAL/STM32F103C6_I2C_Drivers.o
                0x0000000008000cfc                I2C1_EV_IRQHandler
 .text.I2C2_ER_IRQHandler
                0x0000000008000de8        0xc STM32F103C6_Drivers/MCAL/STM32F103C6_I2C_Drivers.o
                0x0000000008000de8                I2C2_ER_IRQHandler
 .text.I2C2_EV_IRQHandler
                0x0000000008000df4        0xc STM32F103C6_Drivers/MCAL/STM32F103C6_I2C_Drivers.o
                0x0000000008000df4                I2C2_EV_IRQHandler
 .text.MCAL_RCC_GetSYS_CLCKFreq
                0x0000000008000e00       0x3c STM32F103C6_Drivers/MCAL/STM32F103C6_RCC_Drivers.o
                0x0000000008000e00                MCAL_RCC_GetSYS_CLCKFreq
 .text.MCAL_RCC_GetHCLKFreq
                0x0000000008000e3c       0x2c STM32F103C6_Drivers/MCAL/STM32F103C6_RCC_Drivers.o
                0x0000000008000e3c                MCAL_RCC_GetHCLKFreq
 .text.MCAL_RCC_GetPCLK1Freq
                0x0000000008000e68       0x28 STM32F103C6_Drivers/MCAL/STM32F103C6_RCC_Drivers.o
                0x0000000008000e68                MCAL_RCC_GetPCLK1Freq
 .text.SPI1_IRQHandler
                0x0000000008000e90       0x5c STM32F103C6_Drivers/MCAL/STM32F103C6_SPI_Drivers.o
                0x0000000008000e90                SPI1_IRQHandler
 .text.SPI2_IRQHandler
                0x0000000008000eec       0x5c STM32F103C6_Drivers/MCAL/STM32F103C6_SPI_Drivers.o
                0x0000000008000eec                SPI2_IRQHandler
 .text.USART1_IRQHandler
                0x0000000008000f48       0x14 STM32F103C6_Drivers/MCAL/STM32F103C6_USART_Drivers.o
                0x0000000008000f48                USART1_IRQHandler
 .text.USART2_IRQHandler
                0x0000000008000f5c       0x14 STM32F103C6_Drivers/MCAL/STM32F103C6_USART_Drivers.o
                0x0000000008000f5c                USART2_IRQHandler
 .text.USART3_IRQHandler
                0x0000000008000f70       0x14 STM32F103C6_Drivers/MCAL/STM32F103C6_USART_Drivers.o
                0x0000000008000f70                USART3_IRQHandler
 .text.main     0x0000000008000f84       0xa0 Src/main.o
                0x0000000008000f84                main
 .text.Reset_Handler
                0x0000000008001024       0x50 Startup/startup_stm32f103c6tx.o
                0x0000000008001024                Reset_Handler
 .text.Default_Handler
                0x0000000008001074        0x2 Startup/startup_stm32f103c6tx.o
                0x0000000008001074                TIM8_TRG_COM_IRQHandler
                0x0000000008001074                TIM8_CC_IRQHandler
                0x0000000008001074                DebugMon_Handler
                0x0000000008001074                TIM1_CC_IRQHandler
                0x0000000008001074                HardFault_Handler
                0x0000000008001074                TIM6_IRQHandler
                0x0000000008001074                SysTick_Handler
                0x0000000008001074                PVD_IRQHandler
                0x0000000008001074                SDIO_IRQHandler
                0x0000000008001074                PendSV_Handler
                0x0000000008001074                NMI_Handler
                0x0000000008001074                USB_HP_CAN_TX_IRQHandler
                0x0000000008001074                UsageFault_Handler
                0x0000000008001074                ADC1_2_IRQHandler
                0x0000000008001074                CAN_SCE_IRQHandler
                0x0000000008001074                TAMPER_IRQHandler
                0x0000000008001074                TIM8_UP_IRQHandler
                0x0000000008001074                DMA2_Channel2_IRQHandler
                0x0000000008001074                DMA1_Channel4_IRQHandler
                0x0000000008001074                RTC_IRQHandler
                0x0000000008001074                DMA1_Channel7_IRQHandler
                0x0000000008001074                UART5_IRQHandler
                0x0000000008001074                ADC3_IRQHandler
                0x0000000008001074                TIM4_IRQHandler
                0x0000000008001074                CAN_RX1_IRQHandler
                0x0000000008001074                DMA2_Channel1_IRQHandler
                0x0000000008001074                DMA1_Channel6_IRQHandler
                0x0000000008001074                UART4_IRQHandler
                0x0000000008001074                TIM3_IRQHandler
                0x0000000008001074                RCC_IRQHandler
                0x0000000008001074                TIM1_TRG_COM_IRQHandler
                0x0000000008001074                DMA1_Channel1_IRQHandler
                0x0000000008001074                Default_Handler
                0x0000000008001074                EXTI15_10_IRQHandler
                0x0000000008001074                TIM7_IRQHandler
                0x0000000008001074                TIM5_IRQHandler
                0x0000000008001074                USB_LP_CAN_RX0_IRQHandler
                0x0000000008001074                MemManage_Handler
                0x0000000008001074                SVC_Handler
                0x0000000008001074                DMA1_Channel5_IRQHandler
                0x0000000008001074                DMA1_Channel3_IRQHandler
                0x0000000008001074                FSMC_IRQHandler
                0x0000000008001074                TIM1_UP_IRQHandler
                0x0000000008001074                WWDG_IRQHandler
                0x0000000008001074                TIM2_IRQHandler
                0x0000000008001074                TIM1_BRK_IRQHandler
                0x0000000008001074                RTCAlarm_IRQHandler
                0x0000000008001074                DMA2_Channel4_5_IRQHandler
                0x0000000008001074                DMA1_Channel2_IRQHandler
                0x0000000008001074                TIM8_BRK_IRQHandler
                0x0000000008001074                FLASH_IRQHandler
                0x0000000008001074                BusFault_Handler
                0x0000000008001074                SPI3_IRQHandler
                0x0000000008001074                DMA2_Channel3_IRQHandler
 *fill*         0x0000000008001076        0x2 
 .text.__libc_init_array
                0x0000000008001078       0x48 d:/st/stm32cubeide_1.4.0/stm32cubeide/plugins/com.st.stm32cube.ide.mcu.externaltools.gnu-tools-for-stm32.7-2018-q2-update.win32_1.4.0.202007081208/tools/bin/../lib/gcc/arm-none-eabi/7.3.1/../../../../arm-none-eabi/lib/thumb/v7-m\libc_nano.a(lib_a-init.o)
                0x0000000008001078                __libc_init_array
 *(.glue_7)
 .glue_7        0x00000000080010c0        0x0 linker stubs
 *(.glue_7t)
 .glue_7t       0x00000000080010c0        0x0 linker stubs
 *(.eh_frame)
 .eh_frame      0x00000000080010c0        0x0 d:/st/stm32cubeide_1.4.0/stm32cubeide/plugins/com.st.stm32cube.ide.mcu.externaltools.gnu-tools-for-stm32.7-2018-q2-update.win32_1.4.0.202007081208/tools/bin/../lib/gcc/arm-none-eabi/7.3.1/thumb/v7-m/crtbegin.o
 *(.init)
 .init          0x00000000080010c0        0x4 d:/st/stm32cubeide_1.4.0/stm32cubeide/plugins/com.st.stm32cube.ide.mcu.externaltools.gnu-tools-for-stm32.7-2018-q2-update.win32_1.4.0.202007081208/tools/bin/../lib/gcc/arm-none-eabi/7.3.1/thumb/v7-m/crti.o
                0x00000000080010c0                _init
 .init          0x00000000080010c4        0x8 d:/st/stm32cubeide_1.4.0/stm32cubeide/plugins/com.st.stm32cube.ide.mcu.externaltools.gnu-tools-for-stm32.7-2018-q2-update.win32_1.4.0.202007081208/tools/bin/../lib/gcc/arm-none-eabi/7.3.1/thumb/v7-m/crtn.o
 *(.fini)
 .fini          0x00000000080010cc        0x4 d:/st/stm32cubeide_1.4.0/stm32cubeide/plugins/com.st.stm32cube.ide.mcu.externaltools.gnu-tools-for-stm32.7-2018-q2-update.win32_1.4.0.202007081208/tools/bin/../lib/gcc/arm-none-eabi/7.3.1/thumb/v7-m/crti.o
                0x00000000080010cc                _fini
 .fini          0x00000000080010d0        0x8 d:/st/stm32cubeide_1.4.0/stm32cubeide/plugins/com.st.stm32cube.ide.mcu.externaltools.gnu-tools-for-stm32.7-2018-q2-update.win32_1.4.0.202007081208/tools/bin/../lib/gcc/arm-none-eabi/7.3.1/thumb/v7-m/crtn.o
                0x00000000080010d8                . = ALIGN (0x4)
                0x00000000080010d8                _etext = .

.vfp11_veneer   0x00000000080010d8        0x0
 .vfp11_veneer  0x00000000080010d8        0x0 linker stubs

.v4_bx          0x00000000080010d8        0x0
 .v4_bx         0x00000000080010d8        0x0 linker stubs

.iplt           0x00000000080010d8        0x0
 .iplt          0x00000000080010d8        0x0 d:/st/stm32cubeide_1.4.0/stm32cubeide/plugins/com.st.stm32cube.ide.mcu.externaltools.gnu-tools-for-stm32.7-2018-q2-update.win32_1.4.0.202007081208/tools/bin/../lib/gcc/arm-none-eabi/7.3.1/thumb/v7-m/crtbegin.o

.rodata         0x00000000080010d8       0x30
                0x00000000080010d8                . = ALIGN (0x4)
 *(.rodata)
 .rodata        0x00000000080010d8        0x7 Src/main.o
 *(.rodata*)
 *fill*         0x00000000080010df        0x1 
 .rodata.APBPrescTable
                0x00000000080010e0        0x8 STM32F103C6_Drivers/MCAL/STM32F103C6_RCC_Drivers.o
                0x00000000080010e0                APBPrescTable
 .rodata.AHBPrescTable
                0x00000000080010e8       0x20 STM32F103C6_Drivers/MCAL/STM32F103C6_RCC_Drivers.o
                0x00000000080010e8                AHBPrescTable
                0x0000000008001108                . = ALIGN (0x4)

.rel.dyn        0x0000000008001108        0x0
 .rel.iplt      0x0000000008001108        0x0 d:/st/stm32cubeide_1.4.0/stm32cubeide/plugins/com.st.stm32cube.ide.mcu.externaltools.gnu-tools-for-stm32.7-2018-q2-update.win32_1.4.0.202007081208/tools/bin/../lib/gcc/arm-none-eabi/7.3.1/thumb/v7-m/crtbegin.o

.ARM.extab      0x0000000008001108        0x0
                0x0000000008001108                . = ALIGN (0x4)
 *(.ARM.extab* .gnu.linkonce.armextab.*)
                0x0000000008001108                . = ALIGN (0x4)

.ARM            0x0000000008001108        0x0
                0x0000000008001108                . = ALIGN (0x4)
                0x0000000008001108                __exidx_start = .
 *(.ARM.exidx*)
                0x0000000008001108                __exidx_end = .
                0x0000000008001108                . = ALIGN (0x4)

.preinit_array  0x0000000008001108        0x0
                0x0000000008001108                . = ALIGN (0x4)
                0x0000000008001108                PROVIDE (__preinit_array_start = .)
 *(.preinit_array*)
                0x0000000008001108                PROVIDE (__preinit_array_end = .)
                0x0000000008001108                . = ALIGN (0x4)

.init_array     0x0000000008001108        0x4
                0x0000000008001108                . = ALIGN (0x4)
                0x0000000008001108                PROVIDE (__init_array_start = .)
 *(SORT_BY_NAME(.init_array.*))
 *(.init_array*)
 .init_array    0x0000000008001108        0x4 d:/st/stm32cubeide_1.4.0/stm32cubeide/plugins/com.st.stm32cube.ide.mcu.externaltools.gnu-tools-for-stm32.7-2018-q2-update.win32_1.4.0.202007081208/tools/bin/../lib/gcc/arm-none-eabi/7.3.1/thumb/v7-m/crtbegin.o
                0x000000000800110c                PROVIDE (__init_array_end = .)
                0x000000000800110c                . = ALIGN (0x4)

.fini_array     0x000000000800110c        0x4
                0x000000000800110c                . = ALIGN (0x4)
                [!provide]                        PROVIDE (__fini_array_start = .)
 *(SORT_BY_NAME(.fini_array.*))
 *(.fini_array*)
 .fini_array    0x000000000800110c        0x4 d:/st/stm32cubeide_1.4.0/stm32cubeide/plugins/com.st.stm32cube.ide.mcu.externaltools.gnu-tools-for-stm32.7-2018-q2-update.win32_1.4.0.202007081208/tools/bin/../lib/gcc/arm-none-eabi/7.3.1/thumb/v7-m/crtbegin.o
                [!provide]                        PROVIDE (__fini_array_end = .)
                0x0000000008001110                . = ALIGN (0x4)
                0x0000000008001110                _sidata = LOADADDR (.data)

.data           0x0000000020000000        0x0 load address 0x0000000008001110
                0x0000000020000000                . = ALIGN (0x4)
                0x0000000020000000                _sdata = .
 *(.data)
 *(.data*)
                0x0000000020000000                . = ALIGN (0x4)
                0x0000000020000000                _edata = .

.igot.plt       0x0000000020000000        0x0 load address 0x0000000008001110
 .igot.plt      0x0000000020000000        0x0 d:/st/stm32cubeide_1.4.0/stm32cubeide/plugins/com.st.stm32cube.ide.mcu.externaltools.gnu-tools-for-stm32.7-2018-q2-update.win32_1.4.0.202007081208/tools/bin/../lib/gcc/arm-none-eabi/7.3.1/thumb/v7-m/crtbegin.o
                0x0000000020000000                . = ALIGN (0x4)

.bss            0x0000000020000000       0xac load address 0x0000000008001110
                0x0000000020000000                _sbss = .
                0x0000000020000000                __bss_start__ = _sbss
 *(.bss)
 .bss           0x0000000020000000       0x1c d:/st/stm32cubeide_1.4.0/stm32cubeide/plugins/com.st.stm32cube.ide.mcu.externaltools.gnu-tools-for-stm32.7-2018-q2-update.win32_1.4.0.202007081208/tools/bin/../lib/gcc/arm-none-eabi/7.3.1/thumb/v7-m/crtbegin.o
 *(.bss*)
 .bss.Global_I2C_Config
                0x000000002000001c       0x48 STM32F103C6_Drivers/MCAL/STM32F103C6_I2C_Drivers.o
                0x000000002000001c                Global_I2C_Config
 .bss.Global_SPI_Config
                0x0000000020000064        0x8 STM32F103C6_Drivers/MCAL/STM32F103C6_SPI_Drivers.o
                0x0000000020000064                Global_SPI_Config
 .bss.Global_UART_Config
                0x000000002000006c        0x4 STM32F103C6_Drivers/MCAL/STM32F103C6_USART_Drivers.o
                0x000000002000006c                Global_UART_Config
 *(COMMON)
 COMMON         0x0000000020000070       0x3c STM32F103C6_Drivers/MCAL/STM32F103C6_EXTI_Drivers.o
                0x0000000020000070                GP_IRQ_CallBack
                0x00000000200000ac                . = ALIGN (0x4)
                0x00000000200000ac                _ebss = .
                0x00000000200000ac                __bss_end__ = _ebss

._user_heap_stack
                0x00000000200000ac      0x604 load address 0x0000000008001110
                0x00000000200000b0                . = ALIGN (0x8)
 *fill*         0x00000000200000ac        0x4 
                [!provide]                        PROVIDE (end = .)
                0x00000000200000b0                PROVIDE (_end = .)
                0x00000000200002b0                . = (. + _Min_Heap_Size)
 *fill*         0x00000000200000b0      0x200 
                0x00000000200006b0                . = (. + _Min_Stack_Size)
 *fill*         0x00000000200002b0      0x400 
                0x00000000200006b0                . = ALIGN (0x8)

/DISCARD/
 libc.a(*)
 libm.a(*)
 libgcc.a(*)

.ARM.attributes
                0x0000000000000000       0x29
 *(.ARM.attributes)
 .ARM.attributes
                0x0000000000000000       0x1d d:/st/stm32cubeide_1.4.0/stm32cubeide/plugins/com.st.stm32cube.ide.mcu.externaltools.gnu-tools-for-stm32.7-2018-q2-update.win32_1.4.0.202007081208/tools/bin/../lib/gcc/arm-none-eabi/7.3.1/thumb/v7-m/crti.o
 .ARM.attributes
                0x000000000000001d       0x2d d:/st/stm32cubeide_1.4.0/stm32cubeide/plugins/com.st.stm32cube.ide.mcu.externaltools.gnu-tools-for-stm32.7-2018-q2-update.win32_1.4.0.202007081208/tools/bin/../lib/gcc/arm-none-eabi/7.3.1/thumb/v7-m/crtbegin.o
 .ARM.attributes
                0x000000000000004a       0x33 STM32F103C6_Drivers/HAL/I2C_Slave_EEPROM.o
 .ARM.attributes
                0x000000000000007d       0x33 STM32F103C6_Drivers/MCAL/STM32F103C6_EXTI_Drivers.o
 .ARM.attributes
                0x00000000000000b0       0x33 STM32F103C6_Drivers/MCAL/STM32F103C6_GPIO_Drivers.o
 .ARM.attributes
                0x00000000000000e3       0x33 STM32F103C6_Drivers/MCAL/STM32F103C6_I2C_Drivers.o
 .ARM.attributes
                0x0000000000000116       0x33 STM32F103C6_Drivers/MCAL/STM32F103C6_RCC_Drivers.o
 .ARM.attributes
                0x0000000000000149       0x33 STM32F103C6_Drivers/MCAL/STM32F103C6_SPI_Drivers.o
 .ARM.attributes
                0x000000000000017c       0x33 STM32F103C6_Drivers/MCAL/STM32F103C6_USART_Drivers.o
 .ARM.attributes
                0x00000000000001af       0x33 Src/main.o
 .ARM.attributes
                0x00000000000001e2       0x21 Startup/startup_stm32f103c6tx.o
 .ARM.attributes
                0x0000000000000203       0x2d d:/st/stm32cubeide_1.4.0/stm32cubeide/plugins/com.st.stm32cube.ide.mcu.externaltools.gnu-tools-for-stm32.7-2018-q2-update.win32_1.4.0.202007081208/tools/bin/../lib/gcc/arm-none-eabi/7.3.1/../../../../arm-none-eabi/lib/thumb/v7-m\libc_nano.a(lib_a-init.o)
 .ARM.attributes
                0x0000000000000230       0x1d d:/st/stm32cubeide_1.4.0/stm32cubeide/plugins/com.st.stm32cube.ide.mcu.externaltools.gnu-tools-for-stm32.7-2018-q2-update.win32_1.4.0.202007081208/tools/bin/../lib/gcc/arm-none-eabi/7.3.1/thumb/v7-m/crtn.o
OUTPUT(Drivers.elf elf32-littlearm)

.debug_info     0x0000000000000000     0x6d0e
 .debug_info    0x0000000000000000      0xc97 STM32F103C6_Drivers/HAL/I2C_Slave_EEPROM.o
 .debug_info    0x0000000000000c97      0xdc1 STM32F103C6_Drivers/MCAL/STM32F103C6_EXTI_Drivers.o
 .debug_info    0x0000000000001a58      0xd56 STM32F103C6_Drivers/MCAL/STM32F103C6_GPIO_Drivers.o
 .debug_info    0x00000000000027ae     0x12b8 STM32F103C6_Drivers/MCAL/STM32F103C6_I2C_Drivers.o
 .debug_info    0x0000000000003a66      0xb24 STM32F103C6_Drivers/MCAL/STM32F103C6_RCC_Drivers.o
 .debug_info    0x000000000000458a      0xed1 STM32F103C6_Drivers/MCAL/STM32F103C6_SPI_Drivers.o
 .debug_info    0x000000000000545b      0xdfc STM32F103C6_Drivers/MCAL/STM32F103C6_USART_Drivers.o
 .debug_info    0x0000000000006257      0xa95 Src/main.o
 .debug_info    0x0000000000006cec       0x22 Startup/startup_stm32f103c6tx.o

.debug_abbrev   0x0000000000000000     0x106c
 .debug_abbrev  0x0000000000000000      0x1d1 STM32F103C6_Drivers/HAL/I2C_Slave_EEPROM.o
 .debug_abbrev  0x00000000000001d1      0x239 STM32F103C6_Drivers/MCAL/STM32F103C6_EXTI_Drivers.o
 .debug_abbrev  0x000000000000040a      0x232 STM32F103C6_Drivers/MCAL/STM32F103C6_GPIO_Drivers.o
 .debug_abbrev  0x000000000000063c      0x289 STM32F103C6_Drivers/MCAL/STM32F103C6_I2C_Drivers.o
 .debug_abbrev  0x00000000000008c5      0x19b STM32F103C6_Drivers/MCAL/STM32F103C6_RCC_Drivers.o
 .debug_abbrev  0x0000000000000a60      0x240 STM32F103C6_Drivers/MCAL/STM32F103C6_SPI_Drivers.o
 .debug_abbrev  0x0000000000000ca0      0x232 STM32F103C6_Drivers/MCAL/STM32F103C6_USART_Drivers.o
 .debug_abbrev  0x0000000000000ed2      0x188 Src/main.o
 .debug_abbrev  0x000000000000105a       0x12 Startup/startup_stm32f103c6tx.o

.debug_loc      0x0000000000000000     0x1312
 .debug_loc     0x0000000000000000       0xf2 STM32F103C6_Drivers/HAL/I2C_Slave_EEPROM.o
 .debug_loc     0x00000000000000f2      0x320 STM32F103C6_Drivers/MCAL/STM32F103C6_EXTI_Drivers.o
 .debug_loc     0x0000000000000412      0x330 STM32F103C6_Drivers/MCAL/STM32F103C6_GPIO_Drivers.o
 .debug_loc     0x0000000000000742      0x580 STM32F103C6_Drivers/MCAL/STM32F103C6_I2C_Drivers.o
 .debug_loc     0x0000000000000cc2       0xc8 STM32F103C6_Drivers/MCAL/STM32F103C6_RCC_Drivers.o
 .debug_loc     0x0000000000000d8a      0x2bc STM32F103C6_Drivers/MCAL/STM32F103C6_SPI_Drivers.o
 .debug_loc     0x0000000000001046      0x294 STM32F103C6_Drivers/MCAL/STM32F103C6_USART_Drivers.o
 .debug_loc     0x00000000000012da       0x38 Src/main.o

.debug_aranges  0x0000000000000000      0x2e8
 .debug_aranges
                0x0000000000000000       0x30 STM32F103C6_Drivers/HAL/I2C_Slave_EEPROM.o
 .debug_aranges
                0x0000000000000030       0x80 STM32F103C6_Drivers/MCAL/STM32F103C6_EXTI_Drivers.o
 .debug_aranges
                0x00000000000000b0       0x60 STM32F103C6_Drivers/MCAL/STM32F103C6_GPIO_Drivers.o
 .debug_aranges
                0x0000000000000110       0xa0 STM32F103C6_Drivers/MCAL/STM32F103C6_I2C_Drivers.o
 .debug_aranges
                0x00000000000001b0       0x38 STM32F103C6_Drivers/MCAL/STM32F103C6_RCC_Drivers.o
 .debug_aranges
                0x00000000000001e8       0x58 STM32F103C6_Drivers/MCAL/STM32F103C6_SPI_Drivers.o
 .debug_aranges
                0x0000000000000240       0x60 STM32F103C6_Drivers/MCAL/STM32F103C6_USART_Drivers.o
 .debug_aranges
                0x00000000000002a0       0x20 Src/main.o
 .debug_aranges
                0x00000000000002c0       0x28 Startup/startup_stm32f103c6tx.o

.debug_ranges   0x0000000000000000      0x260
 .debug_ranges  0x0000000000000000       0x20 STM32F103C6_Drivers/HAL/I2C_Slave_EEPROM.o
 .debug_ranges  0x0000000000000020       0x70 STM32F103C6_Drivers/MCAL/STM32F103C6_EXTI_Drivers.o
 .debug_ranges  0x0000000000000090       0x50 STM32F103C6_Drivers/MCAL/STM32F103C6_GPIO_Drivers.o
 .debug_ranges  0x00000000000000e0       0x90 STM32F103C6_Drivers/MCAL/STM32F103C6_I2C_Drivers.o
 .debug_ranges  0x0000000000000170       0x28 STM32F103C6_Drivers/MCAL/STM32F103C6_RCC_Drivers.o
 .debug_ranges  0x0000000000000198       0x48 STM32F103C6_Drivers/MCAL/STM32F103C6_SPI_Drivers.o
 .debug_ranges  0x00000000000001e0       0x50 STM32F103C6_Drivers/MCAL/STM32F103C6_USART_Drivers.o
 .debug_ranges  0x0000000000000230       0x10 Src/main.o
 .debug_ranges  0x0000000000000240       0x20 Startup/startup_stm32f103c6tx.o

.debug_macro    0x0000000000000000     0x38a5
 .debug_macro   0x0000000000000000      0x230 STM32F103C6_Drivers/HAL/I2C_Slave_EEPROM.o
 .debug_macro   0x0000000000000230      0xa60 STM32F103C6_Drivers/HAL/I2C_Slave_EEPROM.o
 .debug_macro   0x0000000000000c90       0x18 STM32F103C6_Drivers/HAL/I2C_Slave_EEPROM.o
 .debug_macro   0x0000000000000ca8       0x22 STM32F103C6_Drivers/HAL/I2C_Slave_EEPROM.o
 .debug_macro   0x0000000000000cca       0x40 STM32F103C6_Drivers/HAL/I2C_Slave_EEPROM.o
 .debug_macro   0x0000000000000d0a       0x94 STM32F103C6_Drivers/HAL/I2C_Slave_EEPROM.o
 .debug_macro   0x0000000000000d9e       0x3c STM32F103C6_Drivers/HAL/I2C_Slave_EEPROM.o
 .debug_macro   0x0000000000000dda       0x34 STM32F103C6_Drivers/HAL/I2C_Slave_EEPROM.o
 .debug_macro   0x0000000000000e0e       0x16 STM32F103C6_Drivers/HAL/I2C_Slave_EEPROM.o
 .debug_macro   0x0000000000000e24      0x10e STM32F103C6_Drivers/HAL/I2C_Slave_EEPROM.o
 .debug_macro   0x0000000000000f32       0x8d STM32F103C6_Drivers/HAL/I2C_Slave_EEPROM.o
 .debug_macro   0x0000000000000fbf       0x57 STM32F103C6_Drivers/HAL/I2C_Slave_EEPROM.o
 .debug_macro   0x0000000000001016       0x52 STM32F103C6_Drivers/HAL/I2C_Slave_EEPROM.o
 .debug_macro   0x0000000000001068       0x1f STM32F103C6_Drivers/HAL/I2C_Slave_EEPROM.o
 .debug_macro   0x0000000000001087       0x43 STM32F103C6_Drivers/HAL/I2C_Slave_EEPROM.o
 .debug_macro   0x00000000000010ca       0x20 STM32F103C6_Drivers/HAL/I2C_Slave_EEPROM.o
 .debug_macro   0x00000000000010ea      0x1a3 STM32F103C6_Drivers/HAL/I2C_Slave_EEPROM.o
 .debug_macro   0x000000000000128d      0x330 STM32F103C6_Drivers/HAL/I2C_Slave_EEPROM.o
 .debug_macro   0x00000000000015bd       0x16 STM32F103C6_Drivers/HAL/I2C_Slave_EEPROM.o
 .debug_macro   0x00000000000015d3       0x29 STM32F103C6_Drivers/HAL/I2C_Slave_EEPROM.o
 .debug_macro   0x00000000000015fc       0xef STM32F103C6_Drivers/HAL/I2C_Slave_EEPROM.o
 .debug_macro   0x00000000000016eb       0x6a STM32F103C6_Drivers/HAL/I2C_Slave_EEPROM.o
 .debug_macro   0x0000000000001755      0x1df STM32F103C6_Drivers/HAL/I2C_Slave_EEPROM.o
 .debug_macro   0x0000000000001934       0x1c STM32F103C6_Drivers/HAL/I2C_Slave_EEPROM.o
 .debug_macro   0x0000000000001950       0x35 STM32F103C6_Drivers/HAL/I2C_Slave_EEPROM.o
 .debug_macro   0x0000000000001985       0x10 STM32F103C6_Drivers/HAL/I2C_Slave_EEPROM.o
 .debug_macro   0x0000000000001995       0x10 STM32F103C6_Drivers/HAL/I2C_Slave_EEPROM.o
 .debug_macro   0x00000000000019a5       0x1c STM32F103C6_Drivers/HAL/I2C_Slave_EEPROM.o
 .debug_macro   0x00000000000019c1       0x52 STM32F103C6_Drivers/HAL/I2C_Slave_EEPROM.o
 .debug_macro   0x0000000000001a13       0x40 STM32F103C6_Drivers/HAL/I2C_Slave_EEPROM.o
 .debug_macro   0x0000000000001a53       0x10 STM32F103C6_Drivers/HAL/I2C_Slave_EEPROM.o
 .debug_macro   0x0000000000001a63       0x40 STM32F103C6_Drivers/HAL/I2C_Slave_EEPROM.o
 .debug_macro   0x0000000000001aa3       0xd7 STM32F103C6_Drivers/HAL/I2C_Slave_EEPROM.o
 .debug_macro   0x0000000000001b7a       0x1c STM32F103C6_Drivers/HAL/I2C_Slave_EEPROM.o
 .debug_macro   0x0000000000001b96       0x3d STM32F103C6_Drivers/HAL/I2C_Slave_EEPROM.o
 .debug_macro   0x0000000000001bd3       0x16 STM32F103C6_Drivers/HAL/I2C_Slave_EEPROM.o
 .debug_macro   0x0000000000001be9      0x145 STM32F103C6_Drivers/HAL/I2C_Slave_EEPROM.o
 .debug_macro   0x0000000000001d2e      0x6b8 STM32F103C6_Drivers/HAL/I2C_Slave_EEPROM.o
 .debug_macro   0x00000000000023e6       0xd6 STM32F103C6_Drivers/HAL/I2C_Slave_EEPROM.o
 .debug_macro   0x00000000000024bc       0x10 STM32F103C6_Drivers/HAL/I2C_Slave_EEPROM.o
 .debug_macro   0x00000000000024cc       0x61 STM32F103C6_Drivers/HAL/I2C_Slave_EEPROM.o
 .debug_macro   0x000000000000252d      0x21d STM32F103C6_Drivers/MCAL/STM32F103C6_EXTI_Drivers.o
 .debug_macro   0x000000000000274a       0xd0 STM32F103C6_Drivers/MCAL/STM32F103C6_EXTI_Drivers.o
 .debug_macro   0x000000000000281a      0x223 STM32F103C6_Drivers/MCAL/STM32F103C6_EXTI_Drivers.o
 .debug_macro   0x0000000000002a3d      0x204 STM32F103C6_Drivers/MCAL/STM32F103C6_GPIO_Drivers.o
 .debug_macro   0x0000000000002c41      0x22c STM32F103C6_Drivers/MCAL/STM32F103C6_I2C_Drivers.o
 .debug_macro   0x0000000000002e6d      0x208 STM32F103C6_Drivers/MCAL/STM32F103C6_RCC_Drivers.o
 .debug_macro   0x0000000000003075      0x23a STM32F103C6_Drivers/MCAL/STM32F103C6_SPI_Drivers.o
 .debug_macro   0x00000000000032af       0xbe STM32F103C6_Drivers/MCAL/STM32F103C6_SPI_Drivers.o
 .debug_macro   0x000000000000336d      0x220 STM32F103C6_Drivers/MCAL/STM32F103C6_USART_Drivers.o
 .debug_macro   0x000000000000358d       0xe8 STM32F103C6_Drivers/MCAL/STM32F103C6_USART_Drivers.o
 .debug_macro   0x0000000000003675      0x230 Src/main.o

.debug_line     0x0000000000000000     0x3c15
 .debug_line    0x0000000000000000      0x6d5 STM32F103C6_Drivers/HAL/I2C_Slave_EEPROM.o
 .debug_line    0x00000000000006d5      0x819 STM32F103C6_Drivers/MCAL/STM32F103C6_EXTI_Drivers.o
 .debug_line    0x0000000000000eee      0x75e STM32F103C6_Drivers/MCAL/STM32F103C6_GPIO_Drivers.o
 .debug_line    0x000000000000164c      0x90c STM32F103C6_Drivers/MCAL/STM32F103C6_I2C_Drivers.o
 .debug_line    0x0000000000001f58      0x680 STM32F103C6_Drivers/MCAL/STM32F103C6_RCC_Drivers.o
 .debug_line    0x00000000000025d8      0x7a2 STM32F103C6_Drivers/MCAL/STM32F103C6_SPI_Drivers.o
 .debug_line    0x0000000000002d7a      0x796 STM32F103C6_Drivers/MCAL/STM32F103C6_USART_Drivers.o
 .debug_line    0x0000000000003510      0x681 Src/main.o
 .debug_line    0x0000000000003b91       0x84 Startup/startup_stm32f103c6tx.o

.debug_str      0x0000000000000000     0xd478
 .debug_str     0x0000000000000000     0xa9d6 STM32F103C6_Drivers/HAL/I2C_Slave_EEPROM.o
                                       0xac49 (size before relaxing)
 .debug_str     0x000000000000a9d6     0x1627 STM32F103C6_Drivers/MCAL/STM32F103C6_EXTI_Drivers.o
                                       0xbd9e (size before relaxing)
 .debug_str     0x000000000000bffd      0x155 STM32F103C6_Drivers/MCAL/STM32F103C6_GPIO_Drivers.o
                                       0xa925 (size before relaxing)
 .debug_str     0x000000000000c152      0x2de STM32F103C6_Drivers/MCAL/STM32F103C6_I2C_Drivers.o
                                       0xaf3f (size before relaxing)
 .debug_str     0x000000000000c430       0xac STM32F103C6_Drivers/MCAL/STM32F103C6_RCC_Drivers.o
                                       0xa4a9 (size before relaxing)
 .debug_str     0x000000000000c4dc      0x797 STM32F103C6_Drivers/MCAL/STM32F103C6_SPI_Drivers.o
                                       0xb00c (size before relaxing)
 .debug_str     0x000000000000cc73      0x7c1 STM32F103C6_Drivers/MCAL/STM32F103C6_USART_Drivers.o
                                       0xb06f (size before relaxing)
 .debug_str     0x000000000000d434       0x13 Src/main.o
                                       0xaa4d (size before relaxing)
 .debug_str     0x000000000000d447       0x31 Startup/startup_stm32f103c6tx.o
                                         0x8d (size before relaxing)

.comment        0x0000000000000000       0x7b
 .comment       0x0000000000000000       0x7b STM32F103C6_Drivers/HAL/I2C_Slave_EEPROM.o
                                         0x7c (size before relaxing)
 .comment       0x000000000000007b       0x7c STM32F103C6_Drivers/MCAL/STM32F103C6_EXTI_Drivers.o
 .comment       0x000000000000007b       0x7c STM32F103C6_Drivers/MCAL/STM32F103C6_GPIO_Drivers.o
 .comment       0x000000000000007b       0x7c STM32F103C6_Drivers/MCAL/STM32F103C6_I2C_Drivers.o
 .comment       0x000000000000007b       0x7c STM32F103C6_Drivers/MCAL/STM32F103C6_RCC_Drivers.o
 .comment       0x000000000000007b       0x7c STM32F103C6_Drivers/MCAL/STM32F103C6_SPI_Drivers.o
 .comment       0x000000000000007b       0x7c STM32F103C6_Drivers/MCAL/STM32F103C6_USART_Drivers.o
 .comment       0x000000000000007b       0x7c Src/main.o

.debug_frame    0x0000000000000000      0x9a0
 .debug_frame   0x0000000000000000       0x80 STM32F103C6_Drivers/HAL/I2C_Slave_EEPROM.o
 .debug_frame   0x0000000000000080      0x1b0 STM32F103C6_Drivers/MCAL/STM32F103C6_EXTI_Drivers.o
 .debug_frame   0x0000000000000230      0x178 STM32F103C6_Drivers/MCAL/STM32F103C6_GPIO_Drivers.o
 .debug_frame   0x00000000000003a8      0x288 STM32F103C6_Drivers/MCAL/STM32F103C6_I2C_Drivers.o
 .debug_frame   0x0000000000000630       0x84 STM32F103C6_Drivers/MCAL/STM32F103C6_RCC_Drivers.o
 .debug_frame   0x00000000000006b4      0x144 STM32F103C6_Drivers/MCAL/STM32F103C6_SPI_Drivers.o
 .debug_frame   0x00000000000007f8      0x14c STM32F103C6_Drivers/MCAL/STM32F103C6_USART_Drivers.o
 .debug_frame   0x0000000000000944       0x30 Src/main.o
 .debug_frame   0x0000000000000974       0x2c d:/st/stm32cubeide_1.4.0/stm32cubeide/plugins/com.st.stm32cube.ide.mcu.externaltools.gnu-tools-for-stm32.7-2018-q2-update.win32_1.4.0.202007081208/tools/bin/../lib/gcc/arm-none-eabi/7.3.1/../../../../arm-none-eabi/lib/thumb/v7-m\libc_nano.a(lib_a-init.o)
