18:27:20 **** Incremental Build of configuration Debug for project Lesson_3_Lab_2 ****
make -j16 all 
arm-none-eabi-gcc "../Src/main.c" -mcpu=cortex-m3 -std=gnu11 -g3 -DSTM32 -DSTM32F1 -DSTM32F103C6Tx -DDEBUG -c -I../Inc -O0 -ffunction-sections -fdata-sections -Wall -fstack-usage -MMD -MP -MF"Src/main.d" -MT"Src/main.o" --specs=nano.specs -mfloat-abi=soft -mthumb -o "Src/main.o"
arm-none-eabi-gcc -o "Lesson_3_Lab_2.elf" @"objects.list"   -mcpu=cortex-m3 -T"D:\Keroll\Second term\Unit 6 (MCU Architecture)\Labs\Lesson 3\Lesson_3_Lab_2\Lesson_3_Lab_2\STM32F103C6TX_FLASH.ld" --specs=nosys.specs -Wl,-Map="Lesson_3_Lab_2.map" -Wl,--gc-sections -static --specs=nano.specs -mfloat-abi=soft -mthumb -Wl,--start-group -lc -lm -Wl,--end-group
Finished building target: Lesson_3_Lab_2.elf
 
arm-none-eabi-objdump -h -S  Lesson_3_Lab_2.elf  > "Lesson_3_Lab_2.list"
arm-none-eabi-objcopy  -O binary  Lesson_3_Lab_2.elf  "Lesson_3_Lab_2.bin"
arm-none-eabi-size   Lesson_3_Lab_2.elf 
   text	   data	    bss	    dec	    hex	filename
    700	      8	   1568	   2276	    8e4	Lesson_3_Lab_2.elf
Finished building: default.size.stdout
 
Finished building: Lesson_3_Lab_2.bin
Finished building: Lesson_3_Lab_2.list
 
 

18:27:20 Build Finished. 0 errors, 0 warnings. (took 556ms)

