STM32F103C6_USART_Drivers.c:35:6:MCAL_UART_Init	24	static
STM32F103C6_USART_Drivers.c:134:6:MCAL_UART_DeInit	16	static
STM32F103C6_USART_Drivers.c:169:6:MCAL_UART_SendData	24	static
STM32F103C6_USART_Drivers.c:199:6:MCAL_UART_Wait_TC	16	static
STM32F103C6_USART_Drivers.c:219:6:MCAL_UART_ReceiveData	24	static
STM32F103C6_USART_Drivers.c:267:6:MCAL_UART_GPIO_Set_Pins	24	static
STM32F103C6_USART_Drivers.c:384:6:USART1_IRQHandler	8	static
STM32F103C6_USART_Drivers.c:390:6:USART2_IRQHandler	8	static
STM32F103C6_USART_Drivers.c:396:6:USART3_IRQHandler	8	static
