13:29:11 **** Build of configuration Debug for project unit6_lesson3_lab ****
make -j16 all 
arm-none-eabi-gcc -mcpu=cortex-m3 -g3 -c -x assembler-with-cpp -MMD -MP -MF"Startup/startup_stm32f103c6tx.d" -MT"Startup/startup_stm32f103c6tx.o" --specs=nano.specs -mfloat-abi=soft -mthumb -o "Startup/startup_stm32f103c6tx.o" "../Startup/startup_stm32f103c6tx.s"
arm-none-eabi-gcc "../Src/main.c" -mcpu=cortex-m3 -std=gnu11 -g3 -DSTM32 -DSTM32F1 -DSTM32F103C6Tx -DDEBUG -c -I../Inc -O0 -ffunction-sections -fdata-sections -Wall -fstack-usage -MMD -MP -MF"Src/main.d" -MT"Src/main.o" --specs=nano.specs -mfloat-abi=soft -mthumb -o "Src/main.o"
arm-none-eabi-gcc "../Src/syscalls.c" -mcpu=cortex-m3 -std=gnu11 -g3 -DSTM32 -DSTM32F1 -DSTM32F103C6Tx -DDEBUG -c -I../Inc -O0 -ffunction-sections -fdata-sections -Wall -fstack-usage -MMD -MP -MF"Src/syscalls.d" -MT"Src/syscalls.o" --specs=nano.specs -mfloat-abi=soft -mthumb -o "Src/syscalls.o"
arm-none-eabi-gcc "../Src/sysmem.c" -mcpu=cortex-m3 -std=gnu11 -g3 -DSTM32 -DSTM32F1 -DSTM32F103C6Tx -DDEBUG -c -I../Inc -O0 -ffunction-sections -fdata-sections -Wall -fstack-usage -MMD -MP -MF"Src/sysmem.d" -MT"Src/sysmem.o" --specs=nano.specs -mfloat-abi=soft -mthumb -o "Src/sysmem.o"
arm-none-eabi-gcc -o "unit6_lesson3_lab.elf" @"objects.list"   -mcpu=cortex-m3 -T"D:\Keroll\MCU Fundamental\Labs\lab_1\unit6_lesson3_lab\STM32F103C6TX_FLASH.ld" --specs=nosys.specs -Wl,-Map="unit6_lesson3_lab.map" -Wl,--gc-sections -static --specs=nano.specs -mfloat-abi=soft -mthumb -Wl,--start-group -lc -lm -Wl,--end-group
Finished building target: unit6_lesson3_lab.elf
 
arm-none-eabi-size   unit6_lesson3_lab.elf 
arm-none-eabi-objdump -h -S  unit6_lesson3_lab.elf  > "unit6_lesson3_lab.list"
arm-none-eabi-objcopy  -O binary  unit6_lesson3_lab.elf  "unit6_lesson3_lab.bin"
   text	   data	    bss	    dec	    hex	filename
    656	      8	   1568	   2232	    8b8	unit6_lesson3_lab.elf
Finished building: default.size.stdout
 
Finished building: unit6_lesson3_lab.bin
Finished building: unit6_lesson3_lab.list
 
 
09:53:55 **** Incremental Build of configuration Debug for project unit6_lesson3_lab ****
make -j16 all 
arm-none-eabi-gcc "../Src/main.c" -mcpu=cortex-m3 -std=gnu11 -g3 -DSTM32 -DSTM32F1 -DSTM32F103C6Tx -DDEBUG -c -I../Inc -O0 -ffunction-sections -fdata-sections -Wall -fstack-usage -MMD -MP -MF"Src/main.d" -MT"Src/main.o" --specs=nano.specs -mfloat-abi=soft -mthumb -o "Src/main.o"
arm-none-eabi-gcc -o "unit6_lesson3_lab.elf" @"objects.list"   -mcpu=cortex-m3 -T"D:\Keroll\MCU Fundamental\Labs\lab_1\unit6_lesson3_lab\STM32F103C6TX_FLASH.ld" --specs=nosys.specs -Wl,-Map="unit6_lesson3_lab.map" -Wl,--gc-sections -static --specs=nano.specs -mfloat-abi=soft -mthumb -Wl,--start-group -lc -lm -Wl,--end-group
Finished building target: unit6_lesson3_lab.elf
 
arm-none-eabi-objdump -h -S  unit6_lesson3_lab.elf  > "unit6_lesson3_lab.list"
arm-none-eabi-objcopy  -O binary  unit6_lesson3_lab.elf  "unit6_lesson3_lab.bin"
arm-none-eabi-size   unit6_lesson3_lab.elf 
   text	   data	    bss	    dec	    hex	filename
    672	      8	   1568	   2248	    8c8	unit6_lesson3_lab.elf
Finished building: default.size.stdout
Finished building: unit6_lesson3_lab.bin
 
 
Finished building: unit6_lesson3_lab.list
 
10:04:16 **** Incremental Build of configuration Debug for project unit6_lesson3_lab ****
make -j16 all 
arm-none-eabi-gcc "../Src/main.c" -mcpu=cortex-m3 -std=gnu11 -g3 -DSTM32 -DSTM32F1 -DSTM32F103C6Tx -DDEBUG -c -I../Inc -O0 -ffunction-sections -fdata-sections -Wall -fstack-usage -MMD -MP -MF"Src/main.d" -MT"Src/main.o" --specs=nano.specs -mfloat-abi=soft -mthumb -o "Src/main.o"
arm-none-eabi-gcc -o "unit6_lesson3_lab.elf" @"objects.list"   -mcpu=cortex-m3 -T"D:\Keroll\MCU Fundamental\Labs\lab_1\unit6_lesson3_lab\STM32F103C6TX_FLASH.ld" --specs=nosys.specs -Wl,-Map="unit6_lesson3_lab.map" -Wl,--gc-sections -static --specs=nano.specs -mfloat-abi=soft -mthumb -Wl,--start-group -lc -lm -Wl,--end-group
Finished building target: unit6_lesson3_lab.elf
 
arm-none-eabi-objdump -h -S  unit6_lesson3_lab.elf  > "unit6_lesson3_lab.list"
arm-none-eabi-objcopy  -O binary  unit6_lesson3_lab.elf  "unit6_lesson3_lab.bin"
arm-none-eabi-size   unit6_lesson3_lab.elf 
   text	   data	    bss	    dec	    hex	filename
    672	      8	   1568	   2248	    8c8	unit6_lesson3_lab.elf
Finished building: default.size.stdout
 
Finished building: unit6_lesson3_lab.bin
Finished building: unit6_lesson3_lab.list
 
 
06:39:55 **** Build of configuration Debug for project unit6_lesson3_lab ****
make -j16 all 
arm-none-eabi-gcc "../Src/main.c" -mcpu=cortex-m3 -std=gnu11 -g3 -DSTM32 -DSTM32F1 -DSTM32F103C6Tx -DDEBUG -c -I../Inc -O0 -ffunction-sections -fdata-sections -Wall -fstack-usage -MMD -MP -MF"Src/main.d" -MT"Src/main.o" --specs=nano.specs -mfloat-abi=soft -mthumb -o "Src/main.o"
arm-none-eabi-gcc -o "unit6_lesson3_lab.elf" @"objects.list"   -mcpu=cortex-m3 -T"D:\Keroll\MCU Fundamental\Labs\Lesson 3\lab_1\unit6_lesson3_lab\STM32F103C6TX_FLASH.ld" --specs=nosys.specs -Wl,-Map="unit6_lesson3_lab.map" -Wl,--gc-sections -static --specs=nano.specs -mfloat-abi=soft -mthumb -Wl,--start-group -lc -lm -Wl,--end-group
Finished building target: unit6_lesson3_lab.elf
 
arm-none-eabi-objdump -h -S  unit6_lesson3_lab.elf  > "unit6_lesson3_lab.list"
arm-none-eabi-objcopy  -O binary  unit6_lesson3_lab.elf  "unit6_lesson3_lab.bin"
arm-none-eabi-size   unit6_lesson3_lab.elf 
   text	   data	    bss	    dec	    hex	filename
    672	      8	   1568	   2248	    8c8	unit6_lesson3_lab.elf
Finished building: unit6_lesson3_lab.list
Finished building: default.size.stdout
 
 
Finished building: unit6_lesson3_lab.bin
 
07:50:54 **** Incremental Build of configuration Debug for project unit6_lesson3_lab ****
make -j16 all 
arm-none-eabi-gcc "../Src/main.c" -mcpu=cortex-m3 -std=gnu11 -g3 -DSTM32 -DSTM32F1 -DSTM32F103C6Tx -DDEBUG -c -I../Inc -O0 -ffunction-sections -fdata-sections -Wall -fstack-usage -MMD -MP -MF"Src/main.d" -MT"Src/main.o" --specs=nano.specs -mfloat-abi=soft -mthumb -o "Src/main.o"
arm-none-eabi-gcc -o "unit6_lesson3_lab.elf" @"objects.list"   -mcpu=cortex-m3 -T"D:\Keroll\MCU Fundamental\Labs\Lesson 3\lab_1\unit6_lesson3_lab\STM32F103C6TX_FLASH.ld" --specs=nosys.specs -Wl,-Map="unit6_lesson3_lab.map" -Wl,--gc-sections -static --specs=nano.specs -mfloat-abi=soft -mthumb -Wl,--start-group -lc -lm -Wl,--end-group
Finished building target: unit6_lesson3_lab.elf
 
arm-none-eabi-objdump -h -S  unit6_lesson3_lab.elf  > "unit6_lesson3_lab.list"
arm-none-eabi-objcopy  -O binary  unit6_lesson3_lab.elf  "unit6_lesson3_lab.bin"
arm-none-eabi-size   unit6_lesson3_lab.elf 
   text	   data	    bss	    dec	    hex	filename
    672	      8	   1568	   2248	    8c8	unit6_lesson3_lab.elf
Finished building: default.size.stdout
 
Finished building: unit6_lesson3_lab.bin
Finished building: unit6_lesson3_lab.list
 
 
07:52:46 **** Incremental Build of configuration Debug for project unit6_lesson3_lab ****
make -j16 all 
arm-none-eabi-gcc "../Src/main.c" -mcpu=cortex-m3 -std=gnu11 -g3 -DSTM32 -DSTM32F1 -DSTM32F103C6Tx -DDEBUG -c -I../Inc -O0 -ffunction-sections -fdata-sections -Wall -fstack-usage -MMD -MP -MF"Src/main.d" -MT"Src/main.o" --specs=nano.specs -mfloat-abi=soft -mthumb -o "Src/main.o"
arm-none-eabi-gcc -o "unit6_lesson3_lab.elf" @"objects.list"   -mcpu=cortex-m3 -T"D:\Keroll\MCU Fundamental\Labs\Lesson 3\lab_1\unit6_lesson3_lab\STM32F103C6TX_FLASH.ld" --specs=nosys.specs -Wl,-Map="unit6_lesson3_lab.map" -Wl,--gc-sections -static --specs=nano.specs -mfloat-abi=soft -mthumb -Wl,--start-group -lc -lm -Wl,--end-group
Finished building target: unit6_lesson3_lab.elf
 
arm-none-eabi-objdump -h -S  unit6_lesson3_lab.elf  > "unit6_lesson3_lab.list"
arm-none-eabi-objcopy  -O binary  unit6_lesson3_lab.elf  "unit6_lesson3_lab.bin"
arm-none-eabi-size   unit6_lesson3_lab.elf 
   text	   data	    bss	    dec	    hex	filename
    672	      8	   1568	   2248	    8c8	unit6_lesson3_lab.elf
Finished building: default.size.stdout
 
Finished building: unit6_lesson3_lab.bin
Finished building: unit6_lesson3_lab.list
 
 
07:54:51 **** Incremental Build of configuration Debug for project unit6_lesson3_lab ****
make -j16 all 
arm-none-eabi-gcc "../Src/main.c" -mcpu=cortex-m3 -std=gnu11 -g3 -DSTM32 -DSTM32F1 -DSTM32F103C6Tx -DDEBUG -c -I../Inc -O0 -ffunction-sections -fdata-sections -Wall -fstack-usage -MMD -MP -MF"Src/main.d" -MT"Src/main.o" --specs=nano.specs -mfloat-abi=soft -mthumb -o "Src/main.o"
arm-none-eabi-gcc -o "unit6_lesson3_lab.elf" @"objects.list"   -mcpu=cortex-m3 -T"D:\Keroll\MCU Fundamental\Labs\Lesson 3\lab_1\unit6_lesson3_lab\STM32F103C6TX_FLASH.ld" --specs=nosys.specs -Wl,-Map="unit6_lesson3_lab.map" -Wl,--gc-sections -static --specs=nano.specs -mfloat-abi=soft -mthumb -Wl,--start-group -lc -lm -Wl,--end-group
Finished building target: unit6_lesson3_lab.elf
 
arm-none-eabi-objdump -h -S  unit6_lesson3_lab.elf  > "unit6_lesson3_lab.list"
arm-none-eabi-objcopy  -O binary  unit6_lesson3_lab.elf  "unit6_lesson3_lab.bin"
arm-none-eabi-size   unit6_lesson3_lab.elf 
   text	   data	    bss	    dec	    hex	filename
    672	      8	   1568	   2248	    8c8	unit6_lesson3_lab.elf
Finished building: default.size.stdout
 
Finished building: unit6_lesson3_lab.bin
Finished building: unit6_lesson3_lab.list
 
 
07:55:05 **** Incremental Build of configuration Debug for project unit6_lesson3_lab ****
make -j16 all 
arm-none-eabi-gcc "../Src/main.c" -mcpu=cortex-m3 -std=gnu11 -g3 -DSTM32 -DSTM32F1 -DSTM32F103C6Tx -DDEBUG -c -I../Inc -O0 -ffunction-sections -fdata-sections -Wall -fstack-usage -MMD -MP -MF"Src/main.d" -MT"Src/main.o" --specs=nano.specs -mfloat-abi=soft -mthumb -o "Src/main.o"
arm-none-eabi-gcc -o "unit6_lesson3_lab.elf" @"objects.list"   -mcpu=cortex-m3 -T"D:\Keroll\MCU Fundamental\Labs\Lesson 3\lab_1\unit6_lesson3_lab\STM32F103C6TX_FLASH.ld" --specs=nosys.specs -Wl,-Map="unit6_lesson3_lab.map" -Wl,--gc-sections -static --specs=nano.specs -mfloat-abi=soft -mthumb -Wl,--start-group -lc -lm -Wl,--end-group
Finished building target: unit6_lesson3_lab.elf
 
arm-none-eabi-objdump -h -S  unit6_lesson3_lab.elf  > "unit6_lesson3_lab.list"
arm-none-eabi-objcopy  -O binary  unit6_lesson3_lab.elf  "unit6_lesson3_lab.bin"
arm-none-eabi-size   unit6_lesson3_lab.elf 
   text	   data	    bss	    dec	    hex	filename
    672	      8	   1568	   2248	    8c8	unit6_lesson3_lab.elf
Finished building: default.size.stdout
 
Finished building: unit6_lesson3_lab.bin
Finished building: unit6_lesson3_lab.list
 
 
