07:55:05 **** Incremental Build of configuration Debug for project unit6_lesson3_lab ****
make -j16 all 
arm-none-eabi-gcc "../Src/main.c" -mcpu=cortex-m3 -std=gnu11 -g3 -DSTM32 -DSTM32F1 -DSTM32F103C6Tx -DDEBUG -c -I../Inc -O0 -ffunction-sections -fdata-sections -Wall -fstack-usage -MMD -MP -MF"Src/main.d" -MT"Src/main.o" --specs=nano.specs -mfloat-abi=soft -mthumb -o "Src/main.o"
arm-none-eabi-gcc -o "unit6_lesson3_lab.elf" @"objects.list"   -mcpu=cortex-m3 -T"D:\Keroll\MCU Fundamental\Labs\Lesson 3\lab_1\unit6_lesson3_lab\STM32F103C6TX_FLASH.ld" --specs=nosys.specs -Wl,-Map="unit6_lesson3_lab.map" -Wl,--gc-sections -static --specs=nano.specs -mfloat-abi=soft -mthumb -Wl,--start-group -lc -lm -Wl,--end-group
Finished building target: unit6_lesson3_lab.elf
 
arm-none-eabi-objdump -h -S  unit6_lesson3_lab.elf  > "unit6_lesson3_lab.list"
arm-none-eabi-objcopy  -O binary  unit6_lesson3_lab.elf  "unit6_lesson3_lab.bin"
arm-none-eabi-size   unit6_lesson3_lab.elf 
   text	   data	    bss	    dec	    hex	filename
    672	      8	   1568	   2248	    8c8	unit6_lesson3_lab.elf
Finished building: default.size.stdout
 
Finished building: unit6_lesson3_lab.bin
Finished building: unit6_lesson3_lab.list
 
 

07:55:06 Build Finished. 0 errors, 0 warnings. (took 423ms)

