21:09:33 **** Build of configuration Debug for project Drivers ****
make -j16 all 
arm-none-eabi-gcc -mcpu=cortex-m3 -g3 -c -x assembler-with-cpp -MMD -MP -MF"Startup/startup_stm32f103c6tx.d" -MT"Startup/startup_stm32f103c6tx.o" --specs=nano.specs -mfloat-abi=soft -mthumb -o "Startup/startup_stm32f103c6tx.o" "../Startup/startup_stm32f103c6tx.s"
arm-none-eabi-gcc "../Src/main.c" -mcpu=cortex-m3 -std=gnu11 -g3 -DSTM32 -DSTM32F1 -DSTM32F103C6Tx -DDEBUG -c -I../Inc -I"D:/Keroll/Second term/Unit 8 MCU Interfacing/Labs/Lab Finals/STM32_USART_Driver/Drivers/STM32F103C6_Drivers/inc" -O0 -ffunction-sections -fdata-sections -Wall -fstack-usage -MMD -MP -MF"Src/main.d" -MT"Src/main.o" --specs=nano.specs -mfloat-abi=soft -mthumb -o "Src/main.o"
arm-none-eabi-gcc "../Src/syscalls.c" -mcpu=cortex-m3 -std=gnu11 -g3 -DSTM32 -DSTM32F1 -DSTM32F103C6Tx -DDEBUG -c -I../Inc -I"D:/Keroll/Second term/Unit 8 MCU Interfacing/Labs/Lab Finals/STM32_USART_Driver/Drivers/STM32F103C6_Drivers/inc" -O0 -ffunction-sections -fdata-sections -Wall -fstack-usage -MMD -MP -MF"Src/syscalls.d" -MT"Src/syscalls.o" --specs=nano.specs -mfloat-abi=soft -mthumb -o "Src/syscalls.o"
arm-none-eabi-gcc "../Src/sysmem.c" -mcpu=cortex-m3 -std=gnu11 -g3 -DSTM32 -DSTM32F1 -DSTM32F103C6Tx -DDEBUG -c -I../Inc -I"D:/Keroll/Second term/Unit 8 MCU Interfacing/Labs/Lab Finals/STM32_USART_Driver/Drivers/STM32F103C6_Drivers/inc" -O0 -ffunction-sections -fdata-sections -Wall -fstack-usage -MMD -MP -MF"Src/sysmem.d" -MT"Src/sysmem.o" --specs=nano.specs -mfloat-abi=soft -mthumb -o "Src/sysmem.o"
arm-none-eabi-gcc -o "Drivers.elf" @"objects.list"   -mcpu=cortex-m3 -T"D:\Keroll\Second term\Unit 8 MCU Interfacing\Labs\Lab Finals\STM32_USART_Driver\Drivers\STM32F103C6TX_FLASH.ld" --specs=nosys.specs -Wl,-Map="Drivers.map" -Wl,--gc-sections -static --specs=nano.specs -mfloat-abi=soft -mthumb -Wl,--start-group -lc -lm -Wl,--end-group
Finished building target: Drivers.elf
 
arm-none-eabi-size   Drivers.elf 
arm-none-eabi-objdump -h -S  Drivers.elf  > "Drivers.list"
arm-none-eabi-objcopy  -O binary  Drivers.elf  "Drivers.bin"
   text	   data	    bss	    dec	    hex	filename
    556	      8	   1568	   2132	    854	Drivers.elf
Finished building: default.size.stdout
 
Finished building: Drivers.list
Finished building: Drivers.bin
 
 
21:16:14 **** Clean-only build of configuration Debug for project Drivers ****
make -j16 clean 
rm -rf *
 
21:16:14 **** Incremental Build of configuration Debug for project Drivers ****
make -j16 all 
arm-none-eabi-gcc -mcpu=cortex-m3 -g3 -c -x assembler-with-cpp -MMD -MP -MF"Startup/startup_stm32f103c6tx.d" -MT"Startup/startup_stm32f103c6tx.o" --specs=nano.specs -mfloat-abi=soft -mthumb -o "Startup/startup_stm32f103c6tx.o" "../Startup/startup_stm32f103c6tx.s"
arm-none-eabi-gcc "../Src/main.c" -mcpu=cortex-m3 -std=gnu11 -g3 -DSTM32 -DSTM32F1 -DSTM32F103C6Tx -DDEBUG -c -I../Inc -I"D:/Keroll/Second term/Unit 8 MCU Interfacing/Labs/Lab Finals/STM32_USART_Driver/Drivers/STM32F103C6_Drivers/inc" -O0 -ffunction-sections -fdata-sections -Wall -fstack-usage -MMD -MP -MF"Src/main.d" -MT"Src/main.o" --specs=nano.specs -mfloat-abi=soft -mthumb -o "Src/main.o"
arm-none-eabi-gcc "../Src/syscalls.c" -mcpu=cortex-m3 -std=gnu11 -g3 -DSTM32 -DSTM32F1 -DSTM32F103C6Tx -DDEBUG -c -I../Inc -I"D:/Keroll/Second term/Unit 8 MCU Interfacing/Labs/Lab Finals/STM32_USART_Driver/Drivers/STM32F103C6_Drivers/inc" -O0 -ffunction-sections -fdata-sections -Wall -fstack-usage -MMD -MP -MF"Src/syscalls.d" -MT"Src/syscalls.o" --specs=nano.specs -mfloat-abi=soft -mthumb -o "Src/syscalls.o"
arm-none-eabi-gcc "../Src/sysmem.c" -mcpu=cortex-m3 -std=gnu11 -g3 -DSTM32 -DSTM32F1 -DSTM32F103C6Tx -DDEBUG -c -I../Inc -I"D:/Keroll/Second term/Unit 8 MCU Interfacing/Labs/Lab Finals/STM32_USART_Driver/Drivers/STM32F103C6_Drivers/inc" -O0 -ffunction-sections -fdata-sections -Wall -fstack-usage -MMD -MP -MF"Src/sysmem.d" -MT"Src/sysmem.o" --specs=nano.specs -mfloat-abi=soft -mthumb -o "Src/sysmem.o"
arm-none-eabi-gcc "../STM32F103C6_Drivers/MCAL/STM32F103C6_EXTI_Drivers.c" -mcpu=cortex-m3 -std=gnu11 -g3 -DSTM32 -DSTM32F1 -DSTM32F103C6Tx -DDEBUG -c -I../Inc -I"D:/Keroll/Second term/Unit 8 MCU Interfacing/Labs/Lab Finals/STM32_USART_Driver/Drivers/STM32F103C6_Drivers/inc" -O0 -ffunction-sections -fdata-sections -Wall -fstack-usage -MMD -MP -MF"STM32F103C6_Drivers/MCAL/STM32F103C6_EXTI_Drivers.d" -MT"STM32F103C6_Drivers/MCAL/STM32F103C6_EXTI_Drivers.o" --specs=nano.specs -mfloat-abi=soft -mthumb -o "STM32F103C6_Drivers/MCAL/STM32F103C6_EXTI_Drivers.o"
arm-none-eabi-gcc "../STM32F103C6_Drivers/MCAL/STM32F103C6_GPIO_Drivers.c" -mcpu=cortex-m3 -std=gnu11 -g3 -DSTM32 -DSTM32F1 -DSTM32F103C6Tx -DDEBUG -c -I../Inc -I"D:/Keroll/Second term/Unit 8 MCU Interfacing/Labs/Lab Finals/STM32_USART_Driver/Drivers/STM32F103C6_Drivers/inc" -O0 -ffunction-sections -fdata-sections -Wall -fstack-usage -MMD -MP -MF"STM32F103C6_Drivers/MCAL/STM32F103C6_GPIO_Drivers.d" -MT"STM32F103C6_Drivers/MCAL/STM32F103C6_GPIO_Drivers.o" --specs=nano.specs -mfloat-abi=soft -mthumb -o "STM32F103C6_Drivers/MCAL/STM32F103C6_GPIO_Drivers.o"
arm-none-eabi-gcc "../STM32F103C6_Drivers/MCAL/STM32F103C6_RCC_Drivers.c" -mcpu=cortex-m3 -std=gnu11 -g3 -DSTM32 -DSTM32F1 -DSTM32F103C6Tx -DDEBUG -c -I../Inc -I"D:/Keroll/Second term/Unit 8 MCU Interfacing/Labs/Lab Finals/STM32_USART_Driver/Drivers/STM32F103C6_Drivers/inc" -O0 -ffunction-sections -fdata-sections -Wall -fstack-usage -MMD -MP -MF"STM32F103C6_Drivers/MCAL/STM32F103C6_RCC_Drivers.d" -MT"STM32F103C6_Drivers/MCAL/STM32F103C6_RCC_Drivers.o" --specs=nano.specs -mfloat-abi=soft -mthumb -o "STM32F103C6_Drivers/MCAL/STM32F103C6_RCC_Drivers.o"
arm-none-eabi-gcc "../STM32F103C6_Drivers/MCAL/STM32F103C6_USART_Drivers.c" -mcpu=cortex-m3 -std=gnu11 -g3 -DSTM32 -DSTM32F1 -DSTM32F103C6Tx -DDEBUG -c -I../Inc -I"D:/Keroll/Second term/Unit 8 MCU Interfacing/Labs/Lab Finals/STM32_USART_Driver/Drivers/STM32F103C6_Drivers/inc" -O0 -ffunction-sections -fdata-sections -Wall -fstack-usage -MMD -MP -MF"STM32F103C6_Drivers/MCAL/STM32F103C6_USART_Drivers.d" -MT"STM32F103C6_Drivers/MCAL/STM32F103C6_USART_Drivers.o" --specs=nano.specs -mfloat-abi=soft -mthumb -o "STM32F103C6_Drivers/MCAL/STM32F103C6_USART_Drivers.o"
arm-none-eabi-gcc "../STM32F103C6_Drivers/HAL/KEYPAD.c" -mcpu=cortex-m3 -std=gnu11 -g3 -DSTM32 -DSTM32F1 -DSTM32F103C6Tx -DDEBUG -c -I../Inc -I"D:/Keroll/Second term/Unit 8 MCU Interfacing/Labs/Lab Finals/STM32_USART_Driver/Drivers/STM32F103C6_Drivers/inc" -O0 -ffunction-sections -fdata-sections -Wall -fstack-usage -MMD -MP -MF"STM32F103C6_Drivers/HAL/KEYPAD.d" -MT"STM32F103C6_Drivers/HAL/KEYPAD.o" --specs=nano.specs -mfloat-abi=soft -mthumb -o "STM32F103C6_Drivers/HAL/KEYPAD.o"
arm-none-eabi-gcc "../STM32F103C6_Drivers/HAL/LCD.c" -mcpu=cortex-m3 -std=gnu11 -g3 -DSTM32 -DSTM32F1 -DSTM32F103C6Tx -DDEBUG -c -I../Inc -I"D:/Keroll/Second term/Unit 8 MCU Interfacing/Labs/Lab Finals/STM32_USART_Driver/Drivers/STM32F103C6_Drivers/inc" -O0 -ffunction-sections -fdata-sections -Wall -fstack-usage -MMD -MP -MF"STM32F103C6_Drivers/HAL/LCD.d" -MT"STM32F103C6_Drivers/HAL/LCD.o" --specs=nano.specs -mfloat-abi=soft -mthumb -o "STM32F103C6_Drivers/HAL/LCD.o"
arm-none-eabi-gcc "../STM32F103C6_Drivers/HAL/S7_Segment.c" -mcpu=cortex-m3 -std=gnu11 -g3 -DSTM32 -DSTM32F1 -DSTM32F103C6Tx -DDEBUG -c -I../Inc -I"D:/Keroll/Second term/Unit 8 MCU Interfacing/Labs/Lab Finals/STM32_USART_Driver/Drivers/STM32F103C6_Drivers/inc" -O0 -ffunction-sections -fdata-sections -Wall -fstack-usage -MMD -MP -MF"STM32F103C6_Drivers/HAL/S7_Segment.d" -MT"STM32F103C6_Drivers/HAL/S7_Segment.o" --specs=nano.specs -mfloat-abi=soft -mthumb -o "STM32F103C6_Drivers/HAL/S7_Segment.o"
In file included from ../STM32F103C6_Drivers/MCAL/STM32F103C6_USART_Drivers.c:9:0:
D:/Keroll/Second term/Unit 8 MCU Interfacing/Labs/Lab Finals/STM32_USART_Driver/Drivers/STM32F103C6_Drivers/inc/STM32F103C6_USART_Drivers.h:11:1: error: expected identifier or '(' before '/' token
 /-----------------------------
 ^
../STM32F103C6_Drivers/MCAL/STM32F103C6_RCC_Drivers.c:9:10: fatal error: STM32_F103C6_RCC_Driver.h: No such file or directory
 #include "STM32_F103C6_RCC_Driver.h"
          ^~~~~~~~~~~~~~~~~~~~~~~~~~~
compilation terminated.
make: *** [STM32F103C6_Drivers/MCAL/subdir.mk:31: STM32F103C6_Drivers/MCAL/STM32F103C6_RCC_Drivers.o] Error 1
make: *** Waiting for unfinished jobs....
In file included from D:/Keroll/Second term/Unit 8 MCU Interfacing/Labs/Lab Finals/STM32_USART_Driver/Drivers/STM32F103C6_Drivers/inc/STM32F103x6.h:14:0,
                 from D:/Keroll/Second term/Unit 8 MCU Interfacing/Labs/Lab Finals/STM32_USART_Driver/Drivers/STM32F103C6_Drivers/inc/STM32F103C6_USART_Drivers.h:16,
                 from ../STM32F103C6_Drivers/MCAL/STM32F103C6_USART_Drivers.c:9:
d:\st\stm32cubeide_1.4.0\stm32cubeide\plugins\com.st.stm32cube.ide.mcu.externaltools.gnu-tools-for-stm32.7-2018-q2-update.win32_1.4.0.202007081208\tools\arm-none-eabi\include\stdlib.h:74:33: error: unknown type name 'size_t'; did you mean '_ssize_t'?
 void    arc4random_buf (void *, size_t);
                                 ^~~~~~
                                 _ssize_t
d:\st\stm32cubeide_1.4.0\stm32cubeide\plugins\com.st.stm32cube.ide.mcu.externaltools.gnu-tools-for-stm32.7-2018-q2-update.win32_1.4.0.202007081208\tools\arm-none-eabi\include\stdlib.h:87:10: error: unknown type name 'size_t'; did you mean '_ssize_t'?
          size_t __nmemb,
          ^~~~~~
          _ssize_t
d:\st\stm32cubeide_1.4.0\stm32cubeide\plugins\com.st.stm32cube.ide.mcu.externaltools.gnu-tools-for-stm32.7-2018-q2-update.win32_1.4.0.202007081208\tools\arm-none-eabi\include\stdlib.h:88:10: error: unknown type name 'size_t'; did you mean '_ssize_t'?
          size_t __size,
          ^~~~~~
          _ssize_t
d:\st\stm32cubeide_1.4.0\stm32cubeide\plugins\com.st.stm32cube.ide.mcu.externaltools.gnu-tools-for-stm32.7-2018-q2-update.win32_1.4.0.202007081208\tools\arm-none-eabi\include\stdlib.h:90:16: error: unknown type name 'size_t'; did you mean '_ssize_t'?
 void * calloc (size_t __nmemb, size_t __size) _NOTHROW;
                ^~~~~~
                _ssize_t
d:\st\stm32cubeide_1.4.0\stm32cubeide\plugins\com.st.stm32cube.ide.mcu.externaltools.gnu-tools-for-stm32.7-2018-q2-update.win32_1.4.0.202007081208\tools\arm-none-eabi\include\stdlib.h:90:32: error: unknown type name 'size_t'; did you mean '_ssize_t'?
 void * calloc (size_t __nmemb, size_t __size) _NOTHROW;
                                ^~~~~~
                                _ssize_t
d:\st\stm32cubeide_1.4.0\stm32cubeide\plugins\com.st.stm32cube.ide.mcu.externaltools.gnu-tools-for-stm32.7-2018-q2-update.win32_1.4.0.202007081208\tools\arm-none-eabi\include\stdlib.h:104:16: error: unknown type name 'size_t'; did you mean '_ssize_t'?
 void * malloc (size_t __size) _NOTHROW;
                ^~~~~~
                _ssize_t
d:\st\stm32cubeide_1.4.0\stm32cubeide\plugins\com.st.stm32cube.ide.mcu.externaltools.gnu-tools-for-stm32.7-2018-q2-update.win32_1.4.0.202007081208\tools\arm-none-eabi\include\stdlib.h:105:26: error: unknown type name 'size_t'; did you mean '_ssize_t'?
 int mblen (const char *, size_t);
                          ^~~~~~
                          _ssize_t
d:\st\stm32cubeide_1.4.0\stm32cubeide\plugins\com.st.stm32cube.ide.mcu.externaltools.gnu-tools-for-stm32.7-2018-q2-update.win32_1.4.0.202007081208\tools\arm-none-eabi\include\stdlib.h:106:46: error: unknown type name 'size_t'; did you mean '_ssize_t'?
 int _mblen_r (struct _reent *, const char *, size_t, _mbstate_t *);
                                              ^~~~~~
                                              _ssize_t
d:\st\stm32cubeide_1.4.0\stm32cubeide\plugins\com.st.stm32cube.ide.mcu.externaltools.gnu-tools-for-stm32.7-2018-q2-update.win32_1.4.0.202007081208\tools\arm-none-eabi\include\stdlib.h:107:58: error: unknown type name 'size_t'; did you mean '_ssize_t'?
 int mbtowc (wchar_t *__restrict, const char *__restrict, size_t);
                                                          ^~~~~~
                                                          _ssize_t
d:\st\stm32cubeide_1.4.0\stm32cubeide\plugins\com.st.stm32cube.ide.mcu.externaltools.gnu-tools-for-stm32.7-2018-q2-update.win32_1.4.0.202007081208\tools\arm-none-eabi\include\stdlib.h:108:78: error: unknown type name 'size_t'; did you mean '_ssize_t'?
 int _mbtowc_r (struct _reent *, wchar_t *__restrict, const char *__restrict, size_t, _mbstate_t *);
                                                                              ^~~~~~
                                                                              _ssize_t
d:\st\stm32cubeide_1.4.0\stm32cubeide\plugins\com.st.stm32cube.ide.mcu.externaltools.gnu-tools-for-stm32.7-2018-q2-update.win32_1.4.0.202007081208\tools\arm-none-eabi\include\stdlib.h:111:1: error: unknown type name 'size_t'; did you mean '_ssize_t'?
 size_t mbstowcs (wchar_t *__restrict, const char *__restrict, size_t);
 ^~~~~~
 _ssize_t
d:\st\stm32cubeide_1.4.0\stm32cubeide\plugins\com.st.stm32cube.ide.mcu.externaltools.gnu-tools-for-stm32.7-2018-q2-update.win32_1.4.0.202007081208\tools\arm-none-eabi\include\stdlib.h:111:63: error: unknown type name 'size_t'; did you mean '_ssize_t'?
 size_t mbstowcs (wchar_t *__restrict, const char *__restrict, size_t);
                                                               ^~~~~~
                                                               _ssize_t
d:\st\stm32cubeide_1.4.0\stm32cubeide\plugins\com.st.stm32cube.ide.mcu.externaltools.gnu-tools-for-stm32.7-2018-q2-update.win32_1.4.0.202007081208\tools\arm-none-eabi\include\stdlib.h:112:1: error: unknown type name 'size_t'; did you mean '_ssize_t'?
 size_t _mbstowcs_r (struct _reent *, wchar_t *__restrict, const char *__restrict, size_t, _mbstate_t *);
 ^~~~~~
 _ssize_t
d:\st\stm32cubeide_1.4.0\stm32cubeide\plugins\com.st.stm32cube.ide.mcu.externaltools.gnu-tools-for-stm32.7-2018-q2-update.win32_1.4.0.202007081208\tools\arm-none-eabi\include\stdlib.h:112:83: error: unknown type name 'size_t'; did you mean '_ssize_t'?
 size_t _mbstowcs_r (struct _reent *, wchar_t *__restrict, const char *__restrict, size_t, _mbstate_t *);
                                                                                   ^~~~~~
                                                                                   _ssize_t
d:\st\stm32cubeide_1.4.0\stm32cubeide\plugins\com.st.stm32cube.ide.mcu.externaltools.gnu-tools-for-stm32.7-2018-q2-update.win32_1.4.0.202007081208\tools\arm-none-eabi\include\stdlib.h:113:1: error: unknown type name 'size_t'; did you mean '_ssize_t'?
 size_t wcstombs (char *__restrict, const wchar_t *__restrict, size_t);
 ^~~~~~
 _ssize_t
d:\st\stm32cubeide_1.4.0\stm32cubeide\plugins\com.st.stm32cube.ide.mcu.externaltools.gnu-tools-for-stm32.7-2018-q2-update.win32_1.4.0.202007081208\tools\arm-none-eabi\include\stdlib.h:113:63: error: unknown type name 'size_t'; did you mean '_ssize_t'?
 size_t wcstombs (char *__restrict, const wchar_t *__restrict, size_t);
                                                               ^~~~~~
                                                               _ssize_t
d:\st\stm32cubeide_1.4.0\stm32cubeide\plugins\com.st.stm32cube.ide.mcu.externaltools.gnu-tools-for-stm32.7-2018-q2-update.win32_1.4.0.202007081208\tools\arm-none-eabi\include\stdlib.h:114:1: error: unknown type name 'size_t'; did you mean '_ssize_t'?
 size_t _wcstombs_r (struct _reent *, char *__restrict, const wchar_t *__restrict, size_t, _mbstate_t *);
 ^~~~~~
 _ssize_t
d:\st\stm32cubeide_1.4.0\stm32cubeide\plugins\com.st.stm32cube.ide.mcu.externaltools.gnu-tools-for-stm32.7-2018-q2-update.win32_1.4.0.202007081208\tools\arm-none-eabi\include\stdlib.h:114:83: error: unknown type name 'size_t'; did you mean '_ssize_t'?
 size_t _wcstombs_r (struct _reent *, char *__restrict, const wchar_t *__restrict, size_t, _mbstate_t *);
                                                                                   ^~~~~~
                                                                                   _ssize_t
In file included from D:/Keroll/Second term/Unit 8 MCU Interfacing/Labs/Lab Finals/STM32_USART_Driver/Drivers/STM32F103C6_Drivers/inc/STM32F103x6.h:14:0,
                 from D:/Keroll/Second term/Unit 8 MCU Interfacing/Labs/Lab Finals/STM32_USART_Driver/Drivers/STM32F103C6_Drivers/inc/STM32F103C6_USART_Drivers.h:16,
                 from ../STM32F103C6_Drivers/MCAL/STM32F103C6_USART_Drivers.c:9:
d:\st\stm32cubeide_1.4.0\stm32cubeide\plugins\com.st.stm32cube.ide.mcu.externaltools.gnu-tools-for-stm32.7-2018-q2-update.win32_1.4.0.202007081208\tools\arm-none-eabi\include\stdlib.h:139:27: error: unknown type name 'size_t'; did you mean '_ssize_t'?
 void qsort (void *__base, size_t __nmemb, size_t __size, __compar_fn_t _compar);
                           ^~~~~~
                           _ssize_t
d:\st\stm32cubeide_1.4.0\stm32cubeide\plugins\com.st.stm32cube.ide.mcu.externaltools.gnu-tools-for-stm32.7-2018-q2-update.win32_1.4.0.202007081208\tools\arm-none-eabi\include\stdlib.h:139:43: error: unknown type name 'size_t'; did you mean '_ssize_t'?
 void qsort (void *__base, size_t __nmemb, size_t __size, __compar_fn_t _compar);
                                           ^~~~~~
                                           _ssize_t
d:\st\stm32cubeide_1.4.0\stm32cubeide\plugins\com.st.stm32cube.ide.mcu.externaltools.gnu-tools-for-stm32.7-2018-q2-update.win32_1.4.0.202007081208\tools\arm-none-eabi\include\stdlib.h:141:28: error: unknown type name 'size_t'; did you mean '_ssize_t'?
 void * realloc (void *__r, size_t __size) _NOTHROW;
                            ^~~~~~
                            _ssize_t
d:\st\stm32cubeide_1.4.0\stm32cubeide\plugins\com.st.stm32cube.ide.mcu.externaltools.gnu-tools-for-stm32.7-2018-q2-update.win32_1.4.0.202007081208\tools\arm-none-eabi\include\stdlib.h:143:28: error: unknown type name 'size_t'; did you mean '_ssize_t'?
 void *reallocarray(void *, size_t, size_t) __result_use_check __alloc_size(2)
                            ^~~~~~
                            _ssize_t
d:\st\stm32cubeide_1.4.0\stm32cubeide\plugins\com.st.stm32cube.ide.mcu.externaltools.gnu-tools-for-stm32.7-2018-q2-update.win32_1.4.0.202007081208\tools\arm-none-eabi\include\stdlib.h:143:36: error: unknown type name 'size_t'; did you mean '_ssize_t'?
 void *reallocarray(void *, size_t, size_t) __result_use_check __alloc_size(2)
                                    ^~~~~~
                                    _ssize_t
d:\st\stm32cubeide_1.4.0\stm32cubeide\plugins\com.st.stm32cube.ide.mcu.externaltools.gnu-tools-for-stm32.7-2018-q2-update.win32_1.4.0.202007081208\tools\arm-none-eabi\include\stdlib.h:145:29: error: unknown type name 'size_t'; did you mean '_ssize_t'?
 void * reallocf (void *__r, size_t __size);
                             ^~~~~~
                             _ssize_t
d:\st\stm32cubeide_1.4.0\stm32cubeide\plugins\com.st.stm32cube.ide.mcu.externaltools.gnu-tools-for-stm32.7-2018-q2-update.win32_1.4.0.202007081208\tools\arm-none-eabi\include\stdlib.h:205:46: error: unknown type name 'size_t'; did you mean '_ssize_t'?
 void * _reallocf_r (struct _reent *, void *, size_t);
                                              ^~~~~~
                                              _ssize_t
d:\st\stm32cubeide_1.4.0\stm32cubeide\plugins\com.st.stm32cube.ide.mcu.externaltools.gnu-tools-for-stm32.7-2018-q2-update.win32_1.4.0.202007081208\tools\arm-none-eabi\include\stdlib.h:254:37: error: unknown type name 'size_t'; did you mean '_ssize_t'?
 char * initstate (unsigned, char *, size_t);
                                     ^~~~~~
                                     _ssize_t
d:\st\stm32cubeide_1.4.0\stm32cubeide\plugins\com.st.stm32cube.ide.mcu.externaltools.gnu-tools-for-stm32.7-2018-q2-update.win32_1.4.0.202007081208\tools\arm-none-eabi\include\stdlib.h:285:46: error: unknown type name 'size_t'; did you mean '_ssize_t'?
 int __nonnull ((1)) posix_memalign (void **, size_t, size_t);
                                              ^~~~~~
                                              _ssize_t
d:\st\stm32cubeide_1.4.0\stm32cubeide\plugins\com.st.stm32cube.ide.mcu.externaltools.gnu-tools-for-stm32.7-2018-q2-update.win32_1.4.0.202007081208\tools\arm-none-eabi\include\stdlib.h:285:54: error: unknown type name 'size_t'; did you mean '_ssize_t'?
 int __nonnull ((1)) posix_memalign (void **, size_t, size_t);
                                                      ^~~~~~
                                                      _ssize_t
d:\st\stm32cubeide_1.4.0\stm32cubeide\plugins\com.st.stm32cube.ide.mcu.externaltools.gnu-tools-for-stm32.7-2018-q2-update.win32_1.4.0.202007081208\tools\arm-none-eabi\include\stdlib.h:290:36: error: unknown type name 'size_t'; did you mean '_ssize_t'?
 void * _malloc_r (struct _reent *, size_t) _NOTHROW;
                                    ^~~~~~
                                    _ssize_t
d:\st\stm32cubeide_1.4.0\stm32cubeide\plugins\com.st.stm32cube.ide.mcu.externaltools.gnu-tools-for-stm32.7-2018-q2-update.win32_1.4.0.202007081208\tools\arm-none-eabi\include\stdlib.h:291:36: error: unknown type name 'size_t'; did you mean '_ssize_t'?
 void * _calloc_r (struct _reent *, size_t, size_t) _NOTHROW;
                                    ^~~~~~
                                    _ssize_t
d:\st\stm32cubeide_1.4.0\stm32cubeide\plugins\com.st.stm32cube.ide.mcu.externaltools.gnu-tools-for-stm32.7-2018-q2-update.win32_1.4.0.202007081208\tools\arm-none-eabi\include\stdlib.h:291:44: error: unknown type name 'size_t'; did you mean '_ssize_t'?
 void * _calloc_r (struct _reent *, size_t, size_t) _NOTHROW;
                                            ^~~~~~
                                            _ssize_t
d:\st\stm32cubeide_1.4.0\stm32cubeide\plugins\com.st.stm32cube.ide.mcu.externaltools.gnu-tools-for-stm32.7-2018-q2-update.win32_1.4.0.202007081208\tools\arm-none-eabi\include\stdlib.h:293:45: error: unknown type name 'size_t'; did you mean '_ssize_t'?
 void * _realloc_r (struct _reent *, void *, size_t) _NOTHROW;
                                             ^~~~~~
                                             _ssize_t
d:\st\stm32cubeide_1.4.0\stm32cubeide\plugins\com.st.stm32cube.ide.mcu.externaltools.gnu-tools-for-stm32.7-2018-q2-update.win32_1.4.0.202007081208\tools\arm-none-eabi\include\stdlib.h:308:29: error: unknown type name 'size_t'; did you mean '_ssize_t'?
 void qsort_r (void *__base, size_t __nmemb, size_t __size, void *__thunk, int (*_compar)(void *, const void *, const void *))
                             ^~~~~~
                             _ssize_t
d:\st\stm32cubeide_1.4.0\stm32cubeide\plugins\com.st.stm32cube.ide.mcu.externaltools.gnu-tools-for-stm32.7-2018-q2-update.win32_1.4.0.202007081208\tools\arm-none-eabi\include\stdlib.h:308:45: error: unknown type name 'size_t'; did you mean '_ssize_t'?
 void qsort_r (void *__base, size_t __nmemb, size_t __size, void *__thunk, int (*_compar)(void *, const void *, const void *))
                                             ^~~~~~
                                             _ssize_t
In file included from D:/Keroll/Second term/Unit 8 MCU Interfacing/Labs/Lab Finals/STM32_USART_Driver/Drivers/STM32F103C6_Drivers/inc/STM32F103x6.h:16:0,
                 from D:/Keroll/Second term/Unit 8 MCU Interfacing/Labs/Lab Finals/STM32_USART_Driver/Drivers/STM32F103C6_Drivers/inc/STM32F103C6_USART_Drivers.h:16,
                 from ../STM32F103C6_Drivers/MCAL/STM32F103C6_USART_Drivers.c:9:
d:\st\stm32cubeide_1.4.0\stm32cubeide\plugins\com.st.stm32cube.ide.mcu.externaltools.gnu-tools-for-stm32.7-2018-q2-update.win32_1.4.0.202007081208\tools\arm-none-eabi\include\stdio.h:195:55: error: unknown type name 'size_t'; did you mean 'ssize_t'?
 int setvbuf (FILE *__restrict, char *__restrict, int, size_t);
                                                       ^~~~~~
                                                       ssize_t
d:\st\stm32cubeide_1.4.0\stm32cubeide\plugins\com.st.stm32cube.ide.mcu.externaltools.gnu-tools-for-stm32.7-2018-q2-update.win32_1.4.0.202007081208\tools\arm-none-eabi\include\stdio.h:223:1: error: unknown type name 'size_t'; did you mean 'ssize_t'?
 size_t fread (void *__restrict, size_t _size, size_t _n, FILE *__restrict);
 ^~~~~~
 ssize_t
d:\st\stm32cubeide_1.4.0\stm32cubeide\plugins\com.st.stm32cube.ide.mcu.externaltools.gnu-tools-for-stm32.7-2018-q2-update.win32_1.4.0.202007081208\tools\arm-none-eabi\include\stdio.h:223:33: error: unknown type name 'size_t'; did you mean 'ssize_t'?
 size_t fread (void *__restrict, size_t _size, size_t _n, FILE *__restrict);
                                 ^~~~~~
                                 ssize_t
d:\st\stm32cubeide_1.4.0\stm32cubeide\plugins\com.st.stm32cube.ide.mcu.externaltools.gnu-tools-for-stm32.7-2018-q2-update.win32_1.4.0.202007081208\tools\arm-none-eabi\include\stdio.h:223:47: error: unknown type name 'size_t'; did you mean 'ssize_t'?
 size_t fread (void *__restrict, size_t _size, size_t _n, FILE *__restrict);
                                               ^~~~~~
                                               ssize_t
d:\st\stm32cubeide_1.4.0\stm32cubeide\plugins\com.st.stm32cube.ide.mcu.externaltools.gnu-tools-for-stm32.7-2018-q2-update.win32_1.4.0.202007081208\tools\arm-none-eabi\include\stdio.h:224:1: error: unknown type name 'size_t'; did you mean 'ssize_t'?
 size_t fwrite (const void *__restrict , size_t _size, size_t _n, FILE *);
 ^~~~~~
 ssize_t
d:\st\stm32cubeide_1.4.0\stm32cubeide\plugins\com.st.stm32cube.ide.mcu.externaltools.gnu-tools-for-stm32.7-2018-q2-update.win32_1.4.0.202007081208\tools\arm-none-eabi\include\stdio.h:224:41: error: unknown type name 'size_t'; did you mean 'ssize_t'?
 size_t fwrite (const void *__restrict , size_t _size, size_t _n, FILE *);
                                         ^~~~~~
                                         ssize_t
d:\st\stm32cubeide_1.4.0\stm32cubeide\plugins\com.st.stm32cube.ide.mcu.externaltools.gnu-tools-for-stm32.7-2018-q2-update.win32_1.4.0.202007081208\tools\arm-none-eabi\include\stdio.h:224:55: error: unknown type name 'size_t'; did you mean 'ssize_t'?
 size_t fwrite (const void *__restrict , size_t _size, size_t _n, FILE *);
                                                       ^~~~~~
                                                       ssize_t
d:\st\stm32cubeide_1.4.0\stm32cubeide\plugins\com.st.stm32cube.ide.mcu.externaltools.gnu-tools-for-stm32.7-2018-q2-update.win32_1.4.0.202007081208\tools\arm-none-eabi\include\stdio.h:266:33: error: unknown type name 'size_t'; did you mean 'ssize_t'?
 int snprintf (char *__restrict, size_t, const char *__restrict, ...)
                                 ^~~~~~
                                 ssize_t
d:\st\stm32cubeide_1.4.0\stm32cubeide\plugins\com.st.stm32cube.ide.mcu.externaltools.gnu-tools-for-stm32.7-2018-q2-update.win32_1.4.0.202007081208\tools\arm-none-eabi\include\stdio.h:268:34: error: unknown type name 'size_t'; did you mean 'ssize_t'?
 int vsnprintf (char *__restrict, size_t, const char *__restrict, __VALIST)
                                  ^~~~~~
                                  ssize_t
d:\st\stm32cubeide_1.4.0\stm32cubeide\plugins\com.st.stm32cube.ide.mcu.externaltools.gnu-tools-for-stm32.7-2018-q2-update.win32_1.4.0.202007081208\tools\arm-none-eabi\include\stdio.h:286:28: error: unknown type name 'size_t'; did you mean 'ssize_t'?
 char * asniprintf (char *, size_t *, const char *, ...)
                            ^~~~~~
                            ssize_t
d:\st\stm32cubeide_1.4.0\stm32cubeide\plugins\com.st.stm32cube.ide.mcu.externaltools.gnu-tools-for-stm32.7-2018-q2-update.win32_1.4.0.202007081208\tools\arm-none-eabi\include\stdio.h:288:37: error: unknown type name 'size_t'; did you mean 'ssize_t'?
 char * asnprintf (char *__restrict, size_t *__restrict, const char *__restrict, ...)
                                     ^~~~~~
                                     ssize_t
d:\st\stm32cubeide_1.4.0\stm32cubeide\plugins\com.st.stm32cube.ide.mcu.externaltools.gnu-tools-for-stm32.7-2018-q2-update.win32_1.4.0.202007081208\tools\arm-none-eabi\include\stdio.h:306:24: error: unknown type name 'size_t'; did you mean 'ssize_t'?
 int sniprintf (char *, size_t, const char *, ...)
                        ^~~~~~
                        ssize_t
d:\st\stm32cubeide_1.4.0\stm32cubeide\plugins\com.st.stm32cube.ide.mcu.externaltools.gnu-tools-for-stm32.7-2018-q2-update.win32_1.4.0.202007081208\tools\arm-none-eabi\include\stdio.h:310:29: error: unknown type name 'size_t'; did you mean 'ssize_t'?
 char * vasniprintf (char *, size_t *, const char *, __VALIST)
                             ^~~~~~
                             ssize_t
d:\st\stm32cubeide_1.4.0\stm32cubeide\plugins\com.st.stm32cube.ide.mcu.externaltools.gnu-tools-for-stm32.7-2018-q2-update.win32_1.4.0.202007081208\tools\arm-none-eabi\include\stdio.h:312:28: error: unknown type name 'size_t'; did you mean 'ssize_t'?
 char * vasnprintf (char *, size_t *, const char *, __VALIST)
                            ^~~~~~
                            ssize_t
d:\st\stm32cubeide_1.4.0\stm32cubeide\plugins\com.st.stm32cube.ide.mcu.externaltools.gnu-tools-for-stm32.7-2018-q2-update.win32_1.4.0.202007081208\tools\arm-none-eabi\include\stdio.h:328:25: error: unknown type name 'size_t'; did you mean 'ssize_t'?
 int vsniprintf (char *, size_t, const char *, __VALIST)
                         ^~~~~~
                         ssize_t
d:\st\stm32cubeide_1.4.0\stm32cubeide\plugins\com.st.stm32cube.ide.mcu.externaltools.gnu-tools-for-stm32.7-2018-q2-update.win32_1.4.0.202007081208\tools\arm-none-eabi\include\stdio.h:377:36: error: unknown type name 'size_t'; did you mean 'ssize_t'?
 FILE * fmemopen (void *__restrict, size_t, const char *__restrict);
                                    ^~~~~~
                                    ssize_t
d:\st\stm32cubeide_1.4.0\stm32cubeide\plugins\com.st.stm32cube.ide.mcu.externaltools.gnu-tools-for-stm32.7-2018-q2-update.win32_1.4.0.202007081208\tools\arm-none-eabi\include\stdio.h:380:33: error: unknown type name 'size_t'; did you mean 'ssize_t'?
 FILE * open_memstream (char **, size_t *);
                                 ^~~~~~
                                 ssize_t
d:\st\stm32cubeide_1.4.0\stm32cubeide\plugins\com.st.stm32cube.ide.mcu.externaltools.gnu-tools-for-stm32.7-2018-q2-update.win32_1.4.0.202007081208\tools\arm-none-eabi\include\stdio.h:398:48: error: unknown type name 'size_t'; did you mean 'ssize_t'?
 char * _asniprintf_r (struct _reent *, char *, size_t *, const char *, ...)
                                                ^~~~~~
                                                ssize_t
d:\st\stm32cubeide_1.4.0\stm32cubeide\plugins\com.st.stm32cube.ide.mcu.externaltools.gnu-tools-for-stm32.7-2018-q2-update.win32_1.4.0.202007081208\tools\arm-none-eabi\include\stdio.h:400:57: error: unknown type name 'size_t'; did you mean 'ssize_t'?
 char * _asnprintf_r (struct _reent *, char *__restrict, size_t *__restrict, const char *__restrict, ...)
                                                         ^~~~~~
                                                         ssize_t
d:\st\stm32cubeide_1.4.0\stm32cubeide\plugins\com.st.stm32cube.ide.mcu.externaltools.gnu-tools-for-stm32.7-2018-q2-update.win32_1.4.0.202007081208\tools\arm-none-eabi\include\stdio.h:427:56: error: unknown type name 'size_t'; did you mean 'ssize_t'?
 FILE * _fmemopen_r (struct _reent *, void *__restrict, size_t, const char *__restrict);
                                                        ^~~~~~
                                                        ssize_t
d:\st\stm32cubeide_1.4.0\stm32cubeide\plugins\com.st.stm32cube.ide.mcu.externaltools.gnu-tools-for-stm32.7-2018-q2-update.win32_1.4.0.202007081208\tools\arm-none-eabi\include\stdio.h:437:1: error: unknown type name 'size_t'; did you mean 'ssize_t'?
 size_t _fread_r (struct _reent *, void *__restrict, size_t _size, size_t _n, FILE *__restrict);
 ^~~~~~
 ssize_t
d:\st\stm32cubeide_1.4.0\stm32cubeide\plugins\com.st.stm32cube.ide.mcu.externaltools.gnu-tools-for-stm32.7-2018-q2-update.win32_1.4.0.202007081208\tools\arm-none-eabi\include\stdio.h:437:53: error: unknown type name 'size_t'; did you mean 'ssize_t'?
 size_t _fread_r (struct _reent *, void *__restrict, size_t _size, size_t _n, FILE *__restrict);
                                                     ^~~~~~
                                                     ssize_t
d:\st\stm32cubeide_1.4.0\stm32cubeide\plugins\com.st.stm32cube.ide.mcu.externaltools.gnu-tools-for-stm32.7-2018-q2-update.win32_1.4.0.202007081208\tools\arm-none-eabi\include\stdio.h:437:67: error: unknown type name 'size_t'; did you mean 'ssize_t'?
 size_t _fread_r (struct _reent *, void *__restrict, size_t _size, size_t _n, FILE *__restrict);
                                                                   ^~~~~~
                                                                   ssize_t
d:\st\stm32cubeide_1.4.0\stm32cubeide\plugins\com.st.stm32cube.ide.mcu.externaltools.gnu-tools-for-stm32.7-2018-q2-update.win32_1.4.0.202007081208\tools\arm-none-eabi\include\stdio.h:438:1: error: unknown type name 'size_t'; did you mean 'ssize_t'?
 size_t _fread_unlocked_r (struct _reent *, void *__restrict, size_t _size, size_t _n, FILE *__restrict);
 ^~~~~~
 ssize_t
d:\st\stm32cubeide_1.4.0\stm32cubeide\plugins\com.st.stm32cube.ide.mcu.externaltools.gnu-tools-for-stm32.7-2018-q2-update.win32_1.4.0.202007081208\tools\arm-none-eabi\include\stdio.h:438:62: error: unknown type name 'size_t'; did you mean 'ssize_t'?
 size_t _fread_unlocked_r (struct _reent *, void *__restrict, size_t _size, size_t _n, FILE *__restrict);
                                                              ^~~~~~
                                                              ssize_t
d:\st\stm32cubeide_1.4.0\stm32cubeide\plugins\com.st.stm32cube.ide.mcu.externaltools.gnu-tools-for-stm32.7-2018-q2-update.win32_1.4.0.202007081208\tools\arm-none-eabi\include\stdio.h:438:76: error: unknown type name 'size_t'; did you mean 'ssize_t'?
 size_t _fread_unlocked_r (struct _reent *, void *__restrict, size_t _size, size_t _n, FILE *__restrict);
                                                                            ^~~~~~
                                                                            ssize_t
d:\st\stm32cubeide_1.4.0\stm32cubeide\plugins\com.st.stm32cube.ide.mcu.externaltools.gnu-tools-for-stm32.7-2018-q2-update.win32_1.4.0.202007081208\tools\arm-none-eabi\include\stdio.h:446:1: error: unknown type name 'size_t'; did you mean 'ssize_t'?
 size_t _fwrite_r (struct _reent *, const void *__restrict, size_t _size, size_t _n, FILE *__restrict);
 ^~~~~~
 ssize_t
d:\st\stm32cubeide_1.4.0\stm32cubeide\plugins\com.st.stm32cube.ide.mcu.externaltools.gnu-tools-for-stm32.7-2018-q2-update.win32_1.4.0.202007081208\tools\arm-none-eabi\include\stdio.h:446:60: error: unknown type name 'size_t'; did you mean 'ssize_t'?
 size_t _fwrite_r (struct _reent *, const void *__restrict, size_t _size, size_t _n, FILE *__restrict);
                                                            ^~~~~~
                                                            ssize_t
d:\st\stm32cubeide_1.4.0\stm32cubeide\plugins\com.st.stm32cube.ide.mcu.externaltools.gnu-tools-for-stm32.7-2018-q2-update.win32_1.4.0.202007081208\tools\arm-none-eabi\include\stdio.h:446:74: error: unknown type name 'size_t'; did you mean 'ssize_t'?
 size_t _fwrite_r (struct _reent *, const void *__restrict, size_t _size, size_t _n, FILE *__restrict);
                                                                          ^~~~~~
                                                                          ssize_t
d:\st\stm32cubeide_1.4.0\stm32cubeide\plugins\com.st.stm32cube.ide.mcu.externaltools.gnu-tools-for-stm32.7-2018-q2-update.win32_1.4.0.202007081208\tools\arm-none-eabi\include\stdio.h:447:1: error: unknown type name 'size_t'; did you mean 'ssize_t'?
 size_t _fwrite_unlocked_r (struct _reent *, const void *__restrict, size_t _size, size_t _n, FILE *__restrict);
 ^~~~~~
 ssize_t
d:\st\stm32cubeide_1.4.0\stm32cubeide\plugins\com.st.stm32cube.ide.mcu.externaltools.gnu-tools-for-stm32.7-2018-q2-update.win32_1.4.0.202007081208\tools\arm-none-eabi\include\stdio.h:447:69: error: unknown type name 'size_t'; did you mean 'ssize_t'?
 size_t _fwrite_unlocked_r (struct _reent *, const void *__restrict, size_t _size, size_t _n, FILE *__restrict);
                                                                     ^~~~~~
                                                                     ssize_t
d:\st\stm32cubeide_1.4.0\stm32cubeide\plugins\com.st.stm32cube.ide.mcu.externaltools.gnu-tools-for-stm32.7-2018-q2-update.win32_1.4.0.202007081208\tools\arm-none-eabi\include\stdio.h:447:83: error: unknown type name 'size_t'; did you mean 'ssize_t'?
 size_t _fwrite_unlocked_r (struct _reent *, const void *__restrict, size_t _size, size_t _n, FILE *__restrict);
                                                                                   ^~~~~~
                                                                                   ssize_t
d:\st\stm32cubeide_1.4.0\stm32cubeide\plugins\com.st.stm32cube.ide.mcu.externaltools.gnu-tools-for-stm32.7-2018-q2-update.win32_1.4.0.202007081208\tools\arm-none-eabi\include\stdio.h:457:53: error: unknown type name 'size_t'; did you mean 'ssize_t'?
 FILE * _open_memstream_r (struct _reent *, char **, size_t *);
                                                     ^~~~~~
                                                     ssize_t
d:\st\stm32cubeide_1.4.0\stm32cubeide\plugins\com.st.stm32cube.ide.mcu.externaltools.gnu-tools-for-stm32.7-2018-q2-update.win32_1.4.0.202007081208\tools\arm-none-eabi\include\stdio.h:475:44: error: unknown type name 'size_t'; did you mean 'ssize_t'?
 int _sniprintf_r (struct _reent *, char *, size_t, const char *, ...)
                                            ^~~~~~
                                            ssize_t
d:\st\stm32cubeide_1.4.0\stm32cubeide\plugins\com.st.stm32cube.ide.mcu.externaltools.gnu-tools-for-stm32.7-2018-q2-update.win32_1.4.0.202007081208\tools\arm-none-eabi\include\stdio.h:477:53: error: unknown type name 'size_t'; did you mean 'ssize_t'?
 int _snprintf_r (struct _reent *, char *__restrict, size_t, const char *__restrict, ...)
                                                     ^~~~~~
                                                     ssize_t
d:\st\stm32cubeide_1.4.0\stm32cubeide\plugins\com.st.stm32cube.ide.mcu.externaltools.gnu-tools-for-stm32.7-2018-q2-update.win32_1.4.0.202007081208\tools\arm-none-eabi\include\stdio.h:489:48: error: unknown type name 'size_t'; did you mean 'ssize_t'?
 char * _vasniprintf_r (struct _reent*, char *, size_t *, const char *, __VALIST)
                                                ^~~~~~
                                                ssize_t
d:\st\stm32cubeide_1.4.0\stm32cubeide\plugins\com.st.stm32cube.ide.mcu.externaltools.gnu-tools-for-stm32.7-2018-q2-update.win32_1.4.0.202007081208\tools\arm-none-eabi\include\stdio.h:491:47: error: unknown type name 'size_t'; did you mean 'ssize_t'?
 char * _vasnprintf_r (struct _reent*, char *, size_t *, const char *, __VALIST)
                                               ^~~~~~
                                               ssize_t
d:\st\stm32cubeide_1.4.0\stm32cubeide\plugins\com.st.stm32cube.ide.mcu.externaltools.gnu-tools-for-stm32.7-2018-q2-update.win32_1.4.0.202007081208\tools\arm-none-eabi\include\stdio.h:519:45: error: unknown type name 'size_t'; did you mean 'ssize_t'?
 int _vsniprintf_r (struct _reent *, char *, size_t, const char *, __VALIST)
                                             ^~~~~~
                                             ssize_t
d:\st\stm32cubeide_1.4.0\stm32cubeide\plugins\com.st.stm32cube.ide.mcu.externaltools.gnu-tools-for-stm32.7-2018-q2-update.win32_1.4.0.202007081208\tools\arm-none-eabi\include\stdio.h:521:54: error: unknown type name 'size_t'; did you mean 'ssize_t'?
 int _vsnprintf_r (struct _reent *, char *__restrict, size_t, const char *__restrict, __VALIST)
                                                      ^~~~~~
                                                      ssize_t
d:\st\stm32cubeide_1.4.0\stm32cubeide\plugins\com.st.stm32cube.ide.mcu.externaltools.gnu-tools-for-stm32.7-2018-q2-update.win32_1.4.0.202007081208\tools\arm-none-eabi\include\stdio.h:531:30: error: unknown type name 'size_t'; did you mean 'ssize_t'?
 ssize_t __getdelim (char **, size_t *, int, FILE *);
                              ^~~~~~
                              ssize_t
d:\st\stm32cubeide_1.4.0\stm32cubeide\plugins\com.st.stm32cube.ide.mcu.externaltools.gnu-tools-for-stm32.7-2018-q2-update.win32_1.4.0.202007081208\tools\arm-none-eabi\include\stdio.h:532:29: error: unknown type name 'size_t'; did you mean 'ssize_t'?
 ssize_t __getline (char **, size_t *, FILE *);
                             ^~~~~~
                             ssize_t
d:\st\stm32cubeide_1.4.0\stm32cubeide\plugins\com.st.stm32cube.ide.mcu.externaltools.gnu-tools-for-stm32.7-2018-q2-update.win32_1.4.0.202007081208\tools\arm-none-eabi\include\stdio.h:542:1: error: unknown type name 'size_t'; did you mean 'ssize_t'?
 size_t fread_unlocked (void *__restrict, size_t _size, size_t _n, FILE *__restrict);
 ^~~~~~
 ssize_t
d:\st\stm32cubeide_1.4.0\stm32cubeide\plugins\com.st.stm32cube.ide.mcu.externaltools.gnu-tools-for-stm32.7-2018-q2-update.win32_1.4.0.202007081208\tools\arm-none-eabi\include\stdio.h:542:42: error: unknown type name 'size_t'; did you mean 'ssize_t'?
 size_t fread_unlocked (void *__restrict, size_t _size, size_t _n, FILE *__restrict);
                                          ^~~~~~
                                          ssize_t
d:\st\stm32cubeide_1.4.0\stm32cubeide\plugins\com.st.stm32cube.ide.mcu.externaltools.gnu-tools-for-stm32.7-2018-q2-update.win32_1.4.0.202007081208\tools\arm-none-eabi\include\stdio.h:542:56: error: unknown type name 'size_t'; did you mean 'ssize_t'?
 size_t fread_unlocked (void *__restrict, size_t _size, size_t _n, FILE *__restrict);
                                                        ^~~~~~
                                                        ssize_t
d:\st\stm32cubeide_1.4.0\stm32cubeide\plugins\com.st.stm32cube.ide.mcu.externaltools.gnu-tools-for-stm32.7-2018-q2-update.win32_1.4.0.202007081208\tools\arm-none-eabi\include\stdio.h:543:1: error: unknown type name 'size_t'; did you mean 'ssize_t'?
 size_t fwrite_unlocked (const void *__restrict , size_t _size, size_t _n, FILE *);
 ^~~~~~
 ssize_t
d:\st\stm32cubeide_1.4.0\stm32cubeide\plugins\com.st.stm32cube.ide.mcu.externaltools.gnu-tools-for-stm32.7-2018-q2-update.win32_1.4.0.202007081208\tools\arm-none-eabi\include\stdio.h:543:50: error: unknown type name 'size_t'; did you mean 'ssize_t'?
 size_t fwrite_unlocked (const void *__restrict , size_t _size, size_t _n, FILE *);
                                                  ^~~~~~
                                                  ssize_t
d:\st\stm32cubeide_1.4.0\stm32cubeide\plugins\com.st.stm32cube.ide.mcu.externaltools.gnu-tools-for-stm32.7-2018-q2-update.win32_1.4.0.202007081208\tools\arm-none-eabi\include\stdio.h:543:64: error: unknown type name 'size_t'; did you mean 'ssize_t'?
 size_t fwrite_unlocked (const void *__restrict , size_t _size, size_t _n, FILE *);
                                                                ^~~~~~
                                                                ssize_t
In file included from ../STM32F103C6_Drivers/MCAL/STM32F103C6_USART_Drivers.c:9:0:
D:/Keroll/Second term/Unit 8 MCU Interfacing/Labs/Lab Finals/STM32_USART_Driver/Drivers/STM32F103C6_Drivers/inc/STM32F103C6_USART_Drivers.h:18:10: fatal error: STM32F103C6_RCC_Driver.h: No such file or directory
 #include "STM32F103C6_RCC_Driver.h"
          ^~~~~~~~~~~~~~~~~~~~~~~~~~
compilation terminated.
make: *** [STM32F103C6_Drivers/MCAL/subdir.mk:33: STM32F103C6_Drivers/MCAL/STM32F103C6_USART_Drivers.o] Error 1
"make -j16 all" terminated with exit code 2. Build might be incomplete.
21:16:33 **** Incremental Build of configuration Debug for project Drivers ****
make -j16 all 
arm-none-eabi-gcc "../STM32F103C6_Drivers/MCAL/STM32F103C6_RCC_Drivers.c" -mcpu=cortex-m3 -std=gnu11 -g3 -DSTM32 -DSTM32F1 -DSTM32F103C6Tx -DDEBUG -c -I../Inc -I"D:/Keroll/Second term/Unit 8 MCU Interfacing/Labs/Lab Finals/STM32_USART_Driver/Drivers/STM32F103C6_Drivers/inc" -O0 -ffunction-sections -fdata-sections -Wall -fstack-usage -MMD -MP -MF"STM32F103C6_Drivers/MCAL/STM32F103C6_RCC_Drivers.d" -MT"STM32F103C6_Drivers/MCAL/STM32F103C6_RCC_Drivers.o" --specs=nano.specs -mfloat-abi=soft -mthumb -o "STM32F103C6_Drivers/MCAL/STM32F103C6_RCC_Drivers.o"
arm-none-eabi-gcc "../STM32F103C6_Drivers/MCAL/STM32F103C6_USART_Drivers.c" -mcpu=cortex-m3 -std=gnu11 -g3 -DSTM32 -DSTM32F1 -DSTM32F103C6Tx -DDEBUG -c -I../Inc -I"D:/Keroll/Second term/Unit 8 MCU Interfacing/Labs/Lab Finals/STM32_USART_Driver/Drivers/STM32F103C6_Drivers/inc" -O0 -ffunction-sections -fdata-sections -Wall -fstack-usage -MMD -MP -MF"STM32F103C6_Drivers/MCAL/STM32F103C6_USART_Drivers.d" -MT"STM32F103C6_Drivers/MCAL/STM32F103C6_USART_Drivers.o" --specs=nano.specs -mfloat-abi=soft -mthumb -o "STM32F103C6_Drivers/MCAL/STM32F103C6_USART_Drivers.o"
../STM32F103C6_Drivers/MCAL/STM32F103C6_RCC_Drivers.c:9:10: fatal error: STM32_F103C6_RCC_Driver.h: No such file or directory
 #include "STM32_F103C6_RCC_Driver.h"
          ^~~~~~~~~~~~~~~~~~~~~~~~~~~
compilation terminated.
make: *** [STM32F103C6_Drivers/MCAL/subdir.mk:31: STM32F103C6_Drivers/MCAL/STM32F103C6_RCC_Drivers.o] Error 1
make: *** Waiting for unfinished jobs....
In file included from ../STM32F103C6_Drivers/MCAL/STM32F103C6_USART_Drivers.c:9:0:
D:/Keroll/Second term/Unit 8 MCU Interfacing/Labs/Lab Finals/STM32_USART_Driver/Drivers/STM32F103C6_Drivers/inc/STM32F103C6_USART_Drivers.h:18:10: fatal error: STM32F103C6_RCC_Driver.h: No such file or directory
 #include "STM32F103C6_RCC_Driver.h"
          ^~~~~~~~~~~~~~~~~~~~~~~~~~
compilation terminated.
make: *** [STM32F103C6_Drivers/MCAL/subdir.mk:33: STM32F103C6_Drivers/MCAL/STM32F103C6_USART_Drivers.o] Error 1
"make -j16 all" terminated with exit code 2. Build might be incomplete.
21:17:32 **** Incremental Build of configuration Debug for project Drivers ****
make -j16 all 
arm-none-eabi-gcc "../STM32F103C6_Drivers/MCAL/STM32F103C6_RCC_Drivers.c" -mcpu=cortex-m3 -std=gnu11 -g3 -DSTM32 -DSTM32F1 -DSTM32F103C6Tx -DDEBUG -c -I../Inc -I"D:/Keroll/Second term/Unit 8 MCU Interfacing/Labs/Lab Finals/STM32_USART_Driver/Drivers/STM32F103C6_Drivers/inc" -O0 -ffunction-sections -fdata-sections -Wall -fstack-usage -MMD -MP -MF"STM32F103C6_Drivers/MCAL/STM32F103C6_RCC_Drivers.d" -MT"STM32F103C6_Drivers/MCAL/STM32F103C6_RCC_Drivers.o" --specs=nano.specs -mfloat-abi=soft -mthumb -o "STM32F103C6_Drivers/MCAL/STM32F103C6_RCC_Drivers.o"
arm-none-eabi-gcc "../STM32F103C6_Drivers/MCAL/STM32F103C6_USART_Drivers.c" -mcpu=cortex-m3 -std=gnu11 -g3 -DSTM32 -DSTM32F1 -DSTM32F103C6Tx -DDEBUG -c -I../Inc -I"D:/Keroll/Second term/Unit 8 MCU Interfacing/Labs/Lab Finals/STM32_USART_Driver/Drivers/STM32F103C6_Drivers/inc" -O0 -ffunction-sections -fdata-sections -Wall -fstack-usage -MMD -MP -MF"STM32F103C6_Drivers/MCAL/STM32F103C6_USART_Drivers.d" -MT"STM32F103C6_Drivers/MCAL/STM32F103C6_USART_Drivers.o" --specs=nano.specs -mfloat-abi=soft -mthumb -o "STM32F103C6_Drivers/MCAL/STM32F103C6_USART_Drivers.o"
../STM32F103C6_Drivers/MCAL/STM32F103C6_RCC_Drivers.c:9:10: fatal error: STM32_F103C6_RCC_Driver.h: No such file or directory
 #include "STM32_F103C6_RCC_Driver.h"
          ^~~~~~~~~~~~~~~~~~~~~~~~~~~
compilation terminated.
make: *** [STM32F103C6_Drivers/MCAL/subdir.mk:31: STM32F103C6_Drivers/MCAL/STM32F103C6_RCC_Drivers.o] Error 1
make: *** Waiting for unfinished jobs....
In file included from ../STM32F103C6_Drivers/MCAL/STM32F103C6_USART_Drivers.c:9:0:
D:/Keroll/Second term/Unit 8 MCU Interfacing/Labs/Lab Finals/STM32_USART_Driver/Drivers/STM32F103C6_Drivers/inc/STM32F103C6_USART_Drivers.h:18:10: fatal error: STM32F103C6_RCC_Driver.h: No such file or directory
 #include "STM32F103C6_RCC_Driver.h"
          ^~~~~~~~~~~~~~~~~~~~~~~~~~
compilation terminated.
make: *** [STM32F103C6_Drivers/MCAL/subdir.mk:33: STM32F103C6_Drivers/MCAL/STM32F103C6_USART_Drivers.o] Error 1
"make -j16 all" terminated with exit code 2. Build might be incomplete.
21:17:44 **** Incremental Build of configuration Debug for project Drivers ****
make -j16 all 
arm-none-eabi-gcc "../STM32F103C6_Drivers/MCAL/STM32F103C6_RCC_Drivers.c" -mcpu=cortex-m3 -std=gnu11 -g3 -DSTM32 -DSTM32F1 -DSTM32F103C6Tx -DDEBUG -c -I../Inc -I"D:/Keroll/Second term/Unit 8 MCU Interfacing/Labs/Lab Finals/STM32_USART_Driver/Drivers/STM32F103C6_Drivers/inc" -O0 -ffunction-sections -fdata-sections -Wall -fstack-usage -MMD -MP -MF"STM32F103C6_Drivers/MCAL/STM32F103C6_RCC_Drivers.d" -MT"STM32F103C6_Drivers/MCAL/STM32F103C6_RCC_Drivers.o" --specs=nano.specs -mfloat-abi=soft -mthumb -o "STM32F103C6_Drivers/MCAL/STM32F103C6_RCC_Drivers.o"
arm-none-eabi-gcc "../STM32F103C6_Drivers/MCAL/STM32F103C6_USART_Drivers.c" -mcpu=cortex-m3 -std=gnu11 -g3 -DSTM32 -DSTM32F1 -DSTM32F103C6Tx -DDEBUG -c -I../Inc -I"D:/Keroll/Second term/Unit 8 MCU Interfacing/Labs/Lab Finals/STM32_USART_Driver/Drivers/STM32F103C6_Drivers/inc" -O0 -ffunction-sections -fdata-sections -Wall -fstack-usage -MMD -MP -MF"STM32F103C6_Drivers/MCAL/STM32F103C6_USART_Drivers.d" -MT"STM32F103C6_Drivers/MCAL/STM32F103C6_USART_Drivers.o" --specs=nano.specs -mfloat-abi=soft -mthumb -o "STM32F103C6_Drivers/MCAL/STM32F103C6_USART_Drivers.o"
../STM32F103C6_Drivers/MCAL/STM32F103C6_RCC_Drivers.c:9:10: fatal error: STM32F103C6_RCC_Driver.h: No such file or directory
 #include "STM32F103C6_RCC_Driver.h"
          ^~~~~~~~~~~~~~~~~~~~~~~~~~
compilation terminated.
make: *** [STM32F103C6_Drivers/MCAL/subdir.mk:31: STM32F103C6_Drivers/MCAL/STM32F103C6_RCC_Drivers.o] Error 1
make: *** Waiting for unfinished jobs....
In file included from ../STM32F103C6_Drivers/MCAL/STM32F103C6_USART_Drivers.c:9:0:
D:/Keroll/Second term/Unit 8 MCU Interfacing/Labs/Lab Finals/STM32_USART_Driver/Drivers/STM32F103C6_Drivers/inc/STM32F103C6_USART_Drivers.h:18:10: fatal error: STM32F103C6_RCC_Driver.h: No such file or directory
 #include "STM32F103C6_RCC_Driver.h"
          ^~~~~~~~~~~~~~~~~~~~~~~~~~
compilation terminated.
make: *** [STM32F103C6_Drivers/MCAL/subdir.mk:33: STM32F103C6_Drivers/MCAL/STM32F103C6_USART_Drivers.o] Error 1
"make -j16 all" terminated with exit code 2. Build might be incomplete.
21:17:56 **** Incremental Build of configuration Debug for project Drivers ****
make -j16 all 
arm-none-eabi-gcc "../STM32F103C6_Drivers/MCAL/STM32F103C6_RCC_Drivers.c" -mcpu=cortex-m3 -std=gnu11 -g3 -DSTM32 -DSTM32F1 -DSTM32F103C6Tx -DDEBUG -c -I../Inc -I"D:/Keroll/Second term/Unit 8 MCU Interfacing/Labs/Lab Finals/STM32_USART_Driver/Drivers/STM32F103C6_Drivers/inc" -O0 -ffunction-sections -fdata-sections -Wall -fstack-usage -MMD -MP -MF"STM32F103C6_Drivers/MCAL/STM32F103C6_RCC_Drivers.d" -MT"STM32F103C6_Drivers/MCAL/STM32F103C6_RCC_Drivers.o" --specs=nano.specs -mfloat-abi=soft -mthumb -o "STM32F103C6_Drivers/MCAL/STM32F103C6_RCC_Drivers.o"
arm-none-eabi-gcc "../STM32F103C6_Drivers/MCAL/STM32F103C6_USART_Drivers.c" -mcpu=cortex-m3 -std=gnu11 -g3 -DSTM32 -DSTM32F1 -DSTM32F103C6Tx -DDEBUG -c -I../Inc -I"D:/Keroll/Second term/Unit 8 MCU Interfacing/Labs/Lab Finals/STM32_USART_Driver/Drivers/STM32F103C6_Drivers/inc" -O0 -ffunction-sections -fdata-sections -Wall -fstack-usage -MMD -MP -MF"STM32F103C6_Drivers/MCAL/STM32F103C6_USART_Drivers.d" -MT"STM32F103C6_Drivers/MCAL/STM32F103C6_USART_Drivers.o" --specs=nano.specs -mfloat-abi=soft -mthumb -o "STM32F103C6_Drivers/MCAL/STM32F103C6_USART_Drivers.o"
In file included from ../STM32F103C6_Drivers/MCAL/STM32F103C6_USART_Drivers.c:9:0:
D:/Keroll/Second term/Unit 8 MCU Interfacing/Labs/Lab Finals/STM32_USART_Driver/Drivers/STM32F103C6_Drivers/inc/STM32F103C6_USART_Drivers.h:18:10: fatal error: STM32F103C6_RCC_Driver.h: No such file or directory
 #include "STM32F103C6_RCC_Driver.h"
          ^~~~~~~~~~~~~~~~~~~~~~~~~~
compilation terminated.
../STM32F103C6_Drivers/MCAL/STM32F103C6_RCC_Drivers.c: In function 'MCAL_RCC_GetSYS_CLCKFreq':
../STM32F103C6_Drivers/MCAL/STM32F103C6_RCC_Drivers.c:66:1: warning: control reaches end of non-void function [-Wreturn-type]
 }
 ^
make: *** [STM32F103C6_Drivers/MCAL/subdir.mk:33: STM32F103C6_Drivers/MCAL/STM32F103C6_USART_Drivers.o] Error 1
make: *** Waiting for unfinished jobs....
"make -j16 all" terminated with exit code 2. Build might be incomplete.
21:18:13 **** Incremental Build of configuration Debug for project Drivers ****
make -j16 all 
arm-none-eabi-gcc "../STM32F103C6_Drivers/MCAL/STM32F103C6_USART_Drivers.c" -mcpu=cortex-m3 -std=gnu11 -g3 -DSTM32 -DSTM32F1 -DSTM32F103C6Tx -DDEBUG -c -I../Inc -I"D:/Keroll/Second term/Unit 8 MCU Interfacing/Labs/Lab Finals/STM32_USART_Driver/Drivers/STM32F103C6_Drivers/inc" -O0 -ffunction-sections -fdata-sections -Wall -fstack-usage -MMD -MP -MF"STM32F103C6_Drivers/MCAL/STM32F103C6_USART_Drivers.d" -MT"STM32F103C6_Drivers/MCAL/STM32F103C6_USART_Drivers.o" --specs=nano.specs -mfloat-abi=soft -mthumb -o "STM32F103C6_Drivers/MCAL/STM32F103C6_USART_Drivers.o"
../STM32F103C6_Drivers/MCAL/STM32F103C6_USART_Drivers.c: In function 'MCAL_UART_Init':
../STM32F103C6_Drivers/MCAL/STM32F103C6_USART_Drivers.c:49:16: error: 'USART1' undeclared (first use in this function); did you mean 'USARTx'?
  if( USARTx == USART1 )
                ^~~~~~
                USARTx
../STM32F103C6_Drivers/MCAL/STM32F103C6_USART_Drivers.c:49:16: note: each undeclared identifier is reported only once for each function it appears in
../STM32F103C6_Drivers/MCAL/STM32F103C6_USART_Drivers.c:51:3: warning: implicit declaration of function 'RCC_USART1_CLK_EN'; did you mean 'RCC_AFIO_CLK_EN'? [-Wimplicit-function-declaration]
   RCC_USART1_CLK_EN();
   ^~~~~~~~~~~~~~~~~
   RCC_AFIO_CLK_EN
../STM32F103C6_Drivers/MCAL/STM32F103C6_USART_Drivers.c:53:21: error: 'USART2' undeclared (first use in this function); did you mean 'USART1'?
  else if( USARTx == USART2 )
                     ^~~~~~
                     USART1
../STM32F103C6_Drivers/MCAL/STM32F103C6_USART_Drivers.c:55:3: warning: implicit declaration of function 'RCC_USART2_CLK_EN'; did you mean 'RCC_AFIO_CLK_EN'? [-Wimplicit-function-declaration]
   RCC_USART2_CLK_EN();
   ^~~~~~~~~~~~~~~~~
   RCC_AFIO_CLK_EN
../STM32F103C6_Drivers/MCAL/STM32F103C6_USART_Drivers.c:57:21: error: 'USART3' undeclared (first use in this function); did you mean 'USART2'?
  else if( USARTx == USART3 )
                     ^~~~~~
                     USART2
../STM32F103C6_Drivers/MCAL/STM32F103C6_USART_Drivers.c:59:3: warning: implicit declaration of function 'RCC_USART3_CLK_EN'; did you mean 'RCC_AFIO_CLK_EN'? [-Wimplicit-function-declaration]
   RCC_USART3_CLK_EN();
   ^~~~~~~~~~~~~~~~~
   RCC_AFIO_CLK_EN
../STM32F103C6_Drivers/MCAL/STM32F103C6_USART_Drivers.c:108:4: error: 'NVIC_IRQ37_USART1_Enable' undeclared (first use in this function); did you mean 'NVIC_IRQ7_EXTI1_Enable'?
    NVIC_IRQ37_USART1_Enable;
    ^~~~~~~~~~~~~~~~~~~~~~~~
    NVIC_IRQ7_EXTI1_Enable
../STM32F103C6_Drivers/MCAL/STM32F103C6_USART_Drivers.c:112:4: error: 'NVIC_IRQ38_USART2_Enable' undeclared (first use in this function); did you mean 'NVIC_IRQ37_USART1_Enable'?
    NVIC_IRQ38_USART2_Enable;
    ^~~~~~~~~~~~~~~~~~~~~~~~
    NVIC_IRQ37_USART1_Enable
../STM32F103C6_Drivers/MCAL/STM32F103C6_USART_Drivers.c:116:4: error: 'NVIC_IRQ39_USART3_Enable' undeclared (first use in this function); did you mean 'NVIC_IRQ38_USART2_Enable'?
    NVIC_IRQ39_USART3_Enable;
    ^~~~~~~~~~~~~~~~~~~~~~~~
    NVIC_IRQ38_USART2_Enable
../STM32F103C6_Drivers/MCAL/STM32F103C6_USART_Drivers.c: In function 'MCAL_UART_DeInit':
../STM32F103C6_Drivers/MCAL/STM32F103C6_USART_Drivers.c:134:17: error: 'USART1' undeclared (first use in this function); did you mean 'USARTx'?
  if ( USARTx == USART1 )
                 ^~~~~~
                 USARTx
../STM32F103C6_Drivers/MCAL/STM32F103C6_USART_Drivers.c:136:3: warning: implicit declaration of function 'RCC_USART1_CLK_Reset'; did you mean 'RCC_AFIO_CLK_EN'? [-Wimplicit-function-declaration]
   RCC_USART1_CLK_Reset();
   ^~~~~~~~~~~~~~~~~~~~
   RCC_AFIO_CLK_EN
../STM32F103C6_Drivers/MCAL/STM32F103C6_USART_Drivers.c:137:3: error: 'NVIC_IRQ37_USART1_Disable' undeclared (first use in this function); did you mean 'NVIC_IRQ7_EXTI1_Disable'?
   NVIC_IRQ37_USART1_Disable;
   ^~~~~~~~~~~~~~~~~~~~~~~~~
   NVIC_IRQ7_EXTI1_Disable
../STM32F103C6_Drivers/MCAL/STM32F103C6_USART_Drivers.c:139:21: error: 'USART2' undeclared (first use in this function); did you mean 'USART1'?
  else if( USARTx == USART2)
                     ^~~~~~
                     USART1
../STM32F103C6_Drivers/MCAL/STM32F103C6_USART_Drivers.c:141:3: warning: implicit declaration of function 'RCC_USART2_CLK_Reset'; did you mean 'RCC_AFIO_CLK_EN'? [-Wimplicit-function-declaration]
   RCC_USART2_CLK_Reset();
   ^~~~~~~~~~~~~~~~~~~~
   RCC_AFIO_CLK_EN
../STM32F103C6_Drivers/MCAL/STM32F103C6_USART_Drivers.c:142:3: error: 'NVIC_IRQ38_USART2_Disable' undeclared (first use in this function); did you mean 'NVIC_IRQ37_USART1_Disable'?
   NVIC_IRQ38_USART2_Disable;
   ^~~~~~~~~~~~~~~~~~~~~~~~~
   NVIC_IRQ37_USART1_Disable
../STM32F103C6_Drivers/MCAL/STM32F103C6_USART_Drivers.c:144:21: error: 'USART3' undeclared (first use in this function); did you mean 'USART2'?
  else if( USARTx == USART3)
                     ^~~~~~
                     USART2
../STM32F103C6_Drivers/MCAL/STM32F103C6_USART_Drivers.c:146:3: warning: implicit declaration of function 'RCC_USART3_CLK_Reset'; did you mean 'RCC_AFIO_CLK_EN'? [-Wimplicit-function-declaration]
   RCC_USART3_CLK_Reset();
   ^~~~~~~~~~~~~~~~~~~~
   RCC_AFIO_CLK_EN
../STM32F103C6_Drivers/MCAL/STM32F103C6_USART_Drivers.c:147:3: error: 'NVIC_IRQ39_USART3_Disable' undeclared (first use in this function); did you mean 'NVIC_IRQ38_USART2_Disable'?
   NVIC_IRQ39_USART3_Disable;
   ^~~~~~~~~~~~~~~~~~~~~~~~~
   NVIC_IRQ38_USART2_Disable
../STM32F103C6_Drivers/MCAL/STM32F103C6_USART_Drivers.c: In function 'MCAL_UART_GPIO_Set_Pins':
../STM32F103C6_Drivers/MCAL/STM32F103C6_USART_Drivers.c:268:17: error: 'USART1' undeclared (first use in this function); did you mean 'USARTx'?
  if ( USARTx == USART1)
                 ^~~~~~
                 USARTx
../STM32F103C6_Drivers/MCAL/STM32F103C6_USART_Drivers.c:278:10: error: 'GPIO_PinConfig_t {aka struct <anonymous>}' has no member named 'GPIO_Mode'; did you mean 'GPIO_MODE'?
   PinCfg.GPIO_Mode = GPIO_MODE_OUTPUT_AF_PP;
          ^~~~~~~~~
          GPIO_MODE
../STM32F103C6_Drivers/MCAL/STM32F103C6_USART_Drivers.c:279:9: error: 'GPIO_PinConfig_t {aka struct <anonymous>}' has no member named 'GPIO_Output_Speed'
   PinCfg.GPIO_Output_Speed = GPIO_Speed_10M;
         ^
../STM32F103C6_Drivers/MCAL/STM32F103C6_USART_Drivers.c:279:30: error: 'GPIO_Speed_10M' undeclared (first use in this function); did you mean 'GPIO_SPEED_10M'?
   PinCfg.GPIO_Output_Speed = GPIO_Speed_10M;
                              ^~~~~~~~~~~~~~
                              GPIO_SPEED_10M
../STM32F103C6_Drivers/MCAL/STM32F103C6_USART_Drivers.c:284:10: error: 'GPIO_PinConfig_t {aka struct <anonymous>}' has no member named 'GPIO_Mode'; did you mean 'GPIO_MODE'?
   PinCfg.GPIO_Mode = GPIO_MODE_AF_INPUT;
          ^~~~~~~~~
          GPIO_MODE
../STM32F103C6_Drivers/MCAL/STM32F103C6_USART_Drivers.c:285:9: error: 'GPIO_PinConfig_t {aka struct <anonymous>}' has no member named 'GPIO_Output_Speed'
   PinCfg.GPIO_Output_Speed = GPIO_Speed_10M;
         ^
../STM32F103C6_Drivers/MCAL/STM32F103C6_USART_Drivers.c:291:11: error: 'GPIO_PinConfig_t {aka struct <anonymous>}' has no member named 'GPIO_Mode'; did you mean 'GPIO_MODE'?
    PinCfg.GPIO_Mode = GPIO_MODE_INPUT_FLO;
           ^~~~~~~~~
           GPIO_MODE
../STM32F103C6_Drivers/MCAL/STM32F103C6_USART_Drivers.c:292:10: error: 'GPIO_PinConfig_t {aka struct <anonymous>}' has no member named 'GPIO_Output_Speed'
    PinCfg.GPIO_Output_Speed = GPIO_Speed_10M;
          ^
../STM32F103C6_Drivers/MCAL/STM32F103C6_USART_Drivers.c:300:11: error: 'GPIO_PinConfig_t {aka struct <anonymous>}' has no member named 'GPIO_Mode'; did you mean 'GPIO_MODE'?
    PinCfg.GPIO_Mode = GPIO_MODE_OUTPUT_AF_PP;
           ^~~~~~~~~
           GPIO_MODE
../STM32F103C6_Drivers/MCAL/STM32F103C6_USART_Drivers.c:301:10: error: 'GPIO_PinConfig_t {aka struct <anonymous>}' has no member named 'GPIO_Output_Speed'
    PinCfg.GPIO_Output_Speed = GPIO_Speed_10M;
          ^
../STM32F103C6_Drivers/MCAL/STM32F103C6_USART_Drivers.c:305:22: error: 'USART2' undeclared (first use in this function); did you mean 'USART1'?
  else if ( USARTx == USART2)
                      ^~~~~~
                      USART1
../STM32F103C6_Drivers/MCAL/STM32F103C6_USART_Drivers.c:315:10: error: 'GPIO_PinConfig_t {aka struct <anonymous>}' has no member named 'GPIO_Mode'; did you mean 'GPIO_MODE'?
   PinCfg.GPIO_Mode = GPIO_MODE_OUTPUT_AF_PP;
          ^~~~~~~~~
          GPIO_MODE
../STM32F103C6_Drivers/MCAL/STM32F103C6_USART_Drivers.c:316:9: error: 'GPIO_PinConfig_t {aka struct <anonymous>}' has no member named 'GPIO_Output_Speed'
   PinCfg.GPIO_Output_Speed = GPIO_Speed_10M;
         ^
../STM32F103C6_Drivers/MCAL/STM32F103C6_USART_Drivers.c:321:10: error: 'GPIO_PinConfig_t {aka struct <anonymous>}' has no member named 'GPIO_Mode'; did you mean 'GPIO_MODE'?
   PinCfg.GPIO_Mode = GPIO_MODE_AF_INPUT;
          ^~~~~~~~~
          GPIO_MODE
../STM32F103C6_Drivers/MCAL/STM32F103C6_USART_Drivers.c:322:9: error: 'GPIO_PinConfig_t {aka struct <anonymous>}' has no member named 'GPIO_Output_Speed'
   PinCfg.GPIO_Output_Speed = GPIO_Speed_10M;
         ^
../STM32F103C6_Drivers/MCAL/STM32F103C6_USART_Drivers.c:328:11: error: 'GPIO_PinConfig_t {aka struct <anonymous>}' has no member named 'GPIO_Mode'; did you mean 'GPIO_MODE'?
    PinCfg.GPIO_Mode = GPIO_MODE_INPUT_FLO;
           ^~~~~~~~~
           GPIO_MODE
../STM32F103C6_Drivers/MCAL/STM32F103C6_USART_Drivers.c:329:10: error: 'GPIO_PinConfig_t {aka struct <anonymous>}' has no member named 'GPIO_Output_Speed'
    PinCfg.GPIO_Output_Speed = GPIO_Speed_10M;
          ^
../STM32F103C6_Drivers/MCAL/STM32F103C6_USART_Drivers.c:337:11: error: 'GPIO_PinConfig_t {aka struct <anonymous>}' has no member named 'GPIO_Mode'; did you mean 'GPIO_MODE'?
    PinCfg.GPIO_Mode = GPIO_MODE_OUTPUT_AF_PP;
           ^~~~~~~~~
           GPIO_MODE
../STM32F103C6_Drivers/MCAL/STM32F103C6_USART_Drivers.c:338:10: error: 'GPIO_PinConfig_t {aka struct <anonymous>}' has no member named 'GPIO_Output_Speed'
    PinCfg.GPIO_Output_Speed = GPIO_Speed_10M;
          ^
../STM32F103C6_Drivers/MCAL/STM32F103C6_USART_Drivers.c:343:22: error: 'USART3' undeclared (first use in this function); did you mean 'USART2'?
  else if ( USARTx == USART3)
                      ^~~~~~
                      USART2
../STM32F103C6_Drivers/MCAL/STM32F103C6_USART_Drivers.c:353:10: error: 'GPIO_PinConfig_t {aka struct <anonymous>}' has no member named 'GPIO_Mode'; did you mean 'GPIO_MODE'?
   PinCfg.GPIO_Mode = GPIO_MODE_OUTPUT_AF_PP;
          ^~~~~~~~~
          GPIO_MODE
../STM32F103C6_Drivers/MCAL/STM32F103C6_USART_Drivers.c:354:9: error: 'GPIO_PinConfig_t {aka struct <anonymous>}' has no member named 'GPIO_Output_Speed'
   PinCfg.GPIO_Output_Speed = GPIO_Speed_10M;
         ^
../STM32F103C6_Drivers/MCAL/STM32F103C6_USART_Drivers.c:359:10: error: 'GPIO_PinConfig_t {aka struct <anonymous>}' has no member named 'GPIO_Mode'; did you mean 'GPIO_MODE'?
   PinCfg.GPIO_Mode = GPIO_MODE_AF_INPUT;
          ^~~~~~~~~
          GPIO_MODE
../STM32F103C6_Drivers/MCAL/STM32F103C6_USART_Drivers.c:360:9: error: 'GPIO_PinConfig_t {aka struct <anonymous>}' has no member named 'GPIO_Output_Speed'
   PinCfg.GPIO_Output_Speed = GPIO_Speed_10M;
         ^
../STM32F103C6_Drivers/MCAL/STM32F103C6_USART_Drivers.c:366:11: error: 'GPIO_PinConfig_t {aka struct <anonymous>}' has no member named 'GPIO_Mode'; did you mean 'GPIO_MODE'?
    PinCfg.GPIO_Mode = GPIO_MODE_INPUT_FLO;
           ^~~~~~~~~
           GPIO_MODE
../STM32F103C6_Drivers/MCAL/STM32F103C6_USART_Drivers.c:367:10: error: 'GPIO_PinConfig_t {aka struct <anonymous>}' has no member named 'GPIO_Output_Speed'
    PinCfg.GPIO_Output_Speed = GPIO_Speed_10M;
          ^
../STM32F103C6_Drivers/MCAL/STM32F103C6_USART_Drivers.c:375:11: error: 'GPIO_PinConfig_t {aka struct <anonymous>}' has no member named 'GPIO_Mode'; did you mean 'GPIO_MODE'?
    PinCfg.GPIO_Mode = GPIO_MODE_OUTPUT_AF_PP;
           ^~~~~~~~~
           GPIO_MODE
../STM32F103C6_Drivers/MCAL/STM32F103C6_USART_Drivers.c:376:10: error: 'GPIO_PinConfig_t {aka struct <anonymous>}' has no member named 'GPIO_Output_Speed'
    PinCfg.GPIO_Output_Speed = GPIO_Speed_10M;
          ^
make: *** [STM32F103C6_Drivers/MCAL/subdir.mk:33: STM32F103C6_Drivers/MCAL/STM32F103C6_USART_Drivers.o] Error 1
"make -j16 all" terminated with exit code 2. Build might be incomplete.
21:20:00 **** Incremental Build of configuration Debug for project Drivers ****
make -j16 all 
arm-none-eabi-gcc "../STM32F103C6_Drivers/MCAL/STM32F103C6_USART_Drivers.c" -mcpu=cortex-m3 -std=gnu11 -g3 -DSTM32 -DSTM32F1 -DSTM32F103C6Tx -DDEBUG -c -I../Inc -I"D:/Keroll/Second term/Unit 8 MCU Interfacing/Labs/Lab Finals/STM32_USART_Driver/Drivers/STM32F103C6_Drivers/inc" -O0 -ffunction-sections -fdata-sections -Wall -fstack-usage -MMD -MP -MF"STM32F103C6_Drivers/MCAL/STM32F103C6_USART_Drivers.d" -MT"STM32F103C6_Drivers/MCAL/STM32F103C6_USART_Drivers.o" --specs=nano.specs -mfloat-abi=soft -mthumb -o "STM32F103C6_Drivers/MCAL/STM32F103C6_USART_Drivers.o"
../STM32F103C6_Drivers/MCAL/STM32F103C6_USART_Drivers.c: In function 'MCAL_UART_Init':
../STM32F103C6_Drivers/MCAL/STM32F103C6_USART_Drivers.c:49:16: error: 'USART1' undeclared (first use in this function); did you mean 'USARTx'?
  if( USARTx == USART1 )
                ^~~~~~
                USARTx
../STM32F103C6_Drivers/MCAL/STM32F103C6_USART_Drivers.c:49:16: note: each undeclared identifier is reported only once for each function it appears in
../STM32F103C6_Drivers/MCAL/STM32F103C6_USART_Drivers.c:51:3: warning: implicit declaration of function 'RCC_USART1_CLK_EN'; did you mean 'RCC_AFIO_CLK_EN'? [-Wimplicit-function-declaration]
   RCC_USART1_CLK_EN();
   ^~~~~~~~~~~~~~~~~
   RCC_AFIO_CLK_EN
../STM32F103C6_Drivers/MCAL/STM32F103C6_USART_Drivers.c:53:21: error: 'USART2' undeclared (first use in this function); did you mean 'USART1'?
  else if( USARTx == USART2 )
                     ^~~~~~
                     USART1
../STM32F103C6_Drivers/MCAL/STM32F103C6_USART_Drivers.c:55:3: warning: implicit declaration of function 'RCC_USART2_CLK_EN'; did you mean 'RCC_AFIO_CLK_EN'? [-Wimplicit-function-declaration]
   RCC_USART2_CLK_EN();
   ^~~~~~~~~~~~~~~~~
   RCC_AFIO_CLK_EN
../STM32F103C6_Drivers/MCAL/STM32F103C6_USART_Drivers.c:57:21: error: 'USART3' undeclared (first use in this function); did you mean 'USART2'?
  else if( USARTx == USART3 )
                     ^~~~~~
                     USART2
../STM32F103C6_Drivers/MCAL/STM32F103C6_USART_Drivers.c:59:3: warning: implicit declaration of function 'RCC_USART3_CLK_EN'; did you mean 'RCC_AFIO_CLK_EN'? [-Wimplicit-function-declaration]
   RCC_USART3_CLK_EN();
   ^~~~~~~~~~~~~~~~~
   RCC_AFIO_CLK_EN
../STM32F103C6_Drivers/MCAL/STM32F103C6_USART_Drivers.c:108:4: error: 'NVIC_IRQ37_USART1_Enable' undeclared (first use in this function); did you mean 'NVIC_IRQ7_EXTI1_Enable'?
    NVIC_IRQ37_USART1_Enable;
    ^~~~~~~~~~~~~~~~~~~~~~~~
    NVIC_IRQ7_EXTI1_Enable
../STM32F103C6_Drivers/MCAL/STM32F103C6_USART_Drivers.c:112:4: error: 'NVIC_IRQ38_USART2_Enable' undeclared (first use in this function); did you mean 'NVIC_IRQ37_USART1_Enable'?
    NVIC_IRQ38_USART2_Enable;
    ^~~~~~~~~~~~~~~~~~~~~~~~
    NVIC_IRQ37_USART1_Enable
../STM32F103C6_Drivers/MCAL/STM32F103C6_USART_Drivers.c:116:4: error: 'NVIC_IRQ39_USART3_Enable' undeclared (first use in this function); did you mean 'NVIC_IRQ38_USART2_Enable'?
    NVIC_IRQ39_USART3_Enable;
    ^~~~~~~~~~~~~~~~~~~~~~~~
    NVIC_IRQ38_USART2_Enable
../STM32F103C6_Drivers/MCAL/STM32F103C6_USART_Drivers.c: In function 'MCAL_UART_DeInit':
../STM32F103C6_Drivers/MCAL/STM32F103C6_USART_Drivers.c:134:17: error: 'USART1' undeclared (first use in this function); did you mean 'USARTx'?
  if ( USARTx == USART1 )
                 ^~~~~~
                 USARTx
../STM32F103C6_Drivers/MCAL/STM32F103C6_USART_Drivers.c:136:3: warning: implicit declaration of function 'RCC_USART1_CLK_Reset'; did you mean 'RCC_AFIO_CLK_EN'? [-Wimplicit-function-declaration]
   RCC_USART1_CLK_Reset();
   ^~~~~~~~~~~~~~~~~~~~
   RCC_AFIO_CLK_EN
../STM32F103C6_Drivers/MCAL/STM32F103C6_USART_Drivers.c:137:3: error: 'NVIC_IRQ37_USART1_Disable' undeclared (first use in this function); did you mean 'NVIC_IRQ7_EXTI1_Disable'?
   NVIC_IRQ37_USART1_Disable;
   ^~~~~~~~~~~~~~~~~~~~~~~~~
   NVIC_IRQ7_EXTI1_Disable
../STM32F103C6_Drivers/MCAL/STM32F103C6_USART_Drivers.c:139:21: error: 'USART2' undeclared (first use in this function); did you mean 'USART1'?
  else if( USARTx == USART2)
                     ^~~~~~
                     USART1
../STM32F103C6_Drivers/MCAL/STM32F103C6_USART_Drivers.c:141:3: warning: implicit declaration of function 'RCC_USART2_CLK_Reset'; did you mean 'RCC_AFIO_CLK_EN'? [-Wimplicit-function-declaration]
   RCC_USART2_CLK_Reset();
   ^~~~~~~~~~~~~~~~~~~~
   RCC_AFIO_CLK_EN
../STM32F103C6_Drivers/MCAL/STM32F103C6_USART_Drivers.c:142:3: error: 'NVIC_IRQ38_USART2_Disable' undeclared (first use in this function); did you mean 'NVIC_IRQ37_USART1_Disable'?
   NVIC_IRQ38_USART2_Disable;
   ^~~~~~~~~~~~~~~~~~~~~~~~~
   NVIC_IRQ37_USART1_Disable
../STM32F103C6_Drivers/MCAL/STM32F103C6_USART_Drivers.c:144:21: error: 'USART3' undeclared (first use in this function); did you mean 'USART2'?
  else if( USARTx == USART3)
                     ^~~~~~
                     USART2
../STM32F103C6_Drivers/MCAL/STM32F103C6_USART_Drivers.c:146:3: warning: implicit declaration of function 'RCC_USART3_CLK_Reset'; did you mean 'RCC_AFIO_CLK_EN'? [-Wimplicit-function-declaration]
   RCC_USART3_CLK_Reset();
   ^~~~~~~~~~~~~~~~~~~~
   RCC_AFIO_CLK_EN
../STM32F103C6_Drivers/MCAL/STM32F103C6_USART_Drivers.c:147:3: error: 'NVIC_IRQ39_USART3_Disable' undeclared (first use in this function); did you mean 'NVIC_IRQ38_USART2_Disable'?
   NVIC_IRQ39_USART3_Disable;
   ^~~~~~~~~~~~~~~~~~~~~~~~~
   NVIC_IRQ38_USART2_Disable
../STM32F103C6_Drivers/MCAL/STM32F103C6_USART_Drivers.c: In function 'MCAL_UART_GPIO_Set_Pins':
../STM32F103C6_Drivers/MCAL/STM32F103C6_USART_Drivers.c:268:17: error: 'USART1' undeclared (first use in this function); did you mean 'USARTx'?
  if ( USARTx == USART1)
                 ^~~~~~
                 USARTx
../STM32F103C6_Drivers/MCAL/STM32F103C6_USART_Drivers.c:278:10: error: 'GPIO_PinConfig_t {aka struct <anonymous>}' has no member named 'GPIO_Mode'; did you mean 'GPIO_MODE'?
   PinCfg.GPIO_Mode = GPIO_MODE_OUTPUT_AF_PP;
          ^~~~~~~~~
          GPIO_MODE
../STM32F103C6_Drivers/MCAL/STM32F103C6_USART_Drivers.c:279:9: error: 'GPIO_PinConfig_t {aka struct <anonymous>}' has no member named 'GPIO_Output_Speed'
   PinCfg.GPIO_Output_Speed = GPIO_Speed_10M;
         ^
../STM32F103C6_Drivers/MCAL/STM32F103C6_USART_Drivers.c:279:30: error: 'GPIO_Speed_10M' undeclared (first use in this function); did you mean 'GPIO_SPEED_10M'?
   PinCfg.GPIO_Output_Speed = GPIO_Speed_10M;
                              ^~~~~~~~~~~~~~
                              GPIO_SPEED_10M
../STM32F103C6_Drivers/MCAL/STM32F103C6_USART_Drivers.c:284:10: error: 'GPIO_PinConfig_t {aka struct <anonymous>}' has no member named 'GPIO_Mode'; did you mean 'GPIO_MODE'?
   PinCfg.GPIO_Mode = GPIO_MODE_AF_INPUT;
          ^~~~~~~~~
          GPIO_MODE
../STM32F103C6_Drivers/MCAL/STM32F103C6_USART_Drivers.c:285:9: error: 'GPIO_PinConfig_t {aka struct <anonymous>}' has no member named 'GPIO_Output_Speed'
   PinCfg.GPIO_Output_Speed = GPIO_Speed_10M;
         ^
../STM32F103C6_Drivers/MCAL/STM32F103C6_USART_Drivers.c:291:11: error: 'GPIO_PinConfig_t {aka struct <anonymous>}' has no member named 'GPIO_Mode'; did you mean 'GPIO_MODE'?
    PinCfg.GPIO_Mode = GPIO_MODE_INPUT_FLO;
           ^~~~~~~~~
           GPIO_MODE
../STM32F103C6_Drivers/MCAL/STM32F103C6_USART_Drivers.c:292:10: error: 'GPIO_PinConfig_t {aka struct <anonymous>}' has no member named 'GPIO_Output_Speed'
    PinCfg.GPIO_Output_Speed = GPIO_Speed_10M;
          ^
../STM32F103C6_Drivers/MCAL/STM32F103C6_USART_Drivers.c:300:11: error: 'GPIO_PinConfig_t {aka struct <anonymous>}' has no member named 'GPIO_Mode'; did you mean 'GPIO_MODE'?
    PinCfg.GPIO_Mode = GPIO_MODE_OUTPUT_AF_PP;
           ^~~~~~~~~
           GPIO_MODE
../STM32F103C6_Drivers/MCAL/STM32F103C6_USART_Drivers.c:301:10: error: 'GPIO_PinConfig_t {aka struct <anonymous>}' has no member named 'GPIO_Output_Speed'
    PinCfg.GPIO_Output_Speed = GPIO_Speed_10M;
          ^
../STM32F103C6_Drivers/MCAL/STM32F103C6_USART_Drivers.c:305:22: error: 'USART2' undeclared (first use in this function); did you mean 'USART1'?
  else if ( USARTx == USART2)
                      ^~~~~~
                      USART1
../STM32F103C6_Drivers/MCAL/STM32F103C6_USART_Drivers.c:315:10: error: 'GPIO_PinConfig_t {aka struct <anonymous>}' has no member named 'GPIO_Mode'; did you mean 'GPIO_MODE'?
   PinCfg.GPIO_Mode = GPIO_MODE_OUTPUT_AF_PP;
          ^~~~~~~~~
          GPIO_MODE
../STM32F103C6_Drivers/MCAL/STM32F103C6_USART_Drivers.c:316:9: error: 'GPIO_PinConfig_t {aka struct <anonymous>}' has no member named 'GPIO_Output_Speed'
   PinCfg.GPIO_Output_Speed = GPIO_Speed_10M;
         ^
../STM32F103C6_Drivers/MCAL/STM32F103C6_USART_Drivers.c:321:10: error: 'GPIO_PinConfig_t {aka struct <anonymous>}' has no member named 'GPIO_Mode'; did you mean 'GPIO_MODE'?
   PinCfg.GPIO_Mode = GPIO_MODE_AF_INPUT;
          ^~~~~~~~~
          GPIO_MODE
../STM32F103C6_Drivers/MCAL/STM32F103C6_USART_Drivers.c:322:9: error: 'GPIO_PinConfig_t {aka struct <anonymous>}' has no member named 'GPIO_Output_Speed'
   PinCfg.GPIO_Output_Speed = GPIO_Speed_10M;
         ^
../STM32F103C6_Drivers/MCAL/STM32F103C6_USART_Drivers.c:328:11: error: 'GPIO_PinConfig_t {aka struct <anonymous>}' has no member named 'GPIO_Mode'; did you mean 'GPIO_MODE'?
    PinCfg.GPIO_Mode = GPIO_MODE_INPUT_FLO;
           ^~~~~~~~~
           GPIO_MODE
../STM32F103C6_Drivers/MCAL/STM32F103C6_USART_Drivers.c:329:10: error: 'GPIO_PinConfig_t {aka struct <anonymous>}' has no member named 'GPIO_Output_Speed'
    PinCfg.GPIO_Output_Speed = GPIO_Speed_10M;
          ^
../STM32F103C6_Drivers/MCAL/STM32F103C6_USART_Drivers.c:337:11: error: 'GPIO_PinConfig_t {aka struct <anonymous>}' has no member named 'GPIO_Mode'; did you mean 'GPIO_MODE'?
    PinCfg.GPIO_Mode = GPIO_MODE_OUTPUT_AF_PP;
           ^~~~~~~~~
           GPIO_MODE
../STM32F103C6_Drivers/MCAL/STM32F103C6_USART_Drivers.c:338:10: error: 'GPIO_PinConfig_t {aka struct <anonymous>}' has no member named 'GPIO_Output_Speed'
    PinCfg.GPIO_Output_Speed = GPIO_Speed_10M;
          ^
../STM32F103C6_Drivers/MCAL/STM32F103C6_USART_Drivers.c:343:22: error: 'USART3' undeclared (first use in this function); did you mean 'USART2'?
  else if ( USARTx == USART3)
                      ^~~~~~
                      USART2
../STM32F103C6_Drivers/MCAL/STM32F103C6_USART_Drivers.c:353:10: error: 'GPIO_PinConfig_t {aka struct <anonymous>}' has no member named 'GPIO_Mode'; did you mean 'GPIO_MODE'?
   PinCfg.GPIO_Mode = GPIO_MODE_OUTPUT_AF_PP;
          ^~~~~~~~~
          GPIO_MODE
../STM32F103C6_Drivers/MCAL/STM32F103C6_USART_Drivers.c:354:9: error: 'GPIO_PinConfig_t {aka struct <anonymous>}' has no member named 'GPIO_Output_Speed'
   PinCfg.GPIO_Output_Speed = GPIO_Speed_10M;
         ^
../STM32F103C6_Drivers/MCAL/STM32F103C6_USART_Drivers.c:359:10: error: 'GPIO_PinConfig_t {aka struct <anonymous>}' has no member named 'GPIO_Mode'; did you mean 'GPIO_MODE'?
   PinCfg.GPIO_Mode = GPIO_MODE_AF_INPUT;
          ^~~~~~~~~
          GPIO_MODE
../STM32F103C6_Drivers/MCAL/STM32F103C6_USART_Drivers.c:360:9: error: 'GPIO_PinConfig_t {aka struct <anonymous>}' has no member named 'GPIO_Output_Speed'
   PinCfg.GPIO_Output_Speed = GPIO_Speed_10M;
         ^
../STM32F103C6_Drivers/MCAL/STM32F103C6_USART_Drivers.c:366:11: error: 'GPIO_PinConfig_t {aka struct <anonymous>}' has no member named 'GPIO_Mode'; did you mean 'GPIO_MODE'?
    PinCfg.GPIO_Mode = GPIO_MODE_INPUT_FLO;
           ^~~~~~~~~
           GPIO_MODE
../STM32F103C6_Drivers/MCAL/STM32F103C6_USART_Drivers.c:367:10: error: 'GPIO_PinConfig_t {aka struct <anonymous>}' has no member named 'GPIO_Output_Speed'
    PinCfg.GPIO_Output_Speed = GPIO_Speed_10M;
          ^
../STM32F103C6_Drivers/MCAL/STM32F103C6_USART_Drivers.c:375:11: error: 'GPIO_PinConfig_t {aka struct <anonymous>}' has no member named 'GPIO_Mode'; did you mean 'GPIO_MODE'?
    PinCfg.GPIO_Mode = GPIO_MODE_OUTPUT_AF_PP;
           ^~~~~~~~~
           GPIO_MODE
../STM32F103C6_Drivers/MCAL/STM32F103C6_USART_Drivers.c:376:10: error: 'GPIO_PinConfig_t {aka struct <anonymous>}' has no member named 'GPIO_Output_Speed'
    PinCfg.GPIO_Output_Speed = GPIO_Speed_10M;
          ^
make: *** [STM32F103C6_Drivers/MCAL/subdir.mk:33: STM32F103C6_Drivers/MCAL/STM32F103C6_USART_Drivers.o] Error 1
"make -j16 all" terminated with exit code 2. Build might be incomplete.
21:25:31 **** Incremental Build of configuration Debug for project Drivers ****
make -j16 all 
arm-none-eabi-gcc "../STM32F103C6_Drivers/MCAL/STM32F103C6_USART_Drivers.c" -mcpu=cortex-m3 -std=gnu11 -g3 -DSTM32 -DSTM32F1 -DSTM32F103C6Tx -DDEBUG -c -I../Inc -I"D:/Keroll/Second term/Unit 8 MCU Interfacing/Labs/Lab Finals/STM32_USART_Driver/Drivers/STM32F103C6_Drivers/inc" -O0 -ffunction-sections -fdata-sections -Wall -fstack-usage -MMD -MP -MF"STM32F103C6_Drivers/MCAL/STM32F103C6_USART_Drivers.d" -MT"STM32F103C6_Drivers/MCAL/STM32F103C6_USART_Drivers.o" --specs=nano.specs -mfloat-abi=soft -mthumb -o "STM32F103C6_Drivers/MCAL/STM32F103C6_USART_Drivers.o"
../STM32F103C6_Drivers/MCAL/STM32F103C6_USART_Drivers.c: In function 'MCAL_UART_Init':
../STM32F103C6_Drivers/MCAL/STM32F103C6_USART_Drivers.c:49:16: error: 'USART1' undeclared (first use in this function); did you mean 'USARTx'?
  if( USARTx == USART1 )
                ^~~~~~
                USARTx
../STM32F103C6_Drivers/MCAL/STM32F103C6_USART_Drivers.c:49:16: note: each undeclared identifier is reported only once for each function it appears in
../STM32F103C6_Drivers/MCAL/STM32F103C6_USART_Drivers.c:51:3: warning: implicit declaration of function 'RCC_USART1_CLK_EN'; did you mean 'RCC_AFIO_CLK_EN'? [-Wimplicit-function-declaration]
   RCC_USART1_CLK_EN();
   ^~~~~~~~~~~~~~~~~
   RCC_AFIO_CLK_EN
../STM32F103C6_Drivers/MCAL/STM32F103C6_USART_Drivers.c:53:21: error: 'USART2' undeclared (first use in this function); did you mean 'USART1'?
  else if( USARTx == USART2 )
                     ^~~~~~
                     USART1
../STM32F103C6_Drivers/MCAL/STM32F103C6_USART_Drivers.c:55:3: warning: implicit declaration of function 'RCC_USART2_CLK_EN'; did you mean 'RCC_AFIO_CLK_EN'? [-Wimplicit-function-declaration]
   RCC_USART2_CLK_EN();
   ^~~~~~~~~~~~~~~~~
   RCC_AFIO_CLK_EN
../STM32F103C6_Drivers/MCAL/STM32F103C6_USART_Drivers.c:57:21: error: 'USART3' undeclared (first use in this function); did you mean 'USART2'?
  else if( USARTx == USART3 )
                     ^~~~~~
                     USART2
../STM32F103C6_Drivers/MCAL/STM32F103C6_USART_Drivers.c:59:3: warning: implicit declaration of function 'RCC_USART3_CLK_EN'; did you mean 'RCC_AFIO_CLK_EN'? [-Wimplicit-function-declaration]
   RCC_USART3_CLK_EN();
   ^~~~~~~~~~~~~~~~~
   RCC_AFIO_CLK_EN
[...]
   MCAL_UART_SendData(USART1, &ch, Enable);
                              ^
In file included from ../Src/main.c:27:0:
D:/Keroll/Second term/Unit 8 MCU Interfacing/Labs/Lab Finals/STM32_USART_Driver/Drivers/STM32F103C6_Drivers/inc/STM32F103C6_USART_Drivers.h:147:6: note: expected 'uint16_t * {aka short unsigned int *}' but argument is of type 'unsigned char *'
 void MCAL_UART_SendData(USART_Typedef* USARTx, uint16_t *pTxBuffer, enum Polling_mechism PollingEn);
      ^~~~~~~~~~~~~~~~~~
../Src/main.c: In function 'Ahmed_UART_IRQ_CallBack':
../Src/main.c:75:32: warning: passing argument 2 of 'MCAL_UART_ReceiveData' from incompatible pointer type [-Wincompatible-pointer-types]
  MCAL_UART_ReceiveData(USART1, &ch, Disable);
                                ^
In file included from ../Src/main.c:27:0:
D:/Keroll/Second term/Unit 8 MCU Interfacing/Labs/Lab Finals/STM32_USART_Driver/Drivers/STM32F103C6_Drivers/inc/STM32F103C6_USART_Drivers.h:148:6: note: expected 'uint16_t * {aka short unsigned int *}' but argument is of type 'unsigned char *'
 void MCAL_UART_ReceiveData(USART_Typedef* USARTx, uint16_t *pRxBuffer, enum Polling_mechism PollingEn);
      ^~~~~~~~~~~~~~~~~~~~~
../Src/main.c:76:29: warning: passing argument 2 of 'MCAL_UART_SendData' from incompatible pointer type [-Wincompatible-pointer-types]
  MCAL_UART_SendData(USART1, &ch, Disable);
                             ^
In file included from ../Src/main.c:27:0:
D:/Keroll/Second term/Unit 8 MCU Interfacing/Labs/Lab Finals/STM32_USART_Driver/Drivers/STM32F103C6_Drivers/inc/STM32F103C6_USART_Drivers.h:147:6: note: expected 'uint16_t * {aka short unsigned int *}' but argument is of type 'unsigned char *'
 void MCAL_UART_SendData(USART_Typedef* USARTx, uint16_t *pTxBuffer, enum Polling_mechism PollingEn);
      ^~~~~~~~~~~~~~~~~~
arm-none-eabi-gcc -gdwarf-2 -o "Drivers.elf" @"objects.list"   -mcpu=cortex-m3 -T"D:\Keroll\Second term\Unit 8 MCU Interfacing\Labs\Lab Finals\STM32_USART_Driver\Drivers\STM32F103C6TX_FLASH.ld" --specs=nosys.specs -Wl,-Map="Drivers.map" -Wl,--gc-sections -static --specs=nano.specs -mfloat-abi=soft -mthumb -Wl,--start-group -lc -lm -Wl,--end-group
Finished building target: Drivers.elf
 
arm-none-eabi-objdump -h -S  Drivers.elf  > "Drivers.list"
arm-none-eabi-objcopy  -O ihex  Drivers.elf  "Drivers.hex"
arm-none-eabi-objcopy  -O binary  Drivers.elf  "Drivers.bin"
arm-none-eabi-size   Drivers.elf 
   text	   data	    bss	    dec	    hex	filename
   2508	      8	   1632	   4148	   1034	Drivers.elf
Finished building: default.size.stdout
 
Finished building: Drivers.hex
Finished building: Drivers.list
Finished building: Drivers.bin
 
 
 
10:59:24 **** Incremental Build of configuration Debug for project Drivers ****
make -j16 all 
arm-none-eabi-gcc -gdwarf-2 "../Src/main.c" -mcpu=cortex-m3 -std=gnu11 -g3 -DSTM32 -DSTM32F1 -DSTM32F103C6Tx -DDEBUG -c -I../Inc -I"D:/Keroll/Second term/Unit 8 MCU Interfacing/Labs/Lab Finals/STM32_USART_Driver/Drivers/STM32F103C6_Drivers/inc" -O0 -ffunction-sections -fdata-sections -Wall -fstack-usage -MMD -MP -MF"Src/main.d" -MT"Src/main.o" --specs=nano.specs -mfloat-abi=soft -mthumb -o "Src/main.o"
../Src/main.c: In function 'UART_Init_test1':
../Src/main.c:68:33: warning: passing argument 2 of 'MCAL_UART_ReceiveData' from incompatible pointer type [-Wincompatible-pointer-types]
   MCAL_UART_ReceiveData(USART1, &ch, Enable);
                                 ^
In file included from ../Src/main.c:27:0:
D:/Keroll/Second term/Unit 8 MCU Interfacing/Labs/Lab Finals/STM32_USART_Driver/Drivers/STM32F103C6_Drivers/inc/STM32F103C6_USART_Drivers.h:148:6: note: expected 'uint16_t * {aka short unsigned int *}' but argument is of type 'unsigned char *'
 void MCAL_UART_ReceiveData(USART_Typedef* USARTx, uint16_t *pRxBuffer, enum Polling_mechism PollingEn);
      ^~~~~~~~~~~~~~~~~~~~~
../Src/main.c:69:30: warning: passing argument 2 of 'MCAL_UART_SendData' from incompatible pointer type [-Wincompatible-pointer-types]
   MCAL_UART_SendData(USART1, &ch, Enable);
                              ^
In file included from ../Src/main.c:27:0:
D:/Keroll/Second term/Unit 8 MCU Interfacing/Labs/Lab Finals/STM32_USART_Driver/Drivers/STM32F103C6_Drivers/inc/STM32F103C6_USART_Drivers.h:147:6: note: expected 'uint16_t * {aka short unsigned int *}' but argument is of type 'unsigned char *'
 void MCAL_UART_SendData(USART_Typedef* USARTx, uint16_t *pTxBuffer, enum Polling_mechism PollingEn);
      ^~~~~~~~~~~~~~~~~~
../Src/main.c: In function 'Ahmed_UART_IRQ_CallBack':
../Src/main.c:75:32: warning: passing argument 2 of 'MCAL_UART_ReceiveData' from incompatible pointer type [-Wincompatible-pointer-types]
  MCAL_UART_ReceiveData(USART1, &ch, Disable);
                                ^
In file included from ../Src/main.c:27:0:
D:/Keroll/Second term/Unit 8 MCU Interfacing/Labs/Lab Finals/STM32_USART_Driver/Drivers/STM32F103C6_Drivers/inc/STM32F103C6_USART_Drivers.h:148:6: note: expected 'uint16_t * {aka short unsigned int *}' but argument is of type 'unsigned char *'
 void MCAL_UART_ReceiveData(USART_Typedef* USARTx, uint16_t *pRxBuffer, enum Polling_mechism PollingEn);
      ^~~~~~~~~~~~~~~~~~~~~
../Src/main.c:76:29: warning: passing argument 2 of 'MCAL_UART_SendData' from incompatible pointer type [-Wincompatible-pointer-types]
  MCAL_UART_SendData(USART1, &ch, Enable);
                             ^
In file included from ../Src/main.c:27:0:
D:/Keroll/Second term/Unit 8 MCU Interfacing/Labs/Lab Finals/STM32_USART_Driver/Drivers/STM32F103C6_Drivers/inc/STM32F103C6_USART_Drivers.h:147:6: note: expected 'uint16_t * {aka short unsigned int *}' but argument is of type 'unsigned char *'
 void MCAL_UART_SendData(USART_Typedef* USARTx, uint16_t *pTxBuffer, enum Polling_mechism PollingEn);
      ^~~~~~~~~~~~~~~~~~
arm-none-eabi-gcc -gdwarf-2 -o "Drivers.elf" @"objects.list"   -mcpu=cortex-m3 -T"D:\Keroll\Second term\Unit 8 MCU Interfacing\Labs\Lab Finals\STM32_USART_Driver\Drivers\STM32F103C6TX_FLASH.ld" --specs=nosys.specs -Wl,-Map="Drivers.map" -Wl,--gc-sections -static --specs=nano.specs -mfloat-abi=soft -mthumb -Wl,--start-group -lc -lm -Wl,--end-group
Finished building target: Drivers.elf
 
arm-none-eabi-objdump -h -S  Drivers.elf  > "Drivers.list"
arm-none-eabi-objcopy  -O ihex  Drivers.elf  "Drivers.hex"
arm-none-eabi-objcopy  -O binary  Drivers.elf  "Drivers.bin"
arm-none-eabi-size   Drivers.elf 
   text	   data	    bss	    dec	    hex	filename
   2508	      8	   1632	   4148	   1034	Drivers.elf
Finished building: default.size.stdout
 
Finished building: Drivers.hex
Finished building: Drivers.bin
Finished building: Drivers.list
 
 
 
11:03:15 **** Incremental Build of configuration Debug for project Drivers ****
make -j16 all 
arm-none-eabi-gcc -gdwarf-2 "../Src/main.c" -mcpu=cortex-m3 -std=gnu11 -g3 -DSTM32 -DSTM32F1 -DSTM32F103C6Tx -DDEBUG -c -I../Inc -I"D:/Keroll/Second term/Unit 8 MCU Interfacing/Labs/Lab Finals/STM32_USART_Driver/Drivers/STM32F103C6_Drivers/inc" -O0 -ffunction-sections -fdata-sections -Wall -fstack-usage -MMD -MP -MF"Src/main.d" -MT"Src/main.o" --specs=nano.specs -mfloat-abi=soft -mthumb -o "Src/main.o"
../Src/main.c: In function 'UART_Init_test1':
../Src/main.c:68:33: warning: passing argument 2 of 'MCAL_UART_ReceiveData' from incompatible pointer type [-Wincompatible-pointer-types]
   MCAL_UART_ReceiveData(USART1, &ch, Enable);
                                 ^
In file included from ../Src/main.c:27:0:
D:/Keroll/Second term/Unit 8 MCU Interfacing/Labs/Lab Finals/STM32_USART_Driver/Drivers/STM32F103C6_Drivers/inc/STM32F103C6_USART_Drivers.h:148:6: note: expected 'uint16_t * {aka short unsigned int *}' but argument is of type 'unsigned char *'
 void MCAL_UART_ReceiveData(USART_Typedef* USARTx, uint16_t *pRxBuffer, enum Polling_mechism PollingEn);
      ^~~~~~~~~~~~~~~~~~~~~
../Src/main.c:69:30: warning: passing argument 2 of 'MCAL_UART_SendData' from incompatible pointer type [-Wincompatible-pointer-types]
   MCAL_UART_SendData(USART1, &ch, Enable);
                              ^
In file included from ../Src/main.c:27:0:
D:/Keroll/Second term/Unit 8 MCU Interfacing/Labs/Lab Finals/STM32_USART_Driver/Drivers/STM32F103C6_Drivers/inc/STM32F103C6_USART_Drivers.h:147:6: note: expected 'uint16_t * {aka short unsigned int *}' but argument is of type 'unsigned char *'
 void MCAL_UART_SendData(USART_Typedef* USARTx, uint16_t *pTxBuffer, enum Polling_mechism PollingEn);
      ^~~~~~~~~~~~~~~~~~
../Src/main.c: In function 'Ahmed_UART_IRQ_CallBack':
../Src/main.c:75:32: warning: passing argument 2 of 'MCAL_UART_ReceiveData' from incompatible pointer type [-Wincompatible-pointer-types]
  MCAL_UART_ReceiveData(USART1, &ch, Disable);
                                ^
In file included from ../Src/main.c:27:0:
D:/Keroll/Second term/Unit 8 MCU Interfacing/Labs/Lab Finals/STM32_USART_Driver/Drivers/STM32F103C6_Drivers/inc/STM32F103C6_USART_Drivers.h:148:6: note: expected 'uint16_t * {aka short unsigned int *}' but argument is of type 'unsigned char *'
 void MCAL_UART_ReceiveData(USART_Typedef* USARTx, uint16_t *pRxBuffer, enum Polling_mechism PollingEn);
      ^~~~~~~~~~~~~~~~~~~~~
../Src/main.c:76:29: warning: passing argument 2 of 'MCAL_UART_SendData' from incompatible pointer type [-Wincompatible-pointer-types]
  MCAL_UART_SendData(USART1, &ch, Enable);
                             ^
In file included from ../Src/main.c:27:0:
D:/Keroll/Second term/Unit 8 MCU Interfacing/Labs/Lab Finals/STM32_USART_Driver/Drivers/STM32F103C6_Drivers/inc/STM32F103C6_USART_Drivers.h:147:6: note: expected 'uint16_t * {aka short unsigned int *}' but argument is of type 'unsigned char *'
 void MCAL_UART_SendData(USART_Typedef* USARTx, uint16_t *pTxBuffer, enum Polling_mechism PollingEn);
      ^~~~~~~~~~~~~~~~~~
arm-none-eabi-gcc -gdwarf-2 -o "Drivers.elf" @"objects.list"   -mcpu=cortex-m3 -T"D:\Keroll\Second term\Unit 8 MCU Interfacing\Labs\Lab Finals\STM32_USART_Driver\Drivers\STM32F103C6TX_FLASH.ld" --specs=nosys.specs -Wl,-Map="Drivers.map" -Wl,--gc-sections -static --specs=nano.specs -mfloat-abi=soft -mthumb -Wl,--start-group -lc -lm -Wl,--end-group
Finished building target: Drivers.elf
 
arm-none-eabi-objdump -h -S  Drivers.elf  > "Drivers.list"
arm-none-eabi-objcopy  -O ihex  Drivers.elf  "Drivers.hex"
arm-none-eabi-objcopy  -O binary  Drivers.elf  "Drivers.bin"
arm-none-eabi-size   Drivers.elf 
   text	   data	    bss	    dec	    hex	filename
   2492	      8	   1632	   4132	   1024	Drivers.elf
Finished building: default.size.stdout
 
Finished building: Drivers.hex
Finished building: Drivers.bin
Finished building: Drivers.list
 
 
 
11:06:16 **** Incremental Build of configuration Debug for project Drivers ****
make -j16 all 
arm-none-eabi-gcc -gdwarf-2 "../Src/main.c" -mcpu=cortex-m3 -std=gnu11 -g3 -DSTM32 -DSTM32F1 -DSTM32F103C6Tx -DDEBUG -c -I../Inc -I"D:/Keroll/Second term/Unit 8 MCU Interfacing/Labs/Lab Finals/STM32_USART_Driver/Drivers/STM32F103C6_Drivers/inc" -O0 -ffunction-sections -fdata-sections -Wall -fstack-usage -MMD -MP -MF"Src/main.d" -MT"Src/main.o" --specs=nano.specs -mfloat-abi=soft -mthumb -o "Src/main.o"
../Src/main.c: In function 'UART_Init_test1':
../Src/main.c:68:33: warning: passing argument 2 of 'MCAL_UART_ReceiveData' from incompatible pointer type [-Wincompatible-pointer-types]
   MCAL_UART_ReceiveData(USART1, &ch, Enable);
                                 ^
In file included from ../Src/main.c:27:0:
D:/Keroll/Second term/Unit 8 MCU Interfacing/Labs/Lab Finals/STM32_USART_Driver/Drivers/STM32F103C6_Drivers/inc/STM32F103C6_USART_Drivers.h:148:6: note: expected 'uint16_t * {aka short unsigned int *}' but argument is of type 'unsigned char *'
 void MCAL_UART_ReceiveData(USART_Typedef* USARTx, uint16_t *pRxBuffer, enum Polling_mechism PollingEn);
      ^~~~~~~~~~~~~~~~~~~~~
../Src/main.c:69:30: warning: passing argument 2 of 'MCAL_UART_SendData' from incompatible pointer type [-Wincompatible-pointer-types]
   MCAL_UART_SendData(USART1, &ch, Enable);
                              ^
In file included from ../Src/main.c:27:0:
D:/Keroll/Second term/Unit 8 MCU Interfacing/Labs/Lab Finals/STM32_USART_Driver/Drivers/STM32F103C6_Drivers/inc/STM32F103C6_USART_Drivers.h:147:6: note: expected 'uint16_t * {aka short unsigned int *}' but argument is of type 'unsigned char *'
 void MCAL_UART_SendData(USART_Typedef* USARTx, uint16_t *pTxBuffer, enum Polling_mechism PollingEn);
      ^~~~~~~~~~~~~~~~~~
../Src/main.c: In function 'Ahmed_UART_IRQ_CallBack':
../Src/main.c:75:32: warning: passing argument 2 of 'MCAL_UART_ReceiveData' from incompatible pointer type [-Wincompatible-pointer-types]
  MCAL_UART_ReceiveData(USART1, &ch, Disable);
                                ^
In file included from ../Src/main.c:27:0:
D:/Keroll/Second term/Unit 8 MCU Interfacing/Labs/Lab Finals/STM32_USART_Driver/Drivers/STM32F103C6_Drivers/inc/STM32F103C6_USART_Drivers.h:148:6: note: expected 'uint16_t * {aka short unsigned int *}' but argument is of type 'unsigned char *'
 void MCAL_UART_ReceiveData(USART_Typedef* USARTx, uint16_t *pRxBuffer, enum Polling_mechism PollingEn);
      ^~~~~~~~~~~~~~~~~~~~~
../Src/main.c:76:29: warning: passing argument 2 of 'MCAL_UART_SendData' from incompatible pointer type [-Wincompatible-pointer-types]
  MCAL_UART_SendData(USART1, &ch, Enable);
                             ^
In file included from ../Src/main.c:27:0:
D:/Keroll/Second term/Unit 8 MCU Interfacing/Labs/Lab Finals/STM32_USART_Driver/Drivers/STM32F103C6_Drivers/inc/STM32F103C6_USART_Drivers.h:147:6: note: expected 'uint16_t * {aka short unsigned int *}' but argument is of type 'unsigned char *'
 void MCAL_UART_SendData(USART_Typedef* USARTx, uint16_t *pTxBuffer, enum Polling_mechism PollingEn);
      ^~~~~~~~~~~~~~~~~~
arm-none-eabi-gcc -gdwarf-2 -o "Drivers.elf" @"objects.list"   -mcpu=cortex-m3 -T"D:\Keroll\Second term\Unit 8 MCU Interfacing\Labs\Lab Finals\STM32_USART_Driver\Drivers\STM32F103C6TX_FLASH.ld" --specs=nosys.specs -Wl,-Map="Drivers.map" -Wl,--gc-sections -static --specs=nano.specs -mfloat-abi=soft -mthumb -Wl,--start-group -lc -lm -Wl,--end-group
Finished building target: Drivers.elf
 
arm-none-eabi-objdump -h -S  Drivers.elf  > "Drivers.list"
arm-none-eabi-objcopy  -O ihex  Drivers.elf  "Drivers.hex"
arm-none-eabi-objcopy  -O binary  Drivers.elf  "Drivers.bin"
arm-none-eabi-size   Drivers.elf 
   text	   data	    bss	    dec	    hex	filename
   2508	      8	   1632	   4148	   1034	Drivers.elf
Finished building: default.size.stdout
 
Finished building: Drivers.hex
Finished building: Drivers.bin
Finished building: Drivers.list
 
 
 
06:45:17 **** Incremental Build of configuration Debug for project Drivers ****
make -j16 all 
arm-none-eabi-gcc -gdwarf-2 "../STM32F103C6_Drivers/HAL/LCD.c" -mcpu=cortex-m3 -std=gnu11 -g3 -DSTM32 -DSTM32F1 -DSTM32F103C6Tx -DDEBUG -c -I../Inc -I"D:/Keroll/Second term/Unit 8 MCU Interfacing/Labs/Lab Finals/STM32_USART_Driver/Drivers/STM32F103C6_Drivers/inc" -O0 -ffunction-sections -fdata-sections -Wall -fstack-usage -MMD -MP -MF"STM32F103C6_Drivers/HAL/LCD.d" -MT"STM32F103C6_Drivers/HAL/LCD.o" --specs=nano.specs -mfloat-abi=soft -mthumb -o "STM32F103C6_Drivers/HAL/LCD.o"
arm-none-eabi-gcc -gdwarf-2 "../STM32F103C6_Drivers/MCAL/STM32F103C6_USART_Drivers.c" -mcpu=cortex-m3 -std=gnu11 -g3 -DSTM32 -DSTM32F1 -DSTM32F103C6Tx -DDEBUG -c -I../Inc -I"D:/Keroll/Second term/Unit 8 MCU Interfacing/Labs/Lab Finals/STM32_USART_Driver/Drivers/STM32F103C6_Drivers/inc" -O0 -ffunction-sections -fdata-sections -Wall -fstack-usage -MMD -MP -MF"STM32F103C6_Drivers/MCAL/STM32F103C6_USART_Drivers.d" -MT"STM32F103C6_Drivers/MCAL/STM32F103C6_USART_Drivers.o" --specs=nano.specs -mfloat-abi=soft -mthumb -o "STM32F103C6_Drivers/MCAL/STM32F103C6_USART_Drivers.o"
../STM32F103C6_Drivers/HAL/LCD.c:24:20: error: unknown type name 'LCD_Config'; did you mean 'LCD_CTRL'?
 void LCD_GPIO_Init(LCD_Config *LCD_Config)
                    ^~~~~~~~~~
                    LCD_CTRL
../STM32F103C6_Drivers/HAL/LCD.c:102:15: error: unknown type name 'LCD_Config'; did you mean 'LCD_CTRL'?
 void LCD_Init(LCD_Config *LCD_Config)
               ^~~~~~~~~~
               LCD_CTRL
../STM32F103C6_Drivers/HAL/LCD.c:126:24: error: unknown type name 'LCD_Config'; did you mean 'LCD_CTRL'?
 void LCD_Write_Command(LCD_Config *LCD_Config,uint8_t cmd)
                        ^~~~~~~~~~
                        LCD_CTRL
../STM32F103C6_Drivers/HAL/LCD.c:159:21: error: unknown type name 'LCD_Config'; did you mean 'LCD_CTRL'?
 void LCD_Write_Char(LCD_Config *LCD_Config,uint8_t ch)
                     ^~~~~~~~~~
                     LCD_CTRL
../STM32F103C6_Drivers/HAL/LCD.c:198:27: error: unknown type name 'LCD_Config'; did you mean 'LCD_CTRL'?
 void LCD_Check_LCD_IsBusy(LCD_Config *LCD_Config)
                           ^~~~~~~~~~
                           LCD_CTRL
../STM32F103C6_Drivers/HAL/LCD.c:258:19: error: unknown type name 'LCD_Config'; did you mean 'LCD_CTRL'?
 void LCD_Lcd_kick(LCD_Config *LCD_Config)
                   ^~~~~~~~~~
                   LCD_CTRL
../STM32F103C6_Drivers/HAL/LCD.c:265:23: error: unknown type name 'LCD_Config'; did you mean 'LCD_CTRL'?
 void LCD_Clear_Screen(LCD_Config *LCD_Config)
                       ^~~~~~~~~~
                       LCD_CTRL
../STM32F103C6_Drivers/HAL/LCD.c:269:18: error: unknown type name 'LCD_Config'; did you mean 'LCD_CTRL'?
 void LCD_GOTO_XY(LCD_Config *LCD_Config,uint8_t line,uint8_t position)
                  ^~~~~~~~~~
                  LCD_CTRL
../STM32F103C6_Drivers/HAL/LCD.c:303:20: error: unknown type name 'LCD_Config'; did you mean 'LCD_CTRL'?
 void LCD_Write_Str(LCD_Config *LCD_Config,uint8_t *st)
                    ^~~~~~~~~~
                    LCD_CTRL
../STM32F103C6_Drivers/HAL/LCD.c:338:26: error: unknown type name 'LCD_Config'; did you mean 'LCD_CTRL'?
 void LCD_display_number (LCD_Config *LCD_Config,uint32_t Number)
                          ^~~~~~~~~~
                          LCD_CTRL
../STM32F103C6_Drivers/HAL/LCD.c:11:13: warning: 'delay_ms' defined but not used [-Wunused-function]
 static void delay_ms(uint32_t time)
             ^~~~~~~~
make: *** [STM32F103C6_Drivers/HAL/subdir.mk:26: STM32F103C6_Drivers/HAL/LCD.o] Error 1
make: *** Waiting for unfinished jobs....
"make -j16 all" terminated with exit code 2. Build might be incomplete.
06:46:50 **** Incremental Build of configuration Debug for project Drivers ****
make -j16 all 
arm-none-eabi-gcc -gdwarf-2 "../STM32F103C6_Drivers/HAL/LCD.c" -mcpu=cortex-m3 -std=gnu11 -g3 -DSTM32 -DSTM32F1 -DSTM32F103C6Tx -DDEBUG -c -I../Inc -I"D:/Keroll/Second term/Unit 8 MCU Interfacing/Labs/Lab Finals/STM32_USART_Driver/Drivers/STM32F103C6_Drivers/inc" -O0 -ffunction-sections -fdata-sections -Wall -fstack-usage -MMD -MP -MF"STM32F103C6_Drivers/HAL/LCD.d" -MT"STM32F103C6_Drivers/HAL/LCD.o" --specs=nano.specs -mfloat-abi=soft -mthumb -o "STM32F103C6_Drivers/HAL/LCD.o"
arm-none-eabi-gcc -gdwarf-2 -o "Drivers.elf" @"objects.list"   -mcpu=cortex-m3 -T"D:\Keroll\Second term\Unit 8 MCU Interfacing\Labs\Lab Finals\STM32_USART_Driver\Drivers\STM32F103C6TX_FLASH.ld" --specs=nosys.specs -Wl,-Map="Drivers.map" -Wl,--gc-sections -static --specs=nano.specs -mfloat-abi=soft -mthumb -Wl,--start-group -lc -lm -Wl,--end-group
Finished building target: Drivers.elf
 
arm-none-eabi-objdump -h -S  Drivers.elf  > "Drivers.list"
arm-none-eabi-objcopy  -O ihex  Drivers.elf  "Drivers.hex"
arm-none-eabi-objcopy  -O binary  Drivers.elf  "Drivers.bin"
arm-none-eabi-size   Drivers.elf 
   text	   data	    bss	    dec	    hex	filename
   2732	      8	   1640	   4380	   111c	Drivers.elf
Finished building: default.size.stdout
Finished building: Drivers.bin
Finished building: Drivers.hex
Finished building: Drivers.list
 
 
 
 
06:47:40 **** Incremental Build of configuration Debug for project Drivers ****
make -j16 all 
arm-none-eabi-size   Drivers.elf 
   text	   data	    bss	    dec	    hex	filename
   2732	      8	   1640	   4380	   111c	Drivers.elf
Finished building: default.size.stdout
 
