07:41:11 **** Build of configuration Debug for project Drivers ****
make -j16 all 
arm-none-eabi-gcc -gdwarf-2 -mcpu=cortex-m3 -g3 -c -x assembler-with-cpp -MMD -MP -MF"Startup/startup_stm32f103c6tx.d" -MT"Startup/startup_stm32f103c6tx.o" --specs=nano.specs -mfloat-abi=soft -mthumb -o "Startup/startup_stm32f103c6tx.o" "../Startup/startup_stm32f103c6tx.s"
arm-none-eabi-gcc -gdwarf-2 "../Src/main.c" -mcpu=cortex-m3 -std=gnu11 -g3 -DSTM32 -DSTM32F1 -DSTM32F103C6Tx -DDEBUG -c -I../Inc -I"D:/Keroll/Second term/Unit 8 MCU Interfacing/Labs/Lab Finals/STM32_I2C_Driver/Drivers/STM32F103C6_Drivers/inc" -O0 -ffunction-sections -fdata-sections -Wall -fstack-usage -MMD -MP -MF"Src/main.d" -MT"Src/main.o" --specs=nano.specs -mfloat-abi=soft -mthumb -o "Src/main.o"
arm-none-eabi-gcc -gdwarf-2 "../Src/syscalls.c" -mcpu=cortex-m3 -std=gnu11 -g3 -DSTM32 -DSTM32F1 -DSTM32F103C6Tx -DDEBUG -c -I../Inc -I"D:/Keroll/Second term/Unit 8 MCU Interfacing/Labs/Lab Finals/STM32_I2C_Driver/Drivers/STM32F103C6_Drivers/inc" -O0 -ffunction-sections -fdata-sections -Wall -fstack-usage -MMD -MP -MF"Src/syscalls.d" -MT"Src/syscalls.o" --specs=nano.specs -mfloat-abi=soft -mthumb -o "Src/syscalls.o"
arm-none-eabi-gcc -gdwarf-2 "../Src/sysmem.c" -mcpu=cortex-m3 -std=gnu11 -g3 -DSTM32 -DSTM32F1 -DSTM32F103C6Tx -DDEBUG -c -I../Inc -I"D:/Keroll/Second term/Unit 8 MCU Interfacing/Labs/Lab Finals/STM32_I2C_Driver/Drivers/STM32F103C6_Drivers/inc" -O0 -ffunction-sections -fdata-sections -Wall -fstack-usage -MMD -MP -MF"Src/sysmem.d" -MT"Src/sysmem.o" --specs=nano.specs -mfloat-abi=soft -mthumb -o "Src/sysmem.o"
arm-none-eabi-gcc -gdwarf-2 "../STM32F103C6_Drivers/MCAL/STM32F103C6_EXTI_Drivers.c" -mcpu=cortex-m3 -std=gnu11 -g3 -DSTM32 -DSTM32F1 -DSTM32F103C6Tx -DDEBUG -c -I../Inc -I"D:/Keroll/Second term/Unit 8 MCU Interfacing/Labs/Lab Finals/STM32_I2C_Driver/Drivers/STM32F103C6_Drivers/inc" -O0 -ffunction-sections -fdata-sections -Wall -fstack-usage -MMD -MP -MF"STM32F103C6_Drivers/MCAL/STM32F103C6_EXTI_Drivers.d" -MT"STM32F103C6_Drivers/MCAL/STM32F103C6_EXTI_Drivers.o" --specs=nano.specs -mfloat-abi=soft -mthumb -o "STM32F103C6_Drivers/MCAL/STM32F103C6_EXTI_Drivers.o"
arm-none-eabi-gcc -gdwarf-2 "../STM32F103C6_Drivers/MCAL/STM32F103C6_GPIO_Drivers.c" -mcpu=cortex-m3 -std=gnu11 -g3 -DSTM32 -DSTM32F1 -DSTM32F103C6Tx -DDEBUG -c -I../Inc -I"D:/Keroll/Second term/Unit 8 MCU Interfacing/Labs/Lab Finals/STM32_I2C_Driver/Drivers/STM32F103C6_Drivers/inc" -O0 -ffunction-sections -fdata-sections -Wall -fstack-usage -MMD -MP -MF"STM32F103C6_Drivers/MCAL/STM32F103C6_GPIO_Drivers.d" -MT"STM32F103C6_Drivers/MCAL/STM32F103C6_GPIO_Drivers.o" --specs=nano.specs -mfloat-abi=soft -mthumb -o "STM32F103C6_Drivers/MCAL/STM32F103C6_GPIO_Drivers.o"
arm-none-eabi-gcc -gdwarf-2 "../STM32F103C6_Drivers/MCAL/STM32F103C6_RCC_Drivers.c" -mcpu=cortex-m3 -std=gnu11 -g3 -DSTM32 -DSTM32F1 -DSTM32F103C6Tx -DDEBUG -c -I../Inc -I"D:/Keroll/Second term/Unit 8 MCU Interfacing/Labs/Lab Finals/STM32_I2C_Driver/Drivers/STM32F103C6_Drivers/inc" -O0 -ffunction-sections -fdata-sections -Wall -fstack-usage -MMD -MP -MF"STM32F103C6_Drivers/MCAL/STM32F103C6_RCC_Drivers.d" -MT"STM32F103C6_Drivers/MCAL/STM32F103C6_RCC_Drivers.o" --specs=nano.specs -mfloat-abi=soft -mthumb -o "STM32F103C6_Drivers/MCAL/STM32F103C6_RCC_Drivers.o"
arm-none-eabi-gcc -gdwarf-2 "../STM32F103C6_Drivers/MCAL/STM32F103C6_SPI_Drivers.c" -mcpu=cortex-m3 -std=gnu11 -g3 -DSTM32 -DSTM32F1 -DSTM32F103C6Tx -DDEBUG -c -I../Inc -I"D:/Keroll/Second term/Unit 8 MCU Interfacing/Labs/Lab Finals/STM32_I2C_Driver/Drivers/STM32F103C6_Drivers/inc" -O0 -ffunction-sections -fdata-sections -Wall -fstack-usage -MMD -MP -MF"STM32F103C6_Drivers/MCAL/STM32F103C6_SPI_Drivers.d" -MT"STM32F103C6_Drivers/MCAL/STM32F103C6_SPI_Drivers.o" --specs=nano.specs -mfloat-abi=soft -mthumb -o "STM32F103C6_Drivers/MCAL/STM32F103C6_SPI_Drivers.o"
arm-none-eabi-gcc -gdwarf-2 "../STM32F103C6_Drivers/MCAL/STM32F103C6_USART_Drivers.c" -mcpu=cortex-m3 -std=gnu11 -g3 -DSTM32 -DSTM32F1 -DSTM32F103C6Tx -DDEBUG -c -I../Inc -I"D:/Keroll/Second term/Unit 8 MCU Interfacing/Labs/Lab Finals/STM32_I2C_Driver/Drivers/STM32F103C6_Drivers/inc" -O0 -ffunction-sections -fdata-sections -Wall -fstack-usage -MMD -MP -MF"STM32F103C6_Drivers/MCAL/STM32F103C6_USART_Drivers.d" -MT"STM32F103C6_Drivers/MCAL/STM32F103C6_USART_Drivers.o" --specs=nano.specs -mfloat-abi=soft -mthumb -o "STM32F103C6_Drivers/MCAL/STM32F103C6_USART_Drivers.o"
arm-none-eabi-gcc -gdwarf-2 "../STM32F103C6_Drivers/HAL/KEYPAD.c" -mcpu=cortex-m3 -std=gnu11 -g3 -DSTM32 -DSTM32F1 -DSTM32F103C6Tx -DDEBUG -c -I../Inc -I"D:/Keroll/Second term/Unit 8 MCU Interfacing/Labs/Lab Finals/STM32_I2C_Driver/Drivers/STM32F103C6_Drivers/inc" -O0 -ffunction-sections -fdata-sections -Wall -fstack-usage -MMD -MP -MF"STM32F103C6_Drivers/HAL/KEYPAD.d" -MT"STM32F103C6_Drivers/HAL/KEYPAD.o" --specs=nano.specs -mfloat-abi=soft -mthumb -o "STM32F103C6_Drivers/HAL/KEYPAD.o"
arm-none-eabi-gcc -gdwarf-2 "../STM32F103C6_Drivers/HAL/LCD.c" -mcpu=cortex-m3 -std=gnu11 -g3 -DSTM32 -DSTM32F1 -DSTM32F103C6Tx -DDEBUG -c -I../Inc -I"D:/Keroll/Second term/Unit 8 MCU Interfacing/Labs/Lab Finals/STM32_I2C_Driver/Drivers/STM32F103C6_Drivers/inc" -O0 -ffunction-sections -fdata-sections -Wall -fstack-usage -MMD -MP -MF"STM32F103C6_Drivers/HAL/LCD.d" -MT"STM32F103C6_Drivers/HAL/LCD.o" --specs=nano.specs -mfloat-abi=soft -mthumb -o "STM32F103C6_Drivers/HAL/LCD.o"
arm-none-eabi-gcc -gdwarf-2 "../STM32F103C6_Drivers/HAL/S7_Segment.c" -mcpu=cortex-m3 -std=gnu11 -g3 -DSTM32 -DSTM32F1 -DSTM32F103C6Tx -DDEBUG -c -I../Inc -I"D:/Keroll/Second term/Unit 8 MCU Interfacing/Labs/Lab Finals/STM32_I2C_Driver/Drivers/STM32F103C6_Drivers/inc" -O0 -ffunction-sections -fdata-sections -Wall -fstack-usage -MMD -MP -MF"STM32F103C6_Drivers/HAL/S7_Segment.d" -MT"STM32F103C6_Drivers/HAL/S7_Segment.o" --specs=nano.specs -mfloat-abi=soft -mthumb -o "STM32F103C6_Drivers/HAL/S7_Segment.o"
../STM32F103C6_Drivers/MCAL/STM32F103C6_RCC_Drivers.c: In function 'MCAL_RCC_GetSYS_CLCKFreq':
../STM32F103C6_Drivers/MCAL/STM32F103C6_RCC_Drivers.c:66:1: warning: control reaches end of non-void function [-Wreturn-type]
 }
 ^
../STM32F103C6_Drivers/MCAL/STM32F103C6_SPI_Drivers.c: In function 'MCAL_SPI_GPIO_Set_Pins':
../STM32F103C6_Drivers/MCAL/STM32F103C6_SPI_Drivers.c:248:4: warning: case label value is less than minimum value for type
    case SPI_NSS_Hard_Master_SS_output_disable:
    ^~~~
../STM32F103C6_Drivers/MCAL/STM32F103C6_SPI_Drivers.c:332:5: warning: case label value is less than minimum value for type
     case SPI_NSS_Hard_Master_SS_output_disable:
     ^~~~
../STM32F103C6_Drivers/MCAL/STM32F103C6_SPI_Drivers.c:250:27: warning: statement will never be executed [-Wswitch-unreachable]
     PinCfg.GPIO_PinNumber = GPIO_PIN_4;
../STM32F103C6_Drivers/MCAL/STM32F103C6_SPI_Drivers.c:334:28: warning: statement will never be executed [-Wswitch-unreachable]
      PinCfg.GPIO_PinNumber = GPIO_PIN_12;
arm-none-eabi-gcc -gdwarf-2 -o "Drivers.elf" @"objects.list"   -mcpu=cortex-m3 -T"D:\Keroll\Second term\Unit 8 MCU Interfacing\Labs\Lab Finals\STM32_I2C_Driver\Drivers\STM32F103C6TX_FLASH.ld" --specs=nosys.specs -Wl,-Map="Drivers.map" -Wl,--gc-sections -static --specs=nano.specs -mfloat-abi=soft -mthumb -Wl,--start-group -lc -lm -Wl,--end-group
Finished building target: Drivers.elf
 
arm-none-eabi-size   Drivers.elf 
arm-none-eabi-objdump -h -S  Drivers.elf  > "Drivers.list"
arm-none-eabi-objcopy  -O binary  Drivers.elf  "Drivers.bin"
   text	   data	    bss	    dec	    hex	filename
   1108	      8	   1640	   2756	    ac4	Drivers.elf
Finished building: default.size.stdout
 
Finished building: Drivers.bin
Finished building: Drivers.list
 
 
08:18:13 **** Incremental Build of configuration Debug for project Drivers ****
make -j16 all 
arm-none-eabi-gcc -gdwarf-2 "../STM32F103C6_Drivers/MCAL/STM32F103C6_EXTI_Drivers.c" -mcpu=cortex-m3 -std=gnu11 -g3 -DSTM32 -DSTM32F1 -DSTM32F103C6Tx -DDEBUG -c -I../Inc -I"D:/Keroll/Second term/Unit 8 MCU Interfacing/Labs/Lab Finals/STM32_I2C_Driver/Drivers/STM32F103C6_Drivers/inc" -O0 -ffunction-sections -fdata-sections -Wall -fstack-usage -MMD -MP -MF"STM32F103C6_Drivers/MCAL/STM32F103C6_EXTI_Drivers.d" -MT"STM32F103C6_Drivers/MCAL/STM32F103C6_EXTI_Drivers.o" --specs=nano.specs -mfloat-abi=soft -mthumb -o "STM32F103C6_Drivers/MCAL/STM32F103C6_EXTI_Drivers.o"
arm-none-eabi-gcc -gdwarf-2 "../STM32F103C6_Drivers/MCAL/STM32F103C6_GPIO_Drivers.c" -mcpu=cortex-m3 -std=gnu11 -g3 -DSTM32 -DSTM32F1 -DSTM32F103C6Tx -DDEBUG -c -I../Inc -I"D:/Keroll/Second term/Unit 8 MCU Interfacing/Labs/Lab Finals/STM32_I2C_Driver/Drivers/STM32F103C6_Drivers/inc" -O0 -ffunction-sections -fdata-sections -Wall -fstack-usage -MMD -MP -MF"STM32F103C6_Drivers/MCAL/STM32F103C6_GPIO_Drivers.d" -MT"STM32F103C6_Drivers/MCAL/STM32F103C6_GPIO_Drivers.o" --specs=nano.specs -mfloat-abi=soft -mthumb -o "STM32F103C6_Drivers/MCAL/STM32F103C6_GPIO_Drivers.o"
arm-none-eabi-gcc -gdwarf-2 "../STM32F103C6_Drivers/MCAL/STM32F103C6_I2C_Drivers.c" -mcpu=cortex-m3 -std=gnu11 -g3 -DSTM32 -DSTM32F1 -DSTM32F103C6Tx -DDEBUG -c -I../Inc -I"D:/Keroll/Second term/Unit 8 MCU Interfacing/Labs/Lab Finals/STM32_I2C_Driver/Drivers/STM32F103C6_Drivers/inc" -O0 -ffunction-sections -fdata-sections -Wall -fstack-usage -MMD -MP -MF"STM32F103C6_Drivers/MCAL/STM32F103C6_I2C_Drivers.d" -MT"STM32F103C6_Drivers/MCAL/STM32F103C6_I2C_Drivers.o" --specs=nano.specs -mfloat-abi=soft -mthumb -o "STM32F103C6_Drivers/MCAL/STM32F103C6_I2C_Drivers.o"
arm-none-eabi-gcc -gdwarf-2 "../STM32F103C6_Drivers/MCAL/STM32F103C6_RCC_Drivers.c" -mcpu=cortex-m3 -std=gnu11 -g3 -DSTM32 -DSTM32F1 -DSTM32F103C6Tx -DDEBUG -c -I../Inc -I"D:/Keroll/Second term/Unit 8 MCU Interfacing/Labs/Lab Finals/STM32_I2C_Driver/Drivers/STM32F103C6_Drivers/inc" -O0 -ffunction-sections -fdata-sections -Wall -fstack-usage -MMD -MP -MF"STM32F103C6_Drivers/MCAL/STM32F103C6_RCC_Drivers.d" -MT"STM32F103C6_Drivers/MCAL/STM32F103C6_RCC_Drivers.o" --specs=nano.specs -mfloat-abi=soft -mthumb -o "STM32F103C6_Drivers/MCAL/STM32F103C6_RCC_Drivers.o"
arm-none-eabi-gcc -gdwarf-2 "../STM32F103C6_Drivers/MCAL/STM32F103C6_SPI_Drivers.c" -mcpu=cortex-m3 -std=gnu11 -g3 -DSTM32 -DSTM32F1 -DSTM32F103C6Tx -DDEBUG -c -I../Inc -I"D:/Keroll/Second term/Unit 8 MCU Interfacing/Labs/Lab Finals/STM32_I2C_Driver/Drivers/STM32F103C6_Drivers/inc" -O0 -ffunction-sections -fdata-sections -Wall -fstack-usage -MMD -MP -MF"STM32F103C6_Drivers/MCAL/STM32F103C6_SPI_Drivers.d" -MT"STM32F103C6_Drivers/MCAL/STM32F103C6_SPI_Drivers.o" --specs=nano.specs -mfloat-abi=soft -mthumb -o "STM32F103C6_Drivers/MCAL/STM32F103C6_SPI_Drivers.o"
arm-none-eabi-gcc -gdwarf-2 "../STM32F103C6_Drivers/MCAL/STM32F103C6_USART_Drivers.c" -mcpu=cortex-m3 -std=gnu11 -g3 -DSTM32 -DSTM32F1 -DSTM32F103C6Tx -DDEBUG -c -I../Inc -I"D:/Keroll/Second term/Unit 8 MCU Interfacing/Labs/Lab Finals/STM32_I2C_Driver/Drivers/STM32F103C6_Drivers/inc" -O0 -ffunction-sections -fdata-sections -Wall -fstack-usage -MMD -MP -MF"STM32F103C6_Drivers/MCAL/STM32F103C6_USART_Drivers.d" -MT"STM32F103C6_Drivers/MCAL/STM32F103C6_USART_Drivers.o" --specs=nano.specs -mfloat-abi=soft -mthumb -o "STM32F103C6_Drivers/MCAL/STM32F103C6_USART_Drivers.o"
arm-none-eabi-gcc -gdwarf-2 "../STM32F103C6_Drivers/HAL/KEYPAD.c" -mcpu=cortex-m3 -std=gnu11 -g3 -DSTM32 -DSTM32F1 -DSTM32F103C6Tx -DDEBUG -c -I../Inc -I"D:/Keroll/Second term/Unit 8 MCU Interfacing/Labs/Lab Finals/STM32_I2C_Driver/Drivers/STM32F103C6_Drivers/inc" -O0 -ffunction-sections -fdata-sections -Wall -fstack-usage -MMD -MP -MF"STM32F103C6_Drivers/HAL/KEYPAD.d" -MT"STM32F103C6_Drivers/HAL/KEYPAD.o" --specs=nano.specs -mfloat-abi=soft -mthumb -o "STM32F103C6_Drivers/HAL/KEYPAD.o"
arm-none-eabi-gcc -gdwarf-2 "../STM32F103C6_Drivers/HAL/LCD.c" -mcpu=cortex-m3 -std=gnu11 -g3 -DSTM32 -DSTM32F1 -DSTM32F103C6Tx -DDEBUG -c -I../Inc -I"D:/Keroll/Second term/Unit 8 MCU Interfacing/Labs/Lab Finals/STM32_I2C_Driver/Drivers/STM32F103C6_Drivers/inc" -O0 -ffunction-sections -fdata-sections -Wall -fstack-usage -MMD -MP -MF"STM32F103C6_Drivers/HAL/LCD.d" -MT"STM32F103C6_Drivers/HAL/LCD.o" --specs=nano.specs -mfloat-abi=soft -mthumb -o "STM32F103C6_Drivers/HAL/LCD.o"
arm-none-eabi-gcc -gdwarf-2 "../STM32F103C6_Drivers/HAL/S7_Segment.c" -mcpu=cortex-m3 -std=gnu11 -g3 -DSTM32 -DSTM32F1 -DSTM32F103C6Tx -DDEBUG -c -I../Inc -I"D:/Keroll/Second term/Unit 8 MCU Interfacing/Labs/Lab Finals/STM32_I2C_Driver/Drivers/STM32F103C6_Drivers/inc" -O0 -ffunction-sections -fdata-sections -Wall -fstack-usage -MMD -MP -MF"STM32F103C6_Drivers/HAL/S7_Segment.d" -MT"STM32F103C6_Drivers/HAL/S7_Segment.o" --specs=nano.specs -mfloat-abi=soft -mthumb -o "STM32F103C6_Drivers/HAL/S7_Segment.o"
In file included from D:/Keroll/Second term/Unit 8 MCU Interfacing/Labs/Lab Finals/STM32_I2C_Driver/Drivers/STM32F103C6_Drivers/inc/STM32F103C6_GPIO_Drivers.h:16:0,
                 from ../STM32F103C6_Drivers/MCAL/STM32F103C6_GPIO_Drivers.c:8:
D:/Keroll/Second term/Unit 8 MCU Interfacing/Labs/Lab Finals/STM32_I2C_Driver/Drivers/STM32F103C6_Drivers/inc/STM32F103x6.h:78:0: warning: "I2C1_BASE" redefined
 #define I2C1_BASE        0x40005800UL
 
D:/Keroll/Second term/Unit 8 MCU Interfacing/Labs/Lab Finals/STM32_I2C_Driver/Drivers/STM32F103C6_Drivers/inc/STM32F103x6.h:77:0: note: this is the location of the previous definition
 #define I2C1_BASE        0x40005400UL
 
D:/Keroll/Second term/Unit 8 MCU Interfacing/Labs/Lab Finals/STM32_I2C_Driver/Drivers/STM32F103C6_Drivers/inc/STM32F103x6.h:229:0: warning: "I2C1" redefined
 #define I2C1        ((I2C_TypeDef *)I2C2_BASE)
 
D:/Keroll/Second term/Unit 8 MCU Interfacing/Labs/Lab Finals/STM32_I2C_Driver/Drivers/STM32F103C6_Drivers/inc/STM32F103x6.h:228:0: note: this is the location of the previous definition
 #define I2C1        ((I2C_TypeDef *)I2C1_BASE)
 
In file included from D:/Keroll/Second term/Unit 8 MCU Interfacing/Labs/Lab Finals/STM32_I2C_Driver/Drivers/STM32F103C6_Drivers/inc/STM32F103C6_GPIO_Drivers.h:16:0,
                 from ../STM32F103C6_Drivers/MCAL/STM32F103C6_EXTI_Drivers.c:10:
D:/Keroll/Second term/Unit 8 MCU Interfacing/Labs/Lab Finals/STM32_I2C_Driver/Drivers/STM32F103C6_Drivers/inc/STM32F103x6.h:78:0: warning: "I2C1_BASE" redefined
 #define I2C1_BASE        0x40005800UL
 
D:/Keroll/Second term/Unit 8 MCU Interfacing/Labs/Lab Finals/STM32_I2C_Driver/Drivers/STM32F103C6_Drivers/inc/STM32F103x6.h:77:0: note: this is the location of the previous definition
 #define I2C1_BASE        0x40005400UL
 
D:/Keroll/Second term/Unit 8 MCU Interfacing/Labs/Lab Finals/STM32_I2C_Driver/Drivers/STM32F103C6_Drivers/inc/STM32F103x6.h:229:0: warning: "I2C1" redefined
 #define I2C1        ((I2C_TypeDef *)I2C2_BASE)
 
D:/Keroll/Second term/Unit 8 MCU Interfacing/Labs/Lab Finals/STM32_I2C_Driver/Drivers/STM32F103C6_Drivers/inc/STM32F103x6.h:228:0: note: this is the location of the previous definition
 #define I2C1        ((I2C_TypeDef *)I2C1_BASE)
 
In file included from D:/Keroll/Second term/Unit 8 MCU Interfacing/Labs/Lab Finals/STM32_I2C_Driver/Drivers/STM32F103C6_Drivers/inc/STM32F103C6_RCC_Drivers.h:15:0,
                 from ../STM32F103C6_Drivers/MCAL/STM32F103C6_RCC_Drivers.c:9:
D:/Keroll/Second term/Unit 8 MCU Interfacing/Labs/Lab Finals/STM32_I2C_Driver/Drivers/STM32F103C6_Drivers/inc/STM32F103x6.h:78:0: warning: "I2C1_BASE" redefined
 #define I2C1_BASE        0x40005800UL
 
D:/Keroll/Second term/Unit 8 MCU Interfacing/Labs/Lab Finals/STM32_I2C_Driver/Drivers/STM32F103C6_Drivers/inc/STM32F103x6.h:77:0: note: this is the location of the previous definition
 #define I2C1_BASE        0x40005400UL
 
D:/Keroll/Second term/Unit 8 MCU Interfacing/Labs/Lab Finals/STM32_I2C_Driver/Drivers/STM32F103C6_Drivers/inc/STM32F103x6.h:229:0: warning: "I2C1" redefined
 #define I2C1        ((I2C_TypeDef *)I2C2_BASE)
 
D:/Keroll/Second term/Unit 8 MCU Interfacing/Labs/Lab Finals/STM32_I2C_Driver/Drivers/STM32F103C6_Drivers/inc/STM32F103x6.h:228:0: note: this is the location of the previous definition
 #define I2C1        ((I2C_TypeDef *)I2C1_BASE)
 
../STM32F103C6_Drivers/MCAL/STM32F103C6_RCC_Drivers.c: In function 'MCAL_RCC_GetSYS_CLCKFreq':
../STM32F103C6_Drivers/MCAL/STM32F103C6_RCC_Drivers.c:66:1: warning: control reaches end of non-void function [-Wreturn-type]
 }
 ^
In file included from D:/Keroll/Second term/Unit 8 MCU Interfacing/Labs/Lab Finals/STM32_I2C_Driver/Drivers/STM32F103C6_Drivers/inc/STM32F103C6_SPI_Drivers.h:12:0,
                 from ../STM32F103C6_Drivers/MCAL/STM32F103C6_SPI_Drivers.c:10:
D:/Keroll/Second term/Unit 8 MCU Interfacing/Labs/Lab Finals/STM32_I2C_Driver/Drivers/STM32F103C6_Drivers/inc/STM32F103x6.h:78:0: warning: "I2C1_BASE" redefined
 #define I2C1_BASE        0x40005800UL
 
D:/Keroll/Second term/Unit 8 MCU Interfacing/Labs/Lab Finals/STM32_I2C_Driver/Drivers/STM32F103C6_Drivers/inc/STM32F103x6.h:77:0: note: this is the location of the previous definition
 #define I2C1_BASE        0x40005400UL
 
D:/Keroll/Second term/Unit 8 MCU Interfacing/Labs/Lab Finals/STM32_I2C_Driver/Drivers/STM32F103C6_Drivers/inc/STM32F103x6.h:229:0: warning: "I2C1" redefined
 #define I2C1        ((I2C_TypeDef *)I2C2_BASE)
 
D:/Keroll/Second term/Unit 8 MCU Interfacing/Labs/Lab Finals/STM32_I2C_Driver/Drivers/STM32F103C6_Drivers/inc/STM32F103x6.h:228:0: note: this is the location of the previous definition
 #define I2C1        ((I2C_TypeDef *)I2C1_BASE)
 
../STM32F103C6_Drivers/MCAL/STM32F103C6_SPI_Drivers.c: In function 'MCAL_SPI_GPIO_Set_Pins':
../STM32F103C6_Drivers/MCAL/STM32F103C6_SPI_Drivers.c:248:4: warning: case label value is less than minimum value for type
    case SPI_NSS_Hard_Master_SS_output_disable:
    ^~~~
../STM32F103C6_Drivers/MCAL/STM32F103C6_SPI_Drivers.c:332:5: warning: case label value is less than minimum value for type
     case SPI_NSS_Hard_Master_SS_output_disable:
     ^~~~
In file included from D:/Keroll/Second term/Unit 8 MCU Interfacing/Labs/Lab Finals/STM32_I2C_Driver/Drivers/STM32F103C6_Drivers/inc/STM32F103C6_USART_Drivers.h:16:0,
                 from ../STM32F103C6_Drivers/MCAL/STM32F103C6_USART_Drivers.c:9:
D:/Keroll/Second term/Unit 8 MCU Interfacing/Labs/Lab Finals/STM32_I2C_Driver/Drivers/STM32F103C6_Drivers/inc/STM32F103x6.h:78:0: warning: "I2C1_BASE" redefined
 #define I2C1_BASE        0x40005800UL
 
In file included from D:/Keroll/Second term/Unit 8 MCU Interfacing/Labs/Lab Finals/STM32_I2C_Driver/Drivers/STM32F103C6_Drivers/inc/STM32F103C6_I2C_Drivers.h:14:0,
                 from ../STM32F103C6_Drivers/MCAL/STM32F103C6_I2C_Drivers.c:9:
D:/Keroll/Second term/Unit 8 MCU Interfacing/Labs/Lab Finals/STM32_I2C_Driver/Drivers/STM32F103C6_Drivers/inc/STM32F103x6.h:78:0: warning: "I2C1_BASE" redefined
 #define I2C1_BASE        0x40005800UL
 
../STM32F103C6_Drivers/MCAL/STM32F103C6_SPI_Drivers.c:250:27: warning: statement will never be executed [-Wswitch-unreachable]
     PinCfg.GPIO_PinNumber = GPIO_PIN_4;
D:/Keroll/Second term/Unit 8 MCU Interfacing/Labs/Lab Finals/STM32_I2C_Driver/Drivers/STM32F103C6_Drivers/inc/STM32F103x6.h:77:0: note: this is the location of the previous definition
 #define I2C1_BASE        0x40005400UL
 
D:/Keroll/Second term/Unit 8 MCU Interfacing/Labs/Lab Finals/STM32_I2C_Driver/Drivers/STM32F103C6_Drivers/inc/STM32F103x6.h:77:0: note: this is the location of the previous definition
 #define I2C1_BASE        0x40005400UL
 
../STM32F103C6_Drivers/MCAL/STM32F103C6_SPI_Drivers.c:334:28: warning: statement will never be executed [-Wswitch-unreachable]
      PinCfg.GPIO_PinNumber = GPIO_PIN_12;
D:/Keroll/Second term/Unit 8 MCU Interfacing/Labs/Lab Finals/STM32_I2C_Driver/Drivers/STM32F103C6_Drivers/inc/STM32F103x6.h:229:0: warning: "I2C1" redefined
 #define I2C1        ((I2C_TypeDef *)I2C2_BASE)
 
D:/Keroll/Second term/Unit 8 MCU Interfacing/Labs/Lab Finals/STM32_I2C_Driver/Drivers/STM32F103C6_Drivers/inc/STM32F103x6.h:229:0: warning: "I2C1" redefined
 #define I2C1        ((I2C_TypeDef *)I2C2_BASE)
 
In file included from D:/Keroll/Second term/Unit 8 MCU Interfacing/Labs/Lab Finals/STM32_I2C_Driver/Drivers/STM32F103C6_Drivers/inc/KEYPAD.h:16:0,
                 from ../STM32F103C6_Drivers/HAL/KEYPAD.c:9:
D:/Keroll/Second term/Unit 8 MCU Interfacing/Labs/Lab Finals/STM32_I2C_Driver/Drivers/STM32F103C6_Drivers/inc/STM32F103x6.h:78:0: warning: "I2C1_BASE" redefined
 #define I2C1_BASE        0x40005800UL
 
In file included from D:/Keroll/Second term/Unit 8 MCU Interfacing/Labs/Lab Finals/STM32_I2C_Driver/Drivers/STM32F103C6_Drivers/inc/S7_Segment.h:15:0,
                 from ../STM32F103C6_Drivers/HAL/S7_Segment.c:8:
D:/Keroll/Second term/Unit 8 MCU Interfacing/Labs/Lab Finals/STM32_I2C_Driver/Drivers/STM32F103C6_Drivers/inc/STM32F103x6.h:78:0: warning: "I2C1_BASE" redefined
 #define I2C1_BASE        0x40005800UL
 
D:/Keroll/Second term/Unit 8 MCU Interfacing/Labs/Lab Finals/STM32_I2C_Driver/Drivers/STM32F103C6_Drivers/inc/STM32F103x6.h:228:0: note: this is the location of the previous definition
 #define I2C1        ((I2C_TypeDef *)I2C1_BASE)
 
D:/Keroll/Second term/Unit 8 MCU Interfacing/Labs/Lab Finals/STM32_I2C_Driver/Drivers/STM32F103C6_Drivers/inc/STM32F103x6.h:228:0: note: this is the location of the previous definition
 #define I2C1        ((I2C_TypeDef *)I2C1_BASE)
 
In file included from D:/Keroll/Second term/Unit 8 MCU Interfacing/Labs/Lab Finals/STM32_I2C_Driver/Drivers/STM32F103C6_Drivers/inc/LCD.h:16:0,
                 from ../STM32F103C6_Drivers/HAL/LCD.c:9:
D:/Keroll/Second term/Unit 8 MCU Interfacing/Labs/Lab Finals/STM32_I2C_Driver/Drivers/STM32F103C6_Drivers/inc/STM32F103x6.h:78:0: warning: "I2C1_BASE" redefined
 #define I2C1_BASE        0x40005800UL
 
D:/Keroll/Second term/Unit 8 MCU Interfacing/Labs/Lab Finals/STM32_I2C_Driver/Drivers/STM32F103C6_Drivers/inc/STM32F103x6.h:77:0: note: this is the location of the previous definition
 #define I2C1_BASE        0x40005400UL
 
D:/Keroll/Second term/Unit 8 MCU Interfacing/Labs/Lab Finals/STM32_I2C_Driver/Drivers/STM32F103C6_Drivers/inc/STM32F103x6.h:77:0: note: this is the location of the previous definition
 #define I2C1_BASE        0x40005400UL
 
D:/Keroll/Second term/Unit 8 MCU Interfacing/Labs/Lab Finals/STM32_I2C_Driver/Drivers/STM32F103C6_Drivers/inc/STM32F103x6.h:77:0: note: this is the location of the previous definition
 #define I2C1_BASE        0x40005400UL
 
D:/Keroll/Second term/Unit 8 MCU Interfacing/Labs/Lab Finals/STM32_I2C_Driver/Drivers/STM32F103C6_Drivers/inc/STM32F103x6.h:229:0: warning: "I2C1" redefined
 #define I2C1        ((I2C_TypeDef *)I2C2_BASE)
 
D:/Keroll/Second term/Unit 8 MCU Interfacing/Labs/Lab Finals/STM32_I2C_Driver/Drivers/STM32F103C6_Drivers/inc/STM32F103x6.h:228:0: note: this is the location of the previous definition
 #define I2C1        ((I2C_TypeDef *)I2C1_BASE)
 
D:/Keroll/Second term/Unit 8 MCU Interfacing/Labs/Lab Finals/STM32_I2C_Driver/Drivers/STM32F103C6_Drivers/inc/STM32F103x6.h:229:0: warning: "I2C1" redefined
 #define I2C1        ((I2C_TypeDef *)I2C2_BASE)
 
D:/Keroll/Second term/Unit 8 MCU Interfacing/Labs/Lab Finals/STM32_I2C_Driver/Drivers/STM32F103C6_Drivers/inc/STM32F103x6.h:229:0: warning: "I2C1" redefined
 #define I2C1        ((I2C_TypeDef *)I2C2_BASE)
 
D:/Keroll/Second term/Unit 8 MCU Interfacing/Labs/Lab Finals/STM32_I2C_Driver/Drivers/STM32F103C6_Drivers/inc/STM32F103x6.h:228:0: note: this is the location of the previous definition
 #define I2C1        ((I2C_TypeDef *)I2C1_BASE)
 
D:/Keroll/Second term/Unit 8 MCU Interfacing/Labs/Lab Finals/STM32_I2C_Driver/Drivers/STM32F103C6_Drivers/inc/STM32F103x6.h:228:0: note: this is the location of the previous definition
 #define I2C1        ((I2C_TypeDef *)I2C1_BASE)
 
arm-none-eabi-gcc -gdwarf-2 -o "Drivers.elf" @"objects.list"   -mcpu=cortex-m3 -T"D:\Keroll\Second term\Unit 8 MCU Interfacing\Labs\Lab Finals\STM32_I2C_Driver\Drivers\STM32F103C6TX_FLASH.ld" --specs=nosys.specs -Wl,-Map="Drivers.map" -Wl,--gc-sections -static --specs=nano.specs -mfloat-abi=soft -mthumb -Wl,--start-group -lc -lm -Wl,--end-group
Finished building target: Drivers.elf
 
arm-none-eabi-objdump -h -S  Drivers.elf  > "Drivers.list"
arm-none-eabi-objcopy  -O binary  Drivers.elf  "Drivers.bin"
arm-none-eabi-size   Drivers.elf 
   text	   data	    bss	    dec	    hex	filename
   1108	      8	   1640	   2756	    ac4	Drivers.elf
Finished building: default.size.stdout
 
Finished building: Drivers.bin
Finished building: Drivers.list
 
 
08:18:19 **** Incremental Build of configuration Debug for project Drivers ****
make -j16 all 
arm-none-eabi-gcc -gdwarf-2 "../STM32F103C6_Drivers/MCAL/STM32F103C6_EXTI_Drivers.c" -mcpu=cortex-m3 -std=gnu11 -g3 -DSTM32 -DSTM32F1 -DSTM32F103C6Tx -DDEBUG -c -I../Inc -I"D:/Keroll/Second term/Unit 8 MCU Interfacing/Labs/Lab Finals/STM32_I2C_Driver/Drivers/STM32F103C6_Drivers/inc" -O0 -ffunction-sections -fdata-sections -Wall -fstack-usage -MMD -MP -MF"STM32F103C6_Drivers/MCAL/STM32F103C6_EXTI_Drivers.d" -MT"STM32F103C6_Drivers/MCAL/STM32F103C6_EXTI_Drivers.o" --specs=nano.specs -mfloat-abi=soft -mthumb -o "STM32F103C6_Drivers/MCAL/STM32F103C6_EXTI_Drivers.o"
arm-none-eabi-gcc -gdwarf-2 "../STM32F103C6_Drivers/MCAL/STM32F103C6_GPIO_Drivers.c" -mcpu=cortex-m3 -std=gnu11 -g3 -DSTM32 -DSTM32F1 -DSTM32F103C6Tx -DDEBUG -c -I../Inc -I"D:/Keroll/Second term/Unit 8 MCU Interfacing/Labs/Lab Finals/STM32_I2C_Driver/Drivers/STM32F103C6_Drivers/inc" -O0 -ffunction-sections -fdata-sections -Wall -fstack-usage -MMD -MP -MF"STM32F103C6_Drivers/MCAL/STM32F103C6_GPIO_Drivers.d" -MT"STM32F103C6_Drivers/MCAL/STM32F103C6_GPIO_Drivers.o" --specs=nano.specs -mfloat-abi=soft -mthumb -o "STM32F103C6_Drivers/MCAL/STM32F103C6_GPIO_Drivers.o"
arm-none-eabi-gcc -gdwarf-2 "../STM32F103C6_Drivers/MCAL/STM32F103C6_I2C_Drivers.c" -mcpu=cortex-m3 -std=gnu11 -g3 -DSTM32 -DSTM32F1 -DSTM32F103C6Tx -DDEBUG -c -I../Inc -I"D:/Keroll/Second term/Unit 8 MCU Interfacing/Labs/Lab Finals/STM32_I2C_Driver/Drivers/STM32F103C6_Drivers/inc" -O0 -ffunction-sections -fdata-sections -Wall -fstack-usage -MMD -MP -MF"STM32F103C6_Drivers/MCAL/STM32F103C6_I2C_Drivers.d" -MT"STM32F103C6_Drivers/MCAL/STM32F103C6_I2C_Drivers.o" --specs=nano.specs -mfloat-abi=soft -mthumb -o "STM32F103C6_Drivers/MCAL/STM32F103C6_I2C_Drivers.o"
arm-none-eabi-gcc -gdwarf-2 "../STM32F103C6_Drivers/MCAL/STM32F103C6_RCC_Drivers.c" -mcpu=cortex-m3 -std=gnu11 -g3 -DSTM32 -DSTM32F1 -DSTM32F103C6Tx -DDEBUG -c -I../Inc -I"D:/Keroll/Second term/Unit 8 MCU Interfacing/Labs/Lab Finals/STM32_I2C_Driver/Drivers/STM32F103C6_Drivers/inc" -O0 -ffunction-sections -fdata-sections -Wall -fstack-usage -MMD -MP -MF"STM32F103C6_Drivers/MCAL/STM32F103C6_RCC_Drivers.d" -MT"STM32F103C6_Drivers/MCAL/STM32F103C6_RCC_Drivers.o" --specs=nano.specs -mfloat-abi=soft -mthumb -o "STM32F103C6_Drivers/MCAL/STM32F103C6_RCC_Drivers.o"
arm-none-eabi-gcc -gdwarf-2 "../STM32F103C6_Drivers/MCAL/STM32F103C6_SPI_Drivers.c" -mcpu=cortex-m3 -std=gnu11 -g3 -DSTM32 -DSTM32F1 -DSTM32F103C6Tx -DDEBUG -c -I../Inc -I"D:/Keroll/Second term/Unit 8 MCU Interfacing/Labs/Lab Finals/STM32_I2C_Driver/Drivers/STM32F103C6_Drivers/inc" -O0 -ffunction-sections -fdata-sections -Wall -fstack-usage -MMD -MP -MF"STM32F103C6_Drivers/MCAL/STM32F103C6_SPI_Drivers.d" -MT"STM32F103C6_Drivers/MCAL/STM32F103C6_SPI_Drivers.o" --specs=nano.specs -mfloat-abi=soft -mthumb -o "STM32F103C6_Drivers/MCAL/STM32F103C6_SPI_Drivers.o"
arm-none-eabi-gcc -gdwarf-2 "../STM32F103C6_Drivers/MCAL/STM32F103C6_USART_Drivers.c" -mcpu=cortex-m3 -std=gnu11 -g3 -DSTM32 -DSTM32F1 -DSTM32F103C6Tx -DDEBUG -c -I../Inc -I"D:/Keroll/Second term/Unit 8 MCU Interfacing/Labs/Lab Finals/STM32_I2C_Driver/Drivers/STM32F103C6_Drivers/inc" -O0 -ffunction-sections -fdata-sections -Wall -fstack-usage -MMD -MP -MF"STM32F103C6_Drivers/MCAL/STM32F103C6_USART_Drivers.d" -MT"STM32F103C6_Drivers/MCAL/STM32F103C6_USART_Drivers.o" --specs=nano.specs -mfloat-abi=soft -mthumb -o "STM32F103C6_Drivers/MCAL/STM32F103C6_USART_Drivers.o"
arm-none-eabi-gcc -gdwarf-2 "../STM32F103C6_Drivers/HAL/KEYPAD.c" -mcpu=cortex-m3 -std=gnu11 -g3 -DSTM32 -DSTM32F1 -DSTM32F103C6Tx -DDEBUG -c -I../Inc -I"D:/Keroll/Second term/Unit 8 MCU Interfacing/Labs/Lab Finals/STM32_I2C_Driver/Drivers/STM32F103C6_Drivers/inc" -O0 -ffunction-sections -fdata-sections -Wall -fstack-usage -MMD -MP -MF"STM32F103C6_Drivers/HAL/KEYPAD.d" -MT"STM32F103C6_Drivers/HAL/KEYPAD.o" --specs=nano.specs -mfloat-abi=soft -mthumb -o "STM32F103C6_Drivers/HAL/KEYPAD.o"
arm-none-eabi-gcc -gdwarf-2 "../STM32F103C6_Drivers/HAL/LCD.c" -mcpu=cortex-m3 -std=gnu11 -g3 -DSTM32 -DSTM32F1 -DSTM32F103C6Tx -DDEBUG -c -I../Inc -I"D:/Keroll/Second term/Unit 8 MCU Interfacing/Labs/Lab Finals/STM32_I2C_Driver/Drivers/STM32F103C6_Drivers/inc" -O0 -ffunction-sections -fdata-sections -Wall -fstack-usage -MMD -MP -MF"STM32F103C6_Drivers/HAL/LCD.d" -MT"STM32F103C6_Drivers/HAL/LCD.o" --specs=nano.specs -mfloat-abi=soft -mthumb -o "STM32F103C6_Drivers/HAL/LCD.o"
arm-none-eabi-gcc -gdwarf-2 "../STM32F103C6_Drivers/HAL/S7_Segment.c" -mcpu=cortex-m3 -std=gnu11 -g3 -DSTM32 -DSTM32F1 -DSTM32F103C6Tx -DDEBUG -c -I../Inc -I"D:/Keroll/Second term/Unit 8 MCU Interfacing/Labs/Lab Finals/STM32_I2C_Driver/Drivers/STM32F103C6_Drivers/inc" -O0 -ffunction-sections -fdata-sections -Wall -fstack-usage -MMD -MP -MF"STM32F103C6_Drivers/HAL/S7_Segment.d" -MT"STM32F103C6_Drivers/HAL/S7_Segment.o" --specs=nano.specs -mfloat-abi=soft -mthumb -o "STM32F103C6_Drivers/HAL/S7_Segment.o"
In file included from D:/Keroll/Second term/Unit 8 MCU Interfacing/Labs/Lab Finals/STM32_I2C_Driver/Drivers/STM32F103C6_Drivers/inc/STM32F103C6_GPIO_Drivers.h:16:0,
                 from ../STM32F103C6_Drivers/MCAL/STM32F103C6_EXTI_Drivers.c:10:
D:/Keroll/Second term/Unit 8 MCU Interfacing/Labs/Lab Finals/STM32_I2C_Driver/Drivers/STM32F103C6_Drivers/inc/STM32F103x6.h:78:0: warning: "I2C1_BASE" redefined
 #define I2C1_BASE        0x40005800UL
 
D:/Keroll/Second term/Unit 8 MCU Interfacing/Labs/Lab Finals/STM32_I2C_Driver/Drivers/STM32F103C6_Drivers/inc/STM32F103x6.h:77:0: note: this is the location of the previous definition
 #define I2C1_BASE        0x40005400UL
 
In file included from D:/Keroll/Second term/Unit 8 MCU Interfacing/Labs/Lab Finals/STM32_I2C_Driver/Drivers/STM32F103C6_Drivers/inc/STM32F103C6_GPIO_Drivers.h:16:0,
                 from ../STM32F103C6_Drivers/MCAL/STM32F103C6_GPIO_Drivers.c:8:
D:/Keroll/Second term/Unit 8 MCU Interfacing/Labs/Lab Finals/STM32_I2C_Driver/Drivers/STM32F103C6_Drivers/inc/STM32F103x6.h:78:0: warning: "I2C1_BASE" redefined
 #define I2C1_BASE        0x40005800UL
 
D:/Keroll/Second term/Unit 8 MCU Interfacing/Labs/Lab Finals/STM32_I2C_Driver/Drivers/STM32F103C6_Drivers/inc/STM32F103x6.h:77:0: note: this is the location of the previous definition
 #define I2C1_BASE        0x40005400UL
 
In file included from D:/Keroll/Second term/Unit 8 MCU Interfacing/Labs/Lab Finals/STM32_I2C_Driver/Drivers/STM32F103C6_Drivers/inc/STM32F103C6_RCC_Drivers.h:15:0,
                 from ../STM32F103C6_Drivers/MCAL/STM32F103C6_RCC_Drivers.c:9:
D:/Keroll/Second term/Unit 8 MCU Interfacing/Labs/Lab Finals/STM32_I2C_Driver/Drivers/STM32F103C6_Drivers/inc/STM32F103x6.h:78:0: warning: "I2C1_BASE" redefined
 #define I2C1_BASE        0x40005800UL
 
D:/Keroll/Second term/Unit 8 MCU Interfacing/Labs/Lab Finals/STM32_I2C_Driver/Drivers/STM32F103C6_Drivers/inc/STM32F103x6.h:77:0: note: this is the location of the previous definition
 #define I2C1_BASE        0x40005400UL
 
../STM32F103C6_Drivers/MCAL/STM32F103C6_RCC_Drivers.c: In function 'MCAL_RCC_GetSYS_CLCKFreq':
../STM32F103C6_Drivers/MCAL/STM32F103C6_RCC_Drivers.c:66:1: warning: control reaches end of non-void function [-Wreturn-type]
 }
 ^
In file included from D:/Keroll/Second term/Unit 8 MCU Interfacing/Labs/Lab Finals/STM32_I2C_Driver/Drivers/STM32F103C6_Drivers/inc/STM32F103C6_USART_Drivers.h:16:0,
                 from ../STM32F103C6_Drivers/MCAL/STM32F103C6_USART_Drivers.c:9:
D:/Keroll/Second term/Unit 8 MCU Interfacing/Labs/Lab Finals/STM32_I2C_Driver/Drivers/STM32F103C6_Drivers/inc/STM32F103x6.h:78:0: warning: "I2C1_BASE" redefined
 #define I2C1_BASE        0x40005800UL
 
In file included from D:/Keroll/Second term/Unit 8 MCU Interfacing/Labs/Lab Finals/STM32_I2C_Driver/Drivers/STM32F103C6_Drivers/inc/STM32F103C6_SPI_Drivers.h:12:0,
                 from ../STM32F103C6_Drivers/MCAL/STM32F103C6_SPI_Drivers.c:10:
D:/Keroll/Second term/Unit 8 MCU Interfacing/Labs/Lab Finals/STM32_I2C_Driver/Drivers/STM32F103C6_Drivers/inc/STM32F103x6.h:78:0: warning: "I2C1_BASE" redefined
 #define I2C1_BASE        0x40005800UL
 
In file included from D:/Keroll/Second term/Unit 8 MCU Interfacing/Labs/Lab Finals/STM32_I2C_Driver/Drivers/STM32F103C6_Drivers/inc/STM32F103C6_I2C_Drivers.h:14:0,
                 from ../STM32F103C6_Drivers/MCAL/STM32F103C6_I2C_Drivers.c:9:
D:/Keroll/Second term/Unit 8 MCU Interfacing/Labs/Lab Finals/STM32_I2C_Driver/Drivers/STM32F103C6_Drivers/inc/STM32F103x6.h:78:0: warning: "I2C1_BASE" redefined
 #define I2C1_BASE        0x40005800UL
 
D:/Keroll/Second term/Unit 8 MCU Interfacing/Labs/Lab Finals/STM32_I2C_Driver/Drivers/STM32F103C6_Drivers/inc/STM32F103x6.h:77:0: note: this is the location of the previous definition
 #define I2C1_BASE        0x40005400UL
 
D:/Keroll/Second term/Unit 8 MCU Interfacing/Labs/Lab Finals/STM32_I2C_Driver/Drivers/STM32F103C6_Drivers/inc/STM32F103x6.h:77:0: note: this is the location of the previous definition
 #define I2C1_BASE        0x40005400UL
 
D:/Keroll/Second term/Unit 8 MCU Interfacing/Labs/Lab Finals/STM32_I2C_Driver/Drivers/STM32F103C6_Drivers/inc/STM32F103x6.h:77:0: note: this is the location of the previous definition
 #define I2C1_BASE        0x40005400UL
 
In file included from D:/Keroll/Second term/Unit 8 MCU Interfacing/Labs/Lab Finals/STM32_I2C_Driver/Drivers/STM32F103C6_Drivers/inc/KEYPAD.h:16:0,
                 from ../STM32F103C6_Drivers/HAL/KEYPAD.c:9:
D:/Keroll/Second term/Unit 8 MCU Interfacing/Labs/Lab Finals/STM32_I2C_Driver/Drivers/STM32F103C6_Drivers/inc/STM32F103x6.h:78:0: warning: "I2C1_BASE" redefined
 #define I2C1_BASE        0x40005800UL
 
D:/Keroll/Second term/Unit 8 MCU Interfacing/Labs/Lab Finals/STM32_I2C_Driver/Drivers/STM32F103C6_Drivers/inc/STM32F103x6.h:77:0: note: this is the location of the previous definition
 #define I2C1_BASE        0x40005400UL
 
In file included from D:/Keroll/Second term/Unit 8 MCU Interfacing/Labs/Lab Finals/STM32_I2C_Driver/Drivers/STM32F103C6_Drivers/inc/S7_Segment.h:15:0,
                 from ../STM32F103C6_Drivers/HAL/S7_Segment.c:8:
D:/Keroll/Second term/Unit 8 MCU Interfacing/Labs/Lab Finals/STM32_I2C_Driver/Drivers/STM32F103C6_Drivers/inc/STM32F103x6.h:78:0: warning: "I2C1_BASE" redefined
 #define I2C1_BASE        0x40005800UL
 
D:/Keroll/Second term/Unit 8 MCU Interfacing/Labs/Lab Finals/STM32_I2C_Driver/Drivers/STM32F103C6_Drivers/inc/STM32F103x6.h:77:0: note: this is the location of the previous definition
 #define I2C1_BASE        0x40005400UL
 
../STM32F103C6_Drivers/MCAL/STM32F103C6_SPI_Drivers.c: In function 'MCAL_SPI_GPIO_Set_Pins':
../STM32F103C6_Drivers/MCAL/STM32F103C6_SPI_Drivers.c:248:4: warning: case label value is less than minimum value for type
    case SPI_NSS_Hard_Master_SS_output_disable:
    ^~~~
../STM32F103C6_Drivers/MCAL/STM32F103C6_SPI_Drivers.c:332:5: warning: case label value is less than minimum value for type
     case SPI_NSS_Hard_Master_SS_output_disable:
     ^~~~
In file included from D:/Keroll/Second term/Unit 8 MCU Interfacing/Labs/Lab Finals/STM32_I2C_Driver/Drivers/STM32F103C6_Drivers/inc/LCD.h:16:0,
                 from ../STM32F103C6_Drivers/HAL/LCD.c:9:
D:/Keroll/Second term/Unit 8 MCU Interfacing/Labs/Lab Finals/STM32_I2C_Driver/Drivers/STM32F103C6_Drivers/inc/STM32F103x6.h:78:0: warning: "I2C1_BASE" redefined
 #define I2C1_BASE        0x40005800UL
 
D:/Keroll/Second term/Unit 8 MCU Interfacing/Labs/Lab Finals/STM32_I2C_Driver/Drivers/STM32F103C6_Drivers/inc/STM32F103x6.h:77:0: note: this is the location of the previous definition
 #define I2C1_BASE        0x40005400UL
 
../STM32F103C6_Drivers/MCAL/STM32F103C6_SPI_Drivers.c:250:27: warning: statement will never be executed [-Wswitch-unreachable]
     PinCfg.GPIO_PinNumber = GPIO_PIN_4;
../STM32F103C6_Drivers/MCAL/STM32F103C6_SPI_Drivers.c:334:28: warning: statement will never be executed [-Wswitch-unreachable]
      PinCfg.GPIO_PinNumber = GPIO_PIN_12;
arm-none-eabi-gcc -gdwarf-2 -o "Drivers.elf" @"objects.list"   -mcpu=cortex-m3 -T"D:\Keroll\Second term\Unit 8 MCU Interfacing\Labs\Lab Finals\STM32_I2C_Driver\Drivers\STM32F103C6TX_FLASH.ld" --specs=nosys.specs -Wl,-Map="Drivers.map" -Wl,--gc-sections -static --specs=nano.specs -mfloat-abi=soft -mthumb -Wl,--start-group -lc -lm -Wl,--end-group
Finished building target: Drivers.elf
 
arm-none-eabi-objdump -h -S  Drivers.elf  > "Drivers.list"
arm-none-eabi-objcopy  -O binary  Drivers.elf  "Drivers.bin"
arm-none-eabi-size   Drivers.elf 
   text	   data	    bss	    dec	    hex	filename
   1108	      8	   1640	   2756	    ac4	Drivers.elf
Finished building: default.size.stdout
 
Finished building: Drivers.list
Finished building: Drivers.bin
 
 
08:26:16 **** Incremental Build of configuration Debug for project Drivers ****
make -j16 all 
arm-none-eabi-gcc -gdwarf-2 "../STM32F103C6_Drivers/MCAL/STM32F103C6_EXTI_Drivers.c" -mcpu=cortex-m3 -std=gnu11 -g3 -DSTM32 -DSTM32F1 -DSTM32F103C6Tx -DDEBUG -c -I../Inc -I"D:/Keroll/Second term/Unit 8 MCU Interfacing/Labs/Lab Finals/STM32_I2C_Driver/Drivers/STM32F103C6_Drivers/inc" -O0 -ffunction-sections -fdata-sections -Wall -fstack-usage -MMD -MP -MF"STM32F103C6_Drivers/MCAL/STM32F103C6_EXTI_Drivers.d" -MT"STM32F103C6_Drivers/MCAL/STM32F103C6_EXTI_Drivers.o" --specs=nano.specs -mfloat-abi=soft -mthumb -o "STM32F103C6_Drivers/MCAL/STM32F103C6_EXTI_Drivers.o"
arm-none-eabi-gcc -gdwarf-2 "../STM32F103C6_Drivers/MCAL/STM32F103C6_GPIO_Drivers.c" -mcpu=cortex-m3 -std=gnu11 -g3 -DSTM32 -DSTM32F1 -DSTM32F103C6Tx -DDEBUG -c -I../Inc -I"D:/Keroll/Second term/Unit 8 MCU Interfacing/Labs/Lab Finals/STM32_I2C_Driver/Drivers/STM32F103C6_Drivers/inc" -O0 -ffunction-sections -fdata-sections -Wall -fstack-usage -MMD -MP -MF"STM32F103C6_Drivers/MCAL/STM32F103C6_GPIO_Drivers.d" -MT"STM32F103C6_Drivers/MCAL/STM32F103C6_GPIO_Drivers.o" --specs=nano.specs -mfloat-abi=soft -mthumb -o "STM32F103C6_Drivers/MCAL/STM32F103C6_GPIO_Drivers.o"
arm-none-eabi-gcc -gdwarf-2 "../STM32F103C6_Drivers/MCAL/STM32F103C6_I2C_Drivers.c" -mcpu=cortex-m3 -std=gnu11 -g3 -DSTM32 -DSTM32F1 -DSTM32F103C6Tx -DDEBUG -c -I../Inc -I"D:/Keroll/Second term/Unit 8 MCU Interfacing/Labs/Lab Finals/STM32_I2C_Driver/Drivers/STM32F103C6_Drivers/inc" -O0 -ffunction-sections -fdata-sections -Wall -fstack-usage -MMD -MP -MF"STM32F103C6_Drivers/MCAL/STM32F103C6_I2C_Drivers.d" -MT"STM32F103C6_Drivers/MCAL/STM32F103C6_I2C_Drivers.o" --specs=nano.specs -mfloat-abi=soft -mthumb -o "STM32F103C6_Drivers/MCAL/STM32F103C6_I2C_Drivers.o"
arm-none-eabi-gcc -gdwarf-2 "../STM32F103C6_Drivers/MCAL/STM32F103C6_RCC_Drivers.c" -mcpu=cortex-m3 -std=gnu11 -g3 -DSTM32 -DSTM32F1 -DSTM32F103C6Tx -DDEBUG -c -I../Inc -I"D:/Keroll/Second term/Unit 8 MCU Interfacing/Labs/Lab Finals/STM32_I2C_Driver/Drivers/STM32F103C6_Drivers/inc" -O0 -ffunction-sections -fdata-sections -Wall -fstack-usage -MMD -MP -MF"STM32F103C6_Drivers/MCAL/STM32F103C6_RCC_Drivers.d" -MT"STM32F103C6_Drivers/MCAL/STM32F103C6_RCC_Drivers.o" --specs=nano.specs -mfloat-abi=soft -mthumb -o "STM32F103C6_Drivers/MCAL/STM32F103C6_RCC_Drivers.o"
arm-none-eabi-gcc -gdwarf-2 "../STM32F103C6_Drivers/MCAL/STM32F103C6_SPI_Drivers.c" -mcpu=cortex-m3 -std=gnu11 -g3 -DSTM32 -DSTM32F1 -DSTM32F103C6Tx -DDEBUG -c -I../Inc -I"D:/Keroll/Second term/Unit 8 MCU Interfacing/Labs/Lab Finals/STM32_I2C_Driver/Drivers/STM32F103C6_Drivers/inc" -O0 -ffunction-sections -fdata-sections -Wall -fstack-usage -MMD -MP -MF"STM32F103C6_Drivers/MCAL/STM32F103C6_SPI_Drivers.d" -MT"STM32F103C6_Drivers/MCAL/STM32F103C6_SPI_Drivers.o" --specs=nano.specs -mfloat-abi=soft -mthumb -o "STM32F103C6_Drivers/MCAL/STM32F103C6_SPI_Drivers.o"
arm-none-eabi-gcc -gdwarf-2 "../STM32F103C6_Drivers/MCAL/STM32F103C6_USART_Drivers.c" -mcpu=cortex-m3 -std=gnu11 -g3 -DSTM32 -DSTM32F1 -DSTM32F103C6Tx -DDEBUG -c -I../Inc -I"D:/Keroll/Second term/Unit 8 MCU Interfacing/Labs/Lab Finals/STM32_I2C_Driver/Drivers/STM32F103C6_Drivers/inc" -O0 -ffunction-sections -fdata-sections -Wall -fstack-usage -MMD -MP -MF"STM32F103C6_Drivers/MCAL/STM32F103C6_USART_Drivers.d" -MT"STM32F103C6_Drivers/MCAL/STM32F103C6_USART_Drivers.o" --specs=nano.specs -mfloat-abi=soft -mthumb -o "STM32F103C6_Drivers/MCAL/STM32F103C6_USART_Drivers.o"
arm-none-eabi-gcc -gdwarf-2 "../STM32F103C6_Drivers/HAL/KEYPAD.c" -mcpu=cortex-m3 -std=gnu11 -g3 -DSTM32 -DSTM32F1 -DSTM32F103C6Tx -DDEBUG -c -I../Inc -I"D:/Keroll/Second term/Unit 8 MCU Interfacing/Labs/Lab Finals/STM32_I2C_Driver/Drivers/STM32F103C6_Drivers/inc" -O0 -ffunction-sections -fdata-sections -Wall -fstack-usage -MMD -MP -MF"STM32F103C6_Drivers/HAL/KEYPAD.d" -MT"STM32F103C6_Drivers/HAL/KEYPAD.o" --specs=nano.specs -mfloat-abi=soft -mthumb -o "STM32F103C6_Drivers/HAL/KEYPAD.o"
arm-none-eabi-gcc -gdwarf-2 "../STM32F103C6_Drivers/HAL/LCD.c" -mcpu=cortex-m3 -std=gnu11 -g3 -DSTM32 -DSTM32F1 -DSTM32F103C6Tx -DDEBUG -c -I../Inc -I"D:/Keroll/Second term/Unit 8 MCU Interfacing/Labs/Lab Finals/STM32_I2C_Driver/Drivers/STM32F103C6_Drivers/inc" -O0 -ffunction-sections -fdata-sections -Wall -fstack-usage -MMD -MP -MF"STM32F103C6_Drivers/HAL/LCD.d" -MT"STM32F103C6_Drivers/HAL/LCD.o" --specs=nano.specs -mfloat-abi=soft -mthumb -o "STM32F103C6_Drivers/HAL/LCD.o"
arm-none-eabi-gcc -gdwarf-2 "../STM32F103C6_Drivers/HAL/S7_Segment.c" -mcpu=cortex-m3 -std=gnu11 -g3 -DSTM32 -DSTM32F1 -DSTM32F103C6Tx -DDEBUG -c -I../Inc -I"D:/Keroll/Second term/Unit 8 MCU Interfacing/Labs/Lab Finals/STM32_I2C_Driver/Drivers/STM32F103C6_Drivers/inc" -O0 -ffunction-sections -fdata-sections -Wall -fstack-usage -MMD -MP -MF"STM32F103C6_Drivers/HAL/S7_Segment.d" -MT"STM32F103C6_Drivers/HAL/S7_Segment.o" --specs=nano.specs -mfloat-abi=soft -mthumb -o "STM32F103C6_Drivers/HAL/S7_Segment.o"
In file included from D:/Keroll/Second term/Unit 8 MCU Interfacing/Labs/Lab Finals/STM32_I2C_Driver/Drivers/STM32F103C6_Drivers/inc/STM32F103C6_GPIO_Drivers.h:16:0,
                 from ../STM32F103C6_Drivers/MCAL/STM32F103C6_EXTI_Drivers.c:10:
D:/Keroll/Second term/Unit 8 MCU Interfacing/Labs/Lab Finals/STM32_I2C_Driver/Drivers/STM32F103C6_Drivers/inc/STM32F103x6.h:78:0: warning: "I2C1_BASE" redefined
 #define I2C1_BASE        0x40005800UL
 
D:/Keroll/Second term/Unit 8 MCU Interfacing/Labs/Lab Finals/STM32_I2C_Driver/Drivers/STM32F103C6_Drivers/inc/STM32F103x6.h:77:0: note: this is the location of the previous definition
 #define I2C1_BASE        0x40005400UL
 
In file included from D:/Keroll/Second term/Unit 8 MCU Interfacing/Labs/Lab Finals/STM32_I2C_Driver/Drivers/STM32F103C6_Drivers/inc/STM32F103C6_GPIO_Drivers.h:16:0,
                 from ../STM32F103C6_Drivers/MCAL/STM32F103C6_GPIO_Drivers.c:8:
D:/Keroll/Second term/Unit 8 MCU Interfacing/Labs/Lab Finals/STM32_I2C_Driver/Drivers/STM32F103C6_Drivers/inc/STM32F103x6.h:78:0: warning: "I2C1_BASE" redefined
 #define I2C1_BASE        0x40005800UL
 
D:/Keroll/Second term/Unit 8 MCU Interfacing/Labs/Lab Finals/STM32_I2C_Driver/Drivers/STM32F103C6_Drivers/inc/STM32F103x6.h:77:0: note: this is the location of the previous definition
 #define I2C1_BASE        0x40005400UL
 
In file included from D:/Keroll/Second term/Unit 8 MCU Interfacing/Labs/Lab Finals/STM32_I2C_Driver/Drivers/STM32F103C6_Drivers/inc/KEYPAD.h:16:0,
                 from ../STM32F103C6_Drivers/HAL/KEYPAD.c:9:
D:/Keroll/Second term/Unit 8 MCU Interfacing/Labs/Lab Finals/STM32_I2C_Driver/Drivers/STM32F103C6_Drivers/inc/STM32F103x6.h:78:0: warning: "I2C1_BASE" redefined
 #define I2C1_BASE        0x40005800UL
 
D:/Keroll/Second term/Unit 8 MCU Interfacing/Labs/Lab Finals/STM32_I2C_Driver/Drivers/STM32F103C6_Drivers/inc/STM32F103x6.h:77:0: note: this is the location of the previous definition
 #define I2C1_BASE        0x40005400UL
 
In file included from D:/Keroll/Second term/Unit 8 MCU Interfacing/Labs/Lab Finals/STM32_I2C_Driver/Drivers/STM32F103C6_Drivers/inc/STM32F103C6_I2C_Drivers.h:14:0,
                 from ../STM32F103C6_Drivers/MCAL/STM32F103C6_I2C_Drivers.c:9:
D:/Keroll/Second term/Unit 8 MCU Interfacing/Labs/Lab Finals/STM32_I2C_Driver/Drivers/STM32F103C6_Drivers/inc/STM32F103x6.h:78:0: warning: "I2C1_BASE" redefined
 #define I2C1_BASE        0x40005800UL
 
D:/Keroll/Second term/Unit 8 MCU Interfacing/Labs/Lab Finals/STM32_I2C_Driver/Drivers/STM32F103C6_Drivers/inc/STM32F103x6.h:77:0: note: this is the location of the previous definition
 #define I2C1_BASE        0x40005400UL
 
In file included from D:/Keroll/Second term/Unit 8 MCU Interfacing/Labs/Lab Finals/STM32_I2C_Driver/Drivers/STM32F103C6_Drivers/inc/STM32F103C6_RCC_Drivers.h:15:0,
                 from ../STM32F103C6_Drivers/MCAL/STM32F103C6_RCC_Drivers.c:9:
D:/Keroll/Second term/Unit 8 MCU Interfacing/Labs/Lab Finals/STM32_I2C_Driver/Drivers/STM32F103C6_Drivers/inc/STM32F103x6.h:78:0: warning: "I2C1_BASE" redefined
 #define I2C1_BASE        0x40005800UL
 
In file included from D:/Keroll/Second term/Unit 8 MCU Interfacing/Labs/Lab Finals/STM32_I2C_Driver/Drivers/STM32F103C6_Drivers/inc/STM32F103C6_SPI_Drivers.h:12:0,
                 from ../STM32F103C6_Drivers/MCAL/STM32F103C6_SPI_Drivers.c:10:
D:/Keroll/Second term/Unit 8 MCU Interfacing/Labs/Lab Finals/STM32_I2C_Driver/Drivers/STM32F103C6_Drivers/inc/STM32F103x6.h:78:0: warning: "I2C1_BASE" redefined
 #define I2C1_BASE        0x40005800UL
 
D:/Keroll/Second term/Unit 8 MCU Interfacing/Labs/Lab Finals/STM32_I2C_Driver/Drivers/STM32F103C6_Drivers/inc/STM32F103x6.h:77:0: note: this is the location of the previous definition
 #define I2C1_BASE        0x40005400UL
 
D:/Keroll/Second term/Unit 8 MCU Interfacing/Labs/Lab Finals/STM32_I2C_Driver/Drivers/STM32F103C6_Drivers/inc/STM32F103x6.h:77:0: note: this is the location of the previous definition
 #define I2C1_BASE        0x40005400UL
 
In file included from D:/Keroll/Second term/Unit 8 MCU Interfacing/Labs/Lab Finals/STM32_I2C_Driver/Drivers/STM32F103C6_Drivers/inc/STM32F103C6_USART_Drivers.h:16:0,
                 from ../STM32F103C6_Drivers/MCAL/STM32F103C6_USART_Drivers.c:9:
D:/Keroll/Second term/Unit 8 MCU Interfacing/Labs/Lab Finals/STM32_I2C_Driver/Drivers/STM32F103C6_Drivers/inc/STM32F103x6.h:78:0: warning: "I2C1_BASE" redefined
 #define I2C1_BASE        0x40005800UL
 
D:/Keroll/Second term/Unit 8 MCU Interfacing/Labs/Lab Finals/STM32_I2C_Driver/Drivers/STM32F103C6_Drivers/inc/STM32F103x6.h:77:0: note: this is the location of the previous definition
 #define I2C1_BASE        0x40005400UL
 
../STM32F103C6_Drivers/MCAL/STM32F103C6_RCC_Drivers.c: In function 'MCAL_RCC_GetSYS_CLCKFreq':
../STM32F103C6_Drivers/MCAL/STM32F103C6_RCC_Drivers.c:66:1: warning: control reaches end of non-void function [-Wreturn-type]
 }
 ^
../STM32F103C6_Drivers/MCAL/STM32F103C6_SPI_Drivers.c: In function 'MCAL_SPI_GPIO_Set_Pins':
../STM32F103C6_Drivers/MCAL/STM32F103C6_SPI_Drivers.c:248:4: warning: case label value is less than minimum value for type
    case SPI_NSS_Hard_Master_SS_output_disable:
    ^~~~
../STM32F103C6_Drivers/MCAL/STM32F103C6_SPI_Drivers.c:332:5: warning: case label value is less than minimum value for type
     case SPI_NSS_Hard_Master_SS_output_disable:
     ^~~~
In file included from D:/Keroll/Second term/Unit 8 MCU Interfacing/Labs/Lab Finals/STM32_I2C_Driver/Drivers/STM32F103C6_Drivers/inc/LCD.h:16:0,
                 from ../STM32F103C6_Drivers/HAL/LCD.c:9:
D:/Keroll/Second term/Unit 8 MCU Interfacing/Labs/Lab Finals/STM32_I2C_Driver/Drivers/STM32F103C6_Drivers/inc/STM32F103x6.h:78:0: warning: "I2C1_BASE" redefined
 #define I2C1_BASE        0x40005800UL
 
../STM32F103C6_Drivers/MCAL/STM32F103C6_SPI_Drivers.c:250:27: warning: statement will never be executed [-Wswitch-unreachable]
     PinCfg.GPIO_PinNumber = GPIO_PIN_4;
D:/Keroll/Second term/Unit 8 MCU Interfacing/Labs/Lab Finals/STM32_I2C_Driver/Drivers/STM32F103C6_Drivers/inc/STM32F103x6.h:77:0: note: this is the location of the previous definition
 #define I2C1_BASE        0x40005400UL
 
../STM32F103C6_Drivers/MCAL/STM32F103C6_SPI_Drivers.c:334:28: warning: statement will never be executed [-Wswitch-unreachable]
      PinCfg.GPIO_PinNumber = GPIO_PIN_12;
In file included from D:/Keroll/Second term/Unit 8 MCU Interfacing/Labs/Lab Finals/STM32_I2C_Driver/Drivers/STM32F103C6_Drivers/inc/S7_Segment.h:15:0,
                 from ../STM32F103C6_Drivers/HAL/S7_Segment.c:8:
D:/Keroll/Second term/Unit 8 MCU Interfacing/Labs/Lab Finals/STM32_I2C_Driver/Drivers/STM32F103C6_Drivers/inc/STM32F103x6.h:78:0: warning: "I2C1_BASE" redefined
 #define I2C1_BASE        0x40005800UL
 
D:/Keroll/Second term/Unit 8 MCU Interfacing/Labs/Lab Finals/STM32_I2C_Driver/Drivers/STM32F103C6_Drivers/inc/STM32F103x6.h:77:0: note: this is the location of the previous definition
 #define I2C1_BASE        0x40005400UL
 
arm-none-eabi-gcc -gdwarf-2 -o "Drivers.elf" @"objects.list"   -mcpu=cortex-m3 -T"D:\Keroll\Second term\Unit 8 MCU Interfacing\Labs\Lab Finals\STM32_I2C_Driver\Drivers\STM32F103C6TX_FLASH.ld" --specs=nosys.specs -Wl,-Map="Drivers.map" -Wl,--gc-sections -static --specs=nano.specs -mfloat-abi=soft -mthumb -Wl,--start-group -lc -lm -Wl,--end-group
Finished building target: Drivers.elf
 
arm-none-eabi-objdump -h -S  Drivers.elf  > "Drivers.list"
arm-none-eabi-objcopy  -O binary  Drivers.elf  "Drivers.bin"
arm-none-eabi-size   Drivers.elf 
   text	   data	    bss	    dec	    hex	filename
   1108	      8	   1640	   2756	    ac4	Drivers.elf
Finished building: default.size.stdout
 
Finished building: Drivers.bin
Finished building: Drivers.list
 
 
08:30:35 **** Incremental Build of configuration Debug for project Drivers ****
make -j16 all 
arm-none-eabi-gcc -gdwarf-2 "../STM32F103C6_Drivers/MCAL/STM32F103C6_EXTI_Drivers.c" -mcpu=cortex-m3 -std=gnu11 -g3 -DSTM32 -DSTM32F1 -DSTM32F103C6Tx -DDEBUG -c -I../Inc -I"D:/Keroll/Second term/Unit 8 MCU Interfacing/Labs/Lab Finals/STM32_I2C_Driver/Drivers/STM32F103C6_Drivers/inc" -O0 -ffunction-sections -fdata-sections -Wall -fstack-usage -MMD -MP -MF"STM32F103C6_Drivers/MCAL/STM32F103C6_EXTI_Drivers.d" -MT"STM32F103C6_Drivers/MCAL/STM32F103C6_EXTI_Drivers.o" --specs=nano.specs -mfloat-abi=soft -mthumb -o "STM32F103C6_Drivers/MCAL/STM32F103C6_EXTI_Drivers.o"
arm-none-eabi-gcc -gdwarf-2 "../STM32F103C6_Drivers/MCAL/STM32F103C6_GPIO_Drivers.c" -mcpu=cortex-m3 -std=gnu11 -g3 -DSTM32 -DSTM32F1 -DSTM32F103C6Tx -DDEBUG -c -I../Inc -I"D:/Keroll/Second term/Unit 8 MCU Interfacing/Labs/Lab Finals/STM32_I2C_Driver/Drivers/STM32F103C6_Drivers/inc" -O0 -ffunction-sections -fdata-sections -Wall -fstack-usage -MMD -MP -MF"STM32F103C6_Drivers/MCAL/STM32F103C6_GPIO_Drivers.d" -MT"STM32F103C6_Drivers/MCAL/STM32F103C6_GPIO_Drivers.o" --specs=nano.specs -mfloat-abi=soft -mthumb -o "STM32F103C6_Drivers/MCAL/STM32F103C6_GPIO_Drivers.o"
arm-none-eabi-gcc -gdwarf-2 "../STM32F103C6_Drivers/MCAL/STM32F103C6_I2C_Drivers.c" -mcpu=cortex-m3 -std=gnu11 -g3 -DSTM32 -DSTM32F1 -DSTM32F103C6Tx -DDEBUG -c -I../Inc -I"D:/Keroll/Second term/Unit 8 MCU Interfacing/Labs/Lab Finals/STM32_I2C_Driver/Drivers/STM32F103C6_Drivers/inc" -O0 -ffunction-sections -fdata-sections -Wall -fstack-usage -MMD -MP -MF"STM32F103C6_Drivers/MCAL/STM32F103C6_I2C_Drivers.d" -MT"STM32F103C6_Drivers/MCAL/STM32F103C6_I2C_Drivers.o" --specs=nano.specs -mfloat-abi=soft -mthumb -o "STM32F103C6_Drivers/MCAL/STM32F103C6_I2C_Drivers.o"
arm-none-eabi-gcc -gdwarf-2 "../STM32F103C6_Drivers/MCAL/STM32F103C6_RCC_Drivers.c" -mcpu=cortex-m3 -std=gnu11 -g3 -DSTM32 -DSTM32F1 -DSTM32F103C6Tx -DDEBUG -c -I../Inc -I"D:/Keroll/Second term/Unit 8 MCU Interfacing/Labs/Lab Finals/STM32_I2C_Driver/Drivers/STM32F103C6_Drivers/inc" -O0 -ffunction-sections -fdata-sections -Wall -fstack-usage -MMD -MP -MF"STM32F103C6_Drivers/MCAL/STM32F103C6_RCC_Drivers.d" -MT"STM32F103C6_Drivers/MCAL/STM32F103C6_RCC_Drivers.o" --specs=nano.specs -mfloat-abi=soft -mthumb -o "STM32F103C6_Drivers/MCAL/STM32F103C6_RCC_Drivers.o"
arm-none-eabi-gcc -gdwarf-2 "../STM32F103C6_Drivers/MCAL/STM32F103C6_SPI_Drivers.c" -mcpu=cortex-m3 -std=gnu11 -g3 -DSTM32 -DSTM32F1 -DSTM32F103C6Tx -DDEBUG -c -I../Inc -I"D:/Keroll/Second term/Unit 8 MCU Interfacing/Labs/Lab Finals/STM32_I2C_Driver/Drivers/STM32F103C6_Drivers/inc" -O0 -ffunction-sections -fdata-sections -Wall -fstack-usage -MMD -MP -MF"STM32F103C6_Drivers/MCAL/STM32F103C6_SPI_Drivers.d" -MT"STM32F103C6_Drivers/MCAL/STM32F103C6_SPI_Drivers.o" --specs=nano.specs -mfloat-abi=soft -mthumb -o "STM32F103C6_Drivers/MCAL/STM32F103C6_SPI_Drivers.o"
arm-none-eabi-gcc -gdwarf-2 "../STM32F103C6_Drivers/MCAL/STM32F103C6_USART_Drivers.c" -mcpu=cortex-m3 -std=gnu11 -g3 -DSTM32 -DSTM32F1 -DSTM32F103C6Tx -DDEBUG -c -I../Inc -I"D:/Keroll/Second term/Unit 8 MCU Interfacing/Labs/Lab Finals/STM32_I2C_Driver/Drivers/STM32F103C6_Drivers/inc" -O0 -ffunction-sections -fdata-sections -Wall -fstack-usage -MMD -MP -MF"STM32F103C6_Drivers/MCAL/STM32F103C6_USART_Drivers.d" -MT"STM32F103C6_Drivers/MCAL/STM32F103C6_USART_Drivers.o" --specs=nano.specs -mfloat-abi=soft -mthumb -o "STM32F103C6_Drivers/MCAL/STM32F103C6_USART_Drivers.o"
arm-none-eabi-gcc -gdwarf-2 "../STM32F103C6_Drivers/HAL/KEYPAD.c" -mcpu=cortex-m3 -std=gnu11 -g3 -DSTM32 -DSTM32F1 -DSTM32F103C6Tx -DDEBUG -c -I../Inc -I"D:/Keroll/Second term/Unit 8 MCU Interfacing/Labs/Lab Finals/STM32_I2C_Driver/Drivers/STM32F103C6_Drivers/inc" -O0 -ffunction-sections -fdata-sections -Wall -fstack-usage -MMD -MP -MF"STM32F103C6_Drivers/HAL/KEYPAD.d" -MT"STM32F103C6_Drivers/HAL/KEYPAD.o" --specs=nano.specs -mfloat-abi=soft -mthumb -o "STM32F103C6_Drivers/HAL/KEYPAD.o"
arm-none-eabi-gcc -gdwarf-2 "../STM32F103C6_Drivers/HAL/LCD.c" -mcpu=cortex-m3 -std=gnu11 -g3 -DSTM32 -DSTM32F1 -DSTM32F103C6Tx -DDEBUG -c -I../Inc -I"D:/Keroll/Second term/Unit 8 MCU Interfacing/Labs/Lab Finals/STM32_I2C_Driver/Drivers/STM32F103C6_Drivers/inc" -O0 -ffunction-sections -fdata-sections -Wall -fstack-usage -MMD -MP -MF"STM32F103C6_Drivers/HAL/LCD.d" -MT"STM32F103C6_Drivers/HAL/LCD.o" --specs=nano.specs -mfloat-abi=soft -mthumb -o "STM32F103C6_Drivers/HAL/LCD.o"
arm-none-eabi-gcc -gdwarf-2 "../STM32F103C6_Drivers/HAL/S7_Segment.c" -mcpu=cortex-m3 -std=gnu11 -g3 -DSTM32 -DSTM32F1 -DSTM32F103C6Tx -DDEBUG -c -I../Inc -I"D:/Keroll/Second term/Unit 8 MCU Interfacing/Labs/Lab Finals/STM32_I2C_Driver/Drivers/STM32F103C6_Drivers/inc" -O0 -ffunction-sections -fdata-sections -Wall -fstack-usage -MMD -MP -MF"STM32F103C6_Drivers/HAL/S7_Segment.d" -MT"STM32F103C6_Drivers/HAL/S7_Segment.o" --specs=nano.specs -mfloat-abi=soft -mthumb -o "STM32F103C6_Drivers/HAL/S7_Segment.o"
In file included from D:/Keroll/Second term/Unit 8 MCU Interfacing/Labs/Lab Finals/STM32_I2C_Driver/Drivers/STM32F103C6_Drivers/inc/STM32F103C6_GPIO_Drivers.h:16:0,
                 from ../STM32F103C6_Drivers/MCAL/STM32F103C6_EXTI_Drivers.c:10:
D:/Keroll/Second term/Unit 8 MCU Interfacing/Labs/Lab Finals/STM32_I2C_Driver/Drivers/STM32F103C6_Drivers/inc/STM32F103x6.h:78:0: warning: "I2C1_BASE" redefined
 #define I2C1_BASE        0x40005800UL
 
D:/Keroll/Second term/Unit 8 MCU Interfacing/Labs/Lab Finals/STM32_I2C_Driver/Drivers/STM32F103C6_Drivers/inc/STM32F103x6.h:77:0: note: this is the location of the previous definition
 #define I2C1_BASE        0x40005400UL
 
In file included from D:/Keroll/Second term/Unit 8 MCU Interfacing/Labs/Lab Finals/STM32_I2C_Driver/Drivers/STM32F103C6_Drivers/inc/STM32F103C6_GPIO_Drivers.h:16:0,
                 from ../STM32F103C6_Drivers/MCAL/STM32F103C6_GPIO_Drivers.c:8:
D:/Keroll/Second term/Unit 8 MCU Interfacing/Labs/Lab Finals/STM32_I2C_Driver/Drivers/STM32F103C6_Drivers/inc/STM32F103x6.h:78:0: warning: "I2C1_BASE" redefined
 #define I2C1_BASE        0x40005800UL
 
D:/Keroll/Second term/Unit 8 MCU Interfacing/Labs/Lab Finals/STM32_I2C_Driver/Drivers/STM32F103C6_Drivers/inc/STM32F103x6.h:77:0: note: this is the location of the previous definition
 #define I2C1_BASE        0x40005400UL
 
In file included from D:/Keroll/Second term/Unit 8 MCU Interfacing/Labs/Lab Finals/STM32_I2C_Driver/Drivers/STM32F103C6_Drivers/inc/STM32F103C6_I2C_Drivers.h:14:0,
                 from ../STM32F103C6_Drivers/MCAL/STM32F103C6_I2C_Drivers.c:9:
D:/Keroll/Second term/Unit 8 MCU Interfacing/Labs/Lab Finals/STM32_I2C_Driver/Drivers/STM32F103C6_Drivers/inc/STM32F103x6.h:78:0: warning: "I2C1_BASE" redefined
 #define I2C1_BASE        0x40005800UL
 
D:/Keroll/Second term/Unit 8 MCU Interfacing/Labs/Lab Finals/STM32_I2C_Driver/Drivers/STM32F103C6_Drivers/inc/STM32F103x6.h:77:0: note: this is the location of the previous definition
 #define I2C1_BASE        0x40005400UL
 
In file included from D:/Keroll/Second term/Unit 8 MCU Interfacing/Labs/Lab Finals/STM32_I2C_Driver/Drivers/STM32F103C6_Drivers/inc/STM32F103C6_SPI_Drivers.h:12:0,
                 from ../STM32F103C6_Drivers/MCAL/STM32F103C6_SPI_Drivers.c:10:
D:/Keroll/Second term/Unit 8 MCU Interfacing/Labs/Lab Finals/STM32_I2C_Driver/Drivers/STM32F103C6_Drivers/inc/STM32F103x6.h:78:0: warning: "I2C1_BASE" redefined
 #define I2C1_BASE        0x40005800UL
 
D:/Keroll/Second term/Unit 8 MCU Interfacing/Labs/Lab Finals/STM32_I2C_Driver/Drivers/STM32F103C6_Drivers/inc/STM32F103x6.h:77:0: note: this is the location of the previous definition
 #define I2C1_BASE        0x40005400UL
 
In file included from D:/Keroll/Second term/Unit 8 MCU Interfacing/Labs/Lab Finals/STM32_I2C_Driver/Drivers/STM32F103C6_Drivers/inc/STM32F103C6_USART_Drivers.h:16:0,
                 from ../STM32F103C6_Drivers/MCAL/STM32F103C6_USART_Drivers.c:9:
D:/Keroll/Second term/Unit 8 MCU Interfacing/Labs/Lab Finals/STM32_I2C_Driver/Drivers/STM32F103C6_Drivers/inc/STM32F103x6.h:78:0: warning: "I2C1_BASE" redefined
 #define I2C1_BASE        0x40005800UL
 
D:/Keroll/Second term/Unit 8 MCU Interfacing/Labs/Lab Finals/STM32_I2C_Driver/Drivers/STM32F103C6_Drivers/inc/STM32F103x6.h:77:0: note: this is the location of the previous definition
 #define I2C1_BASE        0x40005400UL
 
../STM32F103C6_Drivers/MCAL/STM32F103C6_SPI_Drivers.c: In function 'MCAL_SPI_GPIO_Set_Pins':
../STM32F103C6_Drivers/MCAL/STM32F103C6_SPI_Drivers.c:248:4: warning: case label value is less than minimum value for type
    case SPI_NSS_Hard_Master_SS_output_disable:
    ^~~~
../STM32F103C6_Drivers/MCAL/STM32F103C6_SPI_Drivers.c:332:5: warning: case label value is less than minimum value for type
     case SPI_NSS_Hard_Master_SS_output_disable:
     ^~~~
In file included from D:/Keroll/Second term/Unit 8 MCU Interfacing/Labs/Lab Finals/STM32_I2C_Driver/Drivers/STM32F103C6_Drivers/inc/STM32F103C6_RCC_Drivers.h:15:0,
                 from ../STM32F103C6_Drivers/MCAL/STM32F103C6_RCC_Drivers.c:9:
D:/Keroll/Second term/Unit 8 MCU Interfacing/Labs/Lab Finals/STM32_I2C_Driver/Drivers/STM32F103C6_Drivers/inc/STM32F103x6.h:78:0: warning: "I2C1_BASE" redefined
 #define I2C1_BASE        0x40005800UL
 
D:/Keroll/Second term/Unit 8 MCU Interfacing/Labs/Lab Finals/STM32_I2C_Driver/Drivers/STM32F103C6_Drivers/inc/STM32F103x6.h:77:0: note: this is the location of the previous definition
 #define I2C1_BASE        0x40005400UL
 
../STM32F103C6_Drivers/MCAL/STM32F103C6_SPI_Drivers.c:250:27: warning: statement will never be executed [-Wswitch-unreachable]
     PinCfg.GPIO_PinNumber = GPIO_PIN_4;
In file included from D:/Keroll/Second term/Unit 8 MCU Interfacing/Labs/Lab Finals/STM32_I2C_Driver/Drivers/STM32F103C6_Drivers/inc/KEYPAD.h:16:0,
                 from ../STM32F103C6_Drivers/HAL/KEYPAD.c:9:
D:/Keroll/Second term/Unit 8 MCU Interfacing/Labs/Lab Finals/STM32_I2C_Driver/Drivers/STM32F103C6_Drivers/inc/STM32F103x6.h:78:0: warning: "I2C1_BASE" redefined
 #define I2C1_BASE        0x40005800UL
 
../STM32F103C6_Drivers/MCAL/STM32F103C6_SPI_Drivers.c:334:28: warning: statement will never be executed [-Wswitch-unreachable]
      PinCfg.GPIO_PinNumber = GPIO_PIN_12;
D:/Keroll/Second term/Unit 8 MCU Interfacing/Labs/Lab Finals/STM32_I2C_Driver/Drivers/STM32F103C6_Drivers/inc/STM32F103x6.h:77:0: note: this is the location of the previous definition
 #define I2C1_BASE        0x40005400UL
 
../STM32F103C6_Drivers/MCAL/STM32F103C6_RCC_Drivers.c: In function 'MCAL_RCC_GetSYS_CLCKFreq':
../STM32F103C6_Drivers/MCAL/STM32F103C6_RCC_Drivers.c:66:1: warning: control reaches end of non-void function [-Wreturn-type]
 }
 ^
In file included from D:/Keroll/Second term/Unit 8 MCU Interfacing/Labs/Lab Finals/STM32_I2C_Driver/Drivers/STM32F103C6_Drivers/inc/S7_Segment.h:15:0,
                 from ../STM32F103C6_Drivers/HAL/S7_Segment.c:8:
D:/Keroll/Second term/Unit 8 MCU Interfacing/Labs/Lab Finals/STM32_I2C_Driver/Drivers/STM32F103C6_Drivers/inc/STM32F103x6.h:78:0: warning: "I2C1_BASE" redefined
 #define I2C1_BASE        0x40005800UL
 
D:/Keroll/Second term/Unit 8 MCU Interfacing/Labs/Lab Finals/STM32_I2C_Driver/Drivers/STM32F103C6_Drivers/inc/STM32F103x6.h:77:0: note: this is the location of the previous definition
 #define I2C1_BASE        0x40005400UL
 
In file included from D:/Keroll/Second term/Unit 8 MCU Interfacing/Labs/Lab Finals/STM32_I2C_Driver/Drivers/STM32F103C6_Drivers/inc/LCD.h:16:0,
                 from ../STM32F103C6_Drivers/HAL/LCD.c:9:
D:/Keroll/Second term/Unit 8 MCU Interfacing/Labs/Lab Finals/STM32_I2C_Driver/Drivers/STM32F103C6_Drivers/inc/STM32F103x6.h:78:0: warning: "I2C1_BASE" redefined
 #define I2C1_BASE        0x40005800UL
 
D:/Keroll/Second term/Unit 8 MCU Interfacing/Labs/Lab Finals/STM32_I2C_Driver/Drivers/STM32F103C6_Drivers/inc/STM32F103x6.h:77:0: note: this is the location of the previous definition
 #define I2C1_BASE        0x40005400UL
 
arm-none-eabi-gcc -gdwarf-2 -o "Drivers.elf" @"objects.list"   -mcpu=cortex-m3 -T"D:\Keroll\Second term\Unit 8 MCU Interfacing\Labs\Lab Finals\STM32_I2C_Driver\Drivers\STM32F103C6TX_FLASH.ld" --specs=nosys.specs -Wl,-Map="Drivers.map" -Wl,--gc-sections -static --specs=nano.specs -mfloat-abi=soft -mthumb -Wl,--start-group -lc -lm -Wl,--end-group
Finished building target: Drivers.elf
 
arm-none-eabi-objdump -h -S  Drivers.elf  > "Drivers.list"
arm-none-eabi-objcopy  -O binary  Drivers.elf  "Drivers.bin"
arm-none-eabi-size   Drivers.elf 
   text	   data	    bss	    dec	    hex	filename
   1108	      8	   1640	   2756	    ac4	Drivers.elf
Finished building: default.size.stdout
 
Finished building: Drivers.bin
Finished building: Drivers.list
 
 
09:05:57 **** Incremental Build of configuration Debug for project Drivers ****
make -j16 all 
arm-none-eabi-gcc -gdwarf-2 "../STM32F103C6_Drivers/MCAL/STM32F103C6_EXTI_Drivers.c" -mcpu=cortex-m3 -std=gnu11 -g3 -DSTM32 -DSTM32F1 -DSTM32F103C6Tx -DDEBUG -c -I../Inc -I"D:/Keroll/Second term/Unit 8 MCU Interfacing/Labs/Lab Finals/STM32_I2C_Driver/Drivers/STM32F103C6_Drivers/inc" -O0 -ffunction-sections -fdata-sections -Wall -fstack-usage -MMD -MP -MF"STM32F103C6_Drivers/MCAL/STM32F103C6_EXTI_Drivers.d" -MT"STM32F103C6_Drivers/MCAL/STM32F103C6_EXTI_Drivers.o" --specs=nano.specs -mfloat-abi=soft -mthumb -o "STM32F103C6_Drivers/MCAL/STM32F103C6_EXTI_Drivers.o"
arm-none-eabi-gcc -gdwarf-2 "../STM32F103C6_Drivers/MCAL/STM32F103C6_GPIO_Drivers.c" -mcpu=cortex-m3 -std=gnu11 -g3 -DSTM32 -DSTM32F1 -DSTM32F103C6Tx -DDEBUG -c -I../Inc -I"D:/Keroll/Second term/Unit 8 MCU Interfacing/Labs/Lab Finals/STM32_I2C_Driver/Drivers/STM32F103C6_Drivers/inc" -O0 -ffunction-sections -fdata-sections -Wall -fstack-usage -MMD -MP -MF"STM32F103C6_Drivers/MCAL/STM32F103C6_GPIO_Drivers.d" -MT"STM32F103C6_Drivers/MCAL/STM32F103C6_GPIO_Drivers.o" --specs=nano.specs -mfloat-abi=soft -mthumb -o "STM32F103C6_Drivers/MCAL/STM32F103C6_GPIO_Drivers.o"
arm-none-eabi-gcc -gdwarf-2 "../STM32F103C6_Drivers/MCAL/STM32F103C6_I2C_Drivers.c" -mcpu=cortex-m3 -std=gnu11 -g3 -DSTM32 -DSTM32F1 -DSTM32F103C6Tx -DDEBUG -c -I../Inc -I"D:/Keroll/Second term/Unit 8 MCU Interfacing/Labs/Lab Finals/STM32_I2C_Driver/Drivers/STM32F103C6_Drivers/inc" -O0 -ffunction-sections -fdata-sections -Wall -fstack-usage -MMD -MP -MF"STM32F103C6_Drivers/MCAL/STM32F103C6_I2C_Drivers.d" -MT"STM32F103C6_Drivers/MCAL/STM32F103C6_I2C_Drivers.o" --specs=nano.specs -mfloat-abi=soft -mthumb -o "STM32F103C6_Drivers/MCAL/STM32F103C6_I2C_Drivers.o"
arm-none-eabi-gcc -gdwarf-2 "../STM32F103C6_Drivers/MCAL/STM32F103C6_RCC_Drivers.c" -mcpu=cortex-m3 -std=gnu11 -g3 -DSTM32 -DSTM32F1 -DSTM32F103C6Tx -DDEBUG -c -I../Inc -I"D:/Keroll/Second term/Unit 8 MCU Interfacing/Labs/Lab Finals/STM32_I2C_Driver/Drivers/STM32F103C6_Drivers/inc" -O0 -ffunction-sections -fdata-sections -Wall -fstack-usage -MMD -MP -MF"STM32F103C6_Drivers/MCAL/STM32F103C6_RCC_Drivers.d" -MT"STM32F103C6_Drivers/MCAL/STM32F103C6_RCC_Drivers.o" --specs=nano.specs -mfloat-abi=soft -mthumb -o "STM32F103C6_Drivers/MCAL/STM32F103C6_RCC_Drivers.o"
arm-none-eabi-gcc -gdwarf-2 "../STM32F103C6_Drivers/MCAL/STM32F103C6_SPI_Drivers.c" -mcpu=cortex-m3 -std=gnu11 -g3 -DSTM32 -DSTM32F1 -DSTM32F103C6Tx -DDEBUG -c -I../Inc -I"D:/Keroll/Second term/Unit 8 MCU Interfacing/Labs/Lab Finals/STM32_I2C_Driver/Drivers/STM32F103C6_Drivers/inc" -O0 -ffunction-sections -fdata-sections -Wall -fstack-usage -MMD -MP -MF"STM32F103C6_Drivers/MCAL/STM32F103C6_SPI_Drivers.d" -MT"STM32F103C6_Drivers/MCAL/STM32F103C6_SPI_Drivers.o" --specs=nano.specs -mfloat-abi=soft -mthumb -o "STM32F103C6_Drivers/MCAL/STM32F103C6_SPI_Drivers.o"
arm-none-eabi-gcc -gdwarf-2 "../STM32F103C6_Drivers/MCAL/STM32F103C6_USART_Drivers.c" -mcpu=cortex-m3 -std=gnu11 -g3 -DSTM32 -DSTM32F1 -DSTM32F103C6Tx -DDEBUG -c -I../Inc -I"D:/Keroll/Second term/Unit 8 MCU Interfacing/Labs/Lab Finals/STM32_I2C_Driver/Drivers/STM32F103C6_Drivers/inc" -O0 -ffunction-sections -fdata-sections -Wall -fstack-usage -MMD -MP -MF"STM32F103C6_Drivers/MCAL/STM32F103C6_USART_Drivers.d" -MT"STM32F103C6_Drivers/MCAL/STM32F103C6_USART_Drivers.o" --specs=nano.specs -mfloat-abi=soft -mthumb -o "STM32F103C6_Drivers/MCAL/STM32F103C6_USART_Drivers.o"
arm-none-eabi-gcc -gdwarf-2 "../STM32F103C6_Drivers/HAL/KEYPAD.c" -mcpu=cortex-m3 -std=gnu11 -g3 -DSTM32 -DSTM32F1 -DSTM32F103C6Tx -DDEBUG -c -I../Inc -I"D:/Keroll/Second term/Unit 8 MCU Interfacing/Labs/Lab Finals/STM32_I2C_Driver/Drivers/STM32F103C6_Drivers/inc" -O0 -ffunction-sections -fdata-sections -Wall -fstack-usage -MMD -MP -MF"STM32F103C6_Drivers/HAL/KEYPAD.d" -MT"STM32F103C6_Drivers/HAL/KEYPAD.o" --specs=nano.specs -mfloat-abi=soft -mthumb -o "STM32F103C6_Drivers/HAL/KEYPAD.o"
arm-none-eabi-gcc -gdwarf-2 "../STM32F103C6_Drivers/HAL/LCD.c" -mcpu=cortex-m3 -std=gnu11 -g3 -DSTM32 -DSTM32F1 -DSTM32F103C6Tx -DDEBUG -c -I../Inc -I"D:/Keroll/Second term/Unit 8 MCU Interfacing/Labs/Lab Finals/STM32_I2C_Driver/Drivers/STM32F103C6_Drivers/inc" -O0 -ffunction-sections -fdata-sections -Wall -fstack-usage -MMD -MP -MF"STM32F103C6_Drivers/HAL/LCD.d" -MT"STM32F103C6_Drivers/HAL/LCD.o" --specs=nano.specs -mfloat-abi=soft -mthumb -o "STM32F103C6_Drivers/HAL/LCD.o"
arm-none-eabi-gcc -gdwarf-2 "../STM32F103C6_Drivers/HAL/S7_Segment.c" -mcpu=cortex-m3 -std=gnu11 -g3 -DSTM32 -DSTM32F1 -DSTM32F103C6Tx -DDEBUG -c -I../Inc -I"D:/Keroll/Second term/Unit 8 MCU Interfacing/Labs/Lab Finals/STM32_I2C_Driver/Drivers/STM32F103C6_Drivers/inc" -O0 -ffunction-sections -fdata-sections -Wall -fstack-usage -MMD -MP -MF"STM32F103C6_Drivers/HAL/S7_Segment.d" -MT"STM32F103C6_Drivers/HAL/S7_Segment.o" --specs=nano.specs -mfloat-abi=soft -mthumb -o "STM32F103C6_Drivers/HAL/S7_Segment.o"
In file included from D:/Keroll/Second term/Unit 8 MCU Interfacing/Labs/Lab Finals/STM32_I2C_Driver/Drivers/STM32F103C6_Drivers/inc/STM32F103C6_GPIO_Drivers.h:16:0,
                 from ../STM32F103C6_Drivers/MCAL/STM32F103C6_EXTI_Drivers.c:10:
D:/Keroll/Second term/Unit 8 MCU Interfacing/Labs/Lab Finals/STM32_I2C_Driver/Drivers/STM32F103C6_Drivers/inc/STM32F103x6.h:78:0: warning: "I2C1_BASE" redefined
 #define I2C1_BASE        0x40005800UL
 
D:/Keroll/Second term/Unit 8 MCU Interfacing/Labs/Lab Finals/STM32_I2C_Driver/Drivers/STM32F103C6_Drivers/inc/STM32F103x6.h:77:0: note: this is the location of the previous definition
 #define I2C1_BASE        0x40005400UL
 
In file included from D:/Keroll/Second term/Unit 8 MCU Interfacing/Labs/Lab Finals/STM32_I2C_Driver/Drivers/STM32F103C6_Drivers/inc/STM32F103C6_GPIO_Drivers.h:16:0,
                 from ../STM32F103C6_Drivers/MCAL/STM32F103C6_GPIO_Drivers.c:8:
D:/Keroll/Second term/Unit 8 MCU Interfacing/Labs/Lab Finals/STM32_I2C_Driver/Drivers/STM32F103C6_Drivers/inc/STM32F103x6.h:78:0: warning: "I2C1_BASE" redefined
 #define I2C1_BASE        0x40005800UL
 
D:/Keroll/Second term/Unit 8 MCU Interfacing/Labs/Lab Finals/STM32_I2C_Driver/Drivers/STM32F103C6_Drivers/inc/STM32F103x6.h:77:0: note: this is the location of the previous definition
 #define I2C1_BASE        0x40005400UL
 
In file included from D:/Keroll/Second term/Unit 8 MCU Interfacing/Labs/Lab Finals/STM32_I2C_Driver/Drivers/STM32F103C6_Drivers/inc/STM32F103C6_I2C_Drivers.h:14:0,
                 from ../STM32F103C6_Drivers/MCAL/STM32F103C6_I2C_Drivers.c:9:
D:/Keroll/Second term/Unit 8 MCU Interfacing/Labs/Lab Finals/STM32_I2C_Driver/Drivers/STM32F103C6_Drivers/inc/STM32F103x6.h:78:0: warning: "I2C1_BASE" redefined
 #define I2C1_BASE        0x40005800UL
 
In file included from D:/Keroll/Second term/Unit 8 MCU Interfacing/Labs/Lab Finals/STM32_I2C_Driver/Drivers/STM32F103C6_Drivers/inc/STM32F103C6_RCC_Drivers.h:15:0,
                 from ../STM32F103C6_Drivers/MCAL/STM32F103C6_RCC_Drivers.c:9:
D:/Keroll/Second term/Unit 8 MCU Interfacing/Labs/Lab Finals/STM32_I2C_Driver/Drivers/STM32F103C6_Drivers/inc/STM32F103x6.h:78:0: warning: "I2C1_BASE" redefined
 #define I2C1_BASE        0x40005800UL
 
D:/Keroll/Second term/Unit 8 MCU Interfacing/Labs/Lab Finals/STM32_I2C_Driver/Drivers/STM32F103C6_Drivers/inc/STM32F103x6.h:77:0: note: this is the location of the previous definition
 #define I2C1_BASE        0x40005400UL
 
D:/Keroll/Second term/Unit 8 MCU Interfacing/Labs/Lab Finals/STM32_I2C_Driver/Drivers/STM32F103C6_Drivers/inc/STM32F103x6.h:77:0: note: this is the location of the previous definition
 #define I2C1_BASE        0x40005400UL
 
../STM32F103C6_Drivers/MCAL/STM32F103C6_RCC_Drivers.c: In function 'MCAL_RCC_GetSYS_CLCKFreq':
../STM32F103C6_Drivers/MCAL/STM32F103C6_RCC_Drivers.c:66:1: warning: control reaches end of non-void function [-Wreturn-type]
 }
 ^
In file included from D:/Keroll/Second term/Unit 8 MCU Interfacing/Labs/Lab Finals/STM32_I2C_Driver/Drivers/STM32F103C6_Drivers/inc/STM32F103C6_SPI_Drivers.h:12:0,
                 from ../STM32F103C6_Drivers/MCAL/STM32F103C6_SPI_Drivers.c:10:
D:/Keroll/Second term/Unit 8 MCU Interfacing/Labs/Lab Finals/STM32_I2C_Driver/Drivers/STM32F103C6_Drivers/inc/STM32F103x6.h:78:0: warning: "I2C1_BASE" redefined
 #define I2C1_BASE        0x40005800UL
 
D:/Keroll/Second term/Unit 8 MCU Interfacing/Labs/Lab Finals/STM32_I2C_Driver/Drivers/STM32F103C6_Drivers/inc/STM32F103x6.h:77:0: note: this is the location of the previous definition
 #define I2C1_BASE        0x40005400UL
 
In file included from D:/Keroll/Second term/Unit 8 MCU Interfacing/Labs/Lab Finals/STM32_I2C_Driver/Drivers/STM32F103C6_Drivers/inc/STM32F103C6_USART_Drivers.h:16:0,
                 from ../STM32F103C6_Drivers/MCAL/STM32F103C6_USART_Drivers.c:9:
D:/Keroll/Second term/Unit 8 MCU Interfacing/Labs/Lab Finals/STM32_I2C_Driver/Drivers/STM32F103C6_Drivers/inc/STM32F103x6.h:78:0: warning: "I2C1_BASE" redefined
 #define I2C1_BASE        0x40005800UL
 
D:/Keroll/Second term/Unit 8 MCU Interfacing/Labs/Lab Finals/STM32_I2C_Driver/Drivers/STM32F103C6_Drivers/inc/STM32F103x6.h:77:0: note: this is the location of the previous definition
 #define I2C1_BASE        0x40005400UL
 
../STM32F103C6_Drivers/MCAL/STM32F103C6_SPI_Drivers.c: In function 'MCAL_SPI_GPIO_Set_Pins':
../STM32F103C6_Drivers/MCAL/STM32F103C6_SPI_Drivers.c:248:4: warning: case label value is less than minimum value for type
    case SPI_NSS_Hard_Master_SS_output_disable:
    ^~~~
../STM32F103C6_Drivers/MCAL/STM32F103C6_SPI_Drivers.c:332:5: warning: case label value is less than minimum value for type
     case SPI_NSS_Hard_Master_SS_output_disable:
     ^~~~
In file included from D:/Keroll/Second term/Unit 8 MCU Interfacing/Labs/Lab Finals/STM32_I2C_Driver/Drivers/STM32F103C6_Drivers/inc/KEYPAD.h:16:0,
                 from ../STM32F103C6_Drivers/HAL/KEYPAD.c:9:
D:/Keroll/Second term/Unit 8 MCU Interfacing/Labs/Lab Finals/STM32_I2C_Driver/Drivers/STM32F103C6_Drivers/inc/STM32F103x6.h:78:0: warning: "I2C1_BASE" redefined
 #define I2C1_BASE        0x40005800UL
 
D:/Keroll/Second term/Unit 8 MCU Interfacing/Labs/Lab Finals/STM32_I2C_Driver/Drivers/STM32F103C6_Drivers/inc/STM32F103x6.h:77:0: note: this is the location of the previous definition
 #define I2C1_BASE        0x40005400UL
 
../STM32F103C6_Drivers/MCAL/STM32F103C6_SPI_Drivers.c:250:27: warning: statement will never be executed [-Wswitch-unreachable]
     PinCfg.GPIO_PinNumber = GPIO_PIN_4;
../STM32F103C6_Drivers/MCAL/STM32F103C6_SPI_Drivers.c:334:28: warning: statement will never be executed [-Wswitch-unreachable]
      PinCfg.GPIO_PinNumber = GPIO_PIN_12;
In file included from D:/Keroll/Second term/Unit 8 MCU Interfacing/Labs/Lab Finals/STM32_I2C_Driver/Drivers/STM32F103C6_Drivers/inc/LCD.h:16:0,
                 from ../STM32F103C6_Drivers/HAL/LCD.c:9:
D:/Keroll/Second term/Unit 8 MCU Interfacing/Labs/Lab Finals/STM32_I2C_Driver/Drivers/STM32F103C6_Drivers/inc/STM32F103x6.h:78:0: warning: "I2C1_BASE" redefined
 #define I2C1_BASE        0x40005800UL
 
In file included from D:/Keroll/Second term/Unit 8 MCU Interfacing/Labs/Lab Finals/STM32_I2C_Driver/Drivers/STM32F103C6_Drivers/inc/S7_Segment.h:15:0,
                 from ../STM32F103C6_Drivers/HAL/S7_Segment.c:8:
D:/Keroll/Second term/Unit 8 MCU Interfacing/Labs/Lab Finals/STM32_I2C_Driver/Drivers/STM32F103C6_Drivers/inc/STM32F103x6.h:78:0: warning: "I2C1_BASE" redefined
 #define I2C1_BASE        0x40005800UL
 
D:/Keroll/Second term/Unit 8 MCU Interfacing/Labs/Lab Finals/STM32_I2C_Driver/Drivers/STM32F103C6_Drivers/inc/STM32F103x6.h:77:0: note: this is the location of the previous definition
 #define I2C1_BASE        0x40005400UL
 
D:/Keroll/Second term/Unit 8 MCU Interfacing/Labs/Lab Finals/STM32_I2C_Driver/Drivers/STM32F103C6_Drivers/inc/STM32F103x6.h:77:0: note: this is the location of the previous definition
 #define I2C1_BASE        0x40005400UL
 
arm-none-eabi-gcc -gdwarf-2 -o "Drivers.elf" @"objects.list"   -mcpu=cortex-m3 -T"D:\Keroll\Second term\Unit 8 MCU Interfacing\Labs\Lab Finals\STM32_I2C_Driver\Drivers\STM32F103C6TX_FLASH.ld" --specs=nosys.specs -Wl,-Map="Drivers.map" -Wl,--gc-sections -static --specs=nano.specs -mfloat-abi=soft -mthumb -Wl,--start-group -lc -lm -Wl,--end-group
Finished building target: Drivers.elf
 
arm-none-eabi-objdump -h -S  Drivers.elf  > "Drivers.list"
arm-none-eabi-objcopy  -O binary  Drivers.elf  "Drivers.bin"
arm-none-eabi-size   Drivers.elf 
   text	   data	    bss	    dec	    hex	filename
   1108	      8	   1640	   2756	    ac4	Drivers.elf
Finished building: default.size.stdout
 
Finished building: Drivers.bin
Finished building: Drivers.list
 
 
18:13:54 **** Incremental Build of configuration Debug for project Drivers ****
make -j16 all 
arm-none-eabi-gcc -gdwarf-2 "../STM32F103C6_Drivers/MCAL/STM32F103C6_I2C_Drivers.c" -mcpu=cortex-m3 -std=gnu11 -g3 -DSTM32 -DSTM32F1 -DSTM32F103C6Tx -DDEBUG -c -I../Inc -I"D:/Keroll/Second term/Unit 8 MCU Interfacing/Labs/Lab Finals/STM32_I2C_Driver/Drivers/STM32F103C6_Drivers/inc" -O0 -ffunction-sections -fdata-sections -Wall -fstack-usage -MMD -MP -MF"STM32F103C6_Drivers/MCAL/STM32F103C6_I2C_Drivers.d" -MT"STM32F103C6_Drivers/MCAL/STM32F103C6_I2C_Drivers.o" --specs=nano.specs -mfloat-abi=soft -mthumb -o "STM32F103C6_Drivers/MCAL/STM32F103C6_I2C_Drivers.o"
arm-none-eabi-gcc -gdwarf-2 "../STM32F103C6_Drivers/HAL/I2C_Slave_EEPROM.c" -mcpu=cortex-m3 -std=gnu11 -g3 -DSTM32 -DSTM32F1 -DSTM32F103C6Tx -DDEBUG -c -I../Inc -I"D:/Keroll/Second term/Unit 8 MCU Interfacing/Labs/Lab Finals/STM32_I2C_Driver/Drivers/STM32F103C6_Drivers/inc" -O0 -ffunction-sections -fdata-sections -Wall -fstack-usage -MMD -MP -MF"STM32F103C6_Drivers/HAL/I2C_Slave_EEPROM.d" -MT"STM32F103C6_Drivers/HAL/I2C_Slave_EEPROM.o" --specs=nano.specs -mfloat-abi=soft -mthumb -o "STM32F103C6_Drivers/HAL/I2C_Slave_EEPROM.o"
In file included from D:/Keroll/Second term/Unit 8 MCU Interfacing/Labs/Lab Finals/STM32_I2C_Driver/Drivers/STM32F103C6_Drivers/inc/STM32F103C6_I2C_Drivers.h:14:0,
                 from ../STM32F103C6_Drivers/MCAL/STM32F103C6_I2C_Drivers.c:9:
D:/Keroll/Second term/Unit 8 MCU Interfacing/Labs/Lab Finals/STM32_I2C_Driver/Drivers/STM32F103C6_Drivers/inc/STM32F103x6.h:78:0: warning: "I2C1_BASE" redefined
 #define I2C1_BASE        0x40005800UL
 
D:/Keroll/Second term/Unit 8 MCU Interfacing/Labs/Lab Finals/STM32_I2C_Driver/Drivers/STM32F103C6_Drivers/inc/STM32F103x6.h:77:0: note: this is the location of the previous definition
 #define I2C1_BASE        0x40005400UL
 
In file included from ../STM32F103C6_Drivers/MCAL/STM32F103C6_I2C_Drivers.c:9:0:
D:/Keroll/Second term/Unit 8 MCU Interfacing/Labs/Lab Finals/STM32_I2C_Driver/Drivers/STM32F103C6_Drivers/inc/STM32F103C6_I2C_Drivers.h:86:0: warning: "I2C_SCLK_SM_50K" redefined
 #define I2C_SCLK_SM_50K   (100000U)
 
D:/Keroll/Second term/Unit 8 MCU Interfacing/Labs/Lab Finals/STM32_I2C_Driver/Drivers/STM32F103C6_Drivers/inc/STM32F103C6_I2C_Drivers.h:85:0: note: this is the location of the previous definition
 #define I2C_SCLK_SM_50K   (0x50000U)
 
D:/Keroll/Second term/Unit 8 MCU Interfacing/Labs/Lab Finals/STM32_I2C_Driver/Drivers/STM32F103C6_Drivers/inc/STM32F103C6_I2C_Drivers.h:87:0: warning: "I2C_SCLK_SM_50K" redefined
 #define I2C_SCLK_SM_50K   (200000U) //Fast Mode Not Supported yet
 
D:/Keroll/Second term/Unit 8 MCU Interfacing/Labs/Lab Finals/STM32_I2C_Driver/Drivers/STM32F103C6_Drivers/inc/STM32F103C6_I2C_Drivers.h:86:0: note: this is the location of the previous definition
 #define I2C_SCLK_SM_50K   (100000U)
 
D:/Keroll/Second term/Unit 8 MCU Interfacing/Labs/Lab Finals/STM32_I2C_Driver/Drivers/STM32F103C6_Drivers/inc/STM32F103C6_I2C_Drivers.h:88:0: warning: "I2C_SCLK_SM_50K" redefined
 #define I2C_SCLK_SM_50K   (400000U) //Fast Mode Not Supported yet
 
D:/Keroll/Second term/Unit 8 MCU Interfacing/Labs/Lab Finals/STM32_I2C_Driver/Drivers/STM32F103C6_Drivers/inc/STM32F103C6_I2C_Drivers.h:87:0: note: this is the location of the previous definition
 #define I2C_SCLK_SM_50K   (200000U) //Fast Mode Not Supported yet
 
D:/Keroll/Second term/Unit 8 MCU Interfacing/Labs/Lab Finals/STM32_I2C_Driver/Drivers/STM32F103C6_Drivers/inc/STM32F103C6_I2C_Drivers.h:116:0: warning: "I2C_Addressing_Slave_mode_7Bit" redefined
 #define I2C_Addressing_Slave_mode_7Bit   (uint16_t)(1U<<15)
 
D:/Keroll/Second term/Unit 8 MCU Interfacing/Labs/Lab Finals/STM32_I2C_Driver/Drivers/STM32F103C6_Drivers/inc/STM32F103C6_I2C_Drivers.h:115:0: note: this is the location of the previous definition
 #define I2C_Addressing_Slave_mode_7Bit   0x00000000U
 
D:/Keroll/Second term/Unit 8 MCU Interfacing/Labs/Lab Finals/STM32_I2C_Driver/Drivers/STM32F103C6_Drivers/inc/STM32F103C6_I2C_Drivers.h:133:0: warning: "I2C_ENGC_Enable" redefined
 #define I2C_ENGC_Enable     (0x00000000U)
 
D:/Keroll/Second term/Unit 8 MCU Interfacing/Labs/Lab Finals/STM32_I2C_Driver/Drivers/STM32F103C6_Drivers/inc/STM32F103C6_I2C_Drivers.h:132:0: note: this is the location of the previous definition
 #define I2C_ENGC_Enable     (I2C_CR1_ENGC)
 
arm-none-eabi-gcc -gdwarf-2 -o "Drivers.elf" @"objects.list"   -mcpu=cortex-m3 -T"D:\Keroll\Second term\Unit 8 MCU Interfacing\Labs\Lab Finals\STM32_I2C_Driver\Drivers\STM32F103C6TX_FLASH.ld" --specs=nosys.specs -Wl,-Map="Drivers.map" -Wl,--gc-sections -static --specs=nano.specs -mfloat-abi=soft -mthumb -Wl,--start-group -lc -lm -Wl,--end-group
Finished building target: Drivers.elf
 
arm-none-eabi-objdump -h -S  Drivers.elf  > "Drivers.list"
arm-none-eabi-objcopy  -O binary  Drivers.elf  "Drivers.bin"
arm-none-eabi-size   Drivers.elf 
[...]
   4332	      8	   1712	   6052	   17a4	Drivers.elf
Finished building: default.size.stdout
 
Finished building: Drivers.bin
Finished building: Drivers.list
 
 
03:09:48 **** Incremental Build of configuration Debug for project Drivers ****
make -j16 all 
arm-none-eabi-gcc -gdwarf-2 "../Src/main.c" -mcpu=cortex-m3 -std=gnu11 -g3 -DSTM32 -DSTM32F1 -DSTM32F103C6Tx -DDEBUG -c -I../Inc -I"D:/Keroll/Second term/Unit 8 MCU Interfacing/Labs/Lab Finals/STM32_I2C_Driver/Drivers/STM32F103C6_Drivers/inc" -O0 -ffunction-sections -fdata-sections -Wall -fstack-usage -MMD -MP -MF"Src/main.d" -MT"Src/main.o" --specs=nano.specs -mfloat-abi=soft -mthumb -o "Src/main.o"
../Src/main.c: In function 'main':
../Src/main.c:49:2: error: 'ch1' undeclared (first use in this function); did you mean 'char'?
  ch1[0] = 0xA;
  ^~~
  char
../Src/main.c:49:2: note: each undeclared identifier is reported only once for each function it appears in
../Src/main.c:55:28: error: 'ch2' undeclared (first use in this function); did you mean 'ch1'?
  EEPROM_Read_NBytes(0xFFF, ch2, 4);
                            ^~~
                            ch1
make: *** [Src/subdir.mk:24: Src/main.o] Error 1
"make -j16 all" terminated with exit code 2. Build might be incomplete.
03:09:53 **** Incremental Build of configuration Debug for project Drivers ****
make -j16 all 
arm-none-eabi-gcc -gdwarf-2 "../Src/main.c" -mcpu=cortex-m3 -std=gnu11 -g3 -DSTM32 -DSTM32F1 -DSTM32F103C6Tx -DDEBUG -c -I../Inc -I"D:/Keroll/Second term/Unit 8 MCU Interfacing/Labs/Lab Finals/STM32_I2C_Driver/Drivers/STM32F103C6_Drivers/inc" -O0 -ffunction-sections -fdata-sections -Wall -fstack-usage -MMD -MP -MF"Src/main.d" -MT"Src/main.o" --specs=nano.specs -mfloat-abi=soft -mthumb -o "Src/main.o"
../Src/main.c: In function 'main':
../Src/main.c:49:2: error: 'ch1' undeclared (first use in this function); did you mean 'char'?
  ch1[0] = 0xA;
  ^~~
  char
../Src/main.c:49:2: note: each undeclared identifier is reported only once for each function it appears in
../Src/main.c:55:28: error: 'ch2' undeclared (first use in this function); did you mean 'ch1'?
  EEPROM_Read_NBytes(0xFFF, ch2, 4);
                            ^~~
                            ch1
make: *** [Src/subdir.mk:24: Src/main.o] Error 1
"make -j16 all" terminated with exit code 2. Build might be incomplete.
03:10:19 **** Incremental Build of configuration Debug for project Drivers ****
make -j16 all 
arm-none-eabi-gcc -gdwarf-2 "../Src/main.c" -mcpu=cortex-m3 -std=gnu11 -g3 -DSTM32 -DSTM32F1 -DSTM32F103C6Tx -DDEBUG -c -I../Inc -I"D:/Keroll/Second term/Unit 8 MCU Interfacing/Labs/Lab Finals/STM32_I2C_Driver/Drivers/STM32F103C6_Drivers/inc" -O0 -ffunction-sections -fdata-sections -Wall -fstack-usage -MMD -MP -MF"Src/main.d" -MT"Src/main.o" --specs=nano.specs -mfloat-abi=soft -mthumb -o "Src/main.o"
arm-none-eabi-gcc -gdwarf-2 -o "Drivers.elf" @"objects.list"   -mcpu=cortex-m3 -T"D:\Keroll\Second term\Unit 8 MCU Interfacing\Labs\Lab Finals\STM32_I2C_Driver\Drivers\STM32F103C6TX_FLASH.ld" --specs=nosys.specs -Wl,-Map="Drivers.map" -Wl,--gc-sections -static --specs=nano.specs -mfloat-abi=soft -mthumb -Wl,--start-group -lc -lm -Wl,--end-group
Finished building target: Drivers.elf
 
arm-none-eabi-objdump -h -S  Drivers.elf  > "Drivers.list"
arm-none-eabi-objcopy  -O binary  Drivers.elf  "Drivers.bin"
arm-none-eabi-size   Drivers.elf 
   text	   data	    bss	    dec	    hex	filename
   4308	      8	   1712	   6028	   178c	Drivers.elf
Finished building: default.size.stdout
 
Finished building: Drivers.bin
Finished building: Drivers.list
 
 
03:11:03 **** Incremental Build of configuration Debug for project Drivers ****
make -j16 all 
arm-none-eabi-size   Drivers.elf 
   text	   data	    bss	    dec	    hex	filename
   4308	      8	   1712	   6028	   178c	Drivers.elf
Finished building: default.size.stdout
 
03:14:36 **** Incremental Build of configuration Debug for project Drivers ****
make -j16 all 
arm-none-eabi-gcc -gdwarf-2 "../STM32F103C6_Drivers/MCAL/STM32F103C6_I2C_Drivers.c" -mcpu=cortex-m3 -std=gnu11 -g3 -DSTM32 -DSTM32F1 -DSTM32F103C6Tx -DDEBUG -c -I../Inc -I"D:/Keroll/Second term/Unit 8 MCU Interfacing/Labs/Lab Finals/STM32_I2C_Driver/Drivers/STM32F103C6_Drivers/inc" -O0 -ffunction-sections -fdata-sections -Wall -fstack-usage -MMD -MP -MF"STM32F103C6_Drivers/MCAL/STM32F103C6_I2C_Drivers.d" -MT"STM32F103C6_Drivers/MCAL/STM32F103C6_I2C_Drivers.o" --specs=nano.specs -mfloat-abi=soft -mthumb -o "STM32F103C6_Drivers/MCAL/STM32F103C6_I2C_Drivers.o"
../STM32F103C6_Drivers/MCAL/STM32F103C6_I2C_Drivers.c:16:41: warning: initialization makes integer from pointer without a cast [-Wint-conversion]
 I2C_InitTypedef Global_I2C_Config[2] = {NULL,NULL} ;
                                         ^~~~
../STM32F103C6_Drivers/MCAL/STM32F103C6_I2C_Drivers.c:16:41: note: (near initialization for 'Global_I2C_Config[0].I2C_ClockSpeed')
../STM32F103C6_Drivers/MCAL/STM32F103C6_I2C_Drivers.c:16:46: warning: initialization makes integer from pointer without a cast [-Wint-conversion]
 I2C_InitTypedef Global_I2C_Config[2] = {NULL,NULL} ;
                                              ^~~~
../STM32F103C6_Drivers/MCAL/STM32F103C6_I2C_Drivers.c:16:46: note: (near initialization for 'Global_I2C_Config[0].Stretch_Mode')
../STM32F103C6_Drivers/MCAL/STM32F103C6_I2C_Drivers.c:16:40: warning: missing braces around initializer [-Wmissing-braces]
 I2C_InitTypedef Global_I2C_Config[2] = {NULL,NULL} ;
                                        ^
../STM32F103C6_Drivers/MCAL/STM32F103C6_I2C_Drivers.c: In function 'I2C_GetFlagStatus':
../STM32F103C6_Drivers/MCAL/STM32F103C6_I2C_Drivers.c:419:2: warning: enumeration value 'EV8_1' not handled in switch [-Wswitch]
  switch(Flag)
  ^~~~~~
../STM32F103C6_Drivers/MCAL/STM32F103C6_I2C_Drivers.c:415:20: warning: unused variable 'dummyRead' [-Wunused-variable]
  volatile uint32_t dummyRead;
                    ^~~~~~~~~
../STM32F103C6_Drivers/MCAL/STM32F103C6_I2C_Drivers.c: In function 'I2C1_EV_IRQHandler':
../STM32F103C6_Drivers/MCAL/STM32F103C6_I2C_Drivers.c:677:20: warning: variable 'dummy_read' set but not used [-Wunused-but-set-variable]
  volatile uint32_t dummy_read = 0;
                    ^~~~~~~~~~
arm-none-eabi-gcc -gdwarf-2 -o "Drivers.elf" @"objects.list"   -mcpu=cortex-m3 -T"D:\Keroll\Second term\Unit 8 MCU Interfacing\Labs\Lab Finals\STM32_I2C_Driver\Drivers\STM32F103C6TX_FLASH.ld" --specs=nosys.specs -Wl,-Map="Drivers.map" -Wl,--gc-sections -static --specs=nano.specs -mfloat-abi=soft -mthumb -Wl,--start-group -lc -lm -Wl,--end-group
Finished building target: Drivers.elf
 
arm-none-eabi-objdump -h -S  Drivers.elf  > "Drivers.list"
arm-none-eabi-objcopy  -O binary  Drivers.elf  "Drivers.bin"
arm-none-eabi-size   Drivers.elf 
   text	   data	    bss	    dec	    hex	filename
   4324	      8	   1712	   6044	   179c	Drivers.elf
Finished building: default.size.stdout
 
Finished building: Drivers.bin
Finished building: Drivers.list
 
 
03:17:07 **** Incremental Build of configuration Debug for project Drivers ****
make -j16 all 
arm-none-eabi-gcc -gdwarf-2 "../STM32F103C6_Drivers/MCAL/STM32F103C6_I2C_Drivers.c" -mcpu=cortex-m3 -std=gnu11 -g3 -DSTM32 -DSTM32F1 -DSTM32F103C6Tx -DDEBUG -c -I../Inc -I"D:/Keroll/Second term/Unit 8 MCU Interfacing/Labs/Lab Finals/STM32_I2C_Driver/Drivers/STM32F103C6_Drivers/inc" -O0 -ffunction-sections -fdata-sections -Wall -fstack-usage -MMD -MP -MF"STM32F103C6_Drivers/MCAL/STM32F103C6_I2C_Drivers.d" -MT"STM32F103C6_Drivers/MCAL/STM32F103C6_I2C_Drivers.o" --specs=nano.specs -mfloat-abi=soft -mthumb -o "STM32F103C6_Drivers/MCAL/STM32F103C6_I2C_Drivers.o"
../STM32F103C6_Drivers/MCAL/STM32F103C6_I2C_Drivers.c:16:41: warning: initialization makes integer from pointer without a cast [-Wint-conversion]
 I2C_InitTypedef Global_I2C_Config[2] = {NULL,NULL} ;
                                         ^~~~
../STM32F103C6_Drivers/MCAL/STM32F103C6_I2C_Drivers.c:16:41: note: (near initialization for 'Global_I2C_Config[0].I2C_ClockSpeed')
../STM32F103C6_Drivers/MCAL/STM32F103C6_I2C_Drivers.c:16:46: warning: initialization makes integer from pointer without a cast [-Wint-conversion]
 I2C_InitTypedef Global_I2C_Config[2] = {NULL,NULL} ;
                                              ^~~~
../STM32F103C6_Drivers/MCAL/STM32F103C6_I2C_Drivers.c:16:46: note: (near initialization for 'Global_I2C_Config[0].Stretch_Mode')
../STM32F103C6_Drivers/MCAL/STM32F103C6_I2C_Drivers.c:16:40: warning: missing braces around initializer [-Wmissing-braces]
 I2C_InitTypedef Global_I2C_Config[2] = {NULL,NULL} ;
                                        ^
../STM32F103C6_Drivers/MCAL/STM32F103C6_I2C_Drivers.c: In function 'I2C_GetFlagStatus':
../STM32F103C6_Drivers/MCAL/STM32F103C6_I2C_Drivers.c:419:2: warning: enumeration value 'EV8_1' not handled in switch [-Wswitch]
  switch(Flag)
  ^~~~~~
../STM32F103C6_Drivers/MCAL/STM32F103C6_I2C_Drivers.c:415:20: warning: unused variable 'dummyRead' [-Wunused-variable]
  volatile uint32_t dummyRead;
                    ^~~~~~~~~
../STM32F103C6_Drivers/MCAL/STM32F103C6_I2C_Drivers.c: In function 'I2C1_EV_IRQHandler':
../STM32F103C6_Drivers/MCAL/STM32F103C6_I2C_Drivers.c:677:20: warning: variable 'dummy_read' set but not used [-Wunused-but-set-variable]
  volatile uint32_t dummy_read = 0;
                    ^~~~~~~~~~
arm-none-eabi-gcc -gdwarf-2 -o "Drivers.elf" @"objects.list"   -mcpu=cortex-m3 -T"D:\Keroll\Second term\Unit 8 MCU Interfacing\Labs\Lab Finals\STM32_I2C_Driver\Drivers\STM32F103C6TX_FLASH.ld" --specs=nosys.specs -Wl,-Map="Drivers.map" -Wl,--gc-sections -static --specs=nano.specs -mfloat-abi=soft -mthumb -Wl,--start-group -lc -lm -Wl,--end-group
Finished building target: Drivers.elf
 
arm-none-eabi-objdump -h -S  Drivers.elf  > "Drivers.list"
arm-none-eabi-objcopy  -O binary  Drivers.elf  "Drivers.bin"
arm-none-eabi-size   Drivers.elf 
   text	   data	    bss	    dec	    hex	filename
   4324	      8	   1712	   6044	   179c	Drivers.elf
Finished building: default.size.stdout
 
Finished building: Drivers.bin
Finished building: Drivers.list
 
 
03:17:46 **** Incremental Build of configuration Debug for project Drivers ****
make -j16 all 
arm-none-eabi-gcc -gdwarf-2 "../Src/main.c" -mcpu=cortex-m3 -std=gnu11 -g3 -DSTM32 -DSTM32F1 -DSTM32F103C6Tx -DDEBUG -c -I../Inc -I"D:/Keroll/Second term/Unit 8 MCU Interfacing/Labs/Lab Finals/STM32_I2C_Driver/Drivers/STM32F103C6_Drivers/inc" -O0 -ffunction-sections -fdata-sections -Wall -fstack-usage -MMD -MP -MF"Src/main.d" -MT"Src/main.o" --specs=nano.specs -mfloat-abi=soft -mthumb -o "Src/main.o"
arm-none-eabi-gcc -gdwarf-2 -o "Drivers.elf" @"objects.list"   -mcpu=cortex-m3 -T"D:\Keroll\Second term\Unit 8 MCU Interfacing\Labs\Lab Finals\STM32_I2C_Driver\Drivers\STM32F103C6TX_FLASH.ld" --specs=nosys.specs -Wl,-Map="Drivers.map" -Wl,--gc-sections -static --specs=nano.specs -mfloat-abi=soft -mthumb -Wl,--start-group -lc -lm -Wl,--end-group
Finished building target: Drivers.elf
 
arm-none-eabi-objdump -h -S  Drivers.elf  > "Drivers.list"
arm-none-eabi-objcopy  -O binary  Drivers.elf  "Drivers.bin"
arm-none-eabi-size   Drivers.elf 
   text	   data	    bss	    dec	    hex	filename
   4348	      8	   1712	   6068	   17b4	Drivers.elf
Finished building: default.size.stdout
 
Finished building: Drivers.bin
Finished building: Drivers.list
 
 
03:19:59 **** Incremental Build of configuration Debug for project Drivers ****
make -j16 all 
arm-none-eabi-gcc -gdwarf-2 "../STM32F103C6_Drivers/MCAL/STM32F103C6_I2C_Drivers.c" -mcpu=cortex-m3 -std=gnu11 -g3 -DSTM32 -DSTM32F1 -DSTM32F103C6Tx -DDEBUG -c -I../Inc -I"D:/Keroll/Second term/Unit 8 MCU Interfacing/Labs/Lab Finals/STM32_I2C_Driver/Drivers/STM32F103C6_Drivers/inc" -O0 -ffunction-sections -fdata-sections -Wall -fstack-usage -MMD -MP -MF"STM32F103C6_Drivers/MCAL/STM32F103C6_I2C_Drivers.d" -MT"STM32F103C6_Drivers/MCAL/STM32F103C6_I2C_Drivers.o" --specs=nano.specs -mfloat-abi=soft -mthumb -o "STM32F103C6_Drivers/MCAL/STM32F103C6_I2C_Drivers.o"
../STM32F103C6_Drivers/MCAL/STM32F103C6_I2C_Drivers.c:16:41: warning: initialization makes integer from pointer without a cast [-Wint-conversion]
 I2C_InitTypedef Global_I2C_Config[2] = {NULL,NULL} ;
                                         ^~~~
../STM32F103C6_Drivers/MCAL/STM32F103C6_I2C_Drivers.c:16:41: note: (near initialization for 'Global_I2C_Config[0].I2C_ClockSpeed')
../STM32F103C6_Drivers/MCAL/STM32F103C6_I2C_Drivers.c:16:46: warning: initialization makes integer from pointer without a cast [-Wint-conversion]
 I2C_InitTypedef Global_I2C_Config[2] = {NULL,NULL} ;
                                              ^~~~
../STM32F103C6_Drivers/MCAL/STM32F103C6_I2C_Drivers.c:16:46: note: (near initialization for 'Global_I2C_Config[0].Stretch_Mode')
../STM32F103C6_Drivers/MCAL/STM32F103C6_I2C_Drivers.c:16:40: warning: missing braces around initializer [-Wmissing-braces]
 I2C_InitTypedef Global_I2C_Config[2] = {NULL,NULL} ;
                                        ^
../STM32F103C6_Drivers/MCAL/STM32F103C6_I2C_Drivers.c: In function 'I2C_GetFlagStatus':
../STM32F103C6_Drivers/MCAL/STM32F103C6_I2C_Drivers.c:419:2: warning: enumeration value 'EV8_1' not handled in switch [-Wswitch]
  switch(Flag)
  ^~~~~~
../STM32F103C6_Drivers/MCAL/STM32F103C6_I2C_Drivers.c:415:20: warning: unused variable 'dummyRead' [-Wunused-variable]
  volatile uint32_t dummyRead;
                    ^~~~~~~~~
../STM32F103C6_Drivers/MCAL/STM32F103C6_I2C_Drivers.c: In function 'I2C1_EV_IRQHandler':
../STM32F103C6_Drivers/MCAL/STM32F103C6_I2C_Drivers.c:677:20: warning: variable 'dummy_read' set but not used [-Wunused-but-set-variable]
  volatile uint32_t dummy_read = 0;
                    ^~~~~~~~~~
arm-none-eabi-gcc -gdwarf-2 -o "Drivers.elf" @"objects.list"   -mcpu=cortex-m3 -T"D:\Keroll\Second term\Unit 8 MCU Interfacing\Labs\Lab Finals\STM32_I2C_Driver\Drivers\STM32F103C6TX_FLASH.ld" --specs=nosys.specs -Wl,-Map="Drivers.map" -Wl,--gc-sections -static --specs=nano.specs -mfloat-abi=soft -mthumb -Wl,--start-group -lc -lm -Wl,--end-group
Finished building target: Drivers.elf
 
arm-none-eabi-objdump -h -S  Drivers.elf  > "Drivers.list"
arm-none-eabi-objcopy  -O binary  Drivers.elf  "Drivers.bin"
arm-none-eabi-size   Drivers.elf 
   text	   data	    bss	    dec	    hex	filename
   4348	      8	   1712	   6068	   17b4	Drivers.elf
Finished building: default.size.stdout
 
Finished building: Drivers.bin
Finished building: Drivers.list
 
 
03:22:14 **** Incremental Build of configuration Debug for project Drivers ****
make -j16 all 
arm-none-eabi-gcc -gdwarf-2 "../STM32F103C6_Drivers/MCAL/STM32F103C6_I2C_Drivers.c" -mcpu=cortex-m3 -std=gnu11 -g3 -DSTM32 -DSTM32F1 -DSTM32F103C6Tx -DDEBUG -c -I../Inc -I"D:/Keroll/Second term/Unit 8 MCU Interfacing/Labs/Lab Finals/STM32_I2C_Driver/Drivers/STM32F103C6_Drivers/inc" -O0 -ffunction-sections -fdata-sections -Wall -fstack-usage -MMD -MP -MF"STM32F103C6_Drivers/MCAL/STM32F103C6_I2C_Drivers.d" -MT"STM32F103C6_Drivers/MCAL/STM32F103C6_I2C_Drivers.o" --specs=nano.specs -mfloat-abi=soft -mthumb -o "STM32F103C6_Drivers/MCAL/STM32F103C6_I2C_Drivers.o"
../STM32F103C6_Drivers/MCAL/STM32F103C6_I2C_Drivers.c: In function 'I2C_GetFlagStatus':
../STM32F103C6_Drivers/MCAL/STM32F103C6_I2C_Drivers.c:419:2: warning: enumeration value 'EV8_1' not handled in switch [-Wswitch]
  switch(Flag)
  ^~~~~~
../STM32F103C6_Drivers/MCAL/STM32F103C6_I2C_Drivers.c:415:20: warning: unused variable 'dummyRead' [-Wunused-variable]
  volatile uint32_t dummyRead;
                    ^~~~~~~~~
../STM32F103C6_Drivers/MCAL/STM32F103C6_I2C_Drivers.c: In function 'I2C1_EV_IRQHandler':
../STM32F103C6_Drivers/MCAL/STM32F103C6_I2C_Drivers.c:677:20: warning: variable 'dummy_read' set but not used [-Wunused-but-set-variable]
  volatile uint32_t dummy_read = 0;
                    ^~~~~~~~~~
arm-none-eabi-gcc -gdwarf-2 -o "Drivers.elf" @"objects.list"   -mcpu=cortex-m3 -T"D:\Keroll\Second term\Unit 8 MCU Interfacing\Labs\Lab Finals\STM32_I2C_Driver\Drivers\STM32F103C6TX_FLASH.ld" --specs=nosys.specs -Wl,-Map="Drivers.map" -Wl,--gc-sections -static --specs=nano.specs -mfloat-abi=soft -mthumb -Wl,--start-group -lc -lm -Wl,--end-group
Finished building target: Drivers.elf
 
arm-none-eabi-objdump -h -S  Drivers.elf  > "Drivers.list"
arm-none-eabi-objcopy  -O binary  Drivers.elf  "Drivers.bin"
arm-none-eabi-size   Drivers.elf 
   text	   data	    bss	    dec	    hex	filename
   4348	      8	   1712	   6068	   17b4	Drivers.elf
Finished building: default.size.stdout
 
Finished building: Drivers.bin
Finished building: Drivers.list
 
 
03:28:27 **** Incremental Build of configuration Debug for project Drivers ****
make -j16 all 
arm-none-eabi-gcc -gdwarf-2 "../STM32F103C6_Drivers/MCAL/STM32F103C6_I2C_Drivers.c" -mcpu=cortex-m3 -std=gnu11 -g3 -DSTM32 -DSTM32F1 -DSTM32F103C6Tx -DDEBUG -c -I../Inc -I"D:/Keroll/Second term/Unit 8 MCU Interfacing/Labs/Lab Finals/STM32_I2C_Driver/Drivers/STM32F103C6_Drivers/inc" -O0 -ffunction-sections -fdata-sections -Wall -fstack-usage -MMD -MP -MF"STM32F103C6_Drivers/MCAL/STM32F103C6_I2C_Drivers.d" -MT"STM32F103C6_Drivers/MCAL/STM32F103C6_I2C_Drivers.o" --specs=nano.specs -mfloat-abi=soft -mthumb -o "STM32F103C6_Drivers/MCAL/STM32F103C6_I2C_Drivers.o"
../STM32F103C6_Drivers/MCAL/STM32F103C6_I2C_Drivers.c: In function 'I2C_GetFlagStatus':
../STM32F103C6_Drivers/MCAL/STM32F103C6_I2C_Drivers.c:419:2: warning: enumeration value 'EV8_1' not handled in switch [-Wswitch]
  switch(Flag)
  ^~~~~~
../STM32F103C6_Drivers/MCAL/STM32F103C6_I2C_Drivers.c:415:20: warning: unused variable 'dummyRead' [-Wunused-variable]
  volatile uint32_t dummyRead;
                    ^~~~~~~~~
../STM32F103C6_Drivers/MCAL/STM32F103C6_I2C_Drivers.c: In function 'I2C1_EV_IRQHandler':
../STM32F103C6_Drivers/MCAL/STM32F103C6_I2C_Drivers.c:677:20: warning: variable 'dummy_read' set but not used [-Wunused-but-set-variable]
  volatile uint32_t dummy_read = 0;
                    ^~~~~~~~~~
arm-none-eabi-gcc -gdwarf-2 -o "Drivers.elf" @"objects.list"   -mcpu=cortex-m3 -T"D:\Keroll\Second term\Unit 8 MCU Interfacing\Labs\Lab Finals\STM32_I2C_Driver\Drivers\STM32F103C6TX_FLASH.ld" --specs=nosys.specs -Wl,-Map="Drivers.map" -Wl,--gc-sections -static --specs=nano.specs -mfloat-abi=soft -mthumb -Wl,--start-group -lc -lm -Wl,--end-group
Finished building target: Drivers.elf
 
arm-none-eabi-objdump -h -S  Drivers.elf  > "Drivers.list"
arm-none-eabi-objcopy  -O binary  Drivers.elf  "Drivers.bin"
arm-none-eabi-size   Drivers.elf 
   text	   data	    bss	    dec	    hex	filename
   4348	      8	   1712	   6068	   17b4	Drivers.elf
Finished building: default.size.stdout
 
Finished building: Drivers.bin
Finished building: Drivers.list
 
 
06:49:09 **** Build of configuration Debug for project Drivers ****
make -j16 all 
arm-none-eabi-gcc -gdwarf-2 "../STM32F103C6_Drivers/HAL/LCD.c" -mcpu=cortex-m3 -std=gnu11 -g3 -DSTM32 -DSTM32F1 -DSTM32F103C6Tx -DDEBUG -c -I../Inc -I"D:/Keroll/Second term/Unit 8 MCU Interfacing/Labs/Lab Finals/STM32_I2C_Driver/Drivers/STM32F103C6_Drivers/inc" -O0 -ffunction-sections -fdata-sections -Wall -fstack-usage -MMD -MP -MF"STM32F103C6_Drivers/HAL/LCD.d" -MT"STM32F103C6_Drivers/HAL/LCD.o" --specs=nano.specs -mfloat-abi=soft -mthumb -o "STM32F103C6_Drivers/HAL/LCD.o"
arm-none-eabi-gcc -gdwarf-2 -o "Drivers.elf" @"objects.list"   -mcpu=cortex-m3 -T"D:\Keroll\Second term\Unit 8 MCU Interfacing\Labs\Lab Finals\STM32_I2C_Driver\Drivers\STM32F103C6TX_FLASH.ld" --specs=nosys.specs -Wl,-Map="Drivers.map" -Wl,--gc-sections -static --specs=nano.specs -mfloat-abi=soft -mthumb -Wl,--start-group -lc -lm -Wl,--end-group
Finished building target: Drivers.elf
 
arm-none-eabi-objdump -h -S  Drivers.elf  > "Drivers.list"
arm-none-eabi-objcopy  -O binary  Drivers.elf  "Drivers.bin"
arm-none-eabi-size   Drivers.elf 
   text	   data	    bss	    dec	    hex	filename
   4360	      8	   1712	   6080	   17c0	Drivers.elf
Finished building: default.size.stdout
 
Finished building: Drivers.bin
Finished building: Drivers.list
 
 
