19:50:45 **** Incremental Build of configuration Debug for project Leeson_4_lab_1 ****
make -j16 all 
arm-none-eabi-gcc "../Src/main.c" -mcpu=cortex-m3 -std=gnu11 -g3 -DSTM32 -DSTM32F1 -DSTM32F103C6Tx -DDEBUG -c -I../Inc -O0 -ffunction-sections -fdata-sections -Wall -fstack-usage -MMD -MP -MF"Src/main.d" -MT"Src/main.o" --specs=nano.specs -mfloat-abi=soft -mthumb -o "Src/main.o"
arm-none-eabi-gcc -o "Leeson_4_lab_1.elf" @"objects.list"   -mcpu=cortex-m3 -T"D:\Keroll\Git\Embedded-Systems-Diploma\Unit 6 MCU Architecture\Lesson 4\Lab 1\Leeson_4_lab_1\STM32F103C6TX_FLASH.ld" --specs=nosys.specs -Wl,-Map="Leeson_4_lab_1.map" -Wl,--gc-sections -static --specs=nano.specs -mfloat-abi=soft -mthumb -Wl,--start-group -lc -lm -Wl,--end-group
Finished building target: Leeson_4_lab_1.elf
 
arm-none-eabi-objdump -h -S  Leeson_4_lab_1.elf  > "Leeson_4_lab_1.list"
arm-none-eabi-objcopy  -O binary  Leeson_4_lab_1.elf  "Leeson_4_lab_1.bin"
arm-none-eabi-size   Leeson_4_lab_1.elf 
   text	   data	    bss	    dec	    hex	filename
    796	      8	   1568	   2372	    944	Leeson_4_lab_1.elf
Finished building: default.size.stdout
 
Finished building: Leeson_4_lab_1.bin
Finished building: Leeson_4_lab_1.list
 
 

19:50:46 Build Finished. 0 errors, 0 warnings. (took 443ms)

