Archive member included to satisfy reference by file (symbol)

d:/st/stm32cubeide_1.4.0/stm32cubeide/plugins/com.st.stm32cube.ide.mcu.externaltools.gnu-tools-for-stm32.7-2018-q2-update.win32_1.4.0.202007081208/tools/bin/../lib/gcc/arm-none-eabi/7.3.1/../../../../arm-none-eabi/lib/thumb/v7-m\libc_nano.a(lib_a-errno.o)
                              Src/syscalls.o (__errno)
d:/st/stm32cubeide_1.4.0/stm32cubeide/plugins/com.st.stm32cube.ide.mcu.externaltools.gnu-tools-for-stm32.7-2018-q2-update.win32_1.4.0.202007081208/tools/bin/../lib/gcc/arm-none-eabi/7.3.1/../../../../arm-none-eabi/lib/thumb/v7-m\libc_nano.a(lib_a-exit.o)
                              d:/st/stm32cubeide_1.4.0/stm32cubeide/plugins/com.st.stm32cube.ide.mcu.externaltools.gnu-tools-for-stm32.7-2018-q2-update.win32_1.4.0.202007081208/tools/bin/../lib/gcc/arm-none-eabi/7.3.1/../../../../arm-none-eabi/lib/thumb/v7-m/crt0.o (exit)
d:/st/stm32cubeide_1.4.0/stm32cubeide/plugins/com.st.stm32cube.ide.mcu.externaltools.gnu-tools-for-stm32.7-2018-q2-update.win32_1.4.0.202007081208/tools/bin/../lib/gcc/arm-none-eabi/7.3.1/../../../../arm-none-eabi/lib/thumb/v7-m\libc_nano.a(lib_a-impure.o)
                              d:/st/stm32cubeide_1.4.0/stm32cubeide/plugins/com.st.stm32cube.ide.mcu.externaltools.gnu-tools-for-stm32.7-2018-q2-update.win32_1.4.0.202007081208/tools/bin/../lib/gcc/arm-none-eabi/7.3.1/../../../../arm-none-eabi/lib/thumb/v7-m\libc_nano.a(lib_a-exit.o) (_global_impure_ptr)
d:/st/stm32cubeide_1.4.0/stm32cubeide/plugins/com.st.stm32cube.ide.mcu.externaltools.gnu-tools-for-stm32.7-2018-q2-update.win32_1.4.0.202007081208/tools/bin/../lib/gcc/arm-none-eabi/7.3.1/../../../../arm-none-eabi/lib/thumb/v7-m\libc_nano.a(lib_a-init.o)
                              d:/st/stm32cubeide_1.4.0/stm32cubeide/plugins/com.st.stm32cube.ide.mcu.externaltools.gnu-tools-for-stm32.7-2018-q2-update.win32_1.4.0.202007081208/tools/bin/../lib/gcc/arm-none-eabi/7.3.1/../../../../arm-none-eabi/lib/thumb/v7-m/crt0.o (__libc_init_array)
d:/st/stm32cubeide_1.4.0/stm32cubeide/plugins/com.st.stm32cube.ide.mcu.externaltools.gnu-tools-for-stm32.7-2018-q2-update.win32_1.4.0.202007081208/tools/bin/../lib/gcc/arm-none-eabi/7.3.1/../../../../arm-none-eabi/lib/thumb/v7-m\libc_nano.a(lib_a-memset.o)
                              d:/st/stm32cubeide_1.4.0/stm32cubeide/plugins/com.st.stm32cube.ide.mcu.externaltools.gnu-tools-for-stm32.7-2018-q2-update.win32_1.4.0.202007081208/tools/bin/../lib/gcc/arm-none-eabi/7.3.1/../../../../arm-none-eabi/lib/thumb/v7-m/crt0.o (memset)

Allocating common symbols
Common symbol       size              file

PinCfg              0x4               STM32F103C6_Drivers/HAL/LCD.o
ch                  0x1               Src/main.o
GP_IRQ_CallBack     0x3c              STM32F103C6_Drivers/MCAL/STM32F103C6_EXTI_Drivers.o

Discarded input sections

 .text          0x0000000000000000        0x0 d:/st/stm32cubeide_1.4.0/stm32cubeide/plugins/com.st.stm32cube.ide.mcu.externaltools.gnu-tools-for-stm32.7-2018-q2-update.win32_1.4.0.202007081208/tools/bin/../lib/gcc/arm-none-eabi/7.3.1/thumb/v7-m/crti.o
 .data          0x0000000000000000        0x0 d:/st/stm32cubeide_1.4.0/stm32cubeide/plugins/com.st.stm32cube.ide.mcu.externaltools.gnu-tools-for-stm32.7-2018-q2-update.win32_1.4.0.202007081208/tools/bin/../lib/gcc/arm-none-eabi/7.3.1/thumb/v7-m/crti.o
 .bss           0x0000000000000000        0x0 d:/st/stm32cubeide_1.4.0/stm32cubeide/plugins/com.st.stm32cube.ide.mcu.externaltools.gnu-tools-for-stm32.7-2018-q2-update.win32_1.4.0.202007081208/tools/bin/../lib/gcc/arm-none-eabi/7.3.1/thumb/v7-m/crti.o
 .data          0x0000000000000000        0x4 d:/st/stm32cubeide_1.4.0/stm32cubeide/plugins/com.st.stm32cube.ide.mcu.externaltools.gnu-tools-for-stm32.7-2018-q2-update.win32_1.4.0.202007081208/tools/bin/../lib/gcc/arm-none-eabi/7.3.1/thumb/v7-m/crtbegin.o
 .text          0x0000000000000000       0x74 d:/st/stm32cubeide_1.4.0/stm32cubeide/plugins/com.st.stm32cube.ide.mcu.externaltools.gnu-tools-for-stm32.7-2018-q2-update.win32_1.4.0.202007081208/tools/bin/../lib/gcc/arm-none-eabi/7.3.1/../../../../arm-none-eabi/lib/thumb/v7-m/crt0.o
 .data          0x0000000000000000        0x0 d:/st/stm32cubeide_1.4.0/stm32cubeide/plugins/com.st.stm32cube.ide.mcu.externaltools.gnu-tools-for-stm32.7-2018-q2-update.win32_1.4.0.202007081208/tools/bin/../lib/gcc/arm-none-eabi/7.3.1/../../../../arm-none-eabi/lib/thumb/v7-m/crt0.o
 .bss           0x0000000000000000        0x0 d:/st/stm32cubeide_1.4.0/stm32cubeide/plugins/com.st.stm32cube.ide.mcu.externaltools.gnu-tools-for-stm32.7-2018-q2-update.win32_1.4.0.202007081208/tools/bin/../lib/gcc/arm-none-eabi/7.3.1/../../../../arm-none-eabi/lib/thumb/v7-m/crt0.o
 .ARM.extab     0x0000000000000000        0x0 d:/st/stm32cubeide_1.4.0/stm32cubeide/plugins/com.st.stm32cube.ide.mcu.externaltools.gnu-tools-for-stm32.7-2018-q2-update.win32_1.4.0.202007081208/tools/bin/../lib/gcc/arm-none-eabi/7.3.1/../../../../arm-none-eabi/lib/thumb/v7-m/crt0.o
[...]
Memory Configuration

Name             Origin             Length             Attributes
RAM              0x0000000020000000 0x0000000000002800 xrw
ROM              0x0000000008000000 0x0000000000008000 xr
*default*        0x0000000000000000 0xffffffffffffffff

Linker script and memory map

LOAD d:/st/stm32cubeide_1.4.0/stm32cubeide/plugins/com.st.stm32cube.ide.mcu.externaltools.gnu-tools-for-stm32.7-2018-q2-update.win32_1.4.0.202007081208/tools/bin/../lib/gcc/arm-none-eabi/7.3.1/thumb/v7-m/crti.o
LOAD d:/st/stm32cubeide_1.4.0/stm32cubeide/plugins/com.st.stm32cube.ide.mcu.externaltools.gnu-tools-for-stm32.7-2018-q2-update.win32_1.4.0.202007081208/tools/bin/../lib/gcc/arm-none-eabi/7.3.1/thumb/v7-m/crtbegin.o
LOAD d:/st/stm32cubeide_1.4.0/stm32cubeide/plugins/com.st.stm32cube.ide.mcu.externaltools.gnu-tools-for-stm32.7-2018-q2-update.win32_1.4.0.202007081208/tools/bin/../lib/gcc/arm-none-eabi/7.3.1/../../../../arm-none-eabi/lib/thumb/v7-m/crt0.o
LOAD STM32F103C6_Drivers/HAL/KEYPAD.o
LOAD STM32F103C6_Drivers/HAL/LCD.o
LOAD STM32F103C6_Drivers/HAL/S7_Segment.o
LOAD STM32F103C6_Drivers/MCAL/STM32F103C6_EXTI_Drivers.o
LOAD STM32F103C6_Drivers/MCAL/STM32F103C6_GPIO_Drivers.o
LOAD STM32F103C6_Drivers/MCAL/STM32F103C6_RCC_Drivers.o
LOAD STM32F103C6_Drivers/MCAL/STM32F103C6_USART_Drivers.o
LOAD Src/main.o
LOAD Src/syscalls.o
LOAD Src/sysmem.o
LOAD Startup/startup_stm32f103c6tx.o
START GROUP
LOAD d:/st/stm32cubeide_1.4.0/stm32cubeide/plugins/com.st.stm32cube.ide.mcu.externaltools.gnu-tools-for-stm32.7-2018-q2-update.win32_1.4.0.202007081208/tools/bin/../lib/gcc/arm-none-eabi/7.3.1/../../../../arm-none-eabi/lib/thumb/v7-m\libc_nano.a
LOAD d:/st/stm32cubeide_1.4.0/stm32cubeide/plugins/com.st.stm32cube.ide.mcu.externaltools.gnu-tools-for-stm32.7-2018-q2-update.win32_1.4.0.202007081208/tools/bin/../lib/gcc/arm-none-eabi/7.3.1/../../../../arm-none-eabi/lib/thumb/v7-m\libm.a
END GROUP
START GROUP
LOAD d:/st/stm32cubeide_1.4.0/stm32cubeide/plugins/com.st.stm32cube.ide.mcu.externaltools.gnu-tools-for-stm32.7-2018-q2-update.win32_1.4.0.202007081208/tools/bin/../lib/gcc/arm-none-eabi/7.3.1/thumb/v7-m\libgcc.a
LOAD d:/st/stm32cubeide_1.4.0/stm32cubeide/plugins/com.st.stm32cube.ide.mcu.externaltools.gnu-tools-for-stm32.7-2018-q2-update.win32_1.4.0.202007081208/tools/bin/../lib/gcc/arm-none-eabi/7.3.1/../../../../arm-none-eabi/lib/thumb/v7-m\libg_nano.a
LOAD d:/st/stm32cubeide_1.4.0/stm32cubeide/plugins/com.st.stm32cube.ide.mcu.externaltools.gnu-tools-for-stm32.7-2018-q2-update.win32_1.4.0.202007081208/tools/bin/../lib/gcc/arm-none-eabi/7.3.1/../../../../arm-none-eabi/lib/thumb/v7-m\libc_nano.a
END GROUP
START GROUP
LOAD d:/st/stm32cubeide_1.4.0/stm32cubeide/plugins/com.st.stm32cube.ide.mcu.externaltools.gnu-tools-for-stm32.7-2018-q2-update.win32_1.4.0.202007081208/tools/bin/../lib/gcc/arm-none-eabi/7.3.1/thumb/v7-m\libgcc.a
LOAD d:/st/stm32cubeide_1.4.0/stm32cubeide/plugins/com.st.stm32cube.ide.mcu.externaltools.gnu-tools-for-stm32.7-2018-q2-update.win32_1.4.0.202007081208/tools/bin/../lib/gcc/arm-none-eabi/7.3.1/../../../../arm-none-eabi/lib/thumb/v7-m\libc_nano.a
LOAD d:/st/stm32cubeide_1.4.0/stm32cubeide/plugins/com.st.stm32cube.ide.mcu.externaltools.gnu-tools-for-stm32.7-2018-q2-update.win32_1.4.0.202007081208/tools/bin/../lib/gcc/arm-none-eabi/7.3.1/../../../../arm-none-eabi/lib/thumb/v7-m\libnosys.a
END GROUP
START GROUP
LOAD d:/st/stm32cubeide_1.4.0/stm32cubeide/plugins/com.st.stm32cube.ide.mcu.externaltools.gnu-tools-for-stm32.7-2018-q2-update.win32_1.4.0.202007081208/tools/bin/../lib/gcc/arm-none-eabi/7.3.1/thumb/v7-m\libgcc.a
LOAD d:/st/stm32cubeide_1.4.0/stm32cubeide/plugins/com.st.stm32cube.ide.mcu.externaltools.gnu-tools-for-stm32.7-2018-q2-update.win32_1.4.0.202007081208/tools/bin/../lib/gcc/arm-none-eabi/7.3.1/../../../../arm-none-eabi/lib/thumb/v7-m\libc_nano.a
LOAD d:/st/stm32cubeide_1.4.0/stm32cubeide/plugins/com.st.stm32cube.ide.mcu.externaltools.gnu-tools-for-stm32.7-2018-q2-update.win32_1.4.0.202007081208/tools/bin/../lib/gcc/arm-none-eabi/7.3.1/../../../../arm-none-eabi/lib/thumb/v7-m\libnosys.a
END GROUP
LOAD d:/st/stm32cubeide_1.4.0/stm32cubeide/plugins/com.st.stm32cube.ide.mcu.externaltools.gnu-tools-for-stm32.7-2018-q2-update.win32_1.4.0.202007081208/tools/bin/../lib/gcc/arm-none-eabi/7.3.1/thumb/v7-m/crtend.o
LOAD d:/st/stm32cubeide_1.4.0/stm32cubeide/plugins/com.st.stm32cube.ide.mcu.externaltools.gnu-tools-for-stm32.7-2018-q2-update.win32_1.4.0.202007081208/tools/bin/../lib/gcc/arm-none-eabi/7.3.1/thumb/v7-m/crtn.o
                0x0000000020002800                _estack = (ORIGIN (RAM) + LENGTH (RAM))
                0x0000000000000200                _Min_Heap_Size = 0x200
                0x0000000000000400                _Min_Stack_Size = 0x400

.isr_vector     0x0000000008000000      0x130
                0x0000000008000000                . = ALIGN (0x4)
 *(.isr_vector)
 .isr_vector    0x0000000008000000      0x130 Startup/startup_stm32f103c6tx.o
                0x0000000008000000                g_pfnVectors
                0x0000000008000130                . = ALIGN (0x4)

.text           0x0000000008000130      0x954
                0x0000000008000130                . = ALIGN (0x4)
 *(.text)
 .text          0x0000000008000130       0x40 d:/st/stm32cubeide_1.4.0/stm32cubeide/plugins/com.st.stm32cube.ide.mcu.externaltools.gnu-tools-for-stm32.7-2018-q2-update.win32_1.4.0.202007081208/tools/bin/../lib/gcc/arm-none-eabi/7.3.1/thumb/v7-m/crtbegin.o
 *(.text*)
 .text.EXTI0_IRQHandler
                0x0000000008000170       0x1c STM32F103C6_Drivers/MCAL/STM32F103C6_EXTI_Drivers.o
                0x0000000008000170                EXTI0_IRQHandler
 .text.EXTI1_IRQHandler
                0x000000000800018c       0x1c STM32F103C6_Drivers/MCAL/STM32F103C6_EXTI_Drivers.o
                0x000000000800018c                EXTI1_IRQHandler
 .text.EXTI2_IRQHandler
                0x00000000080001a8       0x1c STM32F103C6_Drivers/MCAL/STM32F103C6_EXTI_Drivers.o
                0x00000000080001a8                EXTI2_IRQHandler
 .text.EXTI3_IRQHandler
                0x00000000080001c4       0x1c STM32F103C6_Drivers/MCAL/STM32F103C6_EXTI_Drivers.o
                0x00000000080001c4                EXTI3_IRQHandler
 .text.EXTI4_IRQHandler
                0x00000000080001e0       0x1c STM32F103C6_Drivers/MCAL/STM32F103C6_EXTI_Drivers.o
                0x00000000080001e0                EXTI4_IRQHandler
 .text.EXTI9_5_IRQHandler
                0x00000000080001fc       0xa8 STM32F103C6_Drivers/MCAL/STM32F103C6_EXTI_Drivers.o
                0x00000000080001fc                EXTI9_5_IRQHandler
 .text.Get_CRLH_Position
                0x00000000080002a4       0xc6 STM32F103C6_Drivers/MCAL/STM32F103C6_GPIO_Drivers.o
                0x00000000080002a4                Get_CRLH_Position
 .text.MCAL_GPIO_Init
                0x000000000800036a       0xfe STM32F103C6_Drivers/MCAL/STM32F103C6_GPIO_Drivers.o
                0x000000000800036a                MCAL_GPIO_Init
 .text.MCAL_RCC_GetSYS_CLCKFreq
                0x0000000008000468       0x3c STM32F103C6_Drivers/MCAL/STM32F103C6_RCC_Drivers.o
                0x0000000008000468                MCAL_RCC_GetSYS_CLCKFreq
 .text.MCAL_RCC_GetHCLKFreq
                0x00000000080004a4       0x2c STM32F103C6_Drivers/MCAL/STM32F103C6_RCC_Drivers.o
                0x00000000080004a4                MCAL_RCC_GetHCLKFreq
 .text.MCAL_RCC_GetPCLK1Freq
                0x00000000080004d0       0x28 STM32F103C6_Drivers/MCAL/STM32F103C6_RCC_Drivers.o
                0x00000000080004d0                MCAL_RCC_GetPCLK1Freq
 .text.MCAL_RCC_GetPCLK2Freq
                0x00000000080004f8       0x28 STM32F103C6_Drivers/MCAL/STM32F103C6_RCC_Drivers.o
                0x00000000080004f8                MCAL_RCC_GetPCLK2Freq
 .text.MCAL_UART_Init
                0x0000000008000520      0x190 STM32F103C6_Drivers/MCAL/STM32F103C6_USART_Drivers.o
                0x0000000008000520                MCAL_UART_Init
 .text.MCAL_UART_SendData
                0x00000000080006b0       0x94 STM32F103C6_Drivers/MCAL/STM32F103C6_USART_Drivers.o
                0x00000000080006b0                MCAL_UART_SendData
 .text.MCAL_UART_ReceiveData
                0x0000000008000744       0xd4 STM32F103C6_Drivers/MCAL/STM32F103C6_USART_Drivers.o
                0x0000000008000744                MCAL_UART_ReceiveData
 .text.MCAL_UART_GPIO_Set_Pins
                0x0000000008000818       0xcc STM32F103C6_Drivers/MCAL/STM32F103C6_USART_Drivers.o
                0x0000000008000818                MCAL_UART_GPIO_Set_Pins
 .text.USART1_IRQHandler
                0x00000000080008e4       0x14 STM32F103C6_Drivers/MCAL/STM32F103C6_USART_Drivers.o
                0x00000000080008e4                USART1_IRQHandler
 .text.USART2_IRQHandler
                0x00000000080008f8       0x14 STM32F103C6_Drivers/MCAL/STM32F103C6_USART_Drivers.o
                0x00000000080008f8                USART2_IRQHandler
 .text.USART3_IRQHandler
                0x000000000800090c       0x14 STM32F103C6_Drivers/MCAL/STM32F103C6_USART_Drivers.o
                0x000000000800090c                USART3_IRQHandler
 .text.clock_init
                0x0000000008000920       0x34 Src/main.o
                0x0000000008000920                clock_init
 .text.Ahmed_UART_IRQ_CallBack
                0x0000000008000954       0x24 Src/main.o
                0x0000000008000954                Ahmed_UART_IRQ_CallBack
 .text.UART_Init_test2
                0x0000000008000978       0x48 Src/main.o
                0x0000000008000978                UART_Init_test2
 .text.main     0x00000000080009c0        0xe Src/main.o
                0x00000000080009c0                main
 *fill*         0x00000000080009ce        0x2 
 .text.Reset_Handler
                0x00000000080009d0       0x50 Startup/startup_stm32f103c6tx.o
                0x00000000080009d0                Reset_Handler
 .text.Default_Handler
                0x0000000008000a20        0x2 Startup/startup_stm32f103c6tx.o
                0x0000000008000a20                TIM8_TRG_COM_IRQHandler
                0x0000000008000a20                TIM8_CC_IRQHandler
                0x0000000008000a20                DebugMon_Handler
                0x0000000008000a20                TIM1_CC_IRQHandler
                0x0000000008000a20                HardFault_Handler
                0x0000000008000a20                TIM6_IRQHandler
                0x0000000008000a20                SysTick_Handler
                0x0000000008000a20                PVD_IRQHandler
                0x0000000008000a20                SDIO_IRQHandler
                0x0000000008000a20                PendSV_Handler
                0x0000000008000a20                NMI_Handler
                0x0000000008000a20                USB_HP_CAN_TX_IRQHandler
                0x0000000008000a20                I2C2_EV_IRQHandler
                0x0000000008000a20                UsageFault_Handler
                0x0000000008000a20                ADC1_2_IRQHandler
                0x0000000008000a20                SPI1_IRQHandler
                0x0000000008000a20                CAN_SCE_IRQHandler
                0x0000000008000a20                TAMPER_IRQHandler
                0x0000000008000a20                TIM8_UP_IRQHandler
                0x0000000008000a20                DMA2_Channel2_IRQHandler
                0x0000000008000a20                DMA1_Channel4_IRQHandler
                0x0000000008000a20                RTC_IRQHandler
                0x0000000008000a20                DMA1_Channel7_IRQHandler
                0x0000000008000a20                UART5_IRQHandler
                0x0000000008000a20                ADC3_IRQHandler
                0x0000000008000a20                TIM4_IRQHandler
                0x0000000008000a20                CAN_RX1_IRQHandler
                0x0000000008000a20                DMA2_Channel1_IRQHandler
                0x0000000008000a20                I2C1_EV_IRQHandler
                0x0000000008000a20                DMA1_Channel6_IRQHandler
                0x0000000008000a20                UART4_IRQHandler
                0x0000000008000a20                TIM3_IRQHandler
                0x0000000008000a20                RCC_IRQHandler
                0x0000000008000a20                TIM1_TRG_COM_IRQHandler
                0x0000000008000a20                DMA1_Channel1_IRQHandler
                0x0000000008000a20                Default_Handler
                0x0000000008000a20                EXTI15_10_IRQHandler
                0x0000000008000a20                TIM7_IRQHandler
                0x0000000008000a20                TIM5_IRQHandler
                0x0000000008000a20                SPI2_IRQHandler
                0x0000000008000a20                USB_LP_CAN_RX0_IRQHandler
                0x0000000008000a20                MemManage_Handler
                0x0000000008000a20                SVC_Handler
                0x0000000008000a20                DMA1_Channel5_IRQHandler
                0x0000000008000a20                DMA1_Channel3_IRQHandler
                0x0000000008000a20                FSMC_IRQHandler
                0x0000000008000a20                TIM1_UP_IRQHandler
                0x0000000008000a20                WWDG_IRQHandler
                0x0000000008000a20                TIM2_IRQHandler
                0x0000000008000a20                TIM1_BRK_IRQHandler
                0x0000000008000a20                RTCAlarm_IRQHandler
                0x0000000008000a20                DMA2_Channel4_5_IRQHandler
                0x0000000008000a20                I2C2_ER_IRQHandler
                0x0000000008000a20                DMA1_Channel2_IRQHandler
                0x0000000008000a20                TIM8_BRK_IRQHandler
                0x0000000008000a20                FLASH_IRQHandler
                0x0000000008000a20                BusFault_Handler
                0x0000000008000a20                SPI3_IRQHandler
                0x0000000008000a20                I2C1_ER_IRQHandler
                0x0000000008000a20                DMA2_Channel3_IRQHandler
 *fill*         0x0000000008000a22        0x2 
 .text.__libc_init_array
                0x0000000008000a24       0x48 d:/st/stm32cubeide_1.4.0/stm32cubeide/plugins/com.st.stm32cube.ide.mcu.externaltools.gnu-tools-for-stm32.7-2018-q2-update.win32_1.4.0.202007081208/tools/bin/../lib/gcc/arm-none-eabi/7.3.1/../../../../arm-none-eabi/lib/thumb/v7-m\libc_nano.a(lib_a-init.o)
                0x0000000008000a24                __libc_init_array
 *(.glue_7)
 .glue_7        0x0000000008000a6c        0x0 linker stubs
 *(.glue_7t)
 .glue_7t       0x0000000008000a6c        0x0 linker stubs
 *(.eh_frame)
 .eh_frame      0x0000000008000a6c        0x0 d:/st/stm32cubeide_1.4.0/stm32cubeide/plugins/com.st.stm32cube.ide.mcu.externaltools.gnu-tools-for-stm32.7-2018-q2-update.win32_1.4.0.202007081208/tools/bin/../lib/gcc/arm-none-eabi/7.3.1/thumb/v7-m/crtbegin.o
 *(.init)
 .init          0x0000000008000a6c        0x4 d:/st/stm32cubeide_1.4.0/stm32cubeide/plugins/com.st.stm32cube.ide.mcu.externaltools.gnu-tools-for-stm32.7-2018-q2-update.win32_1.4.0.202007081208/tools/bin/../lib/gcc/arm-none-eabi/7.3.1/thumb/v7-m/crti.o
                0x0000000008000a6c                _init
 .init          0x0000000008000a70        0x8 d:/st/stm32cubeide_1.4.0/stm32cubeide/plugins/com.st.stm32cube.ide.mcu.externaltools.gnu-tools-for-stm32.7-2018-q2-update.win32_1.4.0.202007081208/tools/bin/../lib/gcc/arm-none-eabi/7.3.1/thumb/v7-m/crtn.o
 *(.fini)
 .fini          0x0000000008000a78        0x4 d:/st/stm32cubeide_1.4.0/stm32cubeide/plugins/com.st.stm32cube.ide.mcu.externaltools.gnu-tools-for-stm32.7-2018-q2-update.win32_1.4.0.202007081208/tools/bin/../lib/gcc/arm-none-eabi/7.3.1/thumb/v7-m/crti.o
                0x0000000008000a78                _fini
 .fini          0x0000000008000a7c        0x8 d:/st/stm32cubeide_1.4.0/stm32cubeide/plugins/com.st.stm32cube.ide.mcu.externaltools.gnu-tools-for-stm32.7-2018-q2-update.win32_1.4.0.202007081208/tools/bin/../lib/gcc/arm-none-eabi/7.3.1/thumb/v7-m/crtn.o
                0x0000000008000a84                . = ALIGN (0x4)
                0x0000000008000a84                _etext = .

.vfp11_veneer   0x0000000008000a84        0x0
 .vfp11_veneer  0x0000000008000a84        0x0 linker stubs

.v4_bx          0x0000000008000a84        0x0
 .v4_bx         0x0000000008000a84        0x0 linker stubs

.iplt           0x0000000008000a84        0x0
 .iplt          0x0000000008000a84        0x0 d:/st/stm32cubeide_1.4.0/stm32cubeide/plugins/com.st.stm32cube.ide.mcu.externaltools.gnu-tools-for-stm32.7-2018-q2-update.win32_1.4.0.202007081208/tools/bin/../lib/gcc/arm-none-eabi/7.3.1/thumb/v7-m/crtbegin.o

.rodata         0x0000000008000a84       0x28
                0x0000000008000a84                . = ALIGN (0x4)
 *(.rodata)
 *(.rodata*)
 .rodata.APBPrescTable
                0x0000000008000a84        0x8 STM32F103C6_Drivers/MCAL/STM32F103C6_RCC_Drivers.o
                0x0000000008000a84                APBPrescTable
 .rodata.AHBPrescTable
                0x0000000008000a8c       0x20 STM32F103C6_Drivers/MCAL/STM32F103C6_RCC_Drivers.o
                0x0000000008000a8c                AHBPrescTable
                0x0000000008000aac                . = ALIGN (0x4)

.rel.dyn        0x0000000008000aac        0x0
 .rel.iplt      0x0000000008000aac        0x0 d:/st/stm32cubeide_1.4.0/stm32cubeide/plugins/com.st.stm32cube.ide.mcu.externaltools.gnu-tools-for-stm32.7-2018-q2-update.win32_1.4.0.202007081208/tools/bin/../lib/gcc/arm-none-eabi/7.3.1/thumb/v7-m/crtbegin.o

.ARM.extab      0x0000000008000aac        0x0
                0x0000000008000aac                . = ALIGN (0x4)
 *(.ARM.extab* .gnu.linkonce.armextab.*)
                0x0000000008000aac                . = ALIGN (0x4)

.ARM            0x0000000008000aac        0x0
                0x0000000008000aac                . = ALIGN (0x4)
                0x0000000008000aac                __exidx_start = .
 *(.ARM.exidx*)
                0x0000000008000aac                __exidx_end = .
                0x0000000008000aac                . = ALIGN (0x4)

.preinit_array  0x0000000008000aac        0x0
                0x0000000008000aac                . = ALIGN (0x4)
                0x0000000008000aac                PROVIDE (__preinit_array_start = .)
 *(.preinit_array*)
                0x0000000008000aac                PROVIDE (__preinit_array_end = .)
                0x0000000008000aac                . = ALIGN (0x4)

.init_array     0x0000000008000aac        0x4
                0x0000000008000aac                . = ALIGN (0x4)
                0x0000000008000aac                PROVIDE (__init_array_start = .)
 *(SORT_BY_NAME(.init_array.*))
 *(.init_array*)
 .init_array    0x0000000008000aac        0x4 d:/st/stm32cubeide_1.4.0/stm32cubeide/plugins/com.st.stm32cube.ide.mcu.externaltools.gnu-tools-for-stm32.7-2018-q2-update.win32_1.4.0.202007081208/tools/bin/../lib/gcc/arm-none-eabi/7.3.1/thumb/v7-m/crtbegin.o
                0x0000000008000ab0                PROVIDE (__init_array_end = .)
                0x0000000008000ab0                . = ALIGN (0x4)

.fini_array     0x0000000008000ab0        0x4
                0x0000000008000ab0                . = ALIGN (0x4)
                [!provide]                        PROVIDE (__fini_array_start = .)
 *(SORT_BY_NAME(.fini_array.*))
 *(.fini_array*)
 .fini_array    0x0000000008000ab0        0x4 d:/st/stm32cubeide_1.4.0/stm32cubeide/plugins/com.st.stm32cube.ide.mcu.externaltools.gnu-tools-for-stm32.7-2018-q2-update.win32_1.4.0.202007081208/tools/bin/../lib/gcc/arm-none-eabi/7.3.1/thumb/v7-m/crtbegin.o
                [!provide]                        PROVIDE (__fini_array_end = .)
                0x0000000008000ab4                . = ALIGN (0x4)
                0x0000000008000ab4                _sidata = LOADADDR (.data)

.data           0x0000000020000000        0x0 load address 0x0000000008000ab4
                0x0000000020000000                . = ALIGN (0x4)
                0x0000000020000000                _sdata = .
 *(.data)
 *(.data*)
                0x0000000020000000                . = ALIGN (0x4)
                0x0000000020000000                _edata = .

.igot.plt       0x0000000020000000        0x0 load address 0x0000000008000ab4
 .igot.plt      0x0000000020000000        0x0 d:/st/stm32cubeide_1.4.0/stm32cubeide/plugins/com.st.stm32cube.ide.mcu.externaltools.gnu-tools-for-stm32.7-2018-q2-update.win32_1.4.0.202007081208/tools/bin/../lib/gcc/arm-none-eabi/7.3.1/thumb/v7-m/crtbegin.o
                0x0000000020000000                . = ALIGN (0x4)

.bss            0x0000000020000000       0x68 load address 0x0000000008000ab4
                0x0000000020000000                _sbss = .
                0x0000000020000000                __bss_start__ = _sbss
 *(.bss)
 .bss           0x0000000020000000       0x1c d:/st/stm32cubeide_1.4.0/stm32cubeide/plugins/com.st.stm32cube.ide.mcu.externaltools.gnu-tools-for-stm32.7-2018-q2-update.win32_1.4.0.202007081208/tools/bin/../lib/gcc/arm-none-eabi/7.3.1/thumb/v7-m/crtbegin.o
 *(.bss*)
 .bss.Global_UART_Config
                0x000000002000001c        0xc STM32F103C6_Drivers/MCAL/STM32F103C6_USART_Drivers.o
                0x000000002000001c                Global_UART_Config
 *(COMMON)
 COMMON         0x0000000020000028       0x3c STM32F103C6_Drivers/MCAL/STM32F103C6_EXTI_Drivers.o
                0x0000000020000028                GP_IRQ_CallBack
 COMMON         0x0000000020000064        0x1 Src/main.o
                0x0000000020000064                ch
                0x0000000020000068                . = ALIGN (0x4)
 *fill*         0x0000000020000065        0x3 
                0x0000000020000068                _ebss = .
                0x0000000020000068                __bss_end__ = _ebss

._user_heap_stack
                0x0000000020000068      0x600 load address 0x0000000008000ab4
                0x0000000020000068                . = ALIGN (0x8)
                [!provide]                        PROVIDE (end = .)
                0x0000000020000068                PROVIDE (_end = .)
                0x0000000020000268                . = (. + _Min_Heap_Size)
 *fill*         0x0000000020000068      0x200 
                0x0000000020000668                . = (. + _Min_Stack_Size)
 *fill*         0x0000000020000268      0x400 
                0x0000000020000668                . = ALIGN (0x8)

/DISCARD/
 libc.a(*)
 libm.a(*)
 libgcc.a(*)

.ARM.attributes
                0x0000000000000000       0x29
 *(.ARM.attributes)
 .ARM.attributes
                0x0000000000000000       0x1d d:/st/stm32cubeide_1.4.0/stm32cubeide/plugins/com.st.stm32cube.ide.mcu.externaltools.gnu-tools-for-stm32.7-2018-q2-update.win32_1.4.0.202007081208/tools/bin/../lib/gcc/arm-none-eabi/7.3.1/thumb/v7-m/crti.o
 .ARM.attributes
                0x000000000000001d       0x2d d:/st/stm32cubeide_1.4.0/stm32cubeide/plugins/com.st.stm32cube.ide.mcu.externaltools.gnu-tools-for-stm32.7-2018-q2-update.win32_1.4.0.202007081208/tools/bin/../lib/gcc/arm-none-eabi/7.3.1/thumb/v7-m/crtbegin.o
 .ARM.attributes
                0x000000000000004a       0x33 STM32F103C6_Drivers/MCAL/STM32F103C6_EXTI_Drivers.o
 .ARM.attributes
                0x000000000000007d       0x33 STM32F103C6_Drivers/MCAL/STM32F103C6_GPIO_Drivers.o
 .ARM.attributes
                0x00000000000000b0       0x33 STM32F103C6_Drivers/MCAL/STM32F103C6_RCC_Drivers.o
 .ARM.attributes
                0x00000000000000e3       0x33 STM32F103C6_Drivers/MCAL/STM32F103C6_USART_Drivers.o
 .ARM.attributes
                0x0000000000000116       0x33 Src/main.o
 .ARM.attributes
                0x0000000000000149       0x21 Startup/startup_stm32f103c6tx.o
 .ARM.attributes
                0x000000000000016a       0x2d d:/st/stm32cubeide_1.4.0/stm32cubeide/plugins/com.st.stm32cube.ide.mcu.externaltools.gnu-tools-for-stm32.7-2018-q2-update.win32_1.4.0.202007081208/tools/bin/../lib/gcc/arm-none-eabi/7.3.1/../../../../arm-none-eabi/lib/thumb/v7-m\libc_nano.a(lib_a-init.o)
 .ARM.attributes
                0x0000000000000197       0x1d d:/st/stm32cubeide_1.4.0/stm32cubeide/plugins/com.st.stm32cube.ide.mcu.externaltools.gnu-tools-for-stm32.7-2018-q2-update.win32_1.4.0.202007081208/tools/bin/../lib/gcc/arm-none-eabi/7.3.1/thumb/v7-m/crtn.o
OUTPUT(Drivers.elf elf32-littlearm)

.debug_info     0x0000000000000000     0x4115
 .debug_info    0x0000000000000000      0xdc1 STM32F103C6_Drivers/MCAL/STM32F103C6_EXTI_Drivers.o
 .debug_info    0x0000000000000dc1      0xd56 STM32F103C6_Drivers/MCAL/STM32F103C6_GPIO_Drivers.o
 .debug_info    0x0000000000001b17      0xb24 STM32F103C6_Drivers/MCAL/STM32F103C6_RCC_Drivers.o
 .debug_info    0x000000000000263b      0xe0c STM32F103C6_Drivers/MCAL/STM32F103C6_USART_Drivers.o
 .debug_info    0x0000000000003447      0xcac Src/main.o
 .debug_info    0x00000000000040f3       0x22 Startup/startup_stm32f103c6tx.o

.debug_abbrev   0x0000000000000000      0xa81
 .debug_abbrev  0x0000000000000000      0x239 STM32F103C6_Drivers/MCAL/STM32F103C6_EXTI_Drivers.o
 .debug_abbrev  0x0000000000000239      0x232 STM32F103C6_Drivers/MCAL/STM32F103C6_GPIO_Drivers.o
 .debug_abbrev  0x000000000000046b      0x19b STM32F103C6_Drivers/MCAL/STM32F103C6_RCC_Drivers.o
 .debug_abbrev  0x0000000000000606      0x232 STM32F103C6_Drivers/MCAL/STM32F103C6_USART_Drivers.o
 .debug_abbrev  0x0000000000000838      0x237 Src/main.o
 .debug_abbrev  0x0000000000000a6f       0x12 Startup/startup_stm32f103c6tx.o

.debug_loc      0x0000000000000000      0xb2c
 .debug_loc     0x0000000000000000      0x320 STM32F103C6_Drivers/MCAL/STM32F103C6_EXTI_Drivers.o
 .debug_loc     0x0000000000000320      0x330 STM32F103C6_Drivers/MCAL/STM32F103C6_GPIO_Drivers.o
 .debug_loc     0x0000000000000650       0xc8 STM32F103C6_Drivers/MCAL/STM32F103C6_RCC_Drivers.o
 .debug_loc     0x0000000000000718      0x294 STM32F103C6_Drivers/MCAL/STM32F103C6_USART_Drivers.o
 .debug_loc     0x00000000000009ac      0x180 Src/main.o

.debug_aranges  0x0000000000000000      0x1e8
 .debug_aranges
                0x0000000000000000       0x80 STM32F103C6_Drivers/MCAL/STM32F103C6_EXTI_Drivers.o
 .debug_aranges
                0x0000000000000080       0x60 STM32F103C6_Drivers/MCAL/STM32F103C6_GPIO_Drivers.o
 .debug_aranges
                0x00000000000000e0       0x38 STM32F103C6_Drivers/MCAL/STM32F103C6_RCC_Drivers.o
 .debug_aranges
                0x0000000000000118       0x60 STM32F103C6_Drivers/MCAL/STM32F103C6_USART_Drivers.o
 .debug_aranges
                0x0000000000000178       0x48 Src/main.o
 .debug_aranges
                0x00000000000001c0       0x28 Startup/startup_stm32f103c6tx.o

.debug_ranges   0x0000000000000000      0x190
 .debug_ranges  0x0000000000000000       0x70 STM32F103C6_Drivers/MCAL/STM32F103C6_EXTI_Drivers.o
 .debug_ranges  0x0000000000000070       0x50 STM32F103C6_Drivers/MCAL/STM32F103C6_GPIO_Drivers.o
 .debug_ranges  0x00000000000000c0       0x28 STM32F103C6_Drivers/MCAL/STM32F103C6_RCC_Drivers.o
 .debug_ranges  0x00000000000000e8       0x50 STM32F103C6_Drivers/MCAL/STM32F103C6_USART_Drivers.o
 .debug_ranges  0x0000000000000138       0x38 Src/main.o
 .debug_ranges  0x0000000000000170       0x20 Startup/startup_stm32f103c6tx.o

.debug_macro    0x0000000000000000      0xf69
 .debug_macro   0x0000000000000000      0x21d STM32F103C6_Drivers/MCAL/STM32F103C6_EXTI_Drivers.o
 .debug_macro   0x000000000000021d       0xd0 STM32F103C6_Drivers/MCAL/STM32F103C6_EXTI_Drivers.o
 .debug_macro   0x00000000000002ed      0x223 STM32F103C6_Drivers/MCAL/STM32F103C6_EXTI_Drivers.o
 .debug_macro   0x0000000000000510      0x204 STM32F103C6_Drivers/MCAL/STM32F103C6_GPIO_Drivers.o
 .debug_macro   0x0000000000000714      0x208 STM32F103C6_Drivers/MCAL/STM32F103C6_RCC_Drivers.o
 .debug_macro   0x000000000000091c       0x10 STM32F103C6_Drivers/MCAL/STM32F103C6_RCC_Drivers.o
 .debug_macro   0x000000000000092c      0x220 STM32F103C6_Drivers/MCAL/STM32F103C6_USART_Drivers.o
 .debug_macro   0x0000000000000b4c       0xe8 STM32F103C6_Drivers/MCAL/STM32F103C6_USART_Drivers.o
 .debug_macro   0x0000000000000c34      0x24f Src/main.o
 .debug_macro   0x0000000000000e83       0xa6 Src/main.o
 .debug_macro   0x0000000000000f29       0x40 Src/main.o

.debug_line     0x0000000000000000     0x257c
 .debug_line    0x0000000000000000      0x81b STM32F103C6_Drivers/MCAL/STM32F103C6_EXTI_Drivers.o
 .debug_line    0x000000000000081b      0x760 STM32F103C6_Drivers/MCAL/STM32F103C6_GPIO_Drivers.o
 .debug_line    0x0000000000000f7b      0x682 STM32F103C6_Drivers/MCAL/STM32F103C6_RCC_Drivers.o
 .debug_line    0x00000000000015fd      0x7d1 STM32F103C6_Drivers/MCAL/STM32F103C6_USART_Drivers.o
 .debug_line    0x0000000000001dce      0x72a Src/main.o
 .debug_line    0x00000000000024f8       0x84 Startup/startup_stm32f103c6tx.o

.debug_str      0x0000000000000000     0xb29a
 .debug_str     0x0000000000000000     0xa4a0 STM32F103C6_Drivers/MCAL/STM32F103C6_EXTI_Drivers.o
                                       0xa710 (size before relaxing)
 .debug_str     0x000000000000a4a0      0x15a STM32F103C6_Drivers/MCAL/STM32F103C6_GPIO_Drivers.o
                                       0x9297 (size before relaxing)
 .debug_str     0x000000000000a5fa      0x106 STM32F103C6_Drivers/MCAL/STM32F103C6_RCC_Drivers.o
                                       0x8e1b (size before relaxing)
 .debug_str     0x000000000000a700      0x7f2 STM32F103C6_Drivers/MCAL/STM32F103C6_USART_Drivers.o
                                       0x99e1 (size before relaxing)
 .debug_str     0x000000000000aef2      0x377 Src/main.o
                                       0xaf7a (size before relaxing)
 .debug_str     0x000000000000b269       0x31 Startup/startup_stm32f103c6tx.o
                                         0x8f (size before relaxing)

.comment        0x0000000000000000       0x7b
 .comment       0x0000000000000000       0x7b STM32F103C6_Drivers/MCAL/STM32F103C6_EXTI_Drivers.o
                                         0x7c (size before relaxing)
 .comment       0x000000000000007b       0x7c STM32F103C6_Drivers/MCAL/STM32F103C6_GPIO_Drivers.o
 .comment       0x000000000000007b       0x7c STM32F103C6_Drivers/MCAL/STM32F103C6_RCC_Drivers.o
 .comment       0x000000000000007b       0x7c STM32F103C6_Drivers/MCAL/STM32F103C6_USART_Drivers.o
 .comment       0x000000000000007b       0x7c Src/main.o

.debug_frame    0x0000000000000000      0x5f8
 .debug_frame   0x0000000000000000      0x1b0 STM32F103C6_Drivers/MCAL/STM32F103C6_EXTI_Drivers.o
 .debug_frame   0x00000000000001b0      0x178 STM32F103C6_Drivers/MCAL/STM32F103C6_GPIO_Drivers.o
 .debug_frame   0x0000000000000328       0x84 STM32F103C6_Drivers/MCAL/STM32F103C6_RCC_Drivers.o
 .debug_frame   0x00000000000003ac      0x14c STM32F103C6_Drivers/MCAL/STM32F103C6_USART_Drivers.o
 .debug_frame   0x00000000000004f8       0xd4 Src/main.o
 .debug_frame   0x00000000000005cc       0x2c d:/st/stm32cubeide_1.4.0/stm32cubeide/plugins/com.st.stm32cube.ide.mcu.externaltools.gnu-tools-for-stm32.7-2018-q2-update.win32_1.4.0.202007081208/tools/bin/../lib/gcc/arm-none-eabi/7.3.1/../../../../arm-none-eabi/lib/thumb/v7-m\libc_nano.a(lib_a-init.o)
