Archive member included to satisfy reference by file (symbol)

d:/st/stm32cubeide_1.4.0/stm32cubeide/plugins/com.st.stm32cube.ide.mcu.externaltools.gnu-tools-for-stm32.7-2018-q2-update.win32_1.4.0.202007081208/tools/bin/../lib/gcc/arm-none-eabi/7.3.1/../../../../arm-none-eabi/lib/thumb/v7-m\libc_nano.a(lib_a-errno.o)
                              Src/syscalls.o (__errno)
d:/st/stm32cubeide_1.4.0/stm32cubeide/plugins/com.st.stm32cube.ide.mcu.externaltools.gnu-tools-for-stm32.7-2018-q2-update.win32_1.4.0.202007081208/tools/bin/../lib/gcc/arm-none-eabi/7.3.1/../../../../arm-none-eabi/lib/thumb/v7-m\libc_nano.a(lib_a-exit.o)
                              d:/st/stm32cubeide_1.4.0/stm32cubeide/plugins/com.st.stm32cube.ide.mcu.externaltools.gnu-tools-for-stm32.7-2018-q2-update.win32_1.4.0.202007081208/tools/bin/../lib/gcc/arm-none-eabi/7.3.1/../../../../arm-none-eabi/lib/thumb/v7-m/crt0.o (exit)
d:/st/stm32cubeide_1.4.0/stm32cubeide/plugins/com.st.stm32cube.ide.mcu.externaltools.gnu-tools-for-stm32.7-2018-q2-update.win32_1.4.0.202007081208/tools/bin/../lib/gcc/arm-none-eabi/7.3.1/../../../../arm-none-eabi/lib/thumb/v7-m\libc_nano.a(lib_a-impure.o)
                              d:/st/stm32cubeide_1.4.0/stm32cubeide/plugins/com.st.stm32cube.ide.mcu.externaltools.gnu-tools-for-stm32.7-2018-q2-update.win32_1.4.0.202007081208/tools/bin/../lib/gcc/arm-none-eabi/7.3.1/../../../../arm-none-eabi/lib/thumb/v7-m\libc_nano.a(lib_a-exit.o) (_global_impure_ptr)
d:/st/stm32cubeide_1.4.0/stm32cubeide/plugins/com.st.stm32cube.ide.mcu.externaltools.gnu-tools-for-stm32.7-2018-q2-update.win32_1.4.0.202007081208/tools/bin/../lib/gcc/arm-none-eabi/7.3.1/../../../../arm-none-eabi/lib/thumb/v7-m\libc_nano.a(lib_a-init.o)
                              d:/st/stm32cubeide_1.4.0/stm32cubeide/plugins/com.st.stm32cube.ide.mcu.externaltools.gnu-tools-for-stm32.7-2018-q2-update.win32_1.4.0.202007081208/tools/bin/../lib/gcc/arm-none-eabi/7.3.1/../../../../arm-none-eabi/lib/thumb/v7-m/crt0.o (__libc_init_array)
d:/st/stm32cubeide_1.4.0/stm32cubeide/plugins/com.st.stm32cube.ide.mcu.externaltools.gnu-tools-for-stm32.7-2018-q2-update.win32_1.4.0.202007081208/tools/bin/../lib/gcc/arm-none-eabi/7.3.1/../../../../arm-none-eabi/lib/thumb/v7-m\libc_nano.a(lib_a-memset.o)
                              d:/st/stm32cubeide_1.4.0/stm32cubeide/plugins/com.st.stm32cube.ide.mcu.externaltools.gnu-tools-for-stm32.7-2018-q2-update.win32_1.4.0.202007081208/tools/bin/../lib/gcc/arm-none-eabi/7.3.1/../../../../arm-none-eabi/lib/thumb/v7-m/crt0.o (memset)

Allocating common symbols
Common symbol       size              file

PinCfg              0x4               STM32F103C6_Drivers/HAL/LCD.o

Discarded input sections

 .text          0x0000000000000000        0x0 d:/st/stm32cubeide_1.4.0/stm32cubeide/plugins/com.st.stm32cube.ide.mcu.externaltools.gnu-tools-for-stm32.7-2018-q2-update.win32_1.4.0.202007081208/tools/bin/../lib/gcc/arm-none-eabi/7.3.1/thumb/v7-m/crti.o
 .data          0x0000000000000000        0x0 d:/st/stm32cubeide_1.4.0/stm32cubeide/plugins/com.st.stm32cube.ide.mcu.externaltools.gnu-tools-for-stm32.7-2018-q2-update.win32_1.4.0.202007081208/tools/bin/../lib/gcc/arm-none-eabi/7.3.1/thumb/v7-m/crti.o
 .bss           0x0000000000000000        0x0 d:/st/stm32cubeide_1.4.0/stm32cubeide/plugins/com.st.stm32cube.ide.mcu.externaltools.gnu-tools-for-stm32.7-2018-q2-update.win32_1.4.0.202007081208/tools/bin/../lib/gcc/arm-none-eabi/7.3.1/thumb/v7-m/crti.o
 .data          0x0000000000000000        0x4 d:/st/stm32cubeide_1.4.0/stm32cubeide/plugins/com.st.stm32cube.ide.mcu.externaltools.gnu-tools-for-stm32.7-2018-q2-update.win32_1.4.0.202007081208/tools/bin/../lib/gcc/arm-none-eabi/7.3.1/thumb/v7-m/crtbegin.o
 .text          0x0000000000000000       0x74 d:/st/stm32cubeide_1.4.0/stm32cubeide/plugins/com.st.stm32cube.ide.mcu.externaltools.gnu-tools-for-stm32.7-2018-q2-update.win32_1.4.0.202007081208/tools/bin/../lib/gcc/arm-none-eabi/7.3.1/../../../../arm-none-eabi/lib/thumb/v7-m/crt0.o
 .data          0x0000000000000000        0x0 d:/st/stm32cubeide_1.4.0/stm32cubeide/plugins/com.st.stm32cube.ide.mcu.externaltools.gnu-tools-for-stm32.7-2018-q2-update.win32_1.4.0.202007081208/tools/bin/../lib/gcc/arm-none-eabi/7.3.1/../../../../arm-none-eabi/lib/thumb/v7-m/crt0.o
 .bss           0x0000000000000000        0x0 d:/st/stm32cubeide_1.4.0/stm32cubeide/plugins/com.st.stm32cube.ide.mcu.externaltools.gnu-tools-for-stm32.7-2018-q2-update.win32_1.4.0.202007081208/tools/bin/../lib/gcc/arm-none-eabi/7.3.1/../../../../arm-none-eabi/lib/thumb/v7-m/crt0.o
 .ARM.extab     0x0000000000000000        0x0 d:/st/stm32cubeide_1.4.0/stm32cubeide/plugins/com.st.stm32cube.ide.mcu.externaltools.gnu-tools-for-stm32.7-2018-q2-update.win32_1.4.0.202007081208/tools/bin/../lib/gcc/arm-none-eabi/7.3.1/../../../../arm-none-eabi/lib/thumb/v7-m/crt0.o
 .ARM.exidx     0x0000000000000000        0x8 d:/st/stm32cubeide_1.4.0/stm32cubeide/plugins/com.st.stm32cube.ide.mcu.externaltools.gnu-tools-for-stm32.7-2018-q2-update.win32_1.4.0.202007081208/tools/bin/../lib/gcc/arm-none-eabi/7.3.1/../../../../arm-none-eabi/lib/thumb/v7-m/crt0.o
 .ARM.attributes
                0x0000000000000000       0x1b d:/st/stm32cubeide_1.4.0/stm32cubeide/plugins/com.st.stm32cube.ide.mcu.externaltools.gnu-tools-for-stm32.7-2018-q2-update.win32_1.4.0.202007081208/tools/bin/../lib/gcc/arm-none-eabi/7.3.1/../../../../arm-none-eabi/lib/thumb/v7-m/crt0.o
 .group         0x0000000000000000        0xc STM32F103C6_Drivers/HAL/KEYPAD.o
 .group         0x0000000000000000        0xc STM32F103C6_Drivers/HAL/KEYPAD.o
 .group         0x0000000000000000        0xc STM32F103C6_Drivers/HAL/KEYPAD.o
 .group         0x0000000000000000        0xc STM32F103C6_Drivers/HAL/KEYPAD.o
 .group         0x0000000000000000        0xc STM32F103C6_Drivers/HAL/KEYPAD.o
 .group         0x0000000000000000        0xc STM32F103C6_Drivers/HAL/KEYPAD.o
 .group         0x0000000000000000        0xc STM32F103C6_Drivers/HAL/KEYPAD.o
 .group         0x0000000000000000        0xc STM32F103C6_Drivers/HAL/KEYPAD.o
 .group         0x0000000000000000        0xc STM32F103C6_Drivers/HAL/KEYPAD.o
 .group         0x0000000000000000        0xc STM32F103C6_Drivers/HAL/KEYPAD.o
 .group         0x0000000000000000        0xc STM32F103C6_Drivers/HAL/KEYPAD.o
 .group         0x0000000000000000        0xc STM32F103C6_Drivers/HAL/KEYPAD.o
 .group         0x0000000000000000        0xc STM32F103C6_Drivers/HAL/KEYPAD.o
 .group         0x0000000000000000        0xc STM32F103C6_Drivers/HAL/KEYPAD.o
 .group         0x0000000000000000        0xc STM32F103C6_Drivers/HAL/KEYPAD.o
 .group         0x0000000000000000        0xc STM32F103C6_Drivers/HAL/KEYPAD.o
 .group         0x0000000000000000        0xc STM32F103C6_Drivers/HAL/KEYPAD.o
 .group         0x0000000000000000        0xc STM32F103C6_Drivers/HAL/KEYPAD.o
 .group         0x0000000000000000        0xc STM32F103C6_Drivers/HAL/KEYPAD.o
 .group         0x0000000000000000        0xc STM32F103C6_Drivers/HAL/KEYPAD.o
 .group         0x0000000000000000        0xc STM32F103C6_Drivers/HAL/KEYPAD.o
 .group         0x0000000000000000        0xc STM32F103C6_Drivers/HAL/KEYPAD.o
 .group         0x0000000000000000        0xc STM32F103C6_Drivers/HAL/KEYPAD.o
 .group         0x0000000000000000        0xc STM32F103C6_Drivers/HAL/KEYPAD.o
 .group         0x0000000000000000        0xc STM32F103C6_Drivers/HAL/KEYPAD.o
 .group         0x0000000000000000        0xc STM32F103C6_Drivers/HAL/KEYPAD.o
 .group         0x0000000000000000        0xc STM32F103C6_Drivers/HAL/KEYPAD.o
 .group         0x0000000000000000        0xc STM32F103C6_Drivers/HAL/KEYPAD.o
 .group         0x0000000000000000        0xc STM32F103C6_Drivers/HAL/KEYPAD.o
 .group         0x0000000000000000        0xc STM32F103C6_Drivers/HAL/KEYPAD.o
 .group         0x0000000000000000        0xc STM32F103C6_Drivers/HAL/KEYPAD.o
 .group         0x0000000000000000        0xc STM32F103C6_Drivers/HAL/KEYPAD.o
 .group         0x0000000000000000        0xc STM32F103C6_Drivers/HAL/KEYPAD.o
 .group         0x0000000000000000        0xc STM32F103C6_Drivers/HAL/KEYPAD.o
 .group         0x0000000000000000        0xc STM32F103C6_Drivers/HAL/KEYPAD.o
 .group         0x0000000000000000        0xc STM32F103C6_Drivers/HAL/KEYPAD.o
 .group         0x0000000000000000        0xc STM32F103C6_Drivers/HAL/KEYPAD.o
 .group         0x0000000000000000        0xc STM32F103C6_Drivers/HAL/KEYPAD.o
 .group         0x0000000000000000        0xc STM32F103C6_Drivers/HAL/KEYPAD.o
 .text          0x0000000000000000        0x0 STM32F103C6_Drivers/HAL/KEYPAD.o
 .data          0x0000000000000000        0x0 STM32F103C6_Drivers/HAL/KEYPAD.o
 .bss           0x0000000000000000        0x0 STM32F103C6_Drivers/HAL/KEYPAD.o
 .text.delay_mss
                0x0000000000000000       0x38 STM32F103C6_Drivers/HAL/KEYPAD.o
 .group         0x0000000000000000        0xc STM32F103C6_Drivers/HAL/LCD.o
 .group         0x0000000000000000        0xc STM32F103C6_Drivers/HAL/LCD.o
 .group         0x0000000000000000        0xc STM32F103C6_Drivers/HAL/LCD.o
 .group         0x0000000000000000        0xc STM32F103C6_Drivers/HAL/LCD.o
 .group         0x0000000000000000        0xc STM32F103C6_Drivers/HAL/LCD.o
 .group         0x0000000000000000        0xc STM32F103C6_Drivers/HAL/LCD.o
 .group         0x0000000000000000        0xc STM32F103C6_Drivers/HAL/LCD.o
 .group         0x0000000000000000        0xc STM32F103C6_Drivers/HAL/LCD.o
 .group         0x0000000000000000        0xc STM32F103C6_Drivers/HAL/LCD.o
 .group         0x0000000000000000        0xc STM32F103C6_Drivers/HAL/LCD.o
 .group         0x0000000000000000        0xc STM32F103C6_Drivers/HAL/LCD.o
 .group         0x0000000000000000        0xc STM32F103C6_Drivers/HAL/LCD.o
 .group         0x0000000000000000        0xc STM32F103C6_Drivers/HAL/LCD.o
 .group         0x0000000000000000        0xc STM32F103C6_Drivers/HAL/LCD.o
 .group         0x0000000000000000        0xc STM32F103C6_Drivers/HAL/LCD.o
 .group         0x0000000000000000        0xc STM32F103C6_Drivers/HAL/LCD.o
 .group         0x0000000000000000        0xc STM32F103C6_Drivers/HAL/LCD.o
 .group         0x0000000000000000        0xc STM32F103C6_Drivers/HAL/LCD.o
 .group         0x0000000000000000        0xc STM32F103C6_Drivers/HAL/LCD.o
 .group         0x0000000000000000        0xc STM32F103C6_Drivers/HAL/LCD.o
 .group         0x0000000000000000        0xc STM32F103C6_Drivers/HAL/LCD.o
 .group         0x0000000000000000        0xc STM32F103C6_Drivers/HAL/LCD.o
 .group         0x0000000000000000        0xc STM32F103C6_Drivers/HAL/LCD.o
 .group         0x0000000000000000        0xc STM32F103C6_Drivers/HAL/LCD.o
 .group         0x0000000000000000        0xc STM32F103C6_Drivers/HAL/LCD.o
 .group         0x0000000000000000        0xc STM32F103C6_Drivers/HAL/LCD.o
 .group         0x0000000000000000        0xc STM32F103C6_Drivers/HAL/LCD.o
 .group         0x0000000000000000        0xc STM32F103C6_Drivers/HAL/LCD.o
 .group         0x0000000000000000        0xc STM32F103C6_Drivers/HAL/LCD.o
 .group         0x0000000000000000        0xc STM32F103C6_Drivers/HAL/LCD.o
 .group         0x0000000000000000        0xc STM32F103C6_Drivers/HAL/LCD.o
 .group         0x0000000000000000        0xc STM32F103C6_Drivers/HAL/LCD.o
 .group         0x0000000000000000        0xc STM32F103C6_Drivers/HAL/LCD.o
 .group         0x0000000000000000        0xc STM32F103C6_Drivers/HAL/LCD.o
 .group         0x0000000000000000        0xc STM32F103C6_Drivers/HAL/LCD.o
 .group         0x0000000000000000        0xc STM32F103C6_Drivers/HAL/LCD.o
 .group         0x0000000000000000        0xc STM32F103C6_Drivers/HAL/LCD.o
 .group         0x0000000000000000        0xc STM32F103C6_Drivers/HAL/LCD.o
 .group         0x0000000000000000        0xc STM32F103C6_Drivers/HAL/LCD.o
 .group         0x0000000000000000        0xc STM32F103C6_Drivers/HAL/LCD.o
 .text          0x0000000000000000        0x0 STM32F103C6_Drivers/HAL/LCD.o
 .data          0x0000000000000000        0x0 STM32F103C6_Drivers/HAL/LCD.o
 .bss           0x0000000000000000        0x0 STM32F103C6_Drivers/HAL/LCD.o
 .text.LCD_Check_LCD_IsBusy
                0x0000000000000000       0xd8 STM32F103C6_Drivers/HAL/LCD.o
 .debug_macro   0x0000000000000000      0xa60 STM32F103C6_Drivers/HAL/LCD.o
 .debug_macro   0x0000000000000000       0x18 STM32F103C6_Drivers/HAL/LCD.o
 .debug_macro   0x0000000000000000       0x22 STM32F103C6_Drivers/HAL/LCD.o
 .debug_macro   0x0000000000000000       0x40 STM32F103C6_Drivers/HAL/LCD.o
 .debug_macro   0x0000000000000000       0x94 STM32F103C6_Drivers/HAL/LCD.o
 .debug_macro   0x0000000000000000       0x3c STM32F103C6_Drivers/HAL/LCD.o
 .debug_macro   0x0000000000000000       0x34 STM32F103C6_Drivers/HAL/LCD.o
 .debug_macro   0x0000000000000000       0x16 STM32F103C6_Drivers/HAL/LCD.o
 .debug_macro   0x0000000000000000      0x10e STM32F103C6_Drivers/HAL/LCD.o
 .debug_macro   0x0000000000000000       0x8d STM32F103C6_Drivers/HAL/LCD.o
 .debug_macro   0x0000000000000000       0x57 STM32F103C6_Drivers/HAL/LCD.o
 .debug_macro   0x0000000000000000       0x52 STM32F103C6_Drivers/HAL/LCD.o
 .debug_macro   0x0000000000000000       0x1f STM32F103C6_Drivers/HAL/LCD.o
 .debug_macro   0x0000000000000000       0x43 STM32F103C6_Drivers/HAL/LCD.o
 .debug_macro   0x0000000000000000       0x20 STM32F103C6_Drivers/HAL/LCD.o
 .debug_macro   0x0000000000000000      0x1a3 STM32F103C6_Drivers/HAL/LCD.o
 .debug_macro   0x0000000000000000      0x330 STM32F103C6_Drivers/HAL/LCD.o
 .debug_macro   0x0000000000000000       0x16 STM32F103C6_Drivers/HAL/LCD.o
 .debug_macro   0x0000000000000000       0x29 STM32F103C6_Drivers/HAL/LCD.o
 .debug_macro   0x0000000000000000       0xef STM32F103C6_Drivers/HAL/LCD.o
 .debug_macro   0x0000000000000000       0x6a STM32F103C6_Drivers/HAL/LCD.o
 .debug_macro   0x0000000000000000      0x1df STM32F103C6_Drivers/HAL/LCD.o
 .debug_macro   0x0000000000000000       0x1c STM32F103C6_Drivers/HAL/LCD.o
 .debug_macro   0x0000000000000000       0x35 STM32F103C6_Drivers/HAL/LCD.o
 .debug_macro   0x0000000000000000       0x10 STM32F103C6_Drivers/HAL/LCD.o
 .debug_macro   0x0000000000000000       0x10 STM32F103C6_Drivers/HAL/LCD.o
 .debug_macro   0x0000000000000000       0x1c STM32F103C6_Drivers/HAL/LCD.o
 .debug_macro   0x0000000000000000       0x52 STM32F103C6_Drivers/HAL/LCD.o
 .debug_macro   0x0000000000000000       0x40 STM32F103C6_Drivers/HAL/LCD.o
 .debug_macro   0x0000000000000000       0x10 STM32F103C6_Drivers/HAL/LCD.o
 .debug_macro   0x0000000000000000       0x40 STM32F103C6_Drivers/HAL/LCD.o
 .debug_macro   0x0000000000000000       0xd7 STM32F103C6_Drivers/HAL/LCD.o
 .debug_macro   0x0000000000000000       0x1c STM32F103C6_Drivers/HAL/LCD.o
 .debug_macro   0x0000000000000000       0x3d STM32F103C6_Drivers/HAL/LCD.o
 .debug_macro   0x0000000000000000       0x16 STM32F103C6_Drivers/HAL/LCD.o
 .debug_macro   0x0000000000000000      0x145 STM32F103C6_Drivers/HAL/LCD.o
 .debug_macro   0x0000000000000000       0xde STM32F103C6_Drivers/HAL/LCD.o
 .debug_macro   0x0000000000000000       0xd6 STM32F103C6_Drivers/HAL/LCD.o
 .group         0x0000000000000000        0xc STM32F103C6_Drivers/HAL/S7_Segment.o
 .group         0x0000000000000000        0xc STM32F103C6_Drivers/HAL/S7_Segment.o
 .group         0x0000000000000000        0xc STM32F103C6_Drivers/HAL/S7_Segment.o
 .group         0x0000000000000000        0xc STM32F103C6_Drivers/HAL/S7_Segment.o
 .group         0x0000000000000000        0xc STM32F103C6_Drivers/HAL/S7_Segment.o
 .group         0x0000000000000000        0xc STM32F103C6_Drivers/HAL/S7_Segment.o
 .group         0x0000000000000000        0xc STM32F103C6_Drivers/HAL/S7_Segment.o
 .group         0x0000000000000000        0xc STM32F103C6_Drivers/HAL/S7_Segment.o
 .group         0x0000000000000000        0xc STM32F103C6_Drivers/HAL/S7_Segment.o
 .group         0x0000000000000000        0xc STM32F103C6_Drivers/HAL/S7_Segment.o
 .group         0x0000000000000000        0xc STM32F103C6_Drivers/HAL/S7_Segment.o
 .group         0x0000000000000000        0xc STM32F103C6_Drivers/HAL/S7_Segment.o
 .group         0x0000000000000000        0xc STM32F103C6_Drivers/HAL/S7_Segment.o
 .group         0x0000000000000000        0xc STM32F103C6_Drivers/HAL/S7_Segment.o
 .group         0x0000000000000000        0xc STM32F103C6_Drivers/HAL/S7_Segment.o
 .group         0x0000000000000000        0xc STM32F103C6_Drivers/HAL/S7_Segment.o
 .group         0x0000000000000000        0xc STM32F103C6_Drivers/HAL/S7_Segment.o
 .group         0x0000000000000000        0xc STM32F103C6_Drivers/HAL/S7_Segment.o
 .group         0x0000000000000000        0xc STM32F103C6_Drivers/HAL/S7_Segment.o
 .group         0x0000000000000000        0xc STM32F103C6_Drivers/HAL/S7_Segment.o
 .group         0x0000000000000000        0xc STM32F103C6_Drivers/HAL/S7_Segment.o
 .group         0x0000000000000000        0xc STM32F103C6_Drivers/HAL/S7_Segment.o
 .group         0x0000000000000000        0xc STM32F103C6_Drivers/HAL/S7_Segment.o
 .group         0x0000000000000000        0xc STM32F103C6_Drivers/HAL/S7_Segment.o
 .group         0x0000000000000000        0xc STM32F103C6_Drivers/HAL/S7_Segment.o
 .group         0x0000000000000000        0xc STM32F103C6_Drivers/HAL/S7_Segment.o
 .group         0x0000000000000000        0xc STM32F103C6_Drivers/HAL/S7_Segment.o
 .group         0x0000000000000000        0xc STM32F103C6_Drivers/HAL/S7_Segment.o
 .group         0x0000000000000000        0xc STM32F103C6_Drivers/HAL/S7_Segment.o
 .group         0x0000000000000000        0xc STM32F103C6_Drivers/HAL/S7_Segment.o
 .group         0x0000000000000000        0xc STM32F103C6_Drivers/HAL/S7_Segment.o
 .group         0x0000000000000000        0xc STM32F103C6_Drivers/HAL/S7_Segment.o
 .group         0x0000000000000000        0xc STM32F103C6_Drivers/HAL/S7_Segment.o
 .group         0x0000000000000000        0xc STM32F103C6_Drivers/HAL/S7_Segment.o
 .group         0x0000000000000000        0xc STM32F103C6_Drivers/HAL/S7_Segment.o
 .group         0x0000000000000000        0xc STM32F103C6_Drivers/HAL/S7_Segment.o
 .group         0x0000000000000000        0xc STM32F103C6_Drivers/HAL/S7_Segment.o
 .group         0x0000000000000000        0xc STM32F103C6_Drivers/HAL/S7_Segment.o
 .group         0x0000000000000000        0xc STM32F103C6_Drivers/HAL/S7_Segment.o
 .text          0x0000000000000000        0x0 STM32F103C6_Drivers/HAL/S7_Segment.o
 .data          0x0000000000000000        0x0 STM32F103C6_Drivers/HAL/S7_Segment.o
 .bss           0x0000000000000000        0x0 STM32F103C6_Drivers/HAL/S7_Segment.o
 .debug_macro   0x0000000000000000      0xa60 STM32F103C6_Drivers/HAL/S7_Segment.o
 .debug_macro   0x0000000000000000       0x18 STM32F103C6_Drivers/HAL/S7_Segment.o
 .debug_macro   0x0000000000000000       0x22 STM32F103C6_Drivers/HAL/S7_Segment.o
 .debug_macro   0x0000000000000000       0x40 STM32F103C6_Drivers/HAL/S7_Segment.o
 .debug_macro   0x0000000000000000       0x94 STM32F103C6_Drivers/HAL/S7_Segment.o
 .debug_macro   0x0000000000000000       0x3c STM32F103C6_Drivers/HAL/S7_Segment.o
 .debug_macro   0x0000000000000000       0x34 STM32F103C6_Drivers/HAL/S7_Segment.o
 .debug_macro   0x0000000000000000       0x16 STM32F103C6_Drivers/HAL/S7_Segment.o
 .debug_macro   0x0000000000000000      0x10e STM32F103C6_Drivers/HAL/S7_Segment.o
 .debug_macro   0x0000000000000000       0x8d STM32F103C6_Drivers/HAL/S7_Segment.o
 .debug_macro   0x0000000000000000       0x57 STM32F103C6_Drivers/HAL/S7_Segment.o
 .debug_macro   0x0000000000000000       0x52 STM32F103C6_Drivers/HAL/S7_Segment.o
 .debug_macro   0x0000000000000000       0x1f STM32F103C6_Drivers/HAL/S7_Segment.o
 .debug_macro   0x0000000000000000       0x43 STM32F103C6_Drivers/HAL/S7_Segment.o
 .debug_macro   0x0000000000000000       0x20 STM32F103C6_Drivers/HAL/S7_Segment.o
 .debug_macro   0x0000000000000000      0x1a3 STM32F103C6_Drivers/HAL/S7_Segment.o
 .debug_macro   0x0000000000000000      0x330 STM32F103C6_Drivers/HAL/S7_Segment.o
 .debug_macro   0x0000000000000000       0x16 STM32F103C6_Drivers/HAL/S7_Segment.o
 .debug_macro   0x0000000000000000       0x29 STM32F103C6_Drivers/HAL/S7_Segment.o
 .debug_macro   0x0000000000000000       0xef STM32F103C6_Drivers/HAL/S7_Segment.o
 .debug_macro   0x0000000000000000       0x6a STM32F103C6_Drivers/HAL/S7_Segment.o
 .debug_macro   0x0000000000000000      0x1df STM32F103C6_Drivers/HAL/S7_Segment.o
 .debug_macro   0x0000000000000000       0x1c STM32F103C6_Drivers/HAL/S7_Segment.o
 .debug_macro   0x0000000000000000       0x35 STM32F103C6_Drivers/HAL/S7_Segment.o
 .debug_macro   0x0000000000000000       0x10 STM32F103C6_Drivers/HAL/S7_Segment.o
 .debug_macro   0x0000000000000000       0x10 STM32F103C6_Drivers/HAL/S7_Segment.o
 .debug_macro   0x0000000000000000       0x1c STM32F103C6_Drivers/HAL/S7_Segment.o
 .debug_macro   0x0000000000000000       0x52 STM32F103C6_Drivers/HAL/S7_Segment.o
 .debug_macro   0x0000000000000000       0x40 STM32F103C6_Drivers/HAL/S7_Segment.o
 .debug_macro   0x0000000000000000       0x10 STM32F103C6_Drivers/HAL/S7_Segment.o
 .debug_macro   0x0000000000000000       0x40 STM32F103C6_Drivers/HAL/S7_Segment.o
 .debug_macro   0x0000000000000000       0xd7 STM32F103C6_Drivers/HAL/S7_Segment.o
 .debug_macro   0x0000000000000000       0x1c STM32F103C6_Drivers/HAL/S7_Segment.o
 .debug_macro   0x0000000000000000       0x3d STM32F103C6_Drivers/HAL/S7_Segment.o
 .debug_macro   0x0000000000000000       0x16 STM32F103C6_Drivers/HAL/S7_Segment.o
 .debug_macro   0x0000000000000000      0x145 STM32F103C6_Drivers/HAL/S7_Segment.o
 .debug_macro   0x0000000000000000       0xde STM32F103C6_Drivers/HAL/S7_Segment.o
 .debug_macro   0x0000000000000000       0xd6 STM32F103C6_Drivers/HAL/S7_Segment.o
 .group         0x0000000000000000        0xc STM32F103C6_Drivers/MCAL/STM32F103C6_GPIO_Drivers.o
 .group         0x0000000000000000        0xc STM32F103C6_Drivers/MCAL/STM32F103C6_GPIO_Drivers.o
 .group         0x0000000000000000        0xc STM32F103C6_Drivers/MCAL/STM32F103C6_GPIO_Drivers.o
 .group         0x0000000000000000        0xc STM32F103C6_Drivers/MCAL/STM32F103C6_GPIO_Drivers.o
 .group         0x0000000000000000        0xc STM32F103C6_Drivers/MCAL/STM32F103C6_GPIO_Drivers.o
 .group         0x0000000000000000        0xc STM32F103C6_Drivers/MCAL/STM32F103C6_GPIO_Drivers.o
 .group         0x0000000000000000        0xc STM32F103C6_Drivers/MCAL/STM32F103C6_GPIO_Drivers.o
 .group         0x0000000000000000        0xc STM32F103C6_Drivers/MCAL/STM32F103C6_GPIO_Drivers.o
 .group         0x0000000000000000        0xc STM32F103C6_Drivers/MCAL/STM32F103C6_GPIO_Drivers.o
 .group         0x0000000000000000        0xc STM32F103C6_Drivers/MCAL/STM32F103C6_GPIO_Drivers.o
 .group         0x0000000000000000        0xc STM32F103C6_Drivers/MCAL/STM32F103C6_GPIO_Drivers.o
 .group         0x0000000000000000        0xc STM32F103C6_Drivers/MCAL/STM32F103C6_GPIO_Drivers.o
 .group         0x0000000000000000        0xc STM32F103C6_Drivers/MCAL/STM32F103C6_GPIO_Drivers.o
 .group         0x0000000000000000        0xc STM32F103C6_Drivers/MCAL/STM32F103C6_GPIO_Drivers.o
 .group         0x0000000000000000        0xc STM32F103C6_Drivers/MCAL/STM32F103C6_GPIO_Drivers.o
 .group         0x0000000000000000        0xc STM32F103C6_Drivers/MCAL/STM32F103C6_GPIO_Drivers.o
 .group         0x0000000000000000        0xc STM32F103C6_Drivers/MCAL/STM32F103C6_GPIO_Drivers.o
 .group         0x0000000000000000        0xc STM32F103C6_Drivers/MCAL/STM32F103C6_GPIO_Drivers.o
 .group         0x0000000000000000        0xc STM32F103C6_Drivers/MCAL/STM32F103C6_GPIO_Drivers.o
 .group         0x0000000000000000        0xc STM32F103C6_Drivers/MCAL/STM32F103C6_GPIO_Drivers.o
 .group         0x0000000000000000        0xc STM32F103C6_Drivers/MCAL/STM32F103C6_GPIO_Drivers.o
 .group         0x0000000000000000        0xc STM32F103C6_Drivers/MCAL/STM32F103C6_GPIO_Drivers.o
 .group         0x0000000000000000        0xc STM32F103C6_Drivers/MCAL/STM32F103C6_GPIO_Drivers.o
 .group         0x0000000000000000        0xc STM32F103C6_Drivers/MCAL/STM32F103C6_GPIO_Drivers.o
 .group         0x0000000000000000        0xc STM32F103C6_Drivers/MCAL/STM32F103C6_GPIO_Drivers.o
 .group         0x0000000000000000        0xc STM32F103C6_Drivers/MCAL/STM32F103C6_GPIO_Drivers.o
 .group         0x0000000000000000        0xc STM32F103C6_Drivers/MCAL/STM32F103C6_GPIO_Drivers.o
 .group         0x0000000000000000        0xc STM32F103C6_Drivers/MCAL/STM32F103C6_GPIO_Drivers.o
 .group         0x0000000000000000        0xc STM32F103C6_Drivers/MCAL/STM32F103C6_GPIO_Drivers.o
 .group         0x0000000000000000        0xc STM32F103C6_Drivers/MCAL/STM32F103C6_GPIO_Drivers.o
 .group         0x0000000000000000        0xc STM32F103C6_Drivers/MCAL/STM32F103C6_GPIO_Drivers.o
 .group         0x0000000000000000        0xc STM32F103C6_Drivers/MCAL/STM32F103C6_GPIO_Drivers.o
 .group         0x0000000000000000        0xc STM32F103C6_Drivers/MCAL/STM32F103C6_GPIO_Drivers.o
 .group         0x0000000000000000        0xc STM32F103C6_Drivers/MCAL/STM32F103C6_GPIO_Drivers.o
 .group         0x0000000000000000        0xc STM32F103C6_Drivers/MCAL/STM32F103C6_GPIO_Drivers.o
 .group         0x0000000000000000        0xc STM32F103C6_Drivers/MCAL/STM32F103C6_GPIO_Drivers.o
 .group         0x0000000000000000        0xc STM32F103C6_Drivers/MCAL/STM32F103C6_GPIO_Drivers.o
 .group         0x0000000000000000        0xc STM32F103C6_Drivers/MCAL/STM32F103C6_GPIO_Drivers.o
 .text          0x0000000000000000        0x0 STM32F103C6_Drivers/MCAL/STM32F103C6_GPIO_Drivers.o
 .data          0x0000000000000000        0x0 STM32F103C6_Drivers/MCAL/STM32F103C6_GPIO_Drivers.o
 .bss           0x0000000000000000        0x0 STM32F103C6_Drivers/MCAL/STM32F103C6_GPIO_Drivers.o
 .text.MCAL_GPIO_DeInit
                0x0000000000000000       0xd4 STM32F103C6_Drivers/MCAL/STM32F103C6_GPIO_Drivers.o
 .text.MCAL_GPIO_ReadPort
                0x0000000000000000       0x1a STM32F103C6_Drivers/MCAL/STM32F103C6_GPIO_Drivers.o
 .text.MCAL_GPIO_TogglePin
                0x0000000000000000       0x22 STM32F103C6_Drivers/MCAL/STM32F103C6_GPIO_Drivers.o
 .text.MCAL_GPIO_LockPin
                0x0000000000000000       0x4e STM32F103C6_Drivers/MCAL/STM32F103C6_GPIO_Drivers.o
 .debug_macro   0x0000000000000000      0xa60 STM32F103C6_Drivers/MCAL/STM32F103C6_GPIO_Drivers.o
 .debug_macro   0x0000000000000000       0x18 STM32F103C6_Drivers/MCAL/STM32F103C6_GPIO_Drivers.o
 .debug_macro   0x0000000000000000       0x22 STM32F103C6_Drivers/MCAL/STM32F103C6_GPIO_Drivers.o
 .debug_macro   0x0000000000000000       0x40 STM32F103C6_Drivers/MCAL/STM32F103C6_GPIO_Drivers.o
 .debug_macro   0x0000000000000000       0x94 STM32F103C6_Drivers/MCAL/STM32F103C6_GPIO_Drivers.o
 .debug_macro   0x0000000000000000       0x3c STM32F103C6_Drivers/MCAL/STM32F103C6_GPIO_Drivers.o
 .debug_macro   0x0000000000000000       0x34 STM32F103C6_Drivers/MCAL/STM32F103C6_GPIO_Drivers.o
 .debug_macro   0x0000000000000000       0x16 STM32F103C6_Drivers/MCAL/STM32F103C6_GPIO_Drivers.o
 .debug_macro   0x0000000000000000      0x10e STM32F103C6_Drivers/MCAL/STM32F103C6_GPIO_Drivers.o
 .debug_macro   0x0000000000000000       0x8d STM32F103C6_Drivers/MCAL/STM32F103C6_GPIO_Drivers.o
 .debug_macro   0x0000000000000000       0x57 STM32F103C6_Drivers/MCAL/STM32F103C6_GPIO_Drivers.o
 .debug_macro   0x0000000000000000       0x52 STM32F103C6_Drivers/MCAL/STM32F103C6_GPIO_Drivers.o
 .debug_macro   0x0000000000000000       0x1f STM32F103C6_Drivers/MCAL/STM32F103C6_GPIO_Drivers.o
 .debug_macro   0x0000000000000000       0x43 STM32F103C6_Drivers/MCAL/STM32F103C6_GPIO_Drivers.o
 .debug_macro   0x0000000000000000       0x20 STM32F103C6_Drivers/MCAL/STM32F103C6_GPIO_Drivers.o
 .debug_macro   0x0000000000000000      0x1a3 STM32F103C6_Drivers/MCAL/STM32F103C6_GPIO_Drivers.o
 .debug_macro   0x0000000000000000      0x330 STM32F103C6_Drivers/MCAL/STM32F103C6_GPIO_Drivers.o
 .debug_macro   0x0000000000000000       0x16 STM32F103C6_Drivers/MCAL/STM32F103C6_GPIO_Drivers.o
 .debug_macro   0x0000000000000000       0x29 STM32F103C6_Drivers/MCAL/STM32F103C6_GPIO_Drivers.o
 .debug_macro   0x0000000000000000       0xef STM32F103C6_Drivers/MCAL/STM32F103C6_GPIO_Drivers.o
 .debug_macro   0x0000000000000000       0x6a STM32F103C6_Drivers/MCAL/STM32F103C6_GPIO_Drivers.o
 .debug_macro   0x0000000000000000      0x1df STM32F103C6_Drivers/MCAL/STM32F103C6_GPIO_Drivers.o
 .debug_macro   0x0000000000000000       0x1c STM32F103C6_Drivers/MCAL/STM32F103C6_GPIO_Drivers.o
 .debug_macro   0x0000000000000000       0x35 STM32F103C6_Drivers/MCAL/STM32F103C6_GPIO_Drivers.o
 .debug_macro   0x0000000000000000       0x10 STM32F103C6_Drivers/MCAL/STM32F103C6_GPIO_Drivers.o
 .debug_macro   0x0000000000000000       0x10 STM32F103C6_Drivers/MCAL/STM32F103C6_GPIO_Drivers.o
 .debug_macro   0x0000000000000000       0x1c STM32F103C6_Drivers/MCAL/STM32F103C6_GPIO_Drivers.o
 .debug_macro   0x0000000000000000       0x52 STM32F103C6_Drivers/MCAL/STM32F103C6_GPIO_Drivers.o
 .debug_macro   0x0000000000000000       0x40 STM32F103C6_Drivers/MCAL/STM32F103C6_GPIO_Drivers.o
 .debug_macro   0x0000000000000000       0x10 STM32F103C6_Drivers/MCAL/STM32F103C6_GPIO_Drivers.o
 .debug_macro   0x0000000000000000       0x40 STM32F103C6_Drivers/MCAL/STM32F103C6_GPIO_Drivers.o
 .debug_macro   0x0000000000000000       0xd7 STM32F103C6_Drivers/MCAL/STM32F103C6_GPIO_Drivers.o
 .debug_macro   0x0000000000000000       0x1c STM32F103C6_Drivers/MCAL/STM32F103C6_GPIO_Drivers.o
 .debug_macro   0x0000000000000000       0x3d STM32F103C6_Drivers/MCAL/STM32F103C6_GPIO_Drivers.o
 .debug_macro   0x0000000000000000       0x16 STM32F103C6_Drivers/MCAL/STM32F103C6_GPIO_Drivers.o
 .debug_macro   0x0000000000000000      0x145 STM32F103C6_Drivers/MCAL/STM32F103C6_GPIO_Drivers.o
 .debug_macro   0x0000000000000000       0xde STM32F103C6_Drivers/MCAL/STM32F103C6_GPIO_Drivers.o
 .group         0x0000000000000000        0xc Src/main.o
 .group         0x0000000000000000        0xc Src/main.o
 .group         0x0000000000000000        0xc Src/main.o
 .group         0x0000000000000000        0xc Src/main.o
 .group         0x0000000000000000        0xc Src/main.o
 .group         0x0000000000000000        0xc Src/main.o
 .group         0x0000000000000000        0xc Src/main.o
 .group         0x0000000000000000        0xc Src/main.o
 .group         0x0000000000000000        0xc Src/main.o
 .group         0x0000000000000000        0xc Src/main.o
 .group         0x0000000000000000        0xc Src/main.o
 .group         0x0000000000000000        0xc Src/main.o
 .group         0x0000000000000000        0xc Src/main.o
 .group         0x0000000000000000        0xc Src/main.o
 .group         0x0000000000000000        0xc Src/main.o
 .group         0x0000000000000000        0xc Src/main.o
 .group         0x0000000000000000        0xc Src/main.o
 .group         0x0000000000000000        0xc Src/main.o
 .group         0x0000000000000000        0xc Src/main.o
 .group         0x0000000000000000        0xc Src/main.o
 .group         0x0000000000000000        0xc Src/main.o
 .group         0x0000000000000000        0xc Src/main.o
 .group         0x0000000000000000        0xc Src/main.o
 .group         0x0000000000000000        0xc Src/main.o
 .group         0x0000000000000000        0xc Src/main.o
 .group         0x0000000000000000        0xc Src/main.o
 .group         0x0000000000000000        0xc Src/main.o
 .group         0x0000000000000000        0xc Src/main.o
 .group         0x0000000000000000        0xc Src/main.o
 .group         0x0000000000000000        0xc Src/main.o
 .group         0x0000000000000000        0xc Src/main.o
 .group         0x0000000000000000        0xc Src/main.o
 .group         0x0000000000000000        0xc Src/main.o
 .group         0x0000000000000000        0xc Src/main.o
 .group         0x0000000000000000        0xc Src/main.o
 .group         0x0000000000000000        0xc Src/main.o
 .group         0x0000000000000000        0xc Src/main.o
 .group         0x0000000000000000        0xc Src/main.o
 .group         0x0000000000000000        0xc Src/main.o
 .group         0x0000000000000000        0xc Src/main.o
 .group         0x0000000000000000        0xc Src/main.o
 .group         0x0000000000000000        0xc Src/main.o
 .text          0x0000000000000000        0x0 Src/main.o
 .data          0x0000000000000000        0x0 Src/main.o
 .bss           0x0000000000000000        0x0 Src/main.o
 .debug_macro   0x0000000000000000      0xa60 Src/main.o
 .debug_macro   0x0000000000000000       0x18 Src/main.o
 .debug_macro   0x0000000000000000       0x22 Src/main.o
 .debug_macro   0x0000000000000000       0x40 Src/main.o
 .debug_macro   0x0000000000000000       0x94 Src/main.o
 .debug_macro   0x0000000000000000       0x3c Src/main.o
 .debug_macro   0x0000000000000000       0x34 Src/main.o
 .debug_macro   0x0000000000000000       0x16 Src/main.o
 .debug_macro   0x0000000000000000      0x10e Src/main.o
 .debug_macro   0x0000000000000000       0x8d Src/main.o
 .debug_macro   0x0000000000000000       0x57 Src/main.o
 .debug_macro   0x0000000000000000       0x52 Src/main.o
 .debug_macro   0x0000000000000000       0x1f Src/main.o
 .debug_macro   0x0000000000000000       0x43 Src/main.o
 .debug_macro   0x0000000000000000       0x20 Src/main.o
 .debug_macro   0x0000000000000000      0x1a3 Src/main.o
 .debug_macro   0x0000000000000000      0x330 Src/main.o
 .debug_macro   0x0000000000000000       0x16 Src/main.o
 .debug_macro   0x0000000000000000       0x29 Src/main.o
 .debug_macro   0x0000000000000000       0xef Src/main.o
 .debug_macro   0x0000000000000000       0x6a Src/main.o
 .debug_macro   0x0000000000000000      0x1df Src/main.o
 .debug_macro   0x0000000000000000       0x1c Src/main.o
 .debug_macro   0x0000000000000000       0x35 Src/main.o
 .debug_macro   0x0000000000000000       0x10 Src/main.o
 .debug_macro   0x0000000000000000       0x10 Src/main.o
 .debug_macro   0x0000000000000000       0x1c Src/main.o
 .debug_macro   0x0000000000000000       0x52 Src/main.o
 .debug_macro   0x0000000000000000       0x40 Src/main.o
 .debug_macro   0x0000000000000000       0x10 Src/main.o
 .debug_macro   0x0000000000000000       0x40 Src/main.o
 .debug_macro   0x0000000000000000       0xd7 Src/main.o
 .debug_macro   0x0000000000000000       0x1c Src/main.o
 .debug_macro   0x0000000000000000       0x3d Src/main.o
 .debug_macro   0x0000000000000000       0x16 Src/main.o
 .debug_macro   0x0000000000000000      0x145 Src/main.o
 .debug_macro   0x0000000000000000       0xde Src/main.o
 .debug_macro   0x0000000000000000       0xd0 Src/main.o
 .debug_macro   0x0000000000000000       0x10 Src/main.o
 .debug_macro   0x0000000000000000       0x9a Src/main.o
 .group         0x0000000000000000        0xc Src/syscalls.o
 .group         0x0000000000000000        0xc Src/syscalls.o
 .group         0x0000000000000000        0xc Src/syscalls.o
 .group         0x0000000000000000        0xc Src/syscalls.o
 .group         0x0000000000000000        0xc Src/syscalls.o
 .group         0x0000000000000000        0xc Src/syscalls.o
 .group         0x0000000000000000        0xc Src/syscalls.o
 .group         0x0000000000000000        0xc Src/syscalls.o
 .group         0x0000000000000000        0xc Src/syscalls.o
 .group         0x0000000000000000        0xc Src/syscalls.o
 .group         0x0000000000000000        0xc Src/syscalls.o
 .group         0x0000000000000000        0xc Src/syscalls.o
 .group         0x0000000000000000        0xc Src/syscalls.o
 .group         0x0000000000000000        0xc Src/syscalls.o
 .group         0x0000000000000000        0xc Src/syscalls.o
 .group         0x0000000000000000        0xc Src/syscalls.o
 .group         0x0000000000000000        0xc Src/syscalls.o
 .group         0x0000000000000000        0xc Src/syscalls.o
 .group         0x0000000000000000        0xc Src/syscalls.o
 .group         0x0000000000000000        0xc Src/syscalls.o
 .group         0x0000000000000000        0xc Src/syscalls.o
 .group         0x0000000000000000        0xc Src/syscalls.o
 .group         0x0000000000000000        0xc Src/syscalls.o
 .group         0x0000000000000000        0xc Src/syscalls.o
 .group         0x0000000000000000        0xc Src/syscalls.o
 .group         0x0000000000000000        0xc Src/syscalls.o
 .group         0x0000000000000000        0xc Src/syscalls.o
 .group         0x0000000000000000        0xc Src/syscalls.o
 .group         0x0000000000000000        0xc Src/syscalls.o
 .group         0x0000000000000000        0xc Src/syscalls.o
 .group         0x0000000000000000        0xc Src/syscalls.o
 .group         0x0000000000000000        0xc Src/syscalls.o
 .group         0x0000000000000000        0xc Src/syscalls.o
 .group         0x0000000000000000        0xc Src/syscalls.o
 .group         0x0000000000000000        0xc Src/syscalls.o
 .group         0x0000000000000000        0xc Src/syscalls.o
 .group         0x0000000000000000        0xc Src/syscalls.o
 .group         0x0000000000000000        0xc Src/syscalls.o
 .group         0x0000000000000000        0xc Src/syscalls.o
 .group         0x0000000000000000        0xc Src/syscalls.o
 .group         0x0000000000000000        0xc Src/syscalls.o
 .group         0x0000000000000000        0xc Src/syscalls.o
 .group         0x0000000000000000        0xc Src/syscalls.o
 .group         0x0000000000000000        0xc Src/syscalls.o
 .text          0x0000000000000000        0x0 Src/syscalls.o
 .data          0x0000000000000000        0x0 Src/syscalls.o
 .bss           0x0000000000000000        0x0 Src/syscalls.o
 .bss.__env     0x0000000000000000        0x4 Src/syscalls.o
 .data.environ  0x0000000000000000        0x4 Src/syscalls.o
 .text.initialise_monitor_handles
                0x0000000000000000        0xc Src/syscalls.o
 .text._getpid  0x0000000000000000        0xe Src/syscalls.o
 .text._kill    0x0000000000000000       0x20 Src/syscalls.o
 .text._exit    0x0000000000000000       0x14 Src/syscalls.o
 .text._read    0x0000000000000000       0x3a Src/syscalls.o
 .text._write   0x0000000000000000       0x38 Src/syscalls.o
 .text._close   0x0000000000000000       0x16 Src/syscalls.o
 .text._fstat   0x0000000000000000       0x1e Src/syscalls.o
 .text._isatty  0x0000000000000000       0x14 Src/syscalls.o
 .text._lseek   0x0000000000000000       0x18 Src/syscalls.o
 .text._open    0x0000000000000000       0x1a Src/syscalls.o
 .text._wait    0x0000000000000000       0x1e Src/syscalls.o
 .text._unlink  0x0000000000000000       0x1e Src/syscalls.o
 .text._times   0x0000000000000000       0x16 Src/syscalls.o
 .text._stat    0x0000000000000000       0x1e Src/syscalls.o
 .text._link    0x0000000000000000       0x20 Src/syscalls.o
 .text._fork    0x0000000000000000       0x16 Src/syscalls.o
 .text._execve  0x0000000000000000       0x22 Src/syscalls.o
 .debug_info    0x0000000000000000      0xebd Src/syscalls.o
 .debug_abbrev  0x0000000000000000      0x261 Src/syscalls.o
 .debug_aranges
                0x0000000000000000       0xa8 Src/syscalls.o
 .debug_ranges  0x0000000000000000       0x98 Src/syscalls.o
 .debug_macro   0x0000000000000000      0x243 Src/syscalls.o
 .debug_macro   0x0000000000000000      0xa60 Src/syscalls.o
 .debug_macro   0x0000000000000000       0x22 Src/syscalls.o
 .debug_macro   0x0000000000000000       0x40 Src/syscalls.o
 .debug_macro   0x0000000000000000       0x18 Src/syscalls.o
 .debug_macro   0x0000000000000000       0x94 Src/syscalls.o
 .debug_macro   0x0000000000000000       0x3c Src/syscalls.o
 .debug_macro   0x0000000000000000       0x34 Src/syscalls.o
 .debug_macro   0x0000000000000000       0x57 Src/syscalls.o
 .debug_macro   0x0000000000000000      0x174 Src/syscalls.o
 .debug_macro   0x0000000000000000      0x330 Src/syscalls.o
 .debug_macro   0x0000000000000000       0x52 Src/syscalls.o
 .debug_macro   0x0000000000000000       0x1f Src/syscalls.o
 .debug_macro   0x0000000000000000       0x43 Src/syscalls.o
 .debug_macro   0x0000000000000000       0x20 Src/syscalls.o
 .debug_macro   0x0000000000000000      0x1a3 Src/syscalls.o
 .debug_macro   0x0000000000000000       0x10 Src/syscalls.o
 .debug_macro   0x0000000000000000       0x35 Src/syscalls.o
 .debug_macro   0x0000000000000000       0x10 Src/syscalls.o
 .debug_macro   0x0000000000000000       0x10 Src/syscalls.o
 .debug_macro   0x0000000000000000       0x10 Src/syscalls.o
 .debug_macro   0x0000000000000000       0x6a Src/syscalls.o
 .debug_macro   0x0000000000000000       0x1c Src/syscalls.o
 .debug_macro   0x0000000000000000       0x52 Src/syscalls.o
 .debug_macro   0x0000000000000000       0x40 Src/syscalls.o
 .debug_macro   0x0000000000000000       0x10 Src/syscalls.o
 .debug_macro   0x0000000000000000       0x40 Src/syscalls.o
 .debug_macro   0x0000000000000000       0xd7 Src/syscalls.o
 .debug_macro   0x0000000000000000       0x1c Src/syscalls.o
 .debug_macro   0x0000000000000000       0x3d Src/syscalls.o
 .debug_macro   0x0000000000000000       0x35 Src/syscalls.o
 .debug_macro   0x0000000000000000      0x122 Src/syscalls.o
 .debug_macro   0x0000000000000000       0x16 Src/syscalls.o
 .debug_macro   0x0000000000000000       0x16 Src/syscalls.o
 .debug_macro   0x0000000000000000       0x29 Src/syscalls.o
 .debug_macro   0x0000000000000000       0x10 Src/syscalls.o
 .debug_macro   0x0000000000000000      0x241 Src/syscalls.o
 .debug_macro   0x0000000000000000       0x1c Src/syscalls.o
 .debug_macro   0x0000000000000000       0x10 Src/syscalls.o
 .debug_macro   0x0000000000000000       0x10 Src/syscalls.o
 .debug_macro   0x0000000000000000       0x16 Src/syscalls.o
 .debug_macro   0x0000000000000000      0x145 Src/syscalls.o
 .debug_macro   0x0000000000000000      0x189 Src/syscalls.o
 .debug_macro   0x0000000000000000       0x16 Src/syscalls.o
 .debug_macro   0x0000000000000000       0x88 Src/syscalls.o
 .debug_line    0x0000000000000000      0x739 Src/syscalls.o
 .debug_str     0x0000000000000000     0x889e Src/syscalls.o
 .comment       0x0000000000000000       0x7c Src/syscalls.o
 .debug_frame   0x0000000000000000      0x2ac Src/syscalls.o
 .ARM.attributes
                0x0000000000000000       0x33 Src/syscalls.o
 .group         0x0000000000000000        0xc Src/sysmem.o
 .group         0x0000000000000000        0xc Src/sysmem.o
 .group         0x0000000000000000        0xc Src/sysmem.o
 .group         0x0000000000000000        0xc Src/sysmem.o
 .group         0x0000000000000000        0xc Src/sysmem.o
 .group         0x0000000000000000        0xc Src/sysmem.o
 .group         0x0000000000000000        0xc Src/sysmem.o
 .group         0x0000000000000000        0xc Src/sysmem.o
 .group         0x0000000000000000        0xc Src/sysmem.o
 .group         0x0000000000000000        0xc Src/sysmem.o
 .group         0x0000000000000000        0xc Src/sysmem.o
 .group         0x0000000000000000        0xc Src/sysmem.o
 .group         0x0000000000000000        0xc Src/sysmem.o
 .group         0x0000000000000000        0xc Src/sysmem.o
 .group         0x0000000000000000        0xc Src/sysmem.o
 .group         0x0000000000000000        0xc Src/sysmem.o
 .group         0x0000000000000000        0xc Src/sysmem.o
 .group         0x0000000000000000        0xc Src/sysmem.o
 .group         0x0000000000000000        0xc Src/sysmem.o
 .text          0x0000000000000000        0x0 Src/sysmem.o
 .data          0x0000000000000000        0x0 Src/sysmem.o
 .bss           0x0000000000000000        0x0 Src/sysmem.o
 .bss.__sbrk_heap_end
                0x0000000000000000        0x4 Src/sysmem.o
 .text._sbrk    0x0000000000000000       0x6c Src/sysmem.o
 .debug_info    0x0000000000000000      0x985 Src/sysmem.o
 .debug_abbrev  0x0000000000000000      0x19b Src/sysmem.o
 .debug_aranges
                0x0000000000000000       0x20 Src/sysmem.o
 .debug_ranges  0x0000000000000000       0x10 Src/sysmem.o
 .debug_macro   0x0000000000000000       0xee Src/sysmem.o
 .debug_macro   0x0000000000000000      0xa60 Src/sysmem.o
 .debug_macro   0x0000000000000000       0x10 Src/sysmem.o
 .debug_macro   0x0000000000000000       0x22 Src/sysmem.o
 .debug_macro   0x0000000000000000       0x40 Src/sysmem.o
 .debug_macro   0x0000000000000000       0x18 Src/sysmem.o
 .debug_macro   0x0000000000000000       0x94 Src/sysmem.o
 .debug_macro   0x0000000000000000       0x3c Src/sysmem.o
 .debug_macro   0x0000000000000000       0x34 Src/sysmem.o
 .debug_macro   0x0000000000000000      0x174 Src/sysmem.o
 .debug_macro   0x0000000000000000       0x57 Src/sysmem.o
 .debug_macro   0x0000000000000000       0x52 Src/sysmem.o
 .debug_macro   0x0000000000000000       0x1f Src/sysmem.o
 .debug_macro   0x0000000000000000       0x43 Src/sysmem.o
 .debug_macro   0x0000000000000000       0x20 Src/sysmem.o
 .debug_macro   0x0000000000000000      0x1a3 Src/sysmem.o
 .debug_macro   0x0000000000000000      0x23b Src/sysmem.o
 .debug_macro   0x0000000000000000       0xef Src/sysmem.o
 .debug_macro   0x0000000000000000       0x6a Src/sysmem.o
 .debug_macro   0x0000000000000000      0x1df Src/sysmem.o
 .debug_line    0x0000000000000000      0x4c2 Src/sysmem.o
 .debug_str     0x0000000000000000     0x5f6c Src/sysmem.o
 .comment       0x0000000000000000       0x7c Src/sysmem.o
 .debug_frame   0x0000000000000000       0x34 Src/sysmem.o
 .ARM.attributes
                0x0000000000000000       0x33 Src/sysmem.o
 .text          0x0000000000000000       0x14 Startup/startup_stm32f103c6tx.o
 .data          0x0000000000000000        0x0 Startup/startup_stm32f103c6tx.o
 .bss           0x0000000000000000        0x0 Startup/startup_stm32f103c6tx.o
 .text          0x0000000000000000        0x0 d:/st/stm32cubeide_1.4.0/stm32cubeide/plugins/com.st.stm32cube.ide.mcu.externaltools.gnu-tools-for-stm32.7-2018-q2-update.win32_1.4.0.202007081208/tools/bin/../lib/gcc/arm-none-eabi/7.3.1/../../../../arm-none-eabi/lib/thumb/v7-m\libc_nano.a(lib_a-errno.o)
 .data          0x0000000000000000        0x0 d:/st/stm32cubeide_1.4.0/stm32cubeide/plugins/com.st.stm32cube.ide.mcu.externaltools.gnu-tools-for-stm32.7-2018-q2-update.win32_1.4.0.202007081208/tools/bin/../lib/gcc/arm-none-eabi/7.3.1/../../../../arm-none-eabi/lib/thumb/v7-m\libc_nano.a(lib_a-errno.o)
 .bss           0x0000000000000000        0x0 d:/st/stm32cubeide_1.4.0/stm32cubeide/plugins/com.st.stm32cube.ide.mcu.externaltools.gnu-tools-for-stm32.7-2018-q2-update.win32_1.4.0.202007081208/tools/bin/../lib/gcc/arm-none-eabi/7.3.1/../../../../arm-none-eabi/lib/thumb/v7-m\libc_nano.a(lib_a-errno.o)
 .text.__errno  0x0000000000000000        0xc d:/st/stm32cubeide_1.4.0/stm32cubeide/plugins/com.st.stm32cube.ide.mcu.externaltools.gnu-tools-for-stm32.7-2018-q2-update.win32_1.4.0.202007081208/tools/bin/../lib/gcc/arm-none-eabi/7.3.1/../../../../arm-none-eabi/lib/thumb/v7-m\libc_nano.a(lib_a-errno.o)
 .debug_frame   0x0000000000000000       0x20 d:/st/stm32cubeide_1.4.0/stm32cubeide/plugins/com.st.stm32cube.ide.mcu.externaltools.gnu-tools-for-stm32.7-2018-q2-update.win32_1.4.0.202007081208/tools/bin/../lib/gcc/arm-none-eabi/7.3.1/../../../../arm-none-eabi/lib/thumb/v7-m\libc_nano.a(lib_a-errno.o)
 .ARM.attributes
                0x0000000000000000       0x2d d:/st/stm32cubeide_1.4.0/stm32cubeide/plugins/com.st.stm32cube.ide.mcu.externaltools.gnu-tools-for-stm32.7-2018-q2-update.win32_1.4.0.202007081208/tools/bin/../lib/gcc/arm-none-eabi/7.3.1/../../../../arm-none-eabi/lib/thumb/v7-m\libc_nano.a(lib_a-errno.o)
 .text          0x0000000000000000        0x0 d:/st/stm32cubeide_1.4.0/stm32cubeide/plugins/com.st.stm32cube.ide.mcu.externaltools.gnu-tools-for-stm32.7-2018-q2-update.win32_1.4.0.202007081208/tools/bin/../lib/gcc/arm-none-eabi/7.3.1/../../../../arm-none-eabi/lib/thumb/v7-m\libc_nano.a(lib_a-exit.o)
 .data          0x0000000000000000        0x0 d:/st/stm32cubeide_1.4.0/stm32cubeide/plugins/com.st.stm32cube.ide.mcu.externaltools.gnu-tools-for-stm32.7-2018-q2-update.win32_1.4.0.202007081208/tools/bin/../lib/gcc/arm-none-eabi/7.3.1/../../../../arm-none-eabi/lib/thumb/v7-m\libc_nano.a(lib_a-exit.o)
 .bss           0x0000000000000000        0x0 d:/st/stm32cubeide_1.4.0/stm32cubeide/plugins/com.st.stm32cube.ide.mcu.externaltools.gnu-tools-for-stm32.7-2018-q2-update.win32_1.4.0.202007081208/tools/bin/../lib/gcc/arm-none-eabi/7.3.1/../../../../arm-none-eabi/lib/thumb/v7-m\libc_nano.a(lib_a-exit.o)
 .text.exit     0x0000000000000000       0x28 d:/st/stm32cubeide_1.4.0/stm32cubeide/plugins/com.st.stm32cube.ide.mcu.externaltools.gnu-tools-for-stm32.7-2018-q2-update.win32_1.4.0.202007081208/tools/bin/../lib/gcc/arm-none-eabi/7.3.1/../../../../arm-none-eabi/lib/thumb/v7-m\libc_nano.a(lib_a-exit.o)
 .debug_frame   0x0000000000000000       0x28 d:/st/stm32cubeide_1.4.0/stm32cubeide/plugins/com.st.stm32cube.ide.mcu.externaltools.gnu-tools-for-stm32.7-2018-q2-update.win32_1.4.0.202007081208/tools/bin/../lib/gcc/arm-none-eabi/7.3.1/../../../../arm-none-eabi/lib/thumb/v7-m\libc_nano.a(lib_a-exit.o)
 .ARM.attributes
                0x0000000000000000       0x2d d:/st/stm32cubeide_1.4.0/stm32cubeide/plugins/com.st.stm32cube.ide.mcu.externaltools.gnu-tools-for-stm32.7-2018-q2-update.win32_1.4.0.202007081208/tools/bin/../lib/gcc/arm-none-eabi/7.3.1/../../../../arm-none-eabi/lib/thumb/v7-m\libc_nano.a(lib_a-exit.o)
 .text          0x0000000000000000        0x0 d:/st/stm32cubeide_1.4.0/stm32cubeide/plugins/com.st.stm32cube.ide.mcu.externaltools.gnu-tools-for-stm32.7-2018-q2-update.win32_1.4.0.202007081208/tools/bin/../lib/gcc/arm-none-eabi/7.3.1/../../../../arm-none-eabi/lib/thumb/v7-m\libc_nano.a(lib_a-impure.o)
 .data          0x0000000000000000        0x0 d:/st/stm32cubeide_1.4.0/stm32cubeide/plugins/com.st.stm32cube.ide.mcu.externaltools.gnu-tools-for-stm32.7-2018-q2-update.win32_1.4.0.202007081208/tools/bin/../lib/gcc/arm-none-eabi/7.3.1/../../../../arm-none-eabi/lib/thumb/v7-m\libc_nano.a(lib_a-impure.o)
 .bss           0x0000000000000000        0x0 d:/st/stm32cubeide_1.4.0/stm32cubeide/plugins/com.st.stm32cube.ide.mcu.externaltools.gnu-tools-for-stm32.7-2018-q2-update.win32_1.4.0.202007081208/tools/bin/../lib/gcc/arm-none-eabi/7.3.1/../../../../arm-none-eabi/lib/thumb/v7-m\libc_nano.a(lib_a-impure.o)
 .data._impure_ptr
                0x0000000000000000        0x4 d:/st/stm32cubeide_1.4.0/stm32cubeide/plugins/com.st.stm32cube.ide.mcu.externaltools.gnu-tools-for-stm32.7-2018-q2-update.win32_1.4.0.202007081208/tools/bin/../lib/gcc/arm-none-eabi/7.3.1/../../../../arm-none-eabi/lib/thumb/v7-m\libc_nano.a(lib_a-impure.o)
 .data.impure_data
                0x0000000000000000       0x60 d:/st/stm32cubeide_1.4.0/stm32cubeide/plugins/com.st.stm32cube.ide.mcu.externaltools.gnu-tools-for-stm32.7-2018-q2-update.win32_1.4.0.202007081208/tools/bin/../lib/gcc/arm-none-eabi/7.3.1/../../../../arm-none-eabi/lib/thumb/v7-m\libc_nano.a(lib_a-impure.o)
 .rodata._global_impure_ptr
                0x0000000000000000        0x4 d:/st/stm32cubeide_1.4.0/stm32cubeide/plugins/com.st.stm32cube.ide.mcu.externaltools.gnu-tools-for-stm32.7-2018-q2-update.win32_1.4.0.202007081208/tools/bin/../lib/gcc/arm-none-eabi/7.3.1/../../../../arm-none-eabi/lib/thumb/v7-m\libc_nano.a(lib_a-impure.o)
 .ARM.attributes
                0x0000000000000000       0x2d d:/st/stm32cubeide_1.4.0/stm32cubeide/plugins/com.st.stm32cube.ide.mcu.externaltools.gnu-tools-for-stm32.7-2018-q2-update.win32_1.4.0.202007081208/tools/bin/../lib/gcc/arm-none-eabi/7.3.1/../../../../arm-none-eabi/lib/thumb/v7-m\libc_nano.a(lib_a-impure.o)
 .text          0x0000000000000000        0x0 d:/st/stm32cubeide_1.4.0/stm32cubeide/plugins/com.st.stm32cube.ide.mcu.externaltools.gnu-tools-for-stm32.7-2018-q2-update.win32_1.4.0.202007081208/tools/bin/../lib/gcc/arm-none-eabi/7.3.1/../../../../arm-none-eabi/lib/thumb/v7-m\libc_nano.a(lib_a-init.o)
 .data          0x0000000000000000        0x0 d:/st/stm32cubeide_1.4.0/stm32cubeide/plugins/com.st.stm32cube.ide.mcu.externaltools.gnu-tools-for-stm32.7-2018-q2-update.win32_1.4.0.202007081208/tools/bin/../lib/gcc/arm-none-eabi/7.3.1/../../../../arm-none-eabi/lib/thumb/v7-m\libc_nano.a(lib_a-init.o)
 .bss           0x0000000000000000        0x0 d:/st/stm32cubeide_1.4.0/stm32cubeide/plugins/com.st.stm32cube.ide.mcu.externaltools.gnu-tools-for-stm32.7-2018-q2-update.win32_1.4.0.202007081208/tools/bin/../lib/gcc/arm-none-eabi/7.3.1/../../../../arm-none-eabi/lib/thumb/v7-m\libc_nano.a(lib_a-init.o)
 .text          0x0000000000000000        0x0 d:/st/stm32cubeide_1.4.0/stm32cubeide/plugins/com.st.stm32cube.ide.mcu.externaltools.gnu-tools-for-stm32.7-2018-q2-update.win32_1.4.0.202007081208/tools/bin/../lib/gcc/arm-none-eabi/7.3.1/../../../../arm-none-eabi/lib/thumb/v7-m\libc_nano.a(lib_a-memset.o)
 .data          0x0000000000000000        0x0 d:/st/stm32cubeide_1.4.0/stm32cubeide/plugins/com.st.stm32cube.ide.mcu.externaltools.gnu-tools-for-stm32.7-2018-q2-update.win32_1.4.0.202007081208/tools/bin/../lib/gcc/arm-none-eabi/7.3.1/../../../../arm-none-eabi/lib/thumb/v7-m\libc_nano.a(lib_a-memset.o)
 .bss           0x0000000000000000        0x0 d:/st/stm32cubeide_1.4.0/stm32cubeide/plugins/com.st.stm32cube.ide.mcu.externaltools.gnu-tools-for-stm32.7-2018-q2-update.win32_1.4.0.202007081208/tools/bin/../lib/gcc/arm-none-eabi/7.3.1/../../../../arm-none-eabi/lib/thumb/v7-m\libc_nano.a(lib_a-memset.o)
 .text.memset   0x0000000000000000       0x10 d:/st/stm32cubeide_1.4.0/stm32cubeide/plugins/com.st.stm32cube.ide.mcu.externaltools.gnu-tools-for-stm32.7-2018-q2-update.win32_1.4.0.202007081208/tools/bin/../lib/gcc/arm-none-eabi/7.3.1/../../../../arm-none-eabi/lib/thumb/v7-m\libc_nano.a(lib_a-memset.o)
 .debug_frame   0x0000000000000000       0x20 d:/st/stm32cubeide_1.4.0/stm32cubeide/plugins/com.st.stm32cube.ide.mcu.externaltools.gnu-tools-for-stm32.7-2018-q2-update.win32_1.4.0.202007081208/tools/bin/../lib/gcc/arm-none-eabi/7.3.1/../../../../arm-none-eabi/lib/thumb/v7-m\libc_nano.a(lib_a-memset.o)
 .ARM.attributes
                0x0000000000000000       0x2d d:/st/stm32cubeide_1.4.0/stm32cubeide/plugins/com.st.stm32cube.ide.mcu.externaltools.gnu-tools-for-stm32.7-2018-q2-update.win32_1.4.0.202007081208/tools/bin/../lib/gcc/arm-none-eabi/7.3.1/../../../../arm-none-eabi/lib/thumb/v7-m\libc_nano.a(lib_a-memset.o)
 .text          0x0000000000000000        0x0 d:/st/stm32cubeide_1.4.0/stm32cubeide/plugins/com.st.stm32cube.ide.mcu.externaltools.gnu-tools-for-stm32.7-2018-q2-update.win32_1.4.0.202007081208/tools/bin/../lib/gcc/arm-none-eabi/7.3.1/thumb/v7-m/crtend.o
 .data          0x0000000000000000        0x0 d:/st/stm32cubeide_1.4.0/stm32cubeide/plugins/com.st.stm32cube.ide.mcu.externaltools.gnu-tools-for-stm32.7-2018-q2-update.win32_1.4.0.202007081208/tools/bin/../lib/gcc/arm-none-eabi/7.3.1/thumb/v7-m/crtend.o
 .bss           0x0000000000000000        0x0 d:/st/stm32cubeide_1.4.0/stm32cubeide/plugins/com.st.stm32cube.ide.mcu.externaltools.gnu-tools-for-stm32.7-2018-q2-update.win32_1.4.0.202007081208/tools/bin/../lib/gcc/arm-none-eabi/7.3.1/thumb/v7-m/crtend.o
 .eh_frame      0x0000000000000000        0x4 d:/st/stm32cubeide_1.4.0/stm32cubeide/plugins/com.st.stm32cube.ide.mcu.externaltools.gnu-tools-for-stm32.7-2018-q2-update.win32_1.4.0.202007081208/tools/bin/../lib/gcc/arm-none-eabi/7.3.1/thumb/v7-m/crtend.o
 .ARM.attributes
                0x0000000000000000       0x2d d:/st/stm32cubeide_1.4.0/stm32cubeide/plugins/com.st.stm32cube.ide.mcu.externaltools.gnu-tools-for-stm32.7-2018-q2-update.win32_1.4.0.202007081208/tools/bin/../lib/gcc/arm-none-eabi/7.3.1/thumb/v7-m/crtend.o
 .text          0x0000000000000000        0x0 d:/st/stm32cubeide_1.4.0/stm32cubeide/plugins/com.st.stm32cube.ide.mcu.externaltools.gnu-tools-for-stm32.7-2018-q2-update.win32_1.4.0.202007081208/tools/bin/../lib/gcc/arm-none-eabi/7.3.1/thumb/v7-m/crtn.o
 .data          0x0000000000000000        0x0 d:/st/stm32cubeide_1.4.0/stm32cubeide/plugins/com.st.stm32cube.ide.mcu.externaltools.gnu-tools-for-stm32.7-2018-q2-update.win32_1.4.0.202007081208/tools/bin/../lib/gcc/arm-none-eabi/7.3.1/thumb/v7-m/crtn.o
 .bss           0x0000000000000000        0x0 d:/st/stm32cubeide_1.4.0/stm32cubeide/plugins/com.st.stm32cube.ide.mcu.externaltools.gnu-tools-for-stm32.7-2018-q2-update.win32_1.4.0.202007081208/tools/bin/../lib/gcc/arm-none-eabi/7.3.1/thumb/v7-m/crtn.o

Memory Configuration

Name             Origin             Length             Attributes
RAM              0x0000000020000000 0x0000000000002800 xrw
ROM              0x0000000008000000 0x0000000000008000 xr
*default*        0x0000000000000000 0xffffffffffffffff

Linker script and memory map

LOAD d:/st/stm32cubeide_1.4.0/stm32cubeide/plugins/com.st.stm32cube.ide.mcu.externaltools.gnu-tools-for-stm32.7-2018-q2-update.win32_1.4.0.202007081208/tools/bin/../lib/gcc/arm-none-eabi/7.3.1/thumb/v7-m/crti.o
LOAD d:/st/stm32cubeide_1.4.0/stm32cubeide/plugins/com.st.stm32cube.ide.mcu.externaltools.gnu-tools-for-stm32.7-2018-q2-update.win32_1.4.0.202007081208/tools/bin/../lib/gcc/arm-none-eabi/7.3.1/thumb/v7-m/crtbegin.o
LOAD d:/st/stm32cubeide_1.4.0/stm32cubeide/plugins/com.st.stm32cube.ide.mcu.externaltools.gnu-tools-for-stm32.7-2018-q2-update.win32_1.4.0.202007081208/tools/bin/../lib/gcc/arm-none-eabi/7.3.1/../../../../arm-none-eabi/lib/thumb/v7-m/crt0.o
LOAD STM32F103C6_Drivers/HAL/KEYPAD.o
LOAD STM32F103C6_Drivers/HAL/LCD.o
LOAD STM32F103C6_Drivers/HAL/S7_Segment.o
LOAD STM32F103C6_Drivers/MCAL/STM32F103C6_GPIO_Drivers.o
LOAD Src/main.o
LOAD Src/syscalls.o
LOAD Src/sysmem.o
LOAD Startup/startup_stm32f103c6tx.o
START GROUP
LOAD d:/st/stm32cubeide_1.4.0/stm32cubeide/plugins/com.st.stm32cube.ide.mcu.externaltools.gnu-tools-for-stm32.7-2018-q2-update.win32_1.4.0.202007081208/tools/bin/../lib/gcc/arm-none-eabi/7.3.1/../../../../arm-none-eabi/lib/thumb/v7-m\libc_nano.a
LOAD d:/st/stm32cubeide_1.4.0/stm32cubeide/plugins/com.st.stm32cube.ide.mcu.externaltools.gnu-tools-for-stm32.7-2018-q2-update.win32_1.4.0.202007081208/tools/bin/../lib/gcc/arm-none-eabi/7.3.1/../../../../arm-none-eabi/lib/thumb/v7-m\libm.a
END GROUP
START GROUP
LOAD d:/st/stm32cubeide_1.4.0/stm32cubeide/plugins/com.st.stm32cube.ide.mcu.externaltools.gnu-tools-for-stm32.7-2018-q2-update.win32_1.4.0.202007081208/tools/bin/../lib/gcc/arm-none-eabi/7.3.1/thumb/v7-m\libgcc.a
LOAD d:/st/stm32cubeide_1.4.0/stm32cubeide/plugins/com.st.stm32cube.ide.mcu.externaltools.gnu-tools-for-stm32.7-2018-q2-update.win32_1.4.0.202007081208/tools/bin/../lib/gcc/arm-none-eabi/7.3.1/../../../../arm-none-eabi/lib/thumb/v7-m\libc_nano.a
END GROUP
START GROUP
LOAD d:/st/stm32cubeide_1.4.0/stm32cubeide/plugins/com.st.stm32cube.ide.mcu.externaltools.gnu-tools-for-stm32.7-2018-q2-update.win32_1.4.0.202007081208/tools/bin/../lib/gcc/arm-none-eabi/7.3.1/thumb/v7-m\libgcc.a
LOAD d:/st/stm32cubeide_1.4.0/stm32cubeide/plugins/com.st.stm32cube.ide.mcu.externaltools.gnu-tools-for-stm32.7-2018-q2-update.win32_1.4.0.202007081208/tools/bin/../lib/gcc/arm-none-eabi/7.3.1/../../../../arm-none-eabi/lib/thumb/v7-m\libc_nano.a
LOAD d:/st/stm32cubeide_1.4.0/stm32cubeide/plugins/com.st.stm32cube.ide.mcu.externaltools.gnu-tools-for-stm32.7-2018-q2-update.win32_1.4.0.202007081208/tools/bin/../lib/gcc/arm-none-eabi/7.3.1/../../../../arm-none-eabi/lib/thumb/v7-m\libnosys.a
END GROUP
START GROUP
LOAD d:/st/stm32cubeide_1.4.0/stm32cubeide/plugins/com.st.stm32cube.ide.mcu.externaltools.gnu-tools-for-stm32.7-2018-q2-update.win32_1.4.0.202007081208/tools/bin/../lib/gcc/arm-none-eabi/7.3.1/thumb/v7-m\libgcc.a
LOAD d:/st/stm32cubeide_1.4.0/stm32cubeide/plugins/com.st.stm32cube.ide.mcu.externaltools.gnu-tools-for-stm32.7-2018-q2-update.win32_1.4.0.202007081208/tools/bin/../lib/gcc/arm-none-eabi/7.3.1/../../../../arm-none-eabi/lib/thumb/v7-m\libc_nano.a
LOAD d:/st/stm32cubeide_1.4.0/stm32cubeide/plugins/com.st.stm32cube.ide.mcu.externaltools.gnu-tools-for-stm32.7-2018-q2-update.win32_1.4.0.202007081208/tools/bin/../lib/gcc/arm-none-eabi/7.3.1/../../../../arm-none-eabi/lib/thumb/v7-m\libnosys.a
END GROUP
LOAD d:/st/stm32cubeide_1.4.0/stm32cubeide/plugins/com.st.stm32cube.ide.mcu.externaltools.gnu-tools-for-stm32.7-2018-q2-update.win32_1.4.0.202007081208/tools/bin/../lib/gcc/arm-none-eabi/7.3.1/thumb/v7-m/crtend.o
LOAD d:/st/stm32cubeide_1.4.0/stm32cubeide/plugins/com.st.stm32cube.ide.mcu.externaltools.gnu-tools-for-stm32.7-2018-q2-update.win32_1.4.0.202007081208/tools/bin/../lib/gcc/arm-none-eabi/7.3.1/thumb/v7-m/crtn.o
                0x0000000020002800                _estack = (ORIGIN (RAM) + LENGTH (RAM))
                0x0000000000000200                _Min_Heap_Size = 0x200
                0x0000000000000400                _Min_Stack_Size = 0x400

.isr_vector     0x0000000008000000      0x130
                0x0000000008000000                . = ALIGN (0x4)
 *(.isr_vector)
 .isr_vector    0x0000000008000000      0x130 Startup/startup_stm32f103c6tx.o
                0x0000000008000000                g_pfnVectors
                0x0000000008000130                . = ALIGN (0x4)

.text           0x0000000008000130      0xab0
                0x0000000008000130                . = ALIGN (0x4)
 *(.text)
 .text          0x0000000008000130       0x40 d:/st/stm32cubeide_1.4.0/stm32cubeide/plugins/com.st.stm32cube.ide.mcu.externaltools.gnu-tools-for-stm32.7-2018-q2-update.win32_1.4.0.202007081208/tools/bin/../lib/gcc/arm-none-eabi/7.3.1/thumb/v7-m/crtbegin.o
 *(.text*)
 .text.keypad_Init
                0x0000000008000170       0xcc STM32F103C6_Drivers/HAL/KEYPAD.o
                0x0000000008000170                keypad_Init
 .text.keypad_GetKey
                0x000000000800023c      0x194 STM32F103C6_Drivers/HAL/KEYPAD.o
                0x000000000800023c                keypad_GetKey
 .text.delay_ms
                0x00000000080003d0       0x38 STM32F103C6_Drivers/HAL/LCD.o
 .text.LCD_GPIO_Init
                0x0000000008000408      0x158 STM32F103C6_Drivers/HAL/LCD.o
                0x0000000008000408                LCD_GPIO_Init
 .text.LCD_Init
                0x0000000008000560       0x34 STM32F103C6_Drivers/HAL/LCD.o
                0x0000000008000560                LCD_Init
 .text.LCD_Write_Command
                0x0000000008000594       0x44 STM32F103C6_Drivers/HAL/LCD.o
                0x0000000008000594                LCD_Write_Command
 .text.LCD_Write_Char
                0x00000000080005d8       0x44 STM32F103C6_Drivers/HAL/LCD.o
                0x00000000080005d8                LCD_Write_Char
 .text.LCD_Write_Str
                0x000000000800061c       0x58 STM32F103C6_Drivers/HAL/LCD.o
                0x000000000800061c                LCD_Write_Str
 .text.LCD_Lcd_kick
                0x0000000008000674       0x2c STM32F103C6_Drivers/HAL/LCD.o
                0x0000000008000674                LCD_Lcd_kick
 .text.LCD_Clear_Screen
                0x00000000080006a0        0xe STM32F103C6_Drivers/HAL/LCD.o
                0x00000000080006a0                LCD_Clear_Screen
 .text.LCD_GOTO_XY
                0x00000000080006ae       0x48 STM32F103C6_Drivers/HAL/LCD.o
                0x00000000080006ae                LCD_GOTO_XY
 *fill*         0x00000000080006f6        0x2 
 .text.S7_Segment_Init
                0x00000000080006f8       0xbc STM32F103C6_Drivers/HAL/S7_Segment.o
                0x00000000080006f8                S7_Segment_Init
 .text.Get_CRLH_Position
                0x00000000080007b4       0xc6 STM32F103C6_Drivers/MCAL/STM32F103C6_GPIO_Drivers.o
                0x00000000080007b4                Get_CRLH_Position
 .text.MCAL_GPIO_Init
                0x000000000800087a       0xfe STM32F103C6_Drivers/MCAL/STM32F103C6_GPIO_Drivers.o
                0x000000000800087a                MCAL_GPIO_Init
 .text.MCAL_GPIO_ReadPin
                0x0000000008000978       0x2e STM32F103C6_Drivers/MCAL/STM32F103C6_GPIO_Drivers.o
                0x0000000008000978                MCAL_GPIO_ReadPin
 .text.MCAL_GPIO_WritePin
                0x00000000080009a6       0x2e STM32F103C6_Drivers/MCAL/STM32F103C6_GPIO_Drivers.o
                0x00000000080009a6                MCAL_GPIO_WritePin
 .text.MCAL_GPIO_WritePort
                0x00000000080009d4       0x1c STM32F103C6_Drivers/MCAL/STM32F103C6_GPIO_Drivers.o
                0x00000000080009d4                MCAL_GPIO_WritePort
 .text.clock_init
                0x00000000080009f0       0x28 Src/main.o
                0x00000000080009f0                clock_init
 .text.wait_ms  0x0000000008000a18       0x38 Src/main.o
                0x0000000008000a18                wait_ms
 .text.main     0x0000000008000a50       0xdc Src/main.o
                0x0000000008000a50                main
 .text.Reset_Handler
                0x0000000008000b2c       0x50 Startup/startup_stm32f103c6tx.o
                0x0000000008000b2c                Reset_Handler
 .text.Default_Handler
                0x0000000008000b7c        0x2 Startup/startup_stm32f103c6tx.o
                0x0000000008000b7c                EXTI2_IRQHandler
                0x0000000008000b7c                TIM8_TRG_COM_IRQHandler
                0x0000000008000b7c                TIM8_CC_IRQHandler
                0x0000000008000b7c                DebugMon_Handler
                0x0000000008000b7c                TIM1_CC_IRQHandler
                0x0000000008000b7c                HardFault_Handler
                0x0000000008000b7c                TIM6_IRQHandler
                0x0000000008000b7c                SysTick_Handler
                0x0000000008000b7c                PVD_IRQHandler
                0x0000000008000b7c                SDIO_IRQHandler
                0x0000000008000b7c                PendSV_Handler
                0x0000000008000b7c                NMI_Handler
                0x0000000008000b7c                EXTI3_IRQHandler
                0x0000000008000b7c                USB_HP_CAN_TX_IRQHandler
                0x0000000008000b7c                EXTI0_IRQHandler
                0x0000000008000b7c                I2C2_EV_IRQHandler
                0x0000000008000b7c                UsageFault_Handler
                0x0000000008000b7c                ADC1_2_IRQHandler
                0x0000000008000b7c                SPI1_IRQHandler
                0x0000000008000b7c                CAN_SCE_IRQHandler
                0x0000000008000b7c                TAMPER_IRQHandler
                0x0000000008000b7c                TIM8_UP_IRQHandler
                0x0000000008000b7c                DMA2_Channel2_IRQHandler
                0x0000000008000b7c                DMA1_Channel4_IRQHandler
                0x0000000008000b7c                USART3_IRQHandler
                0x0000000008000b7c                RTC_IRQHandler
                0x0000000008000b7c                DMA1_Channel7_IRQHandler
                0x0000000008000b7c                UART5_IRQHandler
                0x0000000008000b7c                ADC3_IRQHandler
                0x0000000008000b7c                TIM4_IRQHandler
                0x0000000008000b7c                CAN_RX1_IRQHandler
                0x0000000008000b7c                DMA2_Channel1_IRQHandler
                0x0000000008000b7c                I2C1_EV_IRQHandler
                0x0000000008000b7c                DMA1_Channel6_IRQHandler
                0x0000000008000b7c                UART4_IRQHandler
                0x0000000008000b7c                TIM3_IRQHandler
                0x0000000008000b7c                RCC_IRQHandler
                0x0000000008000b7c                TIM1_TRG_COM_IRQHandler
                0x0000000008000b7c                DMA1_Channel1_IRQHandler
                0x0000000008000b7c                Default_Handler
                0x0000000008000b7c                EXTI15_10_IRQHandler
                0x0000000008000b7c                TIM7_IRQHandler
                0x0000000008000b7c                TIM5_IRQHandler
                0x0000000008000b7c                EXTI9_5_IRQHandler
                0x0000000008000b7c                SPI2_IRQHandler
                0x0000000008000b7c                USB_LP_CAN_RX0_IRQHandler
                0x0000000008000b7c                MemManage_Handler
                0x0000000008000b7c                SVC_Handler
                0x0000000008000b7c                DMA1_Channel5_IRQHandler
                0x0000000008000b7c                EXTI4_IRQHandler
                0x0000000008000b7c                DMA1_Channel3_IRQHandler
                0x0000000008000b7c                FSMC_IRQHandler
                0x0000000008000b7c                TIM1_UP_IRQHandler
                0x0000000008000b7c                WWDG_IRQHandler
                0x0000000008000b7c                TIM2_IRQHandler
                0x0000000008000b7c                TIM1_BRK_IRQHandler
                0x0000000008000b7c                EXTI1_IRQHandler
                0x0000000008000b7c                RTCAlarm_IRQHandler
                0x0000000008000b7c                DMA2_Channel4_5_IRQHandler
                0x0000000008000b7c                USART2_IRQHandler
                0x0000000008000b7c                I2C2_ER_IRQHandler
                0x0000000008000b7c                DMA1_Channel2_IRQHandler
                0x0000000008000b7c                TIM8_BRK_IRQHandler
                0x0000000008000b7c                FLASH_IRQHandler
                0x0000000008000b7c                BusFault_Handler
                0x0000000008000b7c                USART1_IRQHandler
                0x0000000008000b7c                SPI3_IRQHandler
                0x0000000008000b7c                I2C1_ER_IRQHandler
                0x0000000008000b7c                DMA2_Channel3_IRQHandler
 *fill*         0x0000000008000b7e        0x2 
 .text.__libc_init_array
                0x0000000008000b80       0x48 d:/st/stm32cubeide_1.4.0/stm32cubeide/plugins/com.st.stm32cube.ide.mcu.externaltools.gnu-tools-for-stm32.7-2018-q2-update.win32_1.4.0.202007081208/tools/bin/../lib/gcc/arm-none-eabi/7.3.1/../../../../arm-none-eabi/lib/thumb/v7-m\libc_nano.a(lib_a-init.o)
                0x0000000008000b80                __libc_init_array
 *(.glue_7)
 .glue_7        0x0000000008000bc8        0x0 linker stubs
 *(.glue_7t)
 .glue_7t       0x0000000008000bc8        0x0 linker stubs
 *(.eh_frame)
 .eh_frame      0x0000000008000bc8        0x0 d:/st/stm32cubeide_1.4.0/stm32cubeide/plugins/com.st.stm32cube.ide.mcu.externaltools.gnu-tools-for-stm32.7-2018-q2-update.win32_1.4.0.202007081208/tools/bin/../lib/gcc/arm-none-eabi/7.3.1/thumb/v7-m/crtbegin.o
 *(.init)
 .init          0x0000000008000bc8        0x4 d:/st/stm32cubeide_1.4.0/stm32cubeide/plugins/com.st.stm32cube.ide.mcu.externaltools.gnu-tools-for-stm32.7-2018-q2-update.win32_1.4.0.202007081208/tools/bin/../lib/gcc/arm-none-eabi/7.3.1/thumb/v7-m/crti.o
                0x0000000008000bc8                _init
 .init          0x0000000008000bcc        0x8 d:/st/stm32cubeide_1.4.0/stm32cubeide/plugins/com.st.stm32cube.ide.mcu.externaltools.gnu-tools-for-stm32.7-2018-q2-update.win32_1.4.0.202007081208/tools/bin/../lib/gcc/arm-none-eabi/7.3.1/thumb/v7-m/crtn.o
 *(.fini)
 .fini          0x0000000008000bd4        0x4 d:/st/stm32cubeide_1.4.0/stm32cubeide/plugins/com.st.stm32cube.ide.mcu.externaltools.gnu-tools-for-stm32.7-2018-q2-update.win32_1.4.0.202007081208/tools/bin/../lib/gcc/arm-none-eabi/7.3.1/thumb/v7-m/crti.o
                0x0000000008000bd4                _fini
 .fini          0x0000000008000bd8        0x8 d:/st/stm32cubeide_1.4.0/stm32cubeide/plugins/com.st.stm32cube.ide.mcu.externaltools.gnu-tools-for-stm32.7-2018-q2-update.win32_1.4.0.202007081208/tools/bin/../lib/gcc/arm-none-eabi/7.3.1/thumb/v7-m/crtn.o
                0x0000000008000be0                . = ALIGN (0x4)
                0x0000000008000be0                _etext = .

.vfp11_veneer   0x0000000008000be0        0x0
 .vfp11_veneer  0x0000000008000be0        0x0 linker stubs

.v4_bx          0x0000000008000be0        0x0
 .v4_bx         0x0000000008000be0        0x0 linker stubs

.iplt           0x0000000008000be0        0x0
 .iplt          0x0000000008000be0        0x0 d:/st/stm32cubeide_1.4.0/stm32cubeide/plugins/com.st.stm32cube.ide.mcu.externaltools.gnu-tools-for-stm32.7-2018-q2-update.win32_1.4.0.202007081208/tools/bin/../lib/gcc/arm-none-eabi/7.3.1/thumb/v7-m/crtbegin.o

.rodata         0x0000000008000be0       0x38
                0x0000000008000be0                . = ALIGN (0x4)
 *(.rodata)
 .rodata        0x0000000008000be0       0x37 Src/main.o
 *(.rodata*)
                0x0000000008000c18                . = ALIGN (0x4)
 *fill*         0x0000000008000c17        0x1 

.rel.dyn        0x0000000008000c18        0x0
 .rel.iplt      0x0000000008000c18        0x0 d:/st/stm32cubeide_1.4.0/stm32cubeide/plugins/com.st.stm32cube.ide.mcu.externaltools.gnu-tools-for-stm32.7-2018-q2-update.win32_1.4.0.202007081208/tools/bin/../lib/gcc/arm-none-eabi/7.3.1/thumb/v7-m/crtbegin.o

.ARM.extab      0x0000000008000c18        0x0
                0x0000000008000c18                . = ALIGN (0x4)
 *(.ARM.extab* .gnu.linkonce.armextab.*)
                0x0000000008000c18                . = ALIGN (0x4)

.ARM            0x0000000008000c18        0x0
                0x0000000008000c18                . = ALIGN (0x4)
                0x0000000008000c18                __exidx_start = .
 *(.ARM.exidx*)
                0x0000000008000c18                __exidx_end = .
                0x0000000008000c18                . = ALIGN (0x4)

.preinit_array  0x0000000008000c18        0x0
                0x0000000008000c18                . = ALIGN (0x4)
                0x0000000008000c18                PROVIDE (__preinit_array_start = .)
 *(.preinit_array*)
                0x0000000008000c18                PROVIDE (__preinit_array_end = .)
                0x0000000008000c18                . = ALIGN (0x4)

.init_array     0x0000000008000c18        0x4
                0x0000000008000c18                . = ALIGN (0x4)
                0x0000000008000c18                PROVIDE (__init_array_start = .)
 *(SORT_BY_NAME(.init_array.*))
 *(.init_array*)
 .init_array    0x0000000008000c18        0x4 d:/st/stm32cubeide_1.4.0/stm32cubeide/plugins/com.st.stm32cube.ide.mcu.externaltools.gnu-tools-for-stm32.7-2018-q2-update.win32_1.4.0.202007081208/tools/bin/../lib/gcc/arm-none-eabi/7.3.1/thumb/v7-m/crtbegin.o
                0x0000000008000c1c                PROVIDE (__init_array_end = .)
                0x0000000008000c1c                . = ALIGN (0x4)

.fini_array     0x0000000008000c1c        0x4
                0x0000000008000c1c                . = ALIGN (0x4)
                [!provide]                        PROVIDE (__fini_array_start = .)
 *(SORT_BY_NAME(.fini_array.*))
 *(.fini_array*)
 .fini_array    0x0000000008000c1c        0x4 d:/st/stm32cubeide_1.4.0/stm32cubeide/plugins/com.st.stm32cube.ide.mcu.externaltools.gnu-tools-for-stm32.7-2018-q2-update.win32_1.4.0.202007081208/tools/bin/../lib/gcc/arm-none-eabi/7.3.1/thumb/v7-m/crtbegin.o
                [!provide]                        PROVIDE (__fini_array_end = .)
                0x0000000008000c20                . = ALIGN (0x4)
                0x0000000008000c20                _sidata = LOADADDR (.data)

.data           0x0000000020000000       0x20 load address 0x0000000008000c20
                0x0000000020000000                . = ALIGN (0x4)
                0x0000000020000000                _sdata = .
 *(.data)
 *(.data*)
 .data.Key_padRow
                0x0000000020000000       0x10 STM32F103C6_Drivers/HAL/KEYPAD.o
                0x0000000020000000                Key_padRow
 .data.Key_padCol
                0x0000000020000010       0x10 STM32F103C6_Drivers/HAL/KEYPAD.o
                0x0000000020000010                Key_padCol
                0x0000000020000020                . = ALIGN (0x4)
                0x0000000020000020                _edata = .

.igot.plt       0x0000000020000020        0x0 load address 0x0000000008000c40
 .igot.plt      0x0000000020000020        0x0 d:/st/stm32cubeide_1.4.0/stm32cubeide/plugins/com.st.stm32cube.ide.mcu.externaltools.gnu-tools-for-stm32.7-2018-q2-update.win32_1.4.0.202007081208/tools/bin/../lib/gcc/arm-none-eabi/7.3.1/thumb/v7-m/crtbegin.o
                0x0000000020000020                . = ALIGN (0x4)

.bss            0x0000000020000020       0x20 load address 0x0000000008000c40
                0x0000000020000020                _sbss = .
                0x0000000020000020                __bss_start__ = _sbss
 *(.bss)
 .bss           0x0000000020000020       0x1c d:/st/stm32cubeide_1.4.0/stm32cubeide/plugins/com.st.stm32cube.ide.mcu.externaltools.gnu-tools-for-stm32.7-2018-q2-update.win32_1.4.0.202007081208/tools/bin/../lib/gcc/arm-none-eabi/7.3.1/thumb/v7-m/crtbegin.o
 *(.bss*)
 *(COMMON)
 COMMON         0x000000002000003c        0x4 STM32F103C6_Drivers/HAL/LCD.o
                0x000000002000003c                PinCfg
                0x0000000020000040                . = ALIGN (0x4)
                0x0000000020000040                _ebss = .
                0x0000000020000040                __bss_end__ = _ebss

._user_heap_stack
                0x0000000020000040      0x600 load address 0x0000000008000c40
                0x0000000020000040                . = ALIGN (0x8)
                [!provide]                        PROVIDE (end = .)
                0x0000000020000040                PROVIDE (_end = .)
                0x0000000020000240                . = (. + _Min_Heap_Size)
 *fill*         0x0000000020000040      0x200 
                0x0000000020000640                . = (. + _Min_Stack_Size)
 *fill*         0x0000000020000240      0x400 
                0x0000000020000640                . = ALIGN (0x8)

/DISCARD/
 libc.a(*)
 libm.a(*)
 libgcc.a(*)

.ARM.attributes
                0x0000000000000000       0x29
 *(.ARM.attributes)
 .ARM.attributes
                0x0000000000000000       0x1d d:/st/stm32cubeide_1.4.0/stm32cubeide/plugins/com.st.stm32cube.ide.mcu.externaltools.gnu-tools-for-stm32.7-2018-q2-update.win32_1.4.0.202007081208/tools/bin/../lib/gcc/arm-none-eabi/7.3.1/thumb/v7-m/crti.o
 .ARM.attributes
                0x000000000000001d       0x2d d:/st/stm32cubeide_1.4.0/stm32cubeide/plugins/com.st.stm32cube.ide.mcu.externaltools.gnu-tools-for-stm32.7-2018-q2-update.win32_1.4.0.202007081208/tools/bin/../lib/gcc/arm-none-eabi/7.3.1/thumb/v7-m/crtbegin.o
 .ARM.attributes
                0x000000000000004a       0x33 STM32F103C6_Drivers/HAL/KEYPAD.o
 .ARM.attributes
                0x000000000000007d       0x33 STM32F103C6_Drivers/HAL/LCD.o
 .ARM.attributes
                0x00000000000000b0       0x33 STM32F103C6_Drivers/HAL/S7_Segment.o
 .ARM.attributes
                0x00000000000000e3       0x33 STM32F103C6_Drivers/MCAL/STM32F103C6_GPIO_Drivers.o
 .ARM.attributes
                0x0000000000000116       0x33 Src/main.o
 .ARM.attributes
                0x0000000000000149       0x21 Startup/startup_stm32f103c6tx.o
 .ARM.attributes
                0x000000000000016a       0x2d d:/st/stm32cubeide_1.4.0/stm32cubeide/plugins/com.st.stm32cube.ide.mcu.externaltools.gnu-tools-for-stm32.7-2018-q2-update.win32_1.4.0.202007081208/tools/bin/../lib/gcc/arm-none-eabi/7.3.1/../../../../arm-none-eabi/lib/thumb/v7-m\libc_nano.a(lib_a-init.o)
 .ARM.attributes
                0x0000000000000197       0x1d d:/st/stm32cubeide_1.4.0/stm32cubeide/plugins/com.st.stm32cube.ide.mcu.externaltools.gnu-tools-for-stm32.7-2018-q2-update.win32_1.4.0.202007081208/tools/bin/../lib/gcc/arm-none-eabi/7.3.1/thumb/v7-m/crtn.o
OUTPUT(Drivers.elf elf32-littlearm)

.debug_info     0x0000000000000000     0x35a6
 .debug_info    0x0000000000000000      0xa3b STM32F103C6_Drivers/HAL/KEYPAD.o
 .debug_info    0x0000000000000a3b      0xac9 STM32F103C6_Drivers/HAL/LCD.o
 .debug_info    0x0000000000001504      0x99b STM32F103C6_Drivers/HAL/S7_Segment.o
 .debug_info    0x0000000000001e9f      0xc17 STM32F103C6_Drivers/MCAL/STM32F103C6_GPIO_Drivers.o
 .debug_info    0x0000000000002ab6      0xace Src/main.o
 .debug_info    0x0000000000003584       0x22 Startup/startup_stm32f103c6tx.o

.debug_abbrev   0x0000000000000000      0x9ca
 .debug_abbrev  0x0000000000000000      0x1eb STM32F103C6_Drivers/HAL/KEYPAD.o
 .debug_abbrev  0x00000000000001eb      0x20e STM32F103C6_Drivers/HAL/LCD.o
 .debug_abbrev  0x00000000000003f9      0x18a STM32F103C6_Drivers/HAL/S7_Segment.o
 .debug_abbrev  0x0000000000000583      0x23f STM32F103C6_Drivers/MCAL/STM32F103C6_GPIO_Drivers.o
 .debug_abbrev  0x00000000000007c2      0x1f6 Src/main.o
 .debug_abbrev  0x00000000000009b8       0x12 Startup/startup_stm32f103c6tx.o

.debug_aranges  0x0000000000000000      0x170
 .debug_aranges
                0x0000000000000000       0x30 STM32F103C6_Drivers/HAL/KEYPAD.o
 .debug_aranges
                0x0000000000000030       0x68 STM32F103C6_Drivers/HAL/LCD.o
 .debug_aranges
                0x0000000000000098       0x20 STM32F103C6_Drivers/HAL/S7_Segment.o
 .debug_aranges
                0x00000000000000b8       0x60 STM32F103C6_Drivers/MCAL/STM32F103C6_GPIO_Drivers.o
 .debug_aranges
                0x0000000000000118       0x30 Src/main.o
 .debug_aranges
                0x0000000000000148       0x28 Startup/startup_stm32f103c6tx.o

.debug_ranges   0x0000000000000000      0x118
 .debug_ranges  0x0000000000000000       0x20 STM32F103C6_Drivers/HAL/KEYPAD.o
 .debug_ranges  0x0000000000000020       0x58 STM32F103C6_Drivers/HAL/LCD.o
 .debug_ranges  0x0000000000000078       0x10 STM32F103C6_Drivers/HAL/S7_Segment.o
 .debug_ranges  0x0000000000000088       0x50 STM32F103C6_Drivers/MCAL/STM32F103C6_GPIO_Drivers.o
 .debug_ranges  0x00000000000000d8       0x20 Src/main.o
 .debug_ranges  0x00000000000000f8       0x20 Startup/startup_stm32f103c6tx.o

.debug_macro    0x0000000000000000     0x2982
 .debug_macro   0x0000000000000000      0x20d STM32F103C6_Drivers/HAL/KEYPAD.o
 .debug_macro   0x000000000000020d      0xa60 STM32F103C6_Drivers/HAL/KEYPAD.o
 .debug_macro   0x0000000000000c6d       0x18 STM32F103C6_Drivers/HAL/KEYPAD.o
 .debug_macro   0x0000000000000c85       0x22 STM32F103C6_Drivers/HAL/KEYPAD.o
 .debug_macro   0x0000000000000ca7       0x40 STM32F103C6_Drivers/HAL/KEYPAD.o
 .debug_macro   0x0000000000000ce7       0x94 STM32F103C6_Drivers/HAL/KEYPAD.o
 .debug_macro   0x0000000000000d7b       0x3c STM32F103C6_Drivers/HAL/KEYPAD.o
 .debug_macro   0x0000000000000db7       0x34 STM32F103C6_Drivers/HAL/KEYPAD.o
 .debug_macro   0x0000000000000deb       0x16 STM32F103C6_Drivers/HAL/KEYPAD.o
 .debug_macro   0x0000000000000e01      0x10e STM32F103C6_Drivers/HAL/KEYPAD.o
 .debug_macro   0x0000000000000f0f       0x8d STM32F103C6_Drivers/HAL/KEYPAD.o
 .debug_macro   0x0000000000000f9c       0x57 STM32F103C6_Drivers/HAL/KEYPAD.o
 .debug_macro   0x0000000000000ff3       0x52 STM32F103C6_Drivers/HAL/KEYPAD.o
 .debug_macro   0x0000000000001045       0x1f STM32F103C6_Drivers/HAL/KEYPAD.o
 .debug_macro   0x0000000000001064       0x43 STM32F103C6_Drivers/HAL/KEYPAD.o
 .debug_macro   0x00000000000010a7       0x20 STM32F103C6_Drivers/HAL/KEYPAD.o
 .debug_macro   0x00000000000010c7      0x1a3 STM32F103C6_Drivers/HAL/KEYPAD.o
 .debug_macro   0x000000000000126a      0x330 STM32F103C6_Drivers/HAL/KEYPAD.o
 .debug_macro   0x000000000000159a       0x16 STM32F103C6_Drivers/HAL/KEYPAD.o
 .debug_macro   0x00000000000015b0       0x29 STM32F103C6_Drivers/HAL/KEYPAD.o
 .debug_macro   0x00000000000015d9       0xef STM32F103C6_Drivers/HAL/KEYPAD.o
 .debug_macro   0x00000000000016c8       0x6a STM32F103C6_Drivers/HAL/KEYPAD.o
 .debug_macro   0x0000000000001732      0x1df STM32F103C6_Drivers/HAL/KEYPAD.o
 .debug_macro   0x0000000000001911       0x1c STM32F103C6_Drivers/HAL/KEYPAD.o
 .debug_macro   0x000000000000192d       0x35 STM32F103C6_Drivers/HAL/KEYPAD.o
 .debug_macro   0x0000000000001962       0x10 STM32F103C6_Drivers/HAL/KEYPAD.o
 .debug_macro   0x0000000000001972       0x10 STM32F103C6_Drivers/HAL/KEYPAD.o
 .debug_macro   0x0000000000001982       0x1c STM32F103C6_Drivers/HAL/KEYPAD.o
 .debug_macro   0x000000000000199e       0x52 STM32F103C6_Drivers/HAL/KEYPAD.o
 .debug_macro   0x00000000000019f0       0x40 STM32F103C6_Drivers/HAL/KEYPAD.o
 .debug_macro   0x0000000000001a30       0x10 STM32F103C6_Drivers/HAL/KEYPAD.o
 .debug_macro   0x0000000000001a40       0x40 STM32F103C6_Drivers/HAL/KEYPAD.o
 .debug_macro   0x0000000000001a80       0xd7 STM32F103C6_Drivers/HAL/KEYPAD.o
 .debug_macro   0x0000000000001b57       0x1c STM32F103C6_Drivers/HAL/KEYPAD.o
 .debug_macro   0x0000000000001b73       0x3d STM32F103C6_Drivers/HAL/KEYPAD.o
 .debug_macro   0x0000000000001bb0       0x16 STM32F103C6_Drivers/HAL/KEYPAD.o
 .debug_macro   0x0000000000001bc6      0x145 STM32F103C6_Drivers/HAL/KEYPAD.o
 .debug_macro   0x0000000000001d0b       0xde STM32F103C6_Drivers/HAL/KEYPAD.o
 .debug_macro   0x0000000000001de9       0xd6 STM32F103C6_Drivers/HAL/KEYPAD.o
 .debug_macro   0x0000000000001ebf       0x3a STM32F103C6_Drivers/HAL/KEYPAD.o
 .debug_macro   0x0000000000001ef9      0x20c STM32F103C6_Drivers/HAL/LCD.o
 .debug_macro   0x0000000000002105       0x10 STM32F103C6_Drivers/HAL/LCD.o
 .debug_macro   0x0000000000002115       0x9a STM32F103C6_Drivers/HAL/LCD.o
 .debug_macro   0x00000000000021af      0x20d STM32F103C6_Drivers/HAL/S7_Segment.o
 .debug_macro   0x00000000000023bc       0x40 STM32F103C6_Drivers/HAL/S7_Segment.o
 .debug_macro   0x00000000000023fc      0x204 STM32F103C6_Drivers/MCAL/STM32F103C6_GPIO_Drivers.o
 .debug_macro   0x0000000000002600       0xd0 STM32F103C6_Drivers/MCAL/STM32F103C6_GPIO_Drivers.o
 .debug_macro   0x00000000000026d0      0x22c Src/main.o
 .debug_macro   0x00000000000028fc       0x40 Src/main.o
 .debug_macro   0x000000000000293c       0x46 Src/main.o

.debug_line     0x0000000000000000     0x2397
 .debug_line    0x0000000000000000      0x707 STM32F103C6_Drivers/HAL/KEYPAD.o
 .debug_line    0x0000000000000707      0x771 STM32F103C6_Drivers/HAL/LCD.o
 .debug_line    0x0000000000000e78      0x671 STM32F103C6_Drivers/HAL/S7_Segment.o
 .debug_line    0x00000000000014e9      0x76a STM32F103C6_Drivers/MCAL/STM32F103C6_GPIO_Drivers.o
 .debug_line    0x0000000000001c53      0x6c0 Src/main.o
 .debug_line    0x0000000000002313       0x84 Startup/startup_stm32f103c6tx.o

.debug_str      0x0000000000000000     0x8e91
 .debug_str     0x0000000000000000     0x88ec STM32F103C6_Drivers/HAL/KEYPAD.o
                                       0x8b4d (size before relaxing)
 .debug_str     0x00000000000088ec      0x339 STM32F103C6_Drivers/HAL/LCD.o
                                       0x8d9e (size before relaxing)
 .debug_str     0x0000000000008c25       0xaf STM32F103C6_Drivers/HAL/S7_Segment.o
                                       0x8b09 (size before relaxing)
 .debug_str     0x0000000000008cd4      0x15a STM32F103C6_Drivers/MCAL/STM32F103C6_GPIO_Drivers.o
                                       0x8bbd (size before relaxing)
 .debug_str     0x0000000000008e2e       0x32 Src/main.o
                                       0x8e53 (size before relaxing)
 .debug_str     0x0000000000008e60       0x31 Startup/startup_stm32f103c6tx.o
                                         0x99 (size before relaxing)

.comment        0x0000000000000000       0x7b
 .comment       0x0000000000000000       0x7b STM32F103C6_Drivers/HAL/KEYPAD.o
                                         0x7c (size before relaxing)
 .comment       0x000000000000007b       0x7c STM32F103C6_Drivers/HAL/LCD.o
 .comment       0x000000000000007b       0x7c STM32F103C6_Drivers/HAL/S7_Segment.o
 .comment       0x000000000000007b       0x7c STM32F103C6_Drivers/MCAL/STM32F103C6_GPIO_Drivers.o
 .comment       0x000000000000007b       0x7c Src/main.o

.debug_frame    0x0000000000000000      0x424
 .debug_frame   0x0000000000000000       0x80 STM32F103C6_Drivers/HAL/KEYPAD.o
 .debug_frame   0x0000000000000080      0x154 STM32F103C6_Drivers/HAL/LCD.o
 .debug_frame   0x00000000000001d4       0x34 STM32F103C6_Drivers/HAL/S7_Segment.o
 .debug_frame   0x0000000000000208      0x178 STM32F103C6_Drivers/MCAL/STM32F103C6_GPIO_Drivers.o
 .debug_frame   0x0000000000000380       0x78 Src/main.o
 .debug_frame   0x00000000000003f8       0x2c d:/st/stm32cubeide_1.4.0/stm32cubeide/plugins/com.st.stm32cube.ide.mcu.externaltools.gnu-tools-for-stm32.7-2018-q2-update.win32_1.4.0.202007081208/tools/bin/../lib/gcc/arm-none-eabi/7.3.1/../../../../arm-none-eabi/lib/thumb/v7-m\libc_nano.a(lib_a-init.o)
