06:48:39 **** Incremental Build of configuration Debug for project Drivers ****
make -j16 all 
arm-none-eabi-gcc -gdwarf-2 "../STM32F103C6_Drivers/HAL/LCD.c" -mcpu=cortex-m3 -std=gnu11 -g3 -DSTM32 -DSTM32F1 -DSTM32F103C6Tx -DDEBUG -c -I../Inc -I"D:/Keroll/Second term/Unit 8 MCU Interfacing/Labs/Lab Finals/STM32_SPI_Driver/Drivers/STM32F103C6_Drivers/inc" -O0 -ffunction-sections -fdata-sections -Wall -fstack-usage -MMD -MP -MF"STM32F103C6_Drivers/HAL/LCD.d" -MT"STM32F103C6_Drivers/HAL/LCD.o" --specs=nano.specs -mfloat-abi=soft -mthumb -o "STM32F103C6_Drivers/HAL/LCD.o"
arm-none-eabi-gcc -gdwarf-2 -o "Drivers.elf" @"objects.list"   -mcpu=cortex-m3 -T"D:\Keroll\Second term\Unit 8 MCU Interfacing\Labs\Lab Finals\STM32_SPI_Driver\Drivers\STM32F103C6TX_FLASH.ld" --specs=nosys.specs -Wl,-Map="Drivers.map" -Wl,--gc-sections -static --specs=nano.specs -mfloat-abi=soft -mthumb -Wl,--start-group -lc -lm -Wl,--end-group
Finished building target: Drivers.elf
 
arm-none-eabi-objdump -h -S  Drivers.elf  > "Drivers.list"
arm-none-eabi-objcopy  -O binary  Drivers.elf  "Drivers.bin"
arm-none-eabi-size   Drivers.elf 
   text	   data	    bss	    dec	    hex	filename
   3764	      8	   1640	   5412	   1524	Drivers.elf
Finished building: default.size.stdout
 
Finished building: Drivers.bin
Finished building: Drivers.list
 
 

06:48:40 Build Finished. 0 errors, 0 warnings. (took 699ms)

