Archive member included to satisfy reference by file (symbol)

d:/st/stm32cubeide_1.4.0/stm32cubeide/plugins/com.st.stm32cube.ide.mcu.externaltools.gnu-tools-for-stm32.7-2018-q2-update.win32_1.4.0.202007081208/tools/bin/../lib/gcc/arm-none-eabi/7.3.1/../../../../arm-none-eabi/lib/thumb/v7-m\libc_nano.a(lib_a-errno.o)
                              Src/syscalls.o (__errno)
d:/st/stm32cubeide_1.4.0/stm32cubeide/plugins/com.st.stm32cube.ide.mcu.externaltools.gnu-tools-for-stm32.7-2018-q2-update.win32_1.4.0.202007081208/tools/bin/../lib/gcc/arm-none-eabi/7.3.1/../../../../arm-none-eabi/lib/thumb/v7-m\libc_nano.a(lib_a-exit.o)
                              d:/st/stm32cubeide_1.4.0/stm32cubeide/plugins/com.st.stm32cube.ide.mcu.externaltools.gnu-tools-for-stm32.7-2018-q2-update.win32_1.4.0.202007081208/tools/bin/../lib/gcc/arm-none-eabi/7.3.1/../../../../arm-none-eabi/lib/thumb/v7-m/crt0.o (exit)
d:/st/stm32cubeide_1.4.0/stm32cubeide/plugins/com.st.stm32cube.ide.mcu.externaltools.gnu-tools-for-stm32.7-2018-q2-update.win32_1.4.0.202007081208/tools/bin/../lib/gcc/arm-none-eabi/7.3.1/../../../../arm-none-eabi/lib/thumb/v7-m\libc_nano.a(lib_a-impure.o)
                              d:/st/stm32cubeide_1.4.0/stm32cubeide/plugins/com.st.stm32cube.ide.mcu.externaltools.gnu-tools-for-stm32.7-2018-q2-update.win32_1.4.0.202007081208/tools/bin/../lib/gcc/arm-none-eabi/7.3.1/../../../../arm-none-eabi/lib/thumb/v7-m\libc_nano.a(lib_a-exit.o) (_global_impure_ptr)
d:/st/stm32cubeide_1.4.0/stm32cubeide/plugins/com.st.stm32cube.ide.mcu.externaltools.gnu-tools-for-stm32.7-2018-q2-update.win32_1.4.0.202007081208/tools/bin/../lib/gcc/arm-none-eabi/7.3.1/../../../../arm-none-eabi/lib/thumb/v7-m\libc_nano.a(lib_a-init.o)
                              d:/st/stm32cubeide_1.4.0/stm32cubeide/plugins/com.st.stm32cube.ide.mcu.externaltools.gnu-tools-for-stm32.7-2018-q2-update.win32_1.4.0.202007081208/tools/bin/../lib/gcc/arm-none-eabi/7.3.1/../../../../arm-none-eabi/lib/thumb/v7-m/crt0.o (__libc_init_array)
d:/st/stm32cubeide_1.4.0/stm32cubeide/plugins/com.st.stm32cube.ide.mcu.externaltools.gnu-tools-for-stm32.7-2018-q2-update.win32_1.4.0.202007081208/tools/bin/../lib/gcc/arm-none-eabi/7.3.1/../../../../arm-none-eabi/lib/thumb/v7-m\libc_nano.a(lib_a-memset.o)
                              d:/st/stm32cubeide_1.4.0/stm32cubeide/plugins/com.st.stm32cube.ide.mcu.externaltools.gnu-tools-for-stm32.7-2018-q2-update.win32_1.4.0.202007081208/tools/bin/../lib/gcc/arm-none-eabi/7.3.1/../../../../arm-none-eabi/lib/thumb/v7-m/crt0.o (memset)

Allocating common symbols
Common symbol       size              file

PinCfg              0x4               STM32F103C6_Drivers/HAL/LCD.o
ch                  0x1               Src/main.o
GP_IRQ_CallBack     0x3c              STM32F103C6_Drivers/MCAL/STM32F103C6_EXTI_Drivers.o

Discarded input sections

 .text          0x0000000000000000        0x0 d:/st/stm32cubeide_1.4.0/stm32cubeide/plugins/com.st.stm32cube.ide.mcu.externaltools.gnu-tools-for-stm32.7-2018-q2-update.win32_1.4.0.202007081208/tools/bin/../lib/gcc/arm-none-eabi/7.3.1/thumb/v7-m/crti.o
 .data          0x0000000000000000        0x0 d:/st/stm32cubeide_1.4.0/stm32cubeide/plugins/com.st.stm32cube.ide.mcu.externaltools.gnu-tools-for-stm32.7-2018-q2-update.win32_1.4.0.202007081208/tools/bin/../lib/gcc/arm-none-eabi/7.3.1/thumb/v7-m/crti.o
 .bss           0x0000000000000000        0x0 d:/st/stm32cubeide_1.4.0/stm32cubeide/plugins/com.st.stm32cube.ide.mcu.externaltools.gnu-tools-for-stm32.7-2018-q2-update.win32_1.4.0.202007081208/tools/bin/../lib/gcc/arm-none-eabi/7.3.1/thumb/v7-m/crti.o
 .data          0x0000000000000000        0x4 d:/st/stm32cubeide_1.4.0/stm32cubeide/plugins/com.st.stm32cube.ide.mcu.externaltools.gnu-tools-for-stm32.7-2018-q2-update.win32_1.4.0.202007081208/tools/bin/../lib/gcc/arm-none-eabi/7.3.1/thumb/v7-m/crtbegin.o
 .text          0x0000000000000000       0x74 d:/st/stm32cubeide_1.4.0/stm32cubeide/plugins/com.st.stm32cube.ide.mcu.externaltools.gnu-tools-for-stm32.7-2018-q2-update.win32_1.4.0.202007081208/tools/bin/../lib/gcc/arm-none-eabi/7.3.1/../../../../arm-none-eabi/lib/thumb/v7-m/crt0.o
 .data          0x0000000000000000        0x0 d:/st/stm32cubeide_1.4.0/stm32cubeide/plugins/com.st.stm32cube.ide.mcu.externaltools.gnu-tools-for-stm32.7-2018-q2-update.win32_1.4.0.202007081208/tools/bin/../lib/gcc/arm-none-eabi/7.3.1/../../../../arm-none-eabi/lib/thumb/v7-m/crt0.o
 .bss           0x0000000000000000        0x0 d:/st/stm32cubeide_1.4.0/stm32cubeide/plugins/com.st.stm32cube.ide.mcu.externaltools.gnu-tools-for-stm32.7-2018-q2-update.win32_1.4.0.202007081208/tools/bin/../lib/gcc/arm-none-eabi/7.3.1/../../../../arm-none-eabi/lib/thumb/v7-m/crt0.o
 .ARM.extab     0x0000000000000000        0x0 d:/st/stm32cubeide_1.4.0/stm32cubeide/plugins/com.st.stm32cube.ide.mcu.externaltools.gnu-tools-for-stm32.7-2018-q2-update.win32_1.4.0.202007081208/tools/bin/../lib/gcc/arm-none-eabi/7.3.1/../../../../arm-none-eabi/lib/thumb/v7-m/crt0.o
[...]
Memory Configuration

Name             Origin             Length             Attributes
RAM              0x0000000020000000 0x0000000000002800 xrw
ROM              0x0000000008000000 0x0000000000008000 xr
*default*        0x0000000000000000 0xffffffffffffffff

Linker script and memory map

LOAD d:/st/stm32cubeide_1.4.0/stm32cubeide/plugins/com.st.stm32cube.ide.mcu.externaltools.gnu-tools-for-stm32.7-2018-q2-update.win32_1.4.0.202007081208/tools/bin/../lib/gcc/arm-none-eabi/7.3.1/thumb/v7-m/crti.o
LOAD d:/st/stm32cubeide_1.4.0/stm32cubeide/plugins/com.st.stm32cube.ide.mcu.externaltools.gnu-tools-for-stm32.7-2018-q2-update.win32_1.4.0.202007081208/tools/bin/../lib/gcc/arm-none-eabi/7.3.1/thumb/v7-m/crtbegin.o
LOAD d:/st/stm32cubeide_1.4.0/stm32cubeide/plugins/com.st.stm32cube.ide.mcu.externaltools.gnu-tools-for-stm32.7-2018-q2-update.win32_1.4.0.202007081208/tools/bin/../lib/gcc/arm-none-eabi/7.3.1/../../../../arm-none-eabi/lib/thumb/v7-m/crt0.o
LOAD STM32F103C6_Drivers/HAL/KEYPAD.o
LOAD STM32F103C6_Drivers/HAL/LCD.o
LOAD STM32F103C6_Drivers/HAL/S7_Segment.o
LOAD STM32F103C6_Drivers/MCAL/STM32F103C6_EXTI_Drivers.o
LOAD STM32F103C6_Drivers/MCAL/STM32F103C6_GPIO_Drivers.o
LOAD STM32F103C6_Drivers/MCAL/STM32F103C6_RCC_Drivers.o
LOAD STM32F103C6_Drivers/MCAL/STM32F103C6_SPI_Drivers.o
LOAD STM32F103C6_Drivers/MCAL/STM32F103C6_USART_Drivers.o
LOAD Src/main.o
LOAD Src/syscalls.o
LOAD Src/sysmem.o
LOAD Startup/startup_stm32f103c6tx.o
START GROUP
LOAD d:/st/stm32cubeide_1.4.0/stm32cubeide/plugins/com.st.stm32cube.ide.mcu.externaltools.gnu-tools-for-stm32.7-2018-q2-update.win32_1.4.0.202007081208/tools/bin/../lib/gcc/arm-none-eabi/7.3.1/../../../../arm-none-eabi/lib/thumb/v7-m\libc_nano.a
LOAD d:/st/stm32cubeide_1.4.0/stm32cubeide/plugins/com.st.stm32cube.ide.mcu.externaltools.gnu-tools-for-stm32.7-2018-q2-update.win32_1.4.0.202007081208/tools/bin/../lib/gcc/arm-none-eabi/7.3.1/../../../../arm-none-eabi/lib/thumb/v7-m\libm.a
END GROUP
START GROUP
LOAD d:/st/stm32cubeide_1.4.0/stm32cubeide/plugins/com.st.stm32cube.ide.mcu.externaltools.gnu-tools-for-stm32.7-2018-q2-update.win32_1.4.0.202007081208/tools/bin/../lib/gcc/arm-none-eabi/7.3.1/thumb/v7-m\libgcc.a
LOAD d:/st/stm32cubeide_1.4.0/stm32cubeide/plugins/com.st.stm32cube.ide.mcu.externaltools.gnu-tools-for-stm32.7-2018-q2-update.win32_1.4.0.202007081208/tools/bin/../lib/gcc/arm-none-eabi/7.3.1/../../../../arm-none-eabi/lib/thumb/v7-m\libg_nano.a
LOAD d:/st/stm32cubeide_1.4.0/stm32cubeide/plugins/com.st.stm32cube.ide.mcu.externaltools.gnu-tools-for-stm32.7-2018-q2-update.win32_1.4.0.202007081208/tools/bin/../lib/gcc/arm-none-eabi/7.3.1/../../../../arm-none-eabi/lib/thumb/v7-m\libc_nano.a
END GROUP
START GROUP
LOAD d:/st/stm32cubeide_1.4.0/stm32cubeide/plugins/com.st.stm32cube.ide.mcu.externaltools.gnu-tools-for-stm32.7-2018-q2-update.win32_1.4.0.202007081208/tools/bin/../lib/gcc/arm-none-eabi/7.3.1/thumb/v7-m\libgcc.a
LOAD d:/st/stm32cubeide_1.4.0/stm32cubeide/plugins/com.st.stm32cube.ide.mcu.externaltools.gnu-tools-for-stm32.7-2018-q2-update.win32_1.4.0.202007081208/tools/bin/../lib/gcc/arm-none-eabi/7.3.1/../../../../arm-none-eabi/lib/thumb/v7-m\libc_nano.a
LOAD d:/st/stm32cubeide_1.4.0/stm32cubeide/plugins/com.st.stm32cube.ide.mcu.externaltools.gnu-tools-for-stm32.7-2018-q2-update.win32_1.4.0.202007081208/tools/bin/../lib/gcc/arm-none-eabi/7.3.1/../../../../arm-none-eabi/lib/thumb/v7-m\libnosys.a
END GROUP
START GROUP
LOAD d:/st/stm32cubeide_1.4.0/stm32cubeide/plugins/com.st.stm32cube.ide.mcu.externaltools.gnu-tools-for-stm32.7-2018-q2-update.win32_1.4.0.202007081208/tools/bin/../lib/gcc/arm-none-eabi/7.3.1/thumb/v7-m\libgcc.a
LOAD d:/st/stm32cubeide_1.4.0/stm32cubeide/plugins/com.st.stm32cube.ide.mcu.externaltools.gnu-tools-for-stm32.7-2018-q2-update.win32_1.4.0.202007081208/tools/bin/../lib/gcc/arm-none-eabi/7.3.1/../../../../arm-none-eabi/lib/thumb/v7-m\libc_nano.a
LOAD d:/st/stm32cubeide_1.4.0/stm32cubeide/plugins/com.st.stm32cube.ide.mcu.externaltools.gnu-tools-for-stm32.7-2018-q2-update.win32_1.4.0.202007081208/tools/bin/../lib/gcc/arm-none-eabi/7.3.1/../../../../arm-none-eabi/lib/thumb/v7-m\libnosys.a
END GROUP
LOAD d:/st/stm32cubeide_1.4.0/stm32cubeide/plugins/com.st.stm32cube.ide.mcu.externaltools.gnu-tools-for-stm32.7-2018-q2-update.win32_1.4.0.202007081208/tools/bin/../lib/gcc/arm-none-eabi/7.3.1/thumb/v7-m/crtend.o
LOAD d:/st/stm32cubeide_1.4.0/stm32cubeide/plugins/com.st.stm32cube.ide.mcu.externaltools.gnu-tools-for-stm32.7-2018-q2-update.win32_1.4.0.202007081208/tools/bin/../lib/gcc/arm-none-eabi/7.3.1/thumb/v7-m/crtn.o
                0x0000000020002800                _estack = (ORIGIN (RAM) + LENGTH (RAM))
                0x0000000000000200                _Min_Heap_Size = 0x200
                0x0000000000000400                _Min_Stack_Size = 0x400

.isr_vector     0x0000000008000000      0x130
                0x0000000008000000                . = ALIGN (0x4)
 *(.isr_vector)
 .isr_vector    0x0000000008000000      0x130 Startup/startup_stm32f103c6tx.o
                0x0000000008000000                g_pfnVectors
                0x0000000008000130                . = ALIGN (0x4)

.text           0x0000000008000130      0xd5c
                0x0000000008000130                . = ALIGN (0x4)
 *(.text)
 .text          0x0000000008000130       0x40 d:/st/stm32cubeide_1.4.0/stm32cubeide/plugins/com.st.stm32cube.ide.mcu.externaltools.gnu-tools-for-stm32.7-2018-q2-update.win32_1.4.0.202007081208/tools/bin/../lib/gcc/arm-none-eabi/7.3.1/thumb/v7-m/crtbegin.o
 *(.text*)
 .text.EXTI0_IRQHandler
                0x0000000008000170       0x1c STM32F103C6_Drivers/MCAL/STM32F103C6_EXTI_Drivers.o
                0x0000000008000170                EXTI0_IRQHandler
 .text.EXTI1_IRQHandler
                0x000000000800018c       0x1c STM32F103C6_Drivers/MCAL/STM32F103C6_EXTI_Drivers.o
                0x000000000800018c                EXTI1_IRQHandler
 .text.EXTI2_IRQHandler
                0x00000000080001a8       0x1c STM32F103C6_Drivers/MCAL/STM32F103C6_EXTI_Drivers.o
                0x00000000080001a8                EXTI2_IRQHandler
 .text.EXTI3_IRQHandler
                0x00000000080001c4       0x1c STM32F103C6_Drivers/MCAL/STM32F103C6_EXTI_Drivers.o
                0x00000000080001c4                EXTI3_IRQHandler
 .text.EXTI4_IRQHandler
                0x00000000080001e0       0x1c STM32F103C6_Drivers/MCAL/STM32F103C6_EXTI_Drivers.o
                0x00000000080001e0                EXTI4_IRQHandler
 .text.EXTI9_5_IRQHandler
                0x00000000080001fc       0xa8 STM32F103C6_Drivers/MCAL/STM32F103C6_EXTI_Drivers.o
                0x00000000080001fc                EXTI9_5_IRQHandler
 .text.Get_CRLH_Position
                0x00000000080002a4       0xc6 STM32F103C6_Drivers/MCAL/STM32F103C6_GPIO_Drivers.o
                0x00000000080002a4                Get_CRLH_Position
 .text.MCAL_GPIO_Init
                0x000000000800036a       0xfe STM32F103C6_Drivers/MCAL/STM32F103C6_GPIO_Drivers.o
                0x000000000800036a                MCAL_GPIO_Init
 .text.MCAL_GPIO_WritePin
                0x0000000008000468       0x2e STM32F103C6_Drivers/MCAL/STM32F103C6_GPIO_Drivers.o
                0x0000000008000468                MCAL_GPIO_WritePin
 *fill*         0x0000000008000496        0x2 
 .text.MCAL_RCC_GetSYS_CLCKFreq
                0x0000000008000498       0x3c STM32F103C6_Drivers/MCAL/STM32F103C6_RCC_Drivers.o
                0x0000000008000498                MCAL_RCC_GetSYS_CLCKFreq
 .text.MCAL_RCC_GetHCLKFreq
                0x00000000080004d4       0x2c STM32F103C6_Drivers/MCAL/STM32F103C6_RCC_Drivers.o
                0x00000000080004d4                MCAL_RCC_GetHCLKFreq
 .text.MCAL_RCC_GetPCLK1Freq
                0x0000000008000500       0x28 STM32F103C6_Drivers/MCAL/STM32F103C6_RCC_Drivers.o
                0x0000000008000500                MCAL_RCC_GetPCLK1Freq
 .text.MCAL_RCC_GetPCLK2Freq
                0x0000000008000528       0x28 STM32F103C6_Drivers/MCAL/STM32F103C6_RCC_Drivers.o
                0x0000000008000528                MCAL_RCC_GetPCLK2Freq
 .text.MCAL_SPI_Init
                0x0000000008000550      0x110 STM32F103C6_Drivers/MCAL/STM32F103C6_SPI_Drivers.o
                0x0000000008000550                MCAL_SPI_Init
 .text.MCAL_SPI_TX_RX
                0x0000000008000660       0x54 STM32F103C6_Drivers/MCAL/STM32F103C6_SPI_Drivers.o
                0x0000000008000660                MCAL_SPI_TX_RX
 .text.MCAL_SPI_GPIO_Set_Pins
                0x00000000080006b4      0x1ec STM32F103C6_Drivers/MCAL/STM32F103C6_SPI_Drivers.o
                0x00000000080006b4                MCAL_SPI_GPIO_Set_Pins
 .text.SPI1_IRQHandler
                0x00000000080008a0       0x5c STM32F103C6_Drivers/MCAL/STM32F103C6_SPI_Drivers.o
                0x00000000080008a0                SPI1_IRQHandler
 .text.SPI2_IRQHandler
                0x00000000080008fc       0x5c STM32F103C6_Drivers/MCAL/STM32F103C6_SPI_Drivers.o
                0x00000000080008fc                SPI2_IRQHandler
 .text.MCAL_UART_Init
                0x0000000008000958      0x184 STM32F103C6_Drivers/MCAL/STM32F103C6_USART_Drivers.o
                0x0000000008000958                MCAL_UART_Init
 .text.MCAL_UART_SendData
                0x0000000008000adc       0x36 STM32F103C6_Drivers/MCAL/STM32F103C6_USART_Drivers.o
                0x0000000008000adc                MCAL_UART_SendData
 *fill*         0x0000000008000b12        0x2 
 .text.MCAL_UART_ReceiveData
                0x0000000008000b14       0x5c STM32F103C6_Drivers/MCAL/STM32F103C6_USART_Drivers.o
                0x0000000008000b14                MCAL_UART_ReceiveData
 .text.MCAL_UART_GPIO_Set_Pins
                0x0000000008000b70       0xcc STM32F103C6_Drivers/MCAL/STM32F103C6_USART_Drivers.o
                0x0000000008000b70                MCAL_UART_GPIO_Set_Pins
 .text.USART1_IRQHandler
                0x0000000008000c3c       0x14 STM32F103C6_Drivers/MCAL/STM32F103C6_USART_Drivers.o
                0x0000000008000c3c                USART1_IRQHandler
 .text.USART2_IRQHandler
                0x0000000008000c50       0x14 STM32F103C6_Drivers/MCAL/STM32F103C6_USART_Drivers.o
                0x0000000008000c50                USART2_IRQHandler
 .text.USART3_IRQHandler
                0x0000000008000c64       0x14 STM32F103C6_Drivers/MCAL/STM32F103C6_USART_Drivers.o
                0x0000000008000c64                USART3_IRQHandler
 .text.Ahmed_UART_IRQ_CallBack
                0x0000000008000c78       0x4c Src/main.o
                0x0000000008000c78                Ahmed_UART_IRQ_CallBack
 .text.main     0x0000000008000cc4      0x114 Src/main.o
                0x0000000008000cc4                main
 .text.Reset_Handler
                0x0000000008000dd8       0x50 Startup/startup_stm32f103c6tx.o
                0x0000000008000dd8                Reset_Handler
 .text.Default_Handler
                0x0000000008000e28        0x2 Startup/startup_stm32f103c6tx.o
                0x0000000008000e28                TIM8_TRG_COM_IRQHandler
                0x0000000008000e28                TIM8_CC_IRQHandler
                0x0000000008000e28                DebugMon_Handler
                0x0000000008000e28                TIM1_CC_IRQHandler
                0x0000000008000e28                HardFault_Handler
                0x0000000008000e28                TIM6_IRQHandler
                0x0000000008000e28                SysTick_Handler
                0x0000000008000e28                PVD_IRQHandler
                0x0000000008000e28                SDIO_IRQHandler
                0x0000000008000e28                PendSV_Handler
                0x0000000008000e28                NMI_Handler
                0x0000000008000e28                USB_HP_CAN_TX_IRQHandler
                0x0000000008000e28                I2C2_EV_IRQHandler
                0x0000000008000e28                UsageFault_Handler
                0x0000000008000e28                ADC1_2_IRQHandler
                0x0000000008000e28                CAN_SCE_IRQHandler
                0x0000000008000e28                TAMPER_IRQHandler
                0x0000000008000e28                TIM8_UP_IRQHandler
                0x0000000008000e28                DMA2_Channel2_IRQHandler
                0x0000000008000e28                DMA1_Channel4_IRQHandler
                0x0000000008000e28                RTC_IRQHandler
                0x0000000008000e28                DMA1_Channel7_IRQHandler
                0x0000000008000e28                UART5_IRQHandler
                0x0000000008000e28                ADC3_IRQHandler
                0x0000000008000e28                TIM4_IRQHandler
                0x0000000008000e28                CAN_RX1_IRQHandler
                0x0000000008000e28                DMA2_Channel1_IRQHandler
                0x0000000008000e28                I2C1_EV_IRQHandler
                0x0000000008000e28                DMA1_Channel6_IRQHandler
                0x0000000008000e28                UART4_IRQHandler
                0x0000000008000e28                TIM3_IRQHandler
                0x0000000008000e28                RCC_IRQHandler
                0x0000000008000e28                TIM1_TRG_COM_IRQHandler
                0x0000000008000e28                DMA1_Channel1_IRQHandler
                0x0000000008000e28                Default_Handler
                0x0000000008000e28                EXTI15_10_IRQHandler
                0x0000000008000e28                TIM7_IRQHandler
                0x0000000008000e28                TIM5_IRQHandler
                0x0000000008000e28                USB_LP_CAN_RX0_IRQHandler
                0x0000000008000e28                MemManage_Handler
                0x0000000008000e28                SVC_Handler
                0x0000000008000e28                DMA1_Channel5_IRQHandler
                0x0000000008000e28                DMA1_Channel3_IRQHandler
                0x0000000008000e28                FSMC_IRQHandler
                0x0000000008000e28                TIM1_UP_IRQHandler
                0x0000000008000e28                WWDG_IRQHandler
                0x0000000008000e28                TIM2_IRQHandler
                0x0000000008000e28                TIM1_BRK_IRQHandler
                0x0000000008000e28                RTCAlarm_IRQHandler
                0x0000000008000e28                DMA2_Channel4_5_IRQHandler
                0x0000000008000e28                I2C2_ER_IRQHandler
                0x0000000008000e28                DMA1_Channel2_IRQHandler
                0x0000000008000e28                TIM8_BRK_IRQHandler
                0x0000000008000e28                FLASH_IRQHandler
                0x0000000008000e28                BusFault_Handler
                0x0000000008000e28                SPI3_IRQHandler
                0x0000000008000e28                I2C1_ER_IRQHandler
                0x0000000008000e28                DMA2_Channel3_IRQHandler
 *fill*         0x0000000008000e2a        0x2 
 .text.__libc_init_array
                0x0000000008000e2c       0x48 d:/st/stm32cubeide_1.4.0/stm32cubeide/plugins/com.st.stm32cube.ide.mcu.externaltools.gnu-tools-for-stm32.7-2018-q2-update.win32_1.4.0.202007081208/tools/bin/../lib/gcc/arm-none-eabi/7.3.1/../../../../arm-none-eabi/lib/thumb/v7-m\libc_nano.a(lib_a-init.o)
                0x0000000008000e2c                __libc_init_array
 *(.glue_7)
 .glue_7        0x0000000008000e74        0x0 linker stubs
 *(.glue_7t)
 .glue_7t       0x0000000008000e74        0x0 linker stubs
 *(.eh_frame)
 .eh_frame      0x0000000008000e74        0x0 d:/st/stm32cubeide_1.4.0/stm32cubeide/plugins/com.st.stm32cube.ide.mcu.externaltools.gnu-tools-for-stm32.7-2018-q2-update.win32_1.4.0.202007081208/tools/bin/../lib/gcc/arm-none-eabi/7.3.1/thumb/v7-m/crtbegin.o
 *(.init)
 .init          0x0000000008000e74        0x4 d:/st/stm32cubeide_1.4.0/stm32cubeide/plugins/com.st.stm32cube.ide.mcu.externaltools.gnu-tools-for-stm32.7-2018-q2-update.win32_1.4.0.202007081208/tools/bin/../lib/gcc/arm-none-eabi/7.3.1/thumb/v7-m/crti.o
                0x0000000008000e74                _init
 .init          0x0000000008000e78        0x8 d:/st/stm32cubeide_1.4.0/stm32cubeide/plugins/com.st.stm32cube.ide.mcu.externaltools.gnu-tools-for-stm32.7-2018-q2-update.win32_1.4.0.202007081208/tools/bin/../lib/gcc/arm-none-eabi/7.3.1/thumb/v7-m/crtn.o
 *(.fini)
 .fini          0x0000000008000e80        0x4 d:/st/stm32cubeide_1.4.0/stm32cubeide/plugins/com.st.stm32cube.ide.mcu.externaltools.gnu-tools-for-stm32.7-2018-q2-update.win32_1.4.0.202007081208/tools/bin/../lib/gcc/arm-none-eabi/7.3.1/thumb/v7-m/crti.o
                0x0000000008000e80                _fini
 .fini          0x0000000008000e84        0x8 d:/st/stm32cubeide_1.4.0/stm32cubeide/plugins/com.st.stm32cube.ide.mcu.externaltools.gnu-tools-for-stm32.7-2018-q2-update.win32_1.4.0.202007081208/tools/bin/../lib/gcc/arm-none-eabi/7.3.1/thumb/v7-m/crtn.o
                0x0000000008000e8c                . = ALIGN (0x4)
                0x0000000008000e8c                _etext = .

.vfp11_veneer   0x0000000008000e8c        0x0
 .vfp11_veneer  0x0000000008000e8c        0x0 linker stubs

.v4_bx          0x0000000008000e8c        0x0
 .v4_bx         0x0000000008000e8c        0x0 linker stubs

.iplt           0x0000000008000e8c        0x0
 .iplt          0x0000000008000e8c        0x0 d:/st/stm32cubeide_1.4.0/stm32cubeide/plugins/com.st.stm32cube.ide.mcu.externaltools.gnu-tools-for-stm32.7-2018-q2-update.win32_1.4.0.202007081208/tools/bin/../lib/gcc/arm-none-eabi/7.3.1/thumb/v7-m/crtbegin.o

.rodata         0x0000000008000e8c       0x28
                0x0000000008000e8c                . = ALIGN (0x4)
 *(.rodata)
 *(.rodata*)
 .rodata.APBPrescTable
                0x0000000008000e8c        0x8 STM32F103C6_Drivers/MCAL/STM32F103C6_RCC_Drivers.o
                0x0000000008000e8c                APBPrescTable
 .rodata.AHBPrescTable
                0x0000000008000e94       0x20 STM32F103C6_Drivers/MCAL/STM32F103C6_RCC_Drivers.o
                0x0000000008000e94                AHBPrescTable
                0x0000000008000eb4                . = ALIGN (0x4)

.rel.dyn        0x0000000008000eb4        0x0
 .rel.iplt      0x0000000008000eb4        0x0 d:/st/stm32cubeide_1.4.0/stm32cubeide/plugins/com.st.stm32cube.ide.mcu.externaltools.gnu-tools-for-stm32.7-2018-q2-update.win32_1.4.0.202007081208/tools/bin/../lib/gcc/arm-none-eabi/7.3.1/thumb/v7-m/crtbegin.o

.ARM.extab      0x0000000008000eb4        0x0
                0x0000000008000eb4                . = ALIGN (0x4)
 *(.ARM.extab* .gnu.linkonce.armextab.*)
                0x0000000008000eb4                . = ALIGN (0x4)

.ARM            0x0000000008000eb4        0x0
                0x0000000008000eb4                . = ALIGN (0x4)
                0x0000000008000eb4                __exidx_start = .
 *(.ARM.exidx*)
                0x0000000008000eb4                __exidx_end = .
                0x0000000008000eb4                . = ALIGN (0x4)

.preinit_array  0x0000000008000eb4        0x0
                0x0000000008000eb4                . = ALIGN (0x4)
                0x0000000008000eb4                PROVIDE (__preinit_array_start = .)
 *(.preinit_array*)
                0x0000000008000eb4                PROVIDE (__preinit_array_end = .)
                0x0000000008000eb4                . = ALIGN (0x4)

.init_array     0x0000000008000eb4        0x4
                0x0000000008000eb4                . = ALIGN (0x4)
                0x0000000008000eb4                PROVIDE (__init_array_start = .)
 *(SORT_BY_NAME(.init_array.*))
 *(.init_array*)
 .init_array    0x0000000008000eb4        0x4 d:/st/stm32cubeide_1.4.0/stm32cubeide/plugins/com.st.stm32cube.ide.mcu.externaltools.gnu-tools-for-stm32.7-2018-q2-update.win32_1.4.0.202007081208/tools/bin/../lib/gcc/arm-none-eabi/7.3.1/thumb/v7-m/crtbegin.o
                0x0000000008000eb8                PROVIDE (__init_array_end = .)
                0x0000000008000eb8                . = ALIGN (0x4)

.fini_array     0x0000000008000eb8        0x4
                0x0000000008000eb8                . = ALIGN (0x4)
                [!provide]                        PROVIDE (__fini_array_start = .)
 *(SORT_BY_NAME(.fini_array.*))
 *(.fini_array*)
 .fini_array    0x0000000008000eb8        0x4 d:/st/stm32cubeide_1.4.0/stm32cubeide/plugins/com.st.stm32cube.ide.mcu.externaltools.gnu-tools-for-stm32.7-2018-q2-update.win32_1.4.0.202007081208/tools/bin/../lib/gcc/arm-none-eabi/7.3.1/thumb/v7-m/crtbegin.o
                [!provide]                        PROVIDE (__fini_array_end = .)
                0x0000000008000ebc                . = ALIGN (0x4)
                0x0000000008000ebc                _sidata = LOADADDR (.data)

.data           0x0000000020000000        0x0 load address 0x0000000008000ebc
                0x0000000020000000                . = ALIGN (0x4)
                0x0000000020000000                _sdata = .
 *(.data)
 *(.data*)
                0x0000000020000000                . = ALIGN (0x4)
                0x0000000020000000                _edata = .

.igot.plt       0x0000000020000000        0x0 load address 0x0000000008000ebc
 .igot.plt      0x0000000020000000        0x0 d:/st/stm32cubeide_1.4.0/stm32cubeide/plugins/com.st.stm32cube.ide.mcu.externaltools.gnu-tools-for-stm32.7-2018-q2-update.win32_1.4.0.202007081208/tools/bin/../lib/gcc/arm-none-eabi/7.3.1/thumb/v7-m/crtbegin.o
                0x0000000020000000                . = ALIGN (0x4)

.bss            0x0000000020000000       0x68 load address 0x0000000008000ebc
                0x0000000020000000                _sbss = .
                0x0000000020000000                __bss_start__ = _sbss
 *(.bss)
 .bss           0x0000000020000000       0x1c d:/st/stm32cubeide_1.4.0/stm32cubeide/plugins/com.st.stm32cube.ide.mcu.externaltools.gnu-tools-for-stm32.7-2018-q2-update.win32_1.4.0.202007081208/tools/bin/../lib/gcc/arm-none-eabi/7.3.1/thumb/v7-m/crtbegin.o
 *(.bss*)
 .bss.Global_SPI_Config
                0x000000002000001c        0x8 STM32F103C6_Drivers/MCAL/STM32F103C6_SPI_Drivers.o
                0x000000002000001c                Global_SPI_Config
 .bss.Global_UART_Config
                0x0000000020000024        0x4 STM32F103C6_Drivers/MCAL/STM32F103C6_USART_Drivers.o
                0x0000000020000024                Global_UART_Config
 *(COMMON)
 COMMON         0x0000000020000028       0x3c STM32F103C6_Drivers/MCAL/STM32F103C6_EXTI_Drivers.o
                0x0000000020000028                GP_IRQ_CallBack
 COMMON         0x0000000020000064        0x1 Src/main.o
                0x0000000020000064                ch
                0x0000000020000068                . = ALIGN (0x4)
 *fill*         0x0000000020000065        0x3 
                0x0000000020000068                _ebss = .
                0x0000000020000068                __bss_end__ = _ebss

._user_heap_stack
                0x0000000020000068      0x600 load address 0x0000000008000ebc
                0x0000000020000068                . = ALIGN (0x8)
                [!provide]                        PROVIDE (end = .)
                0x0000000020000068                PROVIDE (_end = .)
                0x0000000020000268                . = (. + _Min_Heap_Size)
 *fill*         0x0000000020000068      0x200 
                0x0000000020000668                . = (. + _Min_Stack_Size)
 *fill*         0x0000000020000268      0x400 
                0x0000000020000668                . = ALIGN (0x8)

/DISCARD/
 libc.a(*)
 libm.a(*)
 libgcc.a(*)

.ARM.attributes
                0x0000000000000000       0x29
 *(.ARM.attributes)
 .ARM.attributes
                0x0000000000000000       0x1d d:/st/stm32cubeide_1.4.0/stm32cubeide/plugins/com.st.stm32cube.ide.mcu.externaltools.gnu-tools-for-stm32.7-2018-q2-update.win32_1.4.0.202007081208/tools/bin/../lib/gcc/arm-none-eabi/7.3.1/thumb/v7-m/crti.o
 .ARM.attributes
                0x000000000000001d       0x2d d:/st/stm32cubeide_1.4.0/stm32cubeide/plugins/com.st.stm32cube.ide.mcu.externaltools.gnu-tools-for-stm32.7-2018-q2-update.win32_1.4.0.202007081208/tools/bin/../lib/gcc/arm-none-eabi/7.3.1/thumb/v7-m/crtbegin.o
 .ARM.attributes
                0x000000000000004a       0x33 STM32F103C6_Drivers/MCAL/STM32F103C6_EXTI_Drivers.o
 .ARM.attributes
                0x000000000000007d       0x33 STM32F103C6_Drivers/MCAL/STM32F103C6_GPIO_Drivers.o
 .ARM.attributes
                0x00000000000000b0       0x33 STM32F103C6_Drivers/MCAL/STM32F103C6_RCC_Drivers.o
 .ARM.attributes
                0x00000000000000e3       0x33 STM32F103C6_Drivers/MCAL/STM32F103C6_SPI_Drivers.o
 .ARM.attributes
                0x0000000000000116       0x33 STM32F103C6_Drivers/MCAL/STM32F103C6_USART_Drivers.o
 .ARM.attributes
                0x0000000000000149       0x33 Src/main.o
 .ARM.attributes
                0x000000000000017c       0x21 Startup/startup_stm32f103c6tx.o
 .ARM.attributes
                0x000000000000019d       0x2d d:/st/stm32cubeide_1.4.0/stm32cubeide/plugins/com.st.stm32cube.ide.mcu.externaltools.gnu-tools-for-stm32.7-2018-q2-update.win32_1.4.0.202007081208/tools/bin/../lib/gcc/arm-none-eabi/7.3.1/../../../../arm-none-eabi/lib/thumb/v7-m\libc_nano.a(lib_a-init.o)
 .ARM.attributes
                0x00000000000001ca       0x1d d:/st/stm32cubeide_1.4.0/stm32cubeide/plugins/com.st.stm32cube.ide.mcu.externaltools.gnu-tools-for-stm32.7-2018-q2-update.win32_1.4.0.202007081208/tools/bin/../lib/gcc/arm-none-eabi/7.3.1/thumb/v7-m/crtn.o
OUTPUT(Drivers.elf elf32-littlearm)

.debug_info     0x0000000000000000     0x523a
 .debug_info    0x0000000000000000      0xdc1 STM32F103C6_Drivers/MCAL/STM32F103C6_EXTI_Drivers.o
 .debug_info    0x0000000000000dc1      0xd56 STM32F103C6_Drivers/MCAL/STM32F103C6_GPIO_Drivers.o
 .debug_info    0x0000000000001b17      0xb24 STM32F103C6_Drivers/MCAL/STM32F103C6_RCC_Drivers.o
 .debug_info    0x000000000000263b      0xed1 STM32F103C6_Drivers/MCAL/STM32F103C6_SPI_Drivers.o
 .debug_info    0x000000000000350c      0xdfc STM32F103C6_Drivers/MCAL/STM32F103C6_USART_Drivers.o
 .debug_info    0x0000000000004308      0xf10 Src/main.o
 .debug_info    0x0000000000005218       0x22 Startup/startup_stm32f103c6tx.o

.debug_abbrev   0x0000000000000000      0xced
 .debug_abbrev  0x0000000000000000      0x239 STM32F103C6_Drivers/MCAL/STM32F103C6_EXTI_Drivers.o
 .debug_abbrev  0x0000000000000239      0x232 STM32F103C6_Drivers/MCAL/STM32F103C6_GPIO_Drivers.o
 .debug_abbrev  0x000000000000046b      0x19b STM32F103C6_Drivers/MCAL/STM32F103C6_RCC_Drivers.o
 .debug_abbrev  0x0000000000000606      0x240 STM32F103C6_Drivers/MCAL/STM32F103C6_SPI_Drivers.o
 .debug_abbrev  0x0000000000000846      0x232 STM32F103C6_Drivers/MCAL/STM32F103C6_USART_Drivers.o
 .debug_abbrev  0x0000000000000a78      0x263 Src/main.o
 .debug_abbrev  0x0000000000000cdb       0x12 Startup/startup_stm32f103c6tx.o

.debug_loc      0x0000000000000000      0xdf4
 .debug_loc     0x0000000000000000      0x320 STM32F103C6_Drivers/MCAL/STM32F103C6_EXTI_Drivers.o
 .debug_loc     0x0000000000000320      0x330 STM32F103C6_Drivers/MCAL/STM32F103C6_GPIO_Drivers.o
 .debug_loc     0x0000000000000650       0xc8 STM32F103C6_Drivers/MCAL/STM32F103C6_RCC_Drivers.o
 .debug_loc     0x0000000000000718      0x2bc STM32F103C6_Drivers/MCAL/STM32F103C6_SPI_Drivers.o
 .debug_loc     0x00000000000009d4      0x294 STM32F103C6_Drivers/MCAL/STM32F103C6_USART_Drivers.o
 .debug_loc     0x0000000000000c68      0x18c Src/main.o

.debug_aranges  0x0000000000000000      0x240
 .debug_aranges
                0x0000000000000000       0x80 STM32F103C6_Drivers/MCAL/STM32F103C6_EXTI_Drivers.o
 .debug_aranges
                0x0000000000000080       0x60 STM32F103C6_Drivers/MCAL/STM32F103C6_GPIO_Drivers.o
 .debug_aranges
                0x00000000000000e0       0x38 STM32F103C6_Drivers/MCAL/STM32F103C6_RCC_Drivers.o
 .debug_aranges
                0x0000000000000118       0x58 STM32F103C6_Drivers/MCAL/STM32F103C6_SPI_Drivers.o
 .debug_aranges
                0x0000000000000170       0x60 STM32F103C6_Drivers/MCAL/STM32F103C6_USART_Drivers.o
 .debug_aranges
                0x00000000000001d0       0x48 Src/main.o
 .debug_aranges
                0x0000000000000218       0x28 Startup/startup_stm32f103c6tx.o

.debug_ranges   0x0000000000000000      0x1d8
 .debug_ranges  0x0000000000000000       0x70 STM32F103C6_Drivers/MCAL/STM32F103C6_EXTI_Drivers.o
 .debug_ranges  0x0000000000000070       0x50 STM32F103C6_Drivers/MCAL/STM32F103C6_GPIO_Drivers.o
 .debug_ranges  0x00000000000000c0       0x28 STM32F103C6_Drivers/MCAL/STM32F103C6_RCC_Drivers.o
 .debug_ranges  0x00000000000000e8       0x48 STM32F103C6_Drivers/MCAL/STM32F103C6_SPI_Drivers.o
 .debug_ranges  0x0000000000000130       0x50 STM32F103C6_Drivers/MCAL/STM32F103C6_USART_Drivers.o
 .debug_ranges  0x0000000000000180       0x38 Src/main.o
 .debug_ranges  0x00000000000001b8       0x20 Startup/startup_stm32f103c6tx.o

.debug_macro    0x0000000000000000     0x1334
 .debug_macro   0x0000000000000000      0x21d STM32F103C6_Drivers/MCAL/STM32F103C6_EXTI_Drivers.o
 .debug_macro   0x000000000000021d       0xd0 STM32F103C6_Drivers/MCAL/STM32F103C6_EXTI_Drivers.o
 .debug_macro   0x00000000000002ed      0x223 STM32F103C6_Drivers/MCAL/STM32F103C6_EXTI_Drivers.o
 .debug_macro   0x0000000000000510      0x204 STM32F103C6_Drivers/MCAL/STM32F103C6_GPIO_Drivers.o
 .debug_macro   0x0000000000000714      0x208 STM32F103C6_Drivers/MCAL/STM32F103C6_RCC_Drivers.o
 .debug_macro   0x000000000000091c       0x10 STM32F103C6_Drivers/MCAL/STM32F103C6_RCC_Drivers.o
 .debug_macro   0x000000000000092c      0x23a STM32F103C6_Drivers/MCAL/STM32F103C6_SPI_Drivers.o
 .debug_macro   0x0000000000000b66       0xbe STM32F103C6_Drivers/MCAL/STM32F103C6_SPI_Drivers.o
 .debug_macro   0x0000000000000c24      0x220 STM32F103C6_Drivers/MCAL/STM32F103C6_USART_Drivers.o
 .debug_macro   0x0000000000000e44       0xe8 STM32F103C6_Drivers/MCAL/STM32F103C6_USART_Drivers.o
 .debug_macro   0x0000000000000f2c      0x25e Src/main.o
 .debug_macro   0x000000000000118a       0xc4 Src/main.o
 .debug_macro   0x000000000000124e       0xa6 Src/main.o
 .debug_macro   0x00000000000012f4       0x40 Src/main.o

.debug_line     0x0000000000000000     0x2d1b
 .debug_line    0x0000000000000000      0x819 STM32F103C6_Drivers/MCAL/STM32F103C6_EXTI_Drivers.o
 .debug_line    0x0000000000000819      0x75e STM32F103C6_Drivers/MCAL/STM32F103C6_GPIO_Drivers.o
 .debug_line    0x0000000000000f77      0x680 STM32F103C6_Drivers/MCAL/STM32F103C6_RCC_Drivers.o
 .debug_line    0x00000000000015f7      0x7a2 STM32F103C6_Drivers/MCAL/STM32F103C6_SPI_Drivers.o
 .debug_line    0x0000000000001d99      0x796 STM32F103C6_Drivers/MCAL/STM32F103C6_USART_Drivers.o
 .debug_line    0x000000000000252f      0x768 Src/main.o
 .debug_line    0x0000000000002c97       0x84 Startup/startup_stm32f103c6tx.o

.debug_str      0x0000000000000000     0xbc09
 .debug_str     0x0000000000000000     0xa6ad STM32F103C6_Drivers/MCAL/STM32F103C6_EXTI_Drivers.o
                                       0xa91d (size before relaxing)
 .debug_str     0x000000000000a6ad      0x155 STM32F103C6_Drivers/MCAL/STM32F103C6_GPIO_Drivers.o
                                       0x94a4 (size before relaxing)
 .debug_str     0x000000000000a802      0x106 STM32F103C6_Drivers/MCAL/STM32F103C6_RCC_Drivers.o
                                       0x9028 (size before relaxing)
 .debug_str     0x000000000000a908      0x797 STM32F103C6_Drivers/MCAL/STM32F103C6_SPI_Drivers.o
                                       0x9b8b (size before relaxing)
 .debug_str     0x000000000000b09f      0x7c1 STM32F103C6_Drivers/MCAL/STM32F103C6_USART_Drivers.o
                                       0x9bee (size before relaxing)
 .debug_str     0x000000000000b860      0x378 Src/main.o
                                       0xb7e4 (size before relaxing)
 .debug_str     0x000000000000bbd8       0x31 Startup/startup_stm32f103c6tx.o
                                         0x8d (size before relaxing)

.comment        0x0000000000000000       0x7b
 .comment       0x0000000000000000       0x7b STM32F103C6_Drivers/MCAL/STM32F103C6_EXTI_Drivers.o
                                         0x7c (size before relaxing)
 .comment       0x000000000000007b       0x7c STM32F103C6_Drivers/MCAL/STM32F103C6_GPIO_Drivers.o
 .comment       0x000000000000007b       0x7c STM32F103C6_Drivers/MCAL/STM32F103C6_RCC_Drivers.o
 .comment       0x000000000000007b       0x7c STM32F103C6_Drivers/MCAL/STM32F103C6_SPI_Drivers.o
 .comment       0x000000000000007b       0x7c STM32F103C6_Drivers/MCAL/STM32F103C6_USART_Drivers.o
 .comment       0x000000000000007b       0x7c Src/main.o

.debug_frame    0x0000000000000000      0x740
 .debug_frame   0x0000000000000000      0x1b0 STM32F103C6_Drivers/MCAL/STM32F103C6_EXTI_Drivers.o
 .debug_frame   0x00000000000001b0      0x178 STM32F103C6_Drivers/MCAL/STM32F103C6_GPIO_Drivers.o
 .debug_frame   0x0000000000000328       0x84 STM32F103C6_Drivers/MCAL/STM32F103C6_RCC_Drivers.o
 .debug_frame   0x00000000000003ac      0x144 STM32F103C6_Drivers/MCAL/STM32F103C6_SPI_Drivers.o
 .debug_frame   0x00000000000004f0      0x14c STM32F103C6_Drivers/MCAL/STM32F103C6_USART_Drivers.o
 .debug_frame   0x000000000000063c       0xd8 Src/main.o
 .debug_frame   0x0000000000000714       0x2c d:/st/stm32cubeide_1.4.0/stm32cubeide/plugins/com.st.stm32cube.ide.mcu.externaltools.gnu-tools-for-stm32.7-2018-q2-update.win32_1.4.0.202007081208/tools/bin/../lib/gcc/arm-none-eabi/7.3.1/../../../../arm-none-eabi/lib/thumb/v7-m\libc_nano.a(lib_a-init.o)
